Archive member included because of file (symbol)

/home/hansung/ndsdev/devkitPro/libnds/lib/libnds9.a(background.o)
                              sevencore_io.o (bgInit_call)
/home/hansung/ndsdev/devkitPro/libnds/lib/libnds9.a(console.o)
                              sevencore_io.o (consoleSelect)
/home/hansung/ndsdev/devkitPro/libnds/lib/libnds9.a(decompress.o)
                              sevencore_io.o (decompress)
/home/hansung/ndsdev/devkitPro/libnds/lib/libnds9.a(exceptions.o)
                              gdbStub.o (setExceptionHandler)
/home/hansung/ndsdev/devkitPro/libnds/lib/libnds9.a(keys.o)
                              gdbStub.o (scanKeys)
/home/hansung/ndsdev/devkitPro/libnds/lib/libnds9.a(sassert.o)
                              sevencore_io.o (__sassert)
/home/hansung/ndsdev/devkitPro/libnds/lib/libnds9.a(touch.o)
                              sevencore_io.o (touchRead)
/home/hansung/ndsdev/devkitPro/libnds/lib/libnds9.a(trig.o)
                              /home/hansung/ndsdev/devkitPro/libnds/lib/libnds9.a(background.o) (sinLerp)
/home/hansung/ndsdev/devkitPro/libnds/lib/libnds9.a(videoGL.o)
                              card_spi.o (glGlobalData)
/home/hansung/ndsdev/devkitPro/libnds/lib/libnds9.a(initSystem.o)
                              /home/hansung/ndsdev/devkitPro/devkitARM/bin/../lib/gcc/arm-none-eabi/4.7.1/../../../../arm-none-eabi/lib/thumb/ds_arm9_crt0.o (initSystem)
/home/hansung/ndsdev/devkitPro/libnds/lib/libnds9.a(fifosystem.o)
                              /home/hansung/ndsdev/devkitPro/libnds/lib/libnds9.a(initSystem.o) (fifoSendValue32)
/home/hansung/ndsdev/devkitPro/libnds/lib/libnds9.a(interrupts.o)
                              card_spi.o (irqSet)
/home/hansung/ndsdev/devkitPro/libnds/lib/libnds9.a(libnds_exit.arm.o)
                              /home/hansung/ndsdev/devkitPro/devkitARM/bin/../lib/gcc/arm-none-eabi/4.7.1/../../../../arm-none-eabi/lib/thumb/ds_arm9_crt0.o (__libnds_exit)
/home/hansung/ndsdev/devkitPro/libnds/lib/libnds9.a(syscalls.o)
                              /home/hansung/ndsdev/devkitPro/libnds/lib/libnds9.a(decompress.o) (swiDecompressLZSSVram)
/home/hansung/ndsdev/devkitPro/libnds/lib/libnds9.a(exceptionHandler.o)
                              gdbStub.o (getCPSR)
/home/hansung/ndsdev/devkitPro/libnds/lib/libnds9.a(mpu_setup.o)
                              /home/hansung/ndsdev/devkitPro/devkitARM/bin/../lib/gcc/arm-none-eabi/4.7.1/../../../../arm-none-eabi/lib/thumb/ds_arm9_crt0.o (__libnds_mpu_setup)
/home/hansung/ndsdev/devkitPro/libnds/lib/libnds9.a(biosCalls.o)
                              card_spi.o (swiDelay)
/home/hansung/ndsdev/devkitPro/libnds/lib/libnds9.a(debugprint.o)
                              /home/hansung/ndsdev/devkitPro/libnds/lib/libnds9.a(console.o) (nocashWrite)
/home/hansung/ndsdev/devkitPro/libnds/lib/libnds9.a(interruptDispatcher.o)
                              /home/hansung/ndsdev/devkitPro/libnds/lib/libnds9.a(interrupts.o) (IntrMain)
/home/hansung/ndsdev/devkitPro/libnds/lib/libnds9.a(swiSoftReset.o)
                              /home/hansung/ndsdev/devkitPro/libnds/lib/libnds9.a(fifosystem.o) (swiSoftReset)
/home/hansung/ndsdev/devkitPro/libnds/lib/libnds9.a(default_font.bin.o)
                              /home/hansung/ndsdev/devkitPro/libnds/lib/libnds9.a(console.o) (default_font_bin)
/home/hansung/ndsdev/devkitPro/libnds/lib/libnds9.a(dynamicArray.o)
                              /home/hansung/ndsdev/devkitPro/libnds/lib/libnds9.a(videoGL.o) (DynamicArrayInit)
/home/hansung/ndsdev/devkitPro/libnds/lib/libnds9.a(system.o)
                              /home/hansung/ndsdev/devkitPro/libnds/lib/libnds9.a(initSystem.o) (systemMsgHandler)
/home/hansung/ndsdev/devkitPro/libnds/lib/libnds9.a(video.o)
                              /home/hansung/ndsdev/devkitPro/libnds/lib/libnds9.a(videoGL.o) (vramSetPrimaryBanks)
/home/hansung/ndsdev/devkitPro/devkitARM/bin/../lib/gcc/arm-none-eabi/4.7.1/thumb/libgcc.a(_udivsi3.o)
                              sevencore_io.o (__aeabi_uidiv)
/home/hansung/ndsdev/devkitPro/devkitARM/bin/../lib/gcc/arm-none-eabi/4.7.1/thumb/libgcc.a(_divsi3.o)
                              /home/hansung/ndsdev/devkitPro/libnds/lib/libnds9.a(console.o) (__aeabi_idivmod)
/home/hansung/ndsdev/devkitPro/devkitARM/bin/../lib/gcc/arm-none-eabi/4.7.1/thumb/libgcc.a(_dvmd_tls.o)
                              /home/hansung/ndsdev/devkitPro/devkitARM/bin/../lib/gcc/arm-none-eabi/4.7.1/thumb/libgcc.a(_udivsi3.o) (__aeabi_idiv0)
/home/hansung/ndsdev/devkitPro/devkitARM/bin/../lib/gcc/arm-none-eabi/4.7.1/thumb/libgcc.a(_muldi3.o)
                              /home/hansung/ndsdev/devkitPro/libnds/lib/libnds9.a(videoGL.o) (__aeabi_lmul)
/home/hansung/ndsdev/devkitPro/devkitARM/bin/../lib/gcc/arm-none-eabi/4.7.1/../../../../arm-none-eabi/lib/thumb/libg.a(lib_a-bsearch.o)
                              /home/hansung/ndsdev/devkitPro/libnds/lib/libnds9.a(trig.o) (bsearch)
[...]
Memory Configuration

Name             Origin             Length             Attributes
rom              0x08000000         0x02000000
ewram            0x02000000         0x003ff000
dtcm             0x0b000000         0x00004000
vectors          0x01000000         0x00000100
itcm             0x01000100         0x00007f00
*default*        0x00000000         0xffffffff

Linker script and memory map

                0x01000000                __vectors_start = ORIGIN (vectors)
                0x01000100                __itcm_start = ORIGIN (itcm)
                0x023ff000                __ewram_end = (ORIGIN (ewram) + 0x3ff000)
                0x023ff000                __eheap_end = (ORIGIN (ewram) + 0x3ff000)
                0x0b000000                __dtcm_start = ORIGIN (dtcm)
                0x0b004000                __dtcm_top = (ORIGIN (dtcm) + 0x4000)
                0x0b003ff8                __irq_flags = (__dtcm_top - 0x8)
                0x0b003ffc                __irq_vector = (__dtcm_top - 0x4)
                0x0b003f00                __sp_svc = (__dtcm_top - 0x100)
                0x0b003e00                __sp_irq = (__sp_svc - 0x100)
                0x0b003d00                __sp_usr = (__sp_irq - 0x100)

.init           0x02000000      0x23c
                0x02000000                __text_start = .
 *(.init)
 .init          0x02000000      0x230 /home/hansung/ndsdev/devkitPro/devkitARM/bin/../lib/gcc/arm-none-eabi/4.7.1/../../../../arm-none-eabi/lib/thumb/ds_arm9_crt0.o
                0x02000000                _start
 .init          0x02000230        0x4 /home/hansung/ndsdev/devkitPro/devkitARM/bin/../lib/gcc/arm-none-eabi/4.7.1/thumb/crti.o
                0x02000230                _init
 .init          0x02000234        0x8 /home/hansung/ndsdev/devkitPro/devkitARM/bin/../lib/gcc/arm-none-eabi/4.7.1/thumb/crtn.o
                0x0200023c                . = ALIGN (0x4)

.plt
 *(.plt)

.text           0x02000240    0x142e0
 *(EXCLUDE_FILE(*.itcm*) .text)
 .text          0x02000240        0x0 /home/hansung/ndsdev/devkitPro/devkitARM/bin/../lib/gcc/arm-none-eabi/4.7.1/../../../../arm-none-eabi/lib/thumb/ds_arm9_crt0.o
 .text          0x02000240        0x0 /home/hansung/ndsdev/devkitPro/devkitARM/bin/../lib/gcc/arm-none-eabi/4.7.1/thumb/crti.o
 .text          0x02000240       0xd0 /home/hansung/ndsdev/devkitPro/devkitARM/bin/../lib/gcc/arm-none-eabi/4.7.1/thumb/crtbegin.o
 .text          0x02000310        0x0 down.o
 .text          0x02000310        0x0 up.o
 .text          0x02000310      0x42c croutine.o
                0x02000310                xCoRoutineCreate
                0x020003d8                vCoRoutineAddToDelayedList
                0x020005d8                vCoRoutineSchedule
                0x020006e0                xCoRoutineRemoveFromEventList
 .text          0x0200073c      0x138 list.o
                0x0200073c                vListInitialise
                0x02000770                vListInitialiseItem
                0x02000780                vListInsertEnd
                0x020007c4                vListInsert
                0x0200082c                vListRemove
 .text          0x02000874      0x6e8 queue.o
                0x02000874                xQueueCreate
                0x02000928                xQueueCreateMutex
                0x020009a0                xQueueGenericSend
                0x02000aa8                xQueueGenericSendFromISR
                0x02000b18                xQueueGenericReceive
                0x02000c80                xQueueReceiveFromISR
                0x02000cf0                uxQueueMessagesWaiting
                0x02000d0c                uxQueueMessagesWaitingFromISR
                0x02000d20                vQueueDelete
                0x02000ef4                xQueueIsQueueEmptyFromISR
                0x02000f3c                xQueueIsQueueFullFromISR
 .text          0x02000f5c     0x119c tasks.o
                0x02000f5c                xTaskGenericCreate
                0x020010c4                vTaskDelete
                0x02001158                vTaskDelayUntil
                0x02001228                vTaskDelay
                0x020012b0                uxTaskPriorityGet
                0x020012e0                vTaskPrioritySet
                0x020013d4                vTaskSuspend
                0x02001468                xTaskIsTaskSuspended
                0x020014a8                vTaskResume
                0x02001534                xTaskResumeFromISR
                0x020015d4                vTaskStartScheduler
                0x02001630                vTaskEndScheduler
                0x02001648                vTaskSuspendAll
                0x02001658                xTaskResumeAll
                0x02001750                xTaskGetTickCount
                0x02001770                xTaskGetTickCountFromISR
                0x0200177c                uxTaskGetNumberOfTasks
                0x02001788                vTaskList
                0x0200187c                vTaskStartTrace
                0x020018c0                ulTaskEndTrace
                0x020018f4                vTaskIncrementTick
                0x020019c8                vTaskSwitchContext
                0x02001ac8                vTaskPlaceOnEventList
                0x02001b60                xTaskRemoveFromEventList
                0x02001c0c                vTaskSetTimeOutState
                0x02001c2c                xTaskCheckForTimeOut
                0x02001cb0                vTaskMissedYield
                0x02001fcc                xTaskGetCurrentTaskHandle
                0x02001fe0                vTaskPriorityInherit
                0x02002080                vTaskPriorityDisinherit
 .text          0x020020f8      0x4a8 card_spi.o
                0x02002148                cardLineIrqHandler
                0x0200214c                initSpi
                0x02002158                cardSpiBusy
                0x02002178                cardSpiStart
                0x020021c0                cardSpiStop
                0x020021e0                cardSpiInit
                0x02002210                cardSpiSetHandler
                0x0200224c                cardSpiEnable
                0x0200226c                cardSpiDisable
                0x02002288                cardSpiTransfer
                0x020022d0                cardSpiWriteBuffer
                0x02002390                cardSpiTransferBuffer
                0x02002474                poll_spi
                0x020024b4                getDebugChar
                0x02002540                putDebugChar
 .text          0x020025a0     0x15ec gdbStub.o
                0x02002a04                getRegister
                0x02002a7c                putRegister
                0x02002ad0                getRegisterAsBytes
                0x02002b34                putRegisterAsBytes
                0x02003944                initDebug
                0x02003b68                waitInput
 .text          0x02003b8c       0x44 heap_3.o
                0x02003b8c                pvPortMalloc
                0x02003bb0                vPortFree
 .text          0x02003bd0      0x16c port.o
                0x02003bd0                pxPortInitialiseStack
                0x02003cec                xPortStartScheduler
                0x02003d00                vPortEndScheduler
 .text          0x02003d3c       0x48 portISR.o
                0x02003d3c                vPortISRStartFirstTask
                0x02003d44                vPortEnterCritical
                0x02003d5c                vPortExitCritical
 .text          0x02003d84      0x99c sevencore_io.o
                0x0200420c                draw7SEGMENT
                0x02004500                init_virtual_io
                0x020045c0                init_printf
                0x0200461c                readb_virtual_io
                0x02004670                writeb_virtual_io
                0x0200471c                close_virtual_io
 .text          0x02004720      0x578 main.o
                0x020048c8                main
                0x020048dc                InitDebug
                0x020048e0                draw_my_box
                0x02004954                vStartExpTasks
 *fill*         0x02004c98        0x8 ff
 .text          0x02004ca0       0xf0 gdbStubAsm.o
                0x02004ca0                BreakPoint
                0x02004ca8                ICInvalidateAll
                0x02004cb4                DCFlushAll
                0x02004ce0                enable_IRQs
                0x02004cec                disable_IRQs
                0x02004cf8                getSPSR
                0x02004d00                setBankedReg
                0x02004d24                setRegs
                0x02004d2c                getPC
                0x02004d34                test_func
                0x02004d58                v5T_semantics_asm
                0x02004d60                add
                0x02004d70                mul
 .text          0x02004d90      0x140 port_asm.o
                0x02004d90                vPortDisableInterruptsFromThumb
                0x02004da8                vPortEnableInterruptsFromThumb
                0x02004dc0                portRESTORE_CONTEXT_FIRST
                0x02004dd8                portRESTORE_CONTEXT
                0x02004e10                vPreemptiveTick
                0x02004e6c                vPortYIELD
 .text          0x02004ed0      0x2e8 /home/hansung/ndsdev/devkitPro/libnds/lib/libnds9.a(background.o)
                0x02004ed0                bgIsText
                0x02004edc                checkIfText
                0x02004f34                bgUpdate
                0x02005028                bgInit_call
                0x020050ec                bgInitSub_call
 .text          0x020051b8      0xa4c /home/hansung/ndsdev/devkitPro/libnds/lib/libnds9.a(console.o)
                0x02005258                nocash_write
                0x02005268                consoleGetDefault
                0x02005274                consoleSelect
                0x02005284                consoleDebugInit
                0x020052d4                consolePrintChar
                0x020054a0                consoleLoadFont
                0x02005728                consoleSetFont
                0x02005748                consoleInit
                0x020058b0                consoleDemoInit
                0x020058f4                con_write
                0x02005bd0                consoleClear
                0x02005be0                consoleSetWindow
 .text          0x02005c04       0x84 /home/hansung/ndsdev/devkitPro/libnds/lib/libnds9.a(decompress.o)
                0x02005c04                getHeader
                0x02005c08                readByte
                0x02005c0c                decompress
                0x02005c4c                decompressStream
 .text          0x02005c88       0x28 /home/hansung/ndsdev/devkitPro/libnds/lib/libnds9.a(exceptions.o)
                0x02005c88                setExceptionHandler
 .text          0x02005cb0       0xf4 /home/hansung/ndsdev/devkitPro/libnds/lib/libnds9.a(keys.o)
                0x02005cb0                scanKeys
                0x02005d1c                keysHeld
                0x02005d28                keysDown
                0x02005d38                keysDownRepeat
                0x02005d48                keysSetRepeat
                0x02005d60                keysUp
                0x02005d70                keysCurrent
 .text          0x02005da4       0x24 /home/hansung/ndsdev/devkitPro/libnds/lib/libnds9.a(sassert.o)
                0x02005da4                __sassert
 .text          0x02005dc8       0x4c /home/hansung/ndsdev/devkitPro/libnds/lib/libnds9.a(touch.o)
                0x02005dc8                touchRead
                0x02005df0                touchReadXY
 .text          0x02005e14      0x244 /home/hansung/ndsdev/devkitPro/libnds/lib/libnds9.a(trig.o)
                0x02005e14                asinComp
                0x02005e3c                sinLutLookup
                0x02005e78                sinLerp
                0x02005eb0                cosLerp
                0x02005ec4                tanLutLookup
                0x02005efc                tanLerp
                0x02005fa0                asinLerp
                0x0200601c                acosLerp
                0x02006030                atanComp
 .text          0x02006058     0x15cc /home/hansung/ndsdev/devkitPro/libnds/lib/libnds9.a(videoGL.o)
                0x02006058                glGetGlobals
                0x02006060                glRotatef32i
                0x02006334                glMaterialf
                0x020063a0                glTexCoord2f32
                0x02006414                vramBlock_init
                0x02006480                vramBlock_Construct
                0x020064a8                vramBlock_terminate
                0x020064d0                vramBlock_Deconstruct
                0x020064e4                vramBlock__allocateBlock
                0x02006650                vramBlock__deallocateBlock
                0x020067ac                vramBlock_examineSpecial
                0x020069cc                vramBlock_allocateSpecial
                0x02006a38                vramBlock_allocateBlock
                0x02006a6c                vramBlock_deallocateBlock
                0x02006aac                vramBlock_deallocateAll
                0x02006abc                vramBlock_getAddr
                0x02006ad0                vramBlock_getSize
                0x02006ae4                glInit_C
                0x02006c8c                glResetTextures
                0x02006d14                removePaletteFromTexture
                0x02006d84                glGenTextures
                0x02006e20                glDeleteTextures
                0x02006ef0                vramGetBank
                0x02006fb0                glBindTexture
                0x02007010                glColorTableEXT
                0x02007190                glColorSubTableEXT
                0x020071e0                glGetColorTableEXT
                0x0200721c                glAssignColorTable
                0x02007290                glTexParameter
                0x020072c8                glGetTexturePointer
                0x020072e8                glGetTexParameter
                0x02007308                glGetColorTableParameterEXT
                0x02007340                glTexImage2D
 .text          0x02007624      0x140 /home/hansung/ndsdev/devkitPro/libnds/lib/libnds9.a(initSystem.o)
                0x02007624                initSystem
 .text          0x02007764      0xc58 /home/hansung/ndsdev/devkitPro/libnds/lib/libnds9.a(fifosystem.o)
                0x020079b8                fifoSendAddress
                0x020079e4                fifoSendValue32
                0x02007a24                fifoSendDatamsg
                0x02007a94                fifoGetAddress
                0x02007b0c                fifoSetAddressHandler
                0x02007b80                fifoGetValue32
                0x02007bf4                fifoSetValue32Handler
                0x02007c68                fifoGetDatamsg
                0x020080ec                fifoSetDatamsgHandler
                0x02008184                fifoCheckAddress
                0x020081a8                fifoCheckDatamsg
                0x020081cc                fifoCheckValue32
                0x020081f0                fifoInit
 .text          0x020083bc      0x1ec /home/hansung/ndsdev/devkitPro/libnds/lib/libnds9.a(interrupts.o)
                0x020083bc                irqDummy
                0x020083c0                irqSet
                0x0200842c                irqInit
                0x02008478                irqInitHandler
                0x020084a8                irqEnable
                0x0200850c                irqDisable
                0x02008570                irqClear
 .text          0x020085a8       0x58 /home/hansung/ndsdev/devkitPro/libnds/lib/libnds9.a(libnds_exit.arm.o)
                0x020085a8                systemErrorExit
                0x020085ac                __libnds_exit
 .text          0x02008600       0x1c /home/hansung/ndsdev/devkitPro/libnds/lib/libnds9.a(syscalls.o)
                0x02008600                swiDecompressLZSSVram
 .text          0x0200861c       0xdc /home/hansung/ndsdev/devkitPro/libnds/lib/libnds9.a(exceptionHandler.o)
                0x0200861c                getCPSR
                0x02008624                enterException
                0x02008698                exceptionC
                0x0200869c                exceptionStack
                0x020086a0                exceptionRegisters
 .text          0x020086f8      0x1b4 /home/hansung/ndsdev/devkitPro/libnds/lib/libnds9.a(mpu_setup.o)
                0x020086f8                __libnds_mpu_setup
                0x02008838                memCached
                0x02008850                memUncached
 *fill*         0x020088ac        0x4 ff
 .text          0x020088b0       0x70 /home/hansung/ndsdev/devkitPro/libnds/lib/libnds9.a(biosCalls.o)
                0x020088b0                swiDelay
                0x020088b4                swiIntrWait
                0x020088b8                swiWaitForVBlank
                0x020088bc                swiSleep
                0x020088c0                swiChangeSoundBias
                0x020088c4                swiDivide
                0x020088c8                swiRemainder
                0x020088ce                swiDivMod
                0x020088da                swiCopy
                0x020088de                swiFastCopy
                0x020088e2                swiSqrt
                0x020088e6                swiCRC16
                0x020088ea                swiIsDebugger
                0x020088ee                swiUnpackBits
                0x020088f2                swiDecompressLZSSWram
                0x020088f6                swiDecompressLZSSVramNTR
                0x020088fa                swiDecompressLZSSVramTWL
                0x020088fe                swiDecompressHuffman
                0x02008902                swiDecompressRLEWram
                0x02008906                swiDecompressRLEVram
                0x0200890a                swiWaitForIRQ
                0x0200890e                swiDecodeDelta8
                0x02008912                swiDecodeDelta16
                0x02008916                swiSetHaltCR
 .text          0x02008920       0xa4 /home/hansung/ndsdev/devkitPro/libnds/lib/libnds9.a(debugprint.o)
                0x02008920                nocashWrite
                0x02008922                nocashMessage
 .text          0x020089c4        0x0 /home/hansung/ndsdev/devkitPro/libnds/lib/libnds9.a(interruptDispatcher.o)
 *fill*         0x020089c4        0xc ff
 .text          0x020089d0       0x30 /home/hansung/ndsdev/devkitPro/libnds/lib/libnds9.a(swiSoftReset.o)
                0x020089d0                swiSoftReset
 .text          0x02008a00        0x0 /home/hansung/ndsdev/devkitPro/libnds/lib/libnds9.a(default_font.bin.o)
 .text          0x02008a00       0x8c /home/hansung/ndsdev/devkitPro/libnds/lib/libnds9.a(dynamicArray.o)
                0x02008a00                DynamicArrayInit
                0x02008a18                DynamicArrayDelete
                0x02008a2c                DynamicArrayGet
                0x02008a44                DynamicArraySet
 .text          0x02008a8c      0x128 /home/hansung/ndsdev/devkitPro/libnds/lib/libnds9.a(system.o)
                0x02008a8c                setSDcallback
                0x02008a98                systemMsgHandler
                0x02008adc                systemSleep
                0x02008af4                systemValueHandler
                0x02008b30                powerOn
                0x02008b5c                powerOff
                0x02008b84                ledBlink
                0x02008b94                getBatteryLevel
 .text          0x02008bb4      0x1f8 /home/hansung/ndsdev/devkitPro/libnds/lib/libnds9.a(video.o)
                0x02008bb4                vramSetPrimaryBanks
                0x02008bf8                vramSetMainBanks
                0x02008c3c                vramSetBanks_EFG
                0x02008c74                vramRestorePrimaryBanks
                0x02008c80                vramRestoreMainBanks
                0x02008c8c                vramRestoreBanks_EFG
                0x02008c98                setBrightness
                0x02008cd8                vramDefault
 .text          0x02008dac      0x11c /home/hansung/ndsdev/devkitPro/devkitARM/bin/../lib/gcc/arm-none-eabi/4.7.1/thumb/libgcc.a(_udivsi3.o)
                0x02008dac                __udivsi3
                0x02008dac                __aeabi_uidiv
                0x02008ea8                __aeabi_uidivmod
 .text          0x02008ec8      0x150 /home/hansung/ndsdev/devkitPro/devkitARM/bin/../lib/gcc/arm-none-eabi/4.7.1/thumb/libgcc.a(_divsi3.o)
                0x02008ec8                __aeabi_idiv
                0x02008ec8                __divsi3
                0x02008ff8                __aeabi_idivmod
 .text          0x02009018        0x4 /home/hansung/ndsdev/devkitPro/devkitARM/bin/../lib/gcc/arm-none-eabi/4.7.1/thumb/libgcc.a(_dvmd_tls.o)
                0x02009018                __aeabi_ldiv0
                0x02009018                __aeabi_idiv0
 .text          0x0200901c       0x4c /home/hansung/ndsdev/devkitPro/devkitARM/bin/../lib/gcc/arm-none-eabi/4.7.1/thumb/libgcc.a(_muldi3.o)
                0x0200901c                __aeabi_lmul
                0x0200901c                __muldi3
 .text          0x02009068       0x64 /home/hansung/ndsdev/devkitPro/devkitARM/bin/../lib/gcc/arm-none-eabi/4.7.1/../../../../arm-none-eabi/lib/thumb/libg.a(lib_a-bsearch.o)
                0x02009068                bsearch
 .text          0x020090cc        0x0 /home/hansung/ndsdev/devkitPro/devkitARM/bin/../lib/gcc/arm-none-eabi/4.7.1/../../../../arm-none-eabi/lib/thumb/libg.a(lib_a-impure.o)
 .text          0x020090cc       0x54 /home/hansung/ndsdev/devkitPro/devkitARM/bin/../lib/gcc/arm-none-eabi/4.7.1/../../../../arm-none-eabi/lib/thumb/libg.a(lib_a-init.o)
                0x020090cc                __libc_init_array
 .text          0x02009120       0x40 /home/hansung/ndsdev/devkitPro/devkitARM/bin/../lib/gcc/arm-none-eabi/4.7.1/../../../../arm-none-eabi/lib/thumb/libg.a(lib_a-iprintf.o)
                0x02009120                iprintf
                0x02009144                _iprintf_r
 .text          0x02009160       0x30 /home/hansung/ndsdev/devkitPro/devkitARM/bin/../lib/gcc/arm-none-eabi/4.7.1/../../../../arm-none-eabi/lib/thumb/libg.a(lib_a-malloc.o)
                0x02009160                malloc
                0x02009178                free
 .text          0x02009190      0x51c /home/hansung/ndsdev/devkitPro/devkitARM/bin/../lib/gcc/arm-none-eabi/4.7.1/../../../../arm-none-eabi/lib/thumb/libg.a(lib_a-mallocr.o)
                0x02009190                _malloc_r
 .text          0x020096ac       0x90 /home/hansung/ndsdev/devkitPro/devkitARM/bin/../lib/gcc/arm-none-eabi/4.7.1/../../../../arm-none-eabi/lib/thumb/libg.a(lib_a-memcpy-stub.o)
                0x020096ac                memcpy
 .text          0x0200973c       0x98 /home/hansung/ndsdev/devkitPro/devkitARM/bin/../lib/gcc/arm-none-eabi/4.7.1/../../../../arm-none-eabi/lib/thumb/libg.a(lib_a-memset.o)
                0x0200973c                memset
 .text          0x020097d4        0x8 /home/hansung/ndsdev/devkitPro/devkitARM/bin/../lib/gcc/arm-none-eabi/4.7.1/../../../../arm-none-eabi/lib/thumb/libg.a(lib_a-mlock.o)
                0x020097d4                __malloc_lock
                0x020097d8                __malloc_unlock
 .text          0x020097dc       0x1c /home/hansung/ndsdev/devkitPro/devkitARM/bin/../lib/gcc/arm-none-eabi/4.7.1/../../../../arm-none-eabi/lib/thumb/libg.a(lib_a-realloc.o)
                0x020097dc                realloc
 .text          0x020097f8      0x3e8 /home/hansung/ndsdev/devkitPro/devkitARM/bin/../lib/gcc/arm-none-eabi/4.7.1/../../../../arm-none-eabi/lib/thumb/libg.a(lib_a-reallocr.o)
                0x020097f8                _realloc_r
 .text          0x02009be0      0x120 /home/hansung/ndsdev/devkitPro/devkitARM/bin/../lib/gcc/arm-none-eabi/4.7.1/../../../../arm-none-eabi/lib/thumb/libg.a(lib_a-setvbuf.o)
                0x02009be0                setvbuf
 .text          0x02009d00       0xa0 /home/hansung/ndsdev/devkitPro/devkitARM/bin/../lib/gcc/arm-none-eabi/4.7.1/../../../../arm-none-eabi/lib/thumb/libg.a(lib_a-siscanf.o)
                0x02009d00                siscanf
                0x02009d50                _siscanf_r
 .text          0x02009da0       0x84 /home/hansung/ndsdev/devkitPro/devkitARM/bin/../lib/gcc/arm-none-eabi/4.7.1/../../../../arm-none-eabi/lib/thumb/libg.a(lib_a-sprintf.o)
                0x02009da0                _sprintf_r
                0x02009de0                sprintf
 .text          0x02009e24       0xac /home/hansung/ndsdev/devkitPro/devkitARM/bin/../lib/gcc/arm-none-eabi/4.7.1/../../../../arm-none-eabi/lib/thumb/libg.a(lib_a-stdio.o)
                0x02009e24                __sread
                0x02009e50                __seofread
                0x02009e54                __swrite
                0x02009e90                __sseek
                0x02009ec0                __sclose
 .text          0x02009ed0       0x50 /home/hansung/ndsdev/devkitPro/devkitARM/bin/../lib/gcc/arm-none-eabi/4.7.1/../../../../arm-none-eabi/lib/thumb/libg.a(lib_a-strcat.o)
                0x02009ed0                strcat
 .text          0x02009f20       0x10 /home/hansung/ndsdev/devkitPro/devkitARM/bin/../lib/gcc/arm-none-eabi/4.7.1/../../../../arm-none-eabi/lib/thumb/libg.a(lib_a-strcpy.o)
                0x02009f20                strcpy
 .text          0x02009f30       0x10 /home/hansung/ndsdev/devkitPro/devkitARM/bin/../lib/gcc/arm-none-eabi/4.7.1/../../../../arm-none-eabi/lib/thumb/libg.a(lib_a-strlen.o)
                0x02009f30                strlen
 .text          0x02009f40       0x60 /home/hansung/ndsdev/devkitPro/devkitARM/bin/../lib/gcc/arm-none-eabi/4.7.1/../../../../arm-none-eabi/lib/thumb/libg.a(lib_a-strncpy.o)
                0x02009f40                strncpy
 .text          0x02009fa0      0xa98 /home/hansung/ndsdev/devkitPro/devkitARM/bin/../lib/gcc/arm-none-eabi/4.7.1/../../../../arm-none-eabi/lib/thumb/libg.a(lib_a-svfiscanf.o)
                0x02009fa0                _sungetc_r
                0x0200a028                __ssrefill_r
                0x0200a06c                _sfread_r
                0x0200a0f8                __ssvfiscanf_r
 .text          0x0200aa38     0x1728 /home/hansung/ndsdev/devkitPro/devkitARM/bin/../lib/gcc/arm-none-eabi/4.7.1/../../../../arm-none-eabi/lib/thumb/libg.a(lib_a-svfprintf.o)
                0x0200aa38                _svfprintf_r
 .text          0x0200c160      0x188 /home/hansung/ndsdev/devkitPro/devkitARM/bin/../lib/gcc/arm-none-eabi/4.7.1/../../../../arm-none-eabi/lib/thumb/libg.a(lib_a-ungetc.o)
                0x0200c160                __submore
                0x0200c1e8                _ungetc_r
                0x0200c2cc                ungetc
 .text          0x0200c2e8      0xed4 /home/hansung/ndsdev/devkitPro/devkitARM/bin/../lib/gcc/arm-none-eabi/4.7.1/../../../../arm-none-eabi/lib/thumb/libg.a(lib_a-vfiprintf.o)
                0x0200c2e8                __sprint_r
                0x0200c36c                _vfiprintf_r
                0x0200d198                vfiprintf
 .text          0x0200d1bc       0xe8 /home/hansung/ndsdev/devkitPro/devkitARM/bin/../lib/gcc/arm-none-eabi/4.7.1/../../../../arm-none-eabi/lib/thumb/libg.a(lib_a-wcrtomb.o)
                0x0200d1bc                _wcrtomb_r
                0x0200d224                wcrtomb
 .text          0x0200d2a4       0x40 /home/hansung/ndsdev/devkitPro/devkitARM/bin/../lib/gcc/arm-none-eabi/4.7.1/../../../../arm-none-eabi/lib/thumb/libg.a(lib_a-wcsrtombs.o)
                0x0200d2a4                _wcsrtombs_r
                0x0200d2bc                wcsrtombs
 .text          0x0200d2e4      0x2a4 /home/hansung/ndsdev/devkitPro/devkitARM/bin/../lib/gcc/arm-none-eabi/4.7.1/../../../../arm-none-eabi/lib/thumb/libg.a(lib_a-wctomb_r.o)
                0x0200d2e4                __utf8_wctomb
                0x0200d398                _wctomb_r
                0x0200d3d0                __ascii_wctomb
                0x0200d3f0                __sjis_wctomb
                0x0200d46c                __eucjp_wctomb
                0x0200d508                __jis_wctomb
 .text          0x0200d588       0xd0 /home/hansung/ndsdev/devkitPro/devkitARM/bin/../lib/gcc/arm-none-eabi/4.7.1/../../../../arm-none-eabi/lib/thumb/libg.a(lib_a-wsetup.o)
                0x0200d588                __swsetup_r
 .text          0x0200d658       0x10 /home/hansung/ndsdev/devkitPro/devkitARM/bin/../lib/gcc/arm-none-eabi/4.7.1/../../../../arm-none-eabi/lib/thumb/libg.a(lib_a-ctype_.o)
                0x0200d658                __set_ctype
 .text          0x0200d668     0x10a0 /home/hansung/ndsdev/devkitPro/devkitARM/bin/../lib/gcc/arm-none-eabi/4.7.1/../../../../arm-none-eabi/lib/thumb/libg.a(lib_a-dtoa.o)
                0x0200d7c0                _dtoa_r
 .text          0x0200e708      0x1b8 /home/hansung/ndsdev/devkitPro/devkitARM/bin/../lib/gcc/arm-none-eabi/4.7.1/../../../../arm-none-eabi/lib/thumb/libg.a(lib_a-fflush.o)
                0x0200e708                __sflush_r
                0x0200e860                _fflush_r
                0x0200e890                fflush
 .text          0x0200e8c0      0x1d8 /home/hansung/ndsdev/devkitPro/devkitARM/bin/../lib/gcc/arm-none-eabi/4.7.1/../../../../arm-none-eabi/lib/thumb/libg.a(lib_a-findfp.o)
                0x0200e8c8                _cleanup_r
                0x0200e928                __sfmoreglue
                0x0200e958                _cleanup
                0x0200e96c                __sinit
                0x0200e9c0                __sfp
                0x0200ea50                __sfp_lock_acquire
                0x0200ea54                __sfp_lock_release
                0x0200ea58                __sinit_lock_acquire
                0x0200ea5c                __sinit_lock_release
                0x0200ea60                __fp_lock_all
                0x0200ea7c                __fp_unlock_all
 .text          0x0200ea98      0x104 /home/hansung/ndsdev/devkitPro/devkitARM/bin/../lib/gcc/arm-none-eabi/4.7.1/../../../../arm-none-eabi/lib/thumb/libg.a(lib_a-fputwc.o)
                0x0200ea98                _fputwc_r
                0x0200eb70                fputwc
 .text          0x0200eb9c      0x238 /home/hansung/ndsdev/devkitPro/devkitARM/bin/../lib/gcc/arm-none-eabi/4.7.1/../../../../arm-none-eabi/lib/thumb/libg.a(lib_a-freer.o)
                0x0200eb9c                _malloc_trim_r
                0x0200ec40                _free_r
 .text          0x0200edd4      0x2fc /home/hansung/ndsdev/devkitPro/devkitARM/bin/../lib/gcc/arm-none-eabi/4.7.1/../../../../arm-none-eabi/lib/thumb/libg.a(lib_a-fvwrite.o)
                0x0200edd4                __sfvwrite_r
 .text          0x0200f0d0       0xb4 /home/hansung/ndsdev/devkitPro/devkitARM/bin/../lib/gcc/arm-none-eabi/4.7.1/../../../../arm-none-eabi/lib/thumb/libg.a(lib_a-fwalk.o)
                0x0200f0d0                _fwalk
                0x0200f124                _fwalk_reent
 .text          0x0200f184       0x78 /home/hansung/ndsdev/devkitPro/devkitARM/bin/../lib/gcc/arm-none-eabi/4.7.1/../../../../arm-none-eabi/lib/thumb/libg.a(lib_a-iswspace.o)
                0x0200f184                iswspace
 .text          0x0200f1fc      0x1f0 /home/hansung/ndsdev/devkitPro/devkitARM/bin/../lib/gcc/arm-none-eabi/4.7.1/../../../../arm-none-eabi/lib/thumb/libg.a(lib_a-jp2uc.o)
                0x0200f388                _jp2uc
 .text          0x0200f3ec      0x950 /home/hansung/ndsdev/devkitPro/devkitARM/bin/../lib/gcc/arm-none-eabi/4.7.1/../../../../arm-none-eabi/lib/thumb/libg.a(lib_a-locale.o)
                0x0200fae0                _setlocale_r
                0x0200fcdc                __locale_charset
                0x0200fce4                __locale_mb_cur_max
                0x0200fcf0                __locale_msgcharset
                0x0200fcfc                __locale_cjk_lang
                0x0200fd08                _localeconv_r
                0x0200fd14                setlocale
                0x0200fd30                localeconv
 .text          0x0200fd3c       0xe0 /home/hansung/ndsdev/devkitPro/devkitARM/bin/../lib/gcc/arm-none-eabi/4.7.1/../../../../arm-none-eabi/lib/thumb/libg.a(lib_a-makebuf.o)
                0x0200fd3c                __smakebuf_r
 .text          0x0200fe1c      0x104 /home/hansung/ndsdev/devkitPro/devkitARM/bin/../lib/gcc/arm-none-eabi/4.7.1/../../../../arm-none-eabi/lib/thumb/libg.a(lib_a-mbrtowc.o)
                0x0200fe1c                _mbrtowc_r
                0x0200fe94                mbrtowc
 .text          0x0200ff20      0x584 /home/hansung/ndsdev/devkitPro/devkitARM/bin/../lib/gcc/arm-none-eabi/4.7.1/../../../../arm-none-eabi/lib/thumb/libg.a(lib_a-mbtowc_r.o)
                0x0200ff20                __utf8_mbtowc
                0x02010180                _mbtowc_r
                0x020101bc                __ascii_mbtowc
                0x020101ec                __sjis_mbtowc
                0x020102ac                __eucjp_mbtowc
                0x02010374                __jis_mbtowc
 .text          0x020104a4       0x98 /home/hansung/ndsdev/devkitPro/devkitARM/bin/../lib/gcc/arm-none-eabi/4.7.1/../../../../arm-none-eabi/lib/thumb/libg.a(lib_a-memchr-stub.o)
                0x020104a4                memchr
 .text          0x0201053c       0xb0 /home/hansung/ndsdev/devkitPro/devkitARM/bin/../lib/gcc/arm-none-eabi/4.7.1/../../../../arm-none-eabi/lib/thumb/libg.a(lib_a-memmove.o)
                0x0201053c                memmove
 *fill*         0x020105ec        0x4 ff
 .text          0x020105f0      0x978 /home/hansung/ndsdev/devkitPro/devkitARM/bin/../lib/gcc/arm-none-eabi/4.7.1/../../../../arm-none-eabi/lib/thumb/libg.a(lib_a-mprec.o)
                0x020105f0                _Balloc
                0x02010644                _Bfree
                0x0201065c                __multadd
                0x02010708                __s2b
                0x020107a4                __hi0bits
                0x020107dc                __lo0bits
                0x0201083c                __i2b
                0x02010854                __multiply
                0x020109b8                __pow5mult
                0x02010a68                __lshift
                0x02010b38                __mcmp
                0x02010b74                __mdiff
                0x02010c64                __ulp
                0x02010cac                __b2d
                0x02010d50                __d2b
                0x02010e08                __ratio
                0x02010e84                _mprec_log10
                0x02010ec4                __copybits
                0x02010f0c                __any_on
 .text          0x02010f68       0x7c /home/hansung/ndsdev/devkitPro/devkitARM/bin/../lib/gcc/arm-none-eabi/4.7.1/../../../../arm-none-eabi/lib/thumb/libg.a(lib_a-sccl.o)
                0x02010f68                __sccl
 .text          0x02010fe4       0x5c /home/hansung/ndsdev/devkitPro/devkitARM/bin/../lib/gcc/arm-none-eabi/4.7.1/../../../../arm-none-eabi/lib/thumb/libg.a(lib_a-s_fpclassify.o)
                0x02010fe4                __fpclassifyd
 .text          0x02011040       0x50 /home/hansung/ndsdev/devkitPro/devkitARM/bin/../lib/gcc/arm-none-eabi/4.7.1/../../../../arm-none-eabi/lib/thumb/libg.a(lib_a-strcasecmp.o)
                0x02011040                strcasecmp
 .text          0x02011090       0xd4 /home/hansung/ndsdev/devkitPro/devkitARM/bin/../lib/gcc/arm-none-eabi/4.7.1/../../../../arm-none-eabi/lib/thumb/libg.a(lib_a-strchr.o)
                0x02011090                strchr
 .text          0x02011164       0x14 /home/hansung/ndsdev/devkitPro/devkitARM/bin/../lib/gcc/arm-none-eabi/4.7.1/../../../../arm-none-eabi/lib/thumb/libg.a(lib_a-strcmp.o)
                0x02011164                strcmp
 .text          0x02011178       0x48 /home/hansung/ndsdev/devkitPro/devkitARM/bin/../lib/gcc/arm-none-eabi/4.7.1/../../../../arm-none-eabi/lib/thumb/libg.a(lib_a-strlcpy.o)
                0x02011178                strlcpy
 .text          0x020111c0       0x60 /home/hansung/ndsdev/devkitPro/devkitARM/bin/../lib/gcc/arm-none-eabi/4.7.1/../../../../arm-none-eabi/lib/thumb/libg.a(lib_a-strncasecmp.o)
                0x020111c0                strncasecmp
 .text          0x02011220       0xbc /home/hansung/ndsdev/devkitPro/devkitARM/bin/../lib/gcc/arm-none-eabi/4.7.1/../../../../arm-none-eabi/lib/thumb/libg.a(lib_a-strncmp.o)
                0x02011220                strncmp
 *fill*         0x020112dc        0x4 ff
 .text          0x020112e0      0x208 /home/hansung/ndsdev/devkitPro/devkitARM/bin/../lib/gcc/arm-none-eabi/4.7.1/../../../../arm-none-eabi/lib/thumb/libg.a(lib_a-strtoll_r.o)
                0x020112e0                _strtoll_r
 .text          0x020114e8      0x190 /home/hansung/ndsdev/devkitPro/devkitARM/bin/../lib/gcc/arm-none-eabi/4.7.1/../../../../arm-none-eabi/lib/thumb/libg.a(lib_a-strtol.o)
                0x020114e8                _strtol_r
                0x02011658                strtol
 .text          0x02011678      0x238 /home/hansung/ndsdev/devkitPro/devkitARM/bin/../lib/gcc/arm-none-eabi/4.7.1/../../../../arm-none-eabi/lib/thumb/libg.a(lib_a-strtoull_r.o)
                0x02011678                _strtoull_r
 .text          0x020118b0      0x198 /home/hansung/ndsdev/devkitPro/devkitARM/bin/../lib/gcc/arm-none-eabi/4.7.1/../../../../arm-none-eabi/lib/thumb/libg.a(lib_a-strtoul.o)
                0x020118b0                _strtoul_r
                0x02011a28                strtoul
 .text          0x02011a48      0xeb4 /home/hansung/ndsdev/devkitPro/devkitARM/bin/../lib/gcc/arm-none-eabi/4.7.1/../../../../arm-none-eabi/lib/thumb/libg.a(lib_a-svfiprintf.o)
                0x02011a48                __ssprint_r
                0x02011b78                _svfiprintf_r
 .text          0x020128fc       0xd0 /home/hansung/ndsdev/devkitPro/devkitARM/bin/../lib/gcc/arm-none-eabi/4.7.1/../../../../arm-none-eabi/lib/thumb/libg.a(lib_a-wbuf.o)
                0x020128fc                __swbuf_r
                0x020129b0                __swbuf
 .text          0x020129cc      0x150 /home/hansung/ndsdev/devkitPro/devkitARM/bin/../lib/gcc/arm-none-eabi/4.7.1/../../../../arm-none-eabi/lib/thumb/libg.a(lib_a-wcsnrtombs.o)
                0x020129cc                _wcsnrtombs_r
                0x02012aec                wcsnrtombs
 .text          0x02012b1c       0x64 /home/hansung/ndsdev/devkitPro/devkitARM/bin/../lib/gcc/arm-none-eabi/4.7.1/../../../../arm-none-eabi/lib/thumb/libg.a(lib_a-callocr.o)
                0x02012b1c                _calloc_r
 .text          0x02012b80       0xb0 /home/hansung/ndsdev/devkitPro/devkitARM/bin/../lib/gcc/arm-none-eabi/4.7.1/../../../../arm-none-eabi/lib/thumb/libg.a(lib_a-fclose.o)
                0x02012b80                _fclose_r
                0x02012c14                fclose
 .text          0x02012c30       0xa8 /home/hansung/ndsdev/devkitPro/devkitARM/bin/../lib/gcc/arm-none-eabi/4.7.1/../../../../arm-none-eabi/lib/thumb/libg.a(lib_a-getenv_r.o)
                0x02012c30                _findenv_r
                0x02012cc8                _getenv_r
 .text          0x02012cd8        0x0 /home/hansung/ndsdev/devkitPro/devkitARM/bin/../lib/gcc/arm-none-eabi/4.7.1/../../../../arm-none-eabi/lib/thumb/libg.a(lib_a-environ.o)
 .text          0x02012cd8        0x8 /home/hansung/ndsdev/devkitPro/devkitARM/bin/../lib/gcc/arm-none-eabi/4.7.1/../../../../arm-none-eabi/lib/thumb/libg.a(lib_a-envlock.o)
                0x02012cd8                __env_lock
                0x02012cdc                __env_unlock
 .text          0x02012ce0      0x144 /home/hansung/ndsdev/devkitPro/devkitARM/bin/../lib/gcc/arm-none-eabi/4.7.1/../../../../arm-none-eabi/lib/thumb/libsysbase.a(iosupport.o)
                0x02012ce0                setDefaultDevice
                0x02012cf4                FindDevice
                0x02012d64                RemoveDevice
                0x02012d88                AddDevice
                0x02012e04                GetDeviceOpTab
 .text          0x02012e24       0x50 /home/hansung/ndsdev/devkitPro/devkitARM/bin/../lib/gcc/arm-none-eabi/4.7.1/../../../../arm-none-eabi/lib/thumb/libsysbase.a(close.o)
                0x02012e24                _close_r
 .text          0x02012e74       0x50 /home/hansung/ndsdev/devkitPro/devkitARM/bin/../lib/gcc/arm-none-eabi/4.7.1/../../../../arm-none-eabi/lib/thumb/libsysbase.a(fstat.o)
                0x02012e74                _fstat_r
 .text          0x02012ec4        0x4 /home/hansung/ndsdev/devkitPro/devkitARM/bin/../lib/gcc/arm-none-eabi/4.7.1/../../../../arm-none-eabi/lib/thumb/libsysbase.a(isatty.o)
                0x02012ec4                _isatty_r
 .text          0x02012ec8       0x50 /home/hansung/ndsdev/devkitPro/devkitARM/bin/../lib/gcc/arm-none-eabi/4.7.1/../../../../arm-none-eabi/lib/thumb/libsysbase.a(lseek.o)
                0x02012ec8                _lseek_r
 .text          0x02012f18       0x50 /home/hansung/ndsdev/devkitPro/devkitARM/bin/../lib/gcc/arm-none-eabi/4.7.1/../../../../arm-none-eabi/lib/thumb/libsysbase.a(read.o)
                0x02012f18                _read_r
 .text          0x02012f68       0x54 /home/hansung/ndsdev/devkitPro/devkitARM/bin/../lib/gcc/arm-none-eabi/4.7.1/../../../../arm-none-eabi/lib/thumb/libsysbase.a(sbrk.o)
                0x02012f68                _sbrk_r
 .text          0x02012fbc       0x44 /home/hansung/ndsdev/devkitPro/devkitARM/bin/../lib/gcc/arm-none-eabi/4.7.1/../../../../arm-none-eabi/lib/thumb/libsysbase.a(times.o)
                0x02012fbc                _times
                0x02012fd0                _times_r
                0x02012fd8                _gettimeofday_r
 .text          0x02013000       0x58 /home/hansung/ndsdev/devkitPro/devkitARM/bin/../lib/gcc/arm-none-eabi/4.7.1/../../../../arm-none-eabi/lib/thumb/libsysbase.a(write.o)
                0x02013000                _write_r
 .text          0x02013058        0x0 /home/hansung/ndsdev/devkitPro/devkitARM/bin/../lib/gcc/arm-none-eabi/4.7.1/../../../../arm-none-eabi/lib/thumb/libsysbase.a(malloc_vars.o)
 .text          0x02013058       0x4c /home/hansung/ndsdev/devkitPro/devkitARM/bin/../lib/gcc/arm-none-eabi/4.7.1/../../../../arm-none-eabi/lib/thumb/libsysbase.a(build_argv.o)
                0x02013058                build_argv
 .text          0x020130a4        0x0 /home/hansung/ndsdev/devkitPro/devkitARM/bin/../lib/gcc/arm-none-eabi/4.7.1/../../../../arm-none-eabi/lib/thumb/libsysbase.a(syscall_support.o)
 .text          0x020130a4       0x84 /home/hansung/ndsdev/devkitPro/devkitARM/bin/../lib/gcc/arm-none-eabi/4.7.1/../../../../arm-none-eabi/lib/thumb/libsysbase.a(handle_manager.o)
                0x020130a4                __release_handle
                0x020130d0                __alloc_handle
                0x02013108                __get_handle
 .text          0x02013128      0x41c /home/hansung/ndsdev/devkitPro/devkitARM/bin/../lib/gcc/arm-none-eabi/4.7.1/thumb/libgcc.a(_arm_addsubdf3.o)
                0x02013128                __aeabi_drsub
                0x02013130                __aeabi_dsub
                0x02013130                __subdf3
                0x02013134                __adddf3
                0x02013134                __aeabi_dadd
                0x02013444                __aeabi_ui2d
                0x02013444                __floatunsidf
                0x02013468                __floatsidf
                0x02013468                __aeabi_i2d
                0x02013490                __extendsfdf2
                0x02013490                __aeabi_f2d
                0x020134d0                __aeabi_ul2d
                0x020134d0                __floatundidf
                0x020134e4                __floatdidf
                0x020134e4                __aeabi_l2d
 .text          0x02013544      0x49c /home/hansung/ndsdev/devkitPro/devkitARM/bin/../lib/gcc/arm-none-eabi/4.7.1/thumb/libgcc.a(_arm_muldivdf3.o)
                0x02013544                __aeabi_dmul
                0x02013544                __muldf3
                0x020137d4                __aeabi_ddiv
                0x020137d4                __divdf3
 .text          0x020139e0      0x144 /home/hansung/ndsdev/devkitPro/devkitARM/bin/../lib/gcc/arm-none-eabi/4.7.1/thumb/libgcc.a(_arm_cmpdf2.o)
                0x020139e0                __gtdf2
                0x020139e0                __gedf2
                0x020139e8                __ltdf2
                0x020139e8                __ledf2
                0x020139f0                __cmpdf2
                0x020139f0                __eqdf2
                0x020139f0                __nedf2
                0x02013a78                __aeabi_cdrcmple
                0x02013a94                __aeabi_cdcmple
                0x02013a94                __aeabi_cdcmpeq
                0x02013aac                __aeabi_dcmpeq
                0x02013ac4                __aeabi_dcmplt
                0x02013adc                __aeabi_dcmple
                0x02013af4                __aeabi_dcmpge
                0x02013b0c                __aeabi_dcmpgt
 .text          0x02013b24       0x5c /home/hansung/ndsdev/devkitPro/devkitARM/bin/../lib/gcc/arm-none-eabi/4.7.1/thumb/libgcc.a(_arm_fixdfsi.o)
                0x02013b24                __fixdfsi
                0x02013b24                __aeabi_d2iz
 .text          0x02013b80       0x3c /home/hansung/ndsdev/devkitPro/devkitARM/bin/../lib/gcc/arm-none-eabi/4.7.1/thumb/libgcc.a(_aeabi_uldivmod.o)
                0x02013b80                __aeabi_uldivmod
 .text          0x02013bbc       0x7c /home/hansung/ndsdev/devkitPro/devkitARM/bin/../lib/gcc/arm-none-eabi/4.7.1/thumb/libgcc.a(bpabi.o)
                0x02013bbc                __gnu_ldivmod_helper
                0x02013bfc                __gnu_uldivmod_helper
 .text          0x02013c38      0x3d4 /home/hansung/ndsdev/devkitPro/devkitARM/bin/../lib/gcc/arm-none-eabi/4.7.1/thumb/libgcc.a(_divdi3.o)
                0x02013c38                __divdi3
 .text          0x0201400c      0x3a0 /home/hansung/ndsdev/devkitPro/devkitARM/bin/../lib/gcc/arm-none-eabi/4.7.1/thumb/libgcc.a(_udivdi3.o)
                0x0201400c                __udivdi3
 .text          0x020143ac       0x48 /home/hansung/ndsdev/devkitPro/devkitARM/bin/../lib/gcc/arm-none-eabi/4.7.1/thumb/libgcc.a(_clzsi2.o)
                0x020143ac                __clzsi2
 .text          0x020143f4        0xc /home/hansung/ndsdev/devkitPro/devkitARM/bin/../lib/gcc/arm-none-eabi/4.7.1/../../../../arm-none-eabi/lib/thumb/libg.a(lib_a-errno.o)
                0x020143f4                __errno
 .text          0x02014400        0x0 /home/hansung/ndsdev/devkitPro/devkitARM/bin/../lib/gcc/arm-none-eabi/4.7.1/thumb/crtend.o
 .text          0x02014400        0x0 /home/hansung/ndsdev/devkitPro/devkitARM/bin/../lib/gcc/arm-none-eabi/4.7.1/thumb/crtn.o
 .text.stub     0x02014400      0x108 linker stubs
 *(.text.*)
 *(.stub)
 *(.gnu.warning)
 *(.gnu.linkonce.t*)
 *(.glue_7)
 .glue_7        0x00000000        0x0 linker stubs
 *(.glue_7t)
 .glue_7t       0x00000000        0x0 linker stubs
                0x02014508                . = ALIGN (0x4)

.vfp11_veneer   0x02014520        0x0
 .vfp11_veneer  0x00000000        0x0 linker stubs

.v4_bx          0x02014520        0x0
 .v4_bx         0x00000000        0x0 linker stubs

.iplt           0x02014520        0x0
 .iplt          0x00000000        0x0 /home/hansung/ndsdev/devkitPro/devkitARM/bin/../lib/gcc/arm-none-eabi/4.7.1/../../../../arm-none-eabi/lib/thumb/ds_arm9_crt0.o

.fini           0x02014520        0xc
 *(.fini)
 .fini          0x02014520        0x4 /home/hansung/ndsdev/devkitPro/devkitARM/bin/../lib/gcc/arm-none-eabi/4.7.1/thumb/crti.o
                0x02014520                _fini
 .fini          0x02014524        0x8 /home/hansung/ndsdev/devkitPro/devkitARM/bin/../lib/gcc/arm-none-eabi/4.7.1/thumb/crtn.o
                0x0201452c                __text_end = .

.rodata         0x02014530     0xcf88
 *(.rodata)
 .rodata        0x02014530     0x3038 down.o
                0x02014530                downBitmap
 .rodata        0x02017568     0x2eac up.o
                0x02017568                upBitmap
 .rodata        0x0201a414       0x20 tasks.o
 .rodata        0x0201a434      0x1b8 gdbStub.o
 .rodata        0x0201a5ec      0x354 sevencore_io.o
 .rodata        0x0201a940      0x2cc main.o
 .rodata        0x0201ac0c      0x200 /home/hansung/ndsdev/devkitPro/libnds/lib/libnds9.a(console.o)
 .rodata        0x0201ae0c       0x14 /home/hansung/ndsdev/devkitPro/libnds/lib/libnds9.a(decompress.o)
 .rodata        0x0201ae20      0x308 /home/hansung/ndsdev/devkitPro/libnds/lib/libnds9.a(trig.o)
                0x0201ae20                SIN_LUT
                0x0201af24                TAN_LUT
 .rodata        0x0201b128       0x8c /home/hansung/ndsdev/devkitPro/libnds/lib/libnds9.a(videoGL.o)
 .rodata        0x0201b1b4     0x2004 /home/hansung/ndsdev/devkitPro/libnds/lib/libnds9.a(default_font.bin.o)
                0x0201b1b4                default_font_bin
                0x0201d1b4                default_font_bin_end
                0x0201d1b4                default_font_bin_size
 .rodata        0x0201d1b8        0x4 /home/hansung/ndsdev/devkitPro/devkitARM/bin/../lib/gcc/arm-none-eabi/4.7.1/../../../../arm-none-eabi/lib/thumb/libg.a(lib_a-impure.o)
                0x0201d1b8                _global_impure_ptr
 .rodata        0x0201d1bc      0x340 /home/hansung/ndsdev/devkitPro/devkitARM/bin/../lib/gcc/arm-none-eabi/4.7.1/../../../../arm-none-eabi/lib/thumb/libg.a(lib_a-svfiscanf.o)
 .rodata        0x0201d4fc      0x184 /home/hansung/ndsdev/devkitPro/devkitARM/bin/../lib/gcc/arm-none-eabi/4.7.1/../../../../arm-none-eabi/lib/thumb/libg.a(lib_a-svfprintf.o)
 .rodata        0x0201d680      0x184 /home/hansung/ndsdev/devkitPro/devkitARM/bin/../lib/gcc/arm-none-eabi/4.7.1/../../../../arm-none-eabi/lib/thumb/libg.a(lib_a-vfiprintf.o)
 .rodata        0x0201d804      0x104 /home/hansung/ndsdev/devkitPro/devkitARM/bin/../lib/gcc/arm-none-eabi/4.7.1/../../../../arm-none-eabi/lib/thumb/libg.a(lib_a-ctype_.o)
                0x0201d804                _ctype_
 .rodata        0x0201d908     0x34f0 /home/hansung/ndsdev/devkitPro/devkitARM/bin/../lib/gcc/arm-none-eabi/4.7.1/../../../../arm-none-eabi/lib/thumb/libg.a(lib_a-jp2uc.o)
 .rodata        0x02020df8       0xf0 /home/hansung/ndsdev/devkitPro/devkitARM/bin/../lib/gcc/arm-none-eabi/4.7.1/../../../../arm-none-eabi/lib/thumb/libg.a(lib_a-locale.o)
 .rodata        0x02020ee8       0xa8 /home/hansung/ndsdev/devkitPro/devkitARM/bin/../lib/gcc/arm-none-eabi/4.7.1/../../../../arm-none-eabi/lib/thumb/libg.a(lib_a-mbtowc_r.o)
 .rodata        0x02020f90      0x128 /home/hansung/ndsdev/devkitPro/devkitARM/bin/../lib/gcc/arm-none-eabi/4.7.1/../../../../arm-none-eabi/lib/thumb/libg.a(lib_a-mprec.o)
                0x02020fa0                __mprec_tens
                0x02021068                __mprec_tinytens
                0x02021090                __mprec_bigtens
 .rodata        0x020210b8      0x184 /home/hansung/ndsdev/devkitPro/devkitARM/bin/../lib/gcc/arm-none-eabi/4.7.1/../../../../arm-none-eabi/lib/thumb/libg.a(lib_a-svfiprintf.o)
 .rodata        0x0202123c       0x64 /home/hansung/ndsdev/devkitPro/devkitARM/bin/../lib/gcc/arm-none-eabi/4.7.1/../../../../arm-none-eabi/lib/thumb/libsysbase.a(iosupport.o)
                0x0202123c                dotab_stdnull
 *all.rodata*(*)
 *(.roda)
 *(.rodata.*)
 .rodata.str1.4
                0x020212a0       0x49 /home/hansung/ndsdev/devkitPro/libnds/lib/libnds9.a(console.o)
                                 0x4c (size before relaxing)
 *fill*         0x020212e9        0x3 ff
 .rodata.str1.4
                0x020212ec       0x44 /home/hansung/ndsdev/devkitPro/libnds/lib/libnds9.a(sassert.o)
 .rodata.str1.4
                0x02021330        0x2 /home/hansung/ndsdev/devkitPro/devkitARM/bin/../lib/gcc/arm-none-eabi/4.7.1/../../../../arm-none-eabi/lib/thumb/libg.a(lib_a-impure.o)
                                  0x4 (size before relaxing)
 *fill*         0x02021332        0x2 ff
 .rodata.str1.4
                0x02021334       0x42 /home/hansung/ndsdev/devkitPro/devkitARM/bin/../lib/gcc/arm-none-eabi/4.7.1/../../../../arm-none-eabi/lib/thumb/libg.a(lib_a-svfprintf.o)
                                 0x44 (size before relaxing)
 .rodata.str1.4
                0x00000000       0x30 /home/hansung/ndsdev/devkitPro/devkitARM/bin/../lib/gcc/arm-none-eabi/4.7.1/../../../../arm-none-eabi/lib/thumb/libg.a(lib_a-vfiprintf.o)
 *fill*         0x02021376        0x2 ff
 .rodata.str1.4
                0x02021378       0x10 /home/hansung/ndsdev/devkitPro/devkitARM/bin/../lib/gcc/arm-none-eabi/4.7.1/../../../../arm-none-eabi/lib/thumb/libg.a(lib_a-dtoa.o)
                                 0x14 (size before relaxing)
 .rodata.str1.4
                0x02021388       0x12 /home/hansung/ndsdev/devkitPro/devkitARM/bin/../lib/gcc/arm-none-eabi/4.7.1/../../../../arm-none-eabi/lib/thumb/libg.a(lib_a-jp2uc.o)
                                 0x14 (size before relaxing)
 *fill*         0x0202139a        0x2 ff
 .rodata.str1.4
                0x0202139c      0x112 /home/hansung/ndsdev/devkitPro/devkitARM/bin/../lib/gcc/arm-none-eabi/4.7.1/../../../../arm-none-eabi/lib/thumb/libg.a(lib_a-locale.o)
                                0x130 (size before relaxing)
 .rodata.str1.4
                0x00000000        0x4 /home/hansung/ndsdev/devkitPro/devkitARM/bin/../lib/gcc/arm-none-eabi/4.7.1/../../../../arm-none-eabi/lib/thumb/libg.a(lib_a-mbrtowc.o)
 .rodata.str1.4
                0x00000000       0x30 /home/hansung/ndsdev/devkitPro/devkitARM/bin/../lib/gcc/arm-none-eabi/4.7.1/../../../../arm-none-eabi/lib/thumb/libg.a(lib_a-svfiprintf.o)
 *fill*         0x020214ae        0x2 ff
 .rodata.str1.4
                0x020214b0        0x8 /home/hansung/ndsdev/devkitPro/devkitARM/bin/../lib/gcc/arm-none-eabi/4.7.1/../../../../arm-none-eabi/lib/thumb/libsysbase.a(iosupport.o)
 *(.gnu.linkonce.r*)
                0x020214b8                . = ALIGN (0x4)

.rel.dyn        0x020214b8        0x0
 .rel.iplt      0x00000000        0x0 /home/hansung/ndsdev/devkitPro/devkitARM/bin/../lib/gcc/arm-none-eabi/4.7.1/../../../../arm-none-eabi/lib/thumb/ds_arm9_crt0.o

.ARM.extab
 *(.ARM.extab* .gnu.linkonce.armextab.*)
                0x020214b8                __exidx_start = .

ARM.exidx
 *(.ARM.exidx* .gnu.linkonce.armexidx.*)
                0x020214b8                __exidx_end = .
                0x020214b8                . = ALIGN (0x4)
                0x020214b8                PROVIDE (__preinit_array_start, .)

.preinit_array
 *(.preinit_array)
                0x020214b8                PROVIDE (__preinit_array_end, .)
                0x020214b8                PROVIDE (__init_array_start, .)

.init_array     0x020214b8        0x4
 *(SORT(.init_array.*))
 *(.init_array)
 .init_array    0x020214b8        0x4 /home/hansung/ndsdev/devkitPro/devkitARM/bin/../lib/gcc/arm-none-eabi/4.7.1/thumb/crtbegin.o
                0x020214bc                PROVIDE (__init_array_end, .)
                0x020214bc                PROVIDE (__fini_array_start, .)

.fini_array     0x020214bc        0x4
 *(.fini_array)
 .fini_array    0x020214bc        0x4 /home/hansung/ndsdev/devkitPro/devkitARM/bin/../lib/gcc/arm-none-eabi/4.7.1/thumb/crtbegin.o
 *(SORT(.fini_array.*))
                0x020214c0                PROVIDE (__fini_array_end, .)

.ctors          0x020214c0        0x0
 *crtbegin.o(.ctors)
 *(EXCLUDE_FILE(*crtend.o) .ctors)
 *(SORT(.ctors.*))
 *(.ctors)
                0x020214c0                . = ALIGN (0x4)

.dtors          0x020214c0        0x0
 *crtbegin.o(.dtors)
 *(EXCLUDE_FILE(*crtend.o) .dtors)
 *(SORT(.dtors.*))
 *(.dtors)
                0x020214c0                . = ALIGN (0x4)

.eh_frame       0x020214c0        0x4
 *(.eh_frame)
 .eh_frame      0x020214c0        0x0 /home/hansung/ndsdev/devkitPro/devkitARM/bin/../lib/gcc/arm-none-eabi/4.7.1/thumb/crtbegin.o
 .eh_frame      0x020214c0        0x4 /home/hansung/ndsdev/devkitPro/devkitARM/bin/../lib/gcc/arm-none-eabi/4.7.1/thumb/crtend.o
                0x020214c4                . = ALIGN (0x4)

.gcc_except_table
                0x020214c4        0x0
 *(.gcc_except_table)
                0x020214c4                . = ALIGN (0x4)

.jcr            0x020214c4        0x4
 *(.jcr)
 .jcr           0x020214c4        0x0 /home/hansung/ndsdev/devkitPro/devkitARM/bin/../lib/gcc/arm-none-eabi/4.7.1/thumb/crtbegin.o
 .jcr           0x020214c4        0x4 /home/hansung/ndsdev/devkitPro/devkitARM/bin/../lib/gcc/arm-none-eabi/4.7.1/thumb/crtend.o

.got
 *(.got.plt)
 *(.got)
 *(.rel.got)

.ewram          0x020214c8        0x0
                0x020214c8                __ewram_start = ABSOLUTE (.)
 *(.ewram)
 *ewram.*(.text)
                0x020214c8                . = ALIGN (0x4)

.data           0x020214c8      0xbc8
                0x020214c8                __data_start = ABSOLUTE (.)
 *(.data)
 .data          0x020214c8        0x0 /home/hansung/ndsdev/devkitPro/devkitARM/bin/../lib/gcc/arm-none-eabi/4.7.1/../../../../arm-none-eabi/lib/thumb/ds_arm9_crt0.o
 .data          0x020214c8        0x0 /home/hansung/ndsdev/devkitPro/devkitARM/bin/../lib/gcc/arm-none-eabi/4.7.1/thumb/crti.o
 .data          0x020214c8        0x4 /home/hansung/ndsdev/devkitPro/devkitARM/bin/../lib/gcc/arm-none-eabi/4.7.1/thumb/crtbegin.o
                0x020214c8                __dso_handle
 .data          0x020214cc        0x0 down.o
 .data          0x020214cc        0x0 up.o
 .data          0x020214cc        0x0 croutine.o
 .data          0x020214cc        0x0 list.o
 .data          0x020214cc        0x0 queue.o
 .data          0x020214cc        0x4 tasks.o
 .data          0x020214d0        0x4 card_spi.o
 .data          0x020214d4        0x8 gdbStub.o
                0x020214d8                pRegisters
 .data          0x020214dc        0x0 heap_3.o
 .data          0x020214dc        0x4 port.o
 .data          0x020214e0        0x4 portISR.o
                0x020214e0                ulCriticalNesting
 .data          0x020214e4       0x34 sevencore_io.o
 .data          0x02021518       0x7c main.o
                0x0202151c                Param
 .data          0x02021594        0x0 gdbStubAsm.o
 .data          0x02021594        0x0 port_asm.o
 .data          0x02021594       0x60 /home/hansung/ndsdev/devkitPro/libnds/lib/libnds9.a(background.o)
                0x02021594                bgScrollTable
                0x020215b4                bgTransform
                0x020215d4                bgControl
 .data          0x020215f4       0x64 /home/hansung/ndsdev/devkitPro/libnds/lib/libnds9.a(console.o)
                0x020215f4                currentConsole
                0x020215f8                defaultConsole
 .data          0x02021658        0xc /home/hansung/ndsdev/devkitPro/libnds/lib/libnds9.a(decompress.o)
                0x02021658                decomStream
 .data          0x02021664        0x0 /home/hansung/ndsdev/devkitPro/libnds/lib/libnds9.a(exceptions.o)
 .data          0x02021664        0x3 /home/hansung/ndsdev/devkitPro/libnds/lib/libnds9.a(keys.o)
 .data          0x02021667        0x0 /home/hansung/ndsdev/devkitPro/libnds/lib/libnds9.a(sassert.o)
 .data          0x02021667        0x0 /home/hansung/ndsdev/devkitPro/libnds/lib/libnds9.a(touch.o)
 .data          0x02021667        0x0 /home/hansung/ndsdev/devkitPro/libnds/lib/libnds9.a(trig.o)
 *fill*         0x02021667        0x1 ff
 .data          0x02021668        0x4 /home/hansung/ndsdev/devkitPro/libnds/lib/libnds9.a(videoGL.o)
 .data          0x0202166c        0x0 /home/hansung/ndsdev/devkitPro/libnds/lib/libnds9.a(initSystem.o)
 .data          0x0202166c       0x10 /home/hansung/ndsdev/devkitPro/libnds/lib/libnds9.a(fifosystem.o)
                0x0202166c                fifo_buffer_free
                0x02021670                fifo_freewords
                0x02021674                fifo_send_queue
                0x02021678                fifo_receive_queue
 .data          0x0202167c        0x0 /home/hansung/ndsdev/devkitPro/libnds/lib/libnds9.a(interrupts.o)
 .data          0x0202167c        0x0 /home/hansung/ndsdev/devkitPro/libnds/lib/libnds9.a(libnds_exit.arm.o)
 .data          0x0202167c        0x0 /home/hansung/ndsdev/devkitPro/libnds/lib/libnds9.a(syscalls.o)
 .data          0x0202167c        0x0 /home/hansung/ndsdev/devkitPro/libnds/lib/libnds9.a(exceptionHandler.o)
 .data          0x0202167c        0x0 /home/hansung/ndsdev/devkitPro/libnds/lib/libnds9.a(mpu_setup.o)
 .data          0x0202167c        0x0 /home/hansung/ndsdev/devkitPro/libnds/lib/libnds9.a(biosCalls.o)
 .data          0x0202167c        0x0 /home/hansung/ndsdev/devkitPro/libnds/lib/libnds9.a(debugprint.o)
 .data          0x0202167c        0x0 /home/hansung/ndsdev/devkitPro/libnds/lib/libnds9.a(interruptDispatcher.o)
 .data          0x0202167c        0x0 /home/hansung/ndsdev/devkitPro/libnds/lib/libnds9.a(swiSoftReset.o)
 .data          0x0202167c        0x0 /home/hansung/ndsdev/devkitPro/libnds/lib/libnds9.a(default_font.bin.o)
 .data          0x0202167c        0x0 /home/hansung/ndsdev/devkitPro/libnds/lib/libnds9.a(dynamicArray.o)
 .data          0x0202167c        0x0 /home/hansung/ndsdev/devkitPro/libnds/lib/libnds9.a(system.o)
 .data          0x0202167c        0x0 /home/hansung/ndsdev/devkitPro/libnds/lib/libnds9.a(video.o)
 .data          0x0202167c        0x0 /home/hansung/ndsdev/devkitPro/devkitARM/bin/../lib/gcc/arm-none-eabi/4.7.1/thumb/libgcc.a(_udivsi3.o)
 .data          0x0202167c        0x0 /home/hansung/ndsdev/devkitPro/devkitARM/bin/../lib/gcc/arm-none-eabi/4.7.1/thumb/libgcc.a(_divsi3.o)
 .data          0x0202167c        0x0 /home/hansung/ndsdev/devkitPro/devkitARM/bin/../lib/gcc/arm-none-eabi/4.7.1/thumb/libgcc.a(_dvmd_tls.o)
 .data          0x0202167c        0x0 /home/hansung/ndsdev/devkitPro/devkitARM/bin/../lib/gcc/arm-none-eabi/4.7.1/thumb/libgcc.a(_muldi3.o)
 .data          0x0202167c        0x0 /home/hansung/ndsdev/devkitPro/devkitARM/bin/../lib/gcc/arm-none-eabi/4.7.1/../../../../arm-none-eabi/lib/thumb/libg.a(lib_a-bsearch.o)
 *fill*         0x0202167c        0x4 ff
 .data          0x02021680      0x430 /home/hansung/ndsdev/devkitPro/devkitARM/bin/../lib/gcc/arm-none-eabi/4.7.1/../../../../arm-none-eabi/lib/thumb/libg.a(lib_a-impure.o)
                0x02021680                _impure_ptr
 .data          0x02021ab0        0x0 /home/hansung/ndsdev/devkitPro/devkitARM/bin/../lib/gcc/arm-none-eabi/4.7.1/../../../../arm-none-eabi/lib/thumb/libg.a(lib_a-init.o)
 .data          0x02021ab0        0x0 /home/hansung/ndsdev/devkitPro/devkitARM/bin/../lib/gcc/arm-none-eabi/4.7.1/../../../../arm-none-eabi/lib/thumb/libg.a(lib_a-iprintf.o)
 .data          0x02021ab0        0x0 /home/hansung/ndsdev/devkitPro/devkitARM/bin/../lib/gcc/arm-none-eabi/4.7.1/../../../../arm-none-eabi/lib/thumb/libg.a(lib_a-malloc.o)
 .data          0x02021ab0      0x410 /home/hansung/ndsdev/devkitPro/devkitARM/bin/../lib/gcc/arm-none-eabi/4.7.1/../../../../arm-none-eabi/lib/thumb/libg.a(lib_a-mallocr.o)
                0x02021ab0                __malloc_av_
                0x02021eb8                __malloc_sbrk_base
                0x02021ebc                __malloc_trim_threshold
 .data          0x02021ec0        0x0 /home/hansung/ndsdev/devkitPro/devkitARM/bin/../lib/gcc/arm-none-eabi/4.7.1/../../../../arm-none-eabi/lib/thumb/libg.a(lib_a-memcpy-stub.o)
 .data          0x02021ec0        0x0 /home/hansung/ndsdev/devkitPro/devkitARM/bin/../lib/gcc/arm-none-eabi/4.7.1/../../../../arm-none-eabi/lib/thumb/libg.a(lib_a-memset.o)
 .data          0x02021ec0        0x0 /home/hansung/ndsdev/devkitPro/devkitARM/bin/../lib/gcc/arm-none-eabi/4.7.1/../../../../arm-none-eabi/lib/thumb/libg.a(lib_a-mlock.o)
 .data          0x02021ec0        0x0 /home/hansung/ndsdev/devkitPro/devkitARM/bin/../lib/gcc/arm-none-eabi/4.7.1/../../../../arm-none-eabi/lib/thumb/libg.a(lib_a-realloc.o)
 .data          0x02021ec0        0x0 /home/hansung/ndsdev/devkitPro/devkitARM/bin/../lib/gcc/arm-none-eabi/4.7.1/../../../../arm-none-eabi/lib/thumb/libg.a(lib_a-reallocr.o)
 .data          0x02021ec0        0x0 /home/hansung/ndsdev/devkitPro/devkitARM/bin/../lib/gcc/arm-none-eabi/4.7.1/../../../../arm-none-eabi/lib/thumb/libg.a(lib_a-setvbuf.o)
 .data          0x02021ec0        0x0 /home/hansung/ndsdev/devkitPro/devkitARM/bin/../lib/gcc/arm-none-eabi/4.7.1/../../../../arm-none-eabi/lib/thumb/libg.a(lib_a-siscanf.o)
 .data          0x02021ec0        0x0 /home/hansung/ndsdev/devkitPro/devkitARM/bin/../lib/gcc/arm-none-eabi/4.7.1/../../../../arm-none-eabi/lib/thumb/libg.a(lib_a-sprintf.o)
 .data          0x02021ec0        0x0 /home/hansung/ndsdev/devkitPro/devkitARM/bin/../lib/gcc/arm-none-eabi/4.7.1/../../../../arm-none-eabi/lib/thumb/libg.a(lib_a-stdio.o)
 .data          0x02021ec0        0x0 /home/hansung/ndsdev/devkitPro/devkitARM/bin/../lib/gcc/arm-none-eabi/4.7.1/../../../../arm-none-eabi/lib/thumb/libg.a(lib_a-strcat.o)
 .data          0x02021ec0        0x0 /home/hansung/ndsdev/devkitPro/devkitARM/bin/../lib/gcc/arm-none-eabi/4.7.1/../../../../arm-none-eabi/lib/thumb/libg.a(lib_a-strcpy.o)
 .data          0x02021ec0        0x0 /home/hansung/ndsdev/devkitPro/devkitARM/bin/../lib/gcc/arm-none-eabi/4.7.1/../../../../arm-none-eabi/lib/thumb/libg.a(lib_a-strlen.o)
 .data          0x02021ec0        0x0 /home/hansung/ndsdev/devkitPro/devkitARM/bin/../lib/gcc/arm-none-eabi/4.7.1/../../../../arm-none-eabi/lib/thumb/libg.a(lib_a-strncpy.o)
 .data          0x02021ec0        0x0 /home/hansung/ndsdev/devkitPro/devkitARM/bin/../lib/gcc/arm-none-eabi/4.7.1/../../../../arm-none-eabi/lib/thumb/libg.a(lib_a-svfiscanf.o)
 .data          0x02021ec0        0x0 /home/hansung/ndsdev/devkitPro/devkitARM/bin/../lib/gcc/arm-none-eabi/4.7.1/../../../../arm-none-eabi/lib/thumb/libg.a(lib_a-svfprintf.o)
 .data          0x02021ec0        0x0 /home/hansung/ndsdev/devkitPro/devkitARM/bin/../lib/gcc/arm-none-eabi/4.7.1/../../../../arm-none-eabi/lib/thumb/libg.a(lib_a-ungetc.o)
 .data          0x02021ec0        0x0 /home/hansung/ndsdev/devkitPro/devkitARM/bin/../lib/gcc/arm-none-eabi/4.7.1/../../../../arm-none-eabi/lib/thumb/libg.a(lib_a-vfiprintf.o)
 .data          0x02021ec0        0x0 /home/hansung/ndsdev/devkitPro/devkitARM/bin/../lib/gcc/arm-none-eabi/4.7.1/../../../../arm-none-eabi/lib/thumb/libg.a(lib_a-wcrtomb.o)
 .data          0x02021ec0        0x0 /home/hansung/ndsdev/devkitPro/devkitARM/bin/../lib/gcc/arm-none-eabi/4.7.1/../../../../arm-none-eabi/lib/thumb/libg.a(lib_a-wcsrtombs.o)
 .data          0x02021ec0        0x4 /home/hansung/ndsdev/devkitPro/devkitARM/bin/../lib/gcc/arm-none-eabi/4.7.1/../../../../arm-none-eabi/lib/thumb/libg.a(lib_a-wctomb_r.o)
                0x02021ec0                __wctomb
 .data          0x02021ec4        0x0 /home/hansung/ndsdev/devkitPro/devkitARM/bin/../lib/gcc/arm-none-eabi/4.7.1/../../../../arm-none-eabi/lib/thumb/libg.a(lib_a-wsetup.o)
 .data          0x02021ec4        0x4 /home/hansung/ndsdev/devkitPro/devkitARM/bin/../lib/gcc/arm-none-eabi/4.7.1/../../../../arm-none-eabi/lib/thumb/libg.a(lib_a-ctype_.o)
                0x02021ec4                __ctype_ptr__
 .data          0x02021ec8        0x0 /home/hansung/ndsdev/devkitPro/devkitARM/bin/../lib/gcc/arm-none-eabi/4.7.1/../../../../arm-none-eabi/lib/thumb/libg.a(lib_a-dtoa.o)
 .data          0x02021ec8        0x0 /home/hansung/ndsdev/devkitPro/devkitARM/bin/../lib/gcc/arm-none-eabi/4.7.1/../../../../arm-none-eabi/lib/thumb/libg.a(lib_a-fflush.o)
 .data          0x02021ec8        0x0 /home/hansung/ndsdev/devkitPro/devkitARM/bin/../lib/gcc/arm-none-eabi/4.7.1/../../../../arm-none-eabi/lib/thumb/libg.a(lib_a-findfp.o)
 .data          0x02021ec8        0x0 /home/hansung/ndsdev/devkitPro/devkitARM/bin/../lib/gcc/arm-none-eabi/4.7.1/../../../../arm-none-eabi/lib/thumb/libg.a(lib_a-fputwc.o)
 .data          0x02021ec8        0x0 /home/hansung/ndsdev/devkitPro/devkitARM/bin/../lib/gcc/arm-none-eabi/4.7.1/../../../../arm-none-eabi/lib/thumb/libg.a(lib_a-freer.o)
 .data          0x02021ec8        0x0 /home/hansung/ndsdev/devkitPro/devkitARM/bin/../lib/gcc/arm-none-eabi/4.7.1/../../../../arm-none-eabi/lib/thumb/libg.a(lib_a-fvwrite.o)
 .data          0x02021ec8        0x0 /home/hansung/ndsdev/devkitPro/devkitARM/bin/../lib/gcc/arm-none-eabi/4.7.1/../../../../arm-none-eabi/lib/thumb/libg.a(lib_a-fwalk.o)
 .data          0x02021ec8        0x0 /home/hansung/ndsdev/devkitPro/devkitARM/bin/../lib/gcc/arm-none-eabi/4.7.1/../../../../arm-none-eabi/lib/thumb/libg.a(lib_a-iswspace.o)
 .data          0x02021ec8        0x0 /home/hansung/ndsdev/devkitPro/devkitARM/bin/../lib/gcc/arm-none-eabi/4.7.1/../../../../arm-none-eabi/lib/thumb/libg.a(lib_a-jp2uc.o)
 .data          0x02021ec8      0x17c /home/hansung/ndsdev/devkitPro/devkitARM/bin/../lib/gcc/arm-none-eabi/4.7.1/../../../../arm-none-eabi/lib/thumb/libg.a(lib_a-locale.o)
                0x02021ec8                __default_locale
                0x02021fe8                __mb_cur_max
 .data          0x02022044        0x0 /home/hansung/ndsdev/devkitPro/devkitARM/bin/../lib/gcc/arm-none-eabi/4.7.1/../../../../arm-none-eabi/lib/thumb/libg.a(lib_a-makebuf.o)
 .data          0x02022044        0x0 /home/hansung/ndsdev/devkitPro/devkitARM/bin/../lib/gcc/arm-none-eabi/4.7.1/../../../../arm-none-eabi/lib/thumb/libg.a(lib_a-mbrtowc.o)
 .data          0x02022044        0x4 /home/hansung/ndsdev/devkitPro/devkitARM/bin/../lib/gcc/arm-none-eabi/4.7.1/../../../../arm-none-eabi/lib/thumb/libg.a(lib_a-mbtowc_r.o)
                0x02022044                __mbtowc
 .data          0x02022048        0x0 /home/hansung/ndsdev/devkitPro/devkitARM/bin/../lib/gcc/arm-none-eabi/4.7.1/../../../../arm-none-eabi/lib/thumb/libg.a(lib_a-memchr-stub.o)
 .data          0x02022048        0x0 /home/hansung/ndsdev/devkitPro/devkitARM/bin/../lib/gcc/arm-none-eabi/4.7.1/../../../../arm-none-eabi/lib/thumb/libg.a(lib_a-memmove.o)
 .data          0x02022048        0x0 /home/hansung/ndsdev/devkitPro/devkitARM/bin/../lib/gcc/arm-none-eabi/4.7.1/../../../../arm-none-eabi/lib/thumb/libg.a(lib_a-mprec.o)
 .data          0x02022048        0x0 /home/hansung/ndsdev/devkitPro/devkitARM/bin/../lib/gcc/arm-none-eabi/4.7.1/../../../../arm-none-eabi/lib/thumb/libg.a(lib_a-sccl.o)
 .data          0x02022048        0x0 /home/hansung/ndsdev/devkitPro/devkitARM/bin/../lib/gcc/arm-none-eabi/4.7.1/../../../../arm-none-eabi/lib/thumb/libg.a(lib_a-s_fpclassify.o)
 .data          0x02022048        0x0 /home/hansung/ndsdev/devkitPro/devkitARM/bin/../lib/gcc/arm-none-eabi/4.7.1/../../../../arm-none-eabi/lib/thumb/libg.a(lib_a-strcasecmp.o)
 .data          0x02022048        0x0 /home/hansung/ndsdev/devkitPro/devkitARM/bin/../lib/gcc/arm-none-eabi/4.7.1/../../../../arm-none-eabi/lib/thumb/libg.a(lib_a-strchr.o)
 .data          0x02022048        0x0 /home/hansung/ndsdev/devkitPro/devkitARM/bin/../lib/gcc/arm-none-eabi/4.7.1/../../../../arm-none-eabi/lib/thumb/libg.a(lib_a-strcmp.o)
 .data          0x02022048        0x0 /home/hansung/ndsdev/devkitPro/devkitARM/bin/../lib/gcc/arm-none-eabi/4.7.1/../../../../arm-none-eabi/lib/thumb/libg.a(lib_a-strlcpy.o)
 .data          0x02022048        0x0 /home/hansung/ndsdev/devkitPro/devkitARM/bin/../lib/gcc/arm-none-eabi/4.7.1/../../../../arm-none-eabi/lib/thumb/libg.a(lib_a-strncasecmp.o)
 .data          0x02022048        0x0 /home/hansung/ndsdev/devkitPro/devkitARM/bin/../lib/gcc/arm-none-eabi/4.7.1/../../../../arm-none-eabi/lib/thumb/libg.a(lib_a-strncmp.o)
 .data          0x02022048        0x0 /home/hansung/ndsdev/devkitPro/devkitARM/bin/../lib/gcc/arm-none-eabi/4.7.1/../../../../arm-none-eabi/lib/thumb/libg.a(lib_a-strtoll_r.o)
 .data          0x02022048        0x0 /home/hansung/ndsdev/devkitPro/devkitARM/bin/../lib/gcc/arm-none-eabi/4.7.1/../../../../arm-none-eabi/lib/thumb/libg.a(lib_a-strtol.o)
 .data          0x02022048        0x0 /home/hansung/ndsdev/devkitPro/devkitARM/bin/../lib/gcc/arm-none-eabi/4.7.1/../../../../arm-none-eabi/lib/thumb/libg.a(lib_a-strtoull_r.o)
 .data          0x02022048        0x0 /home/hansung/ndsdev/devkitPro/devkitARM/bin/../lib/gcc/arm-none-eabi/4.7.1/../../../../arm-none-eabi/lib/thumb/libg.a(lib_a-strtoul.o)
 .data          0x02022048        0x0 /home/hansung/ndsdev/devkitPro/devkitARM/bin/../lib/gcc/arm-none-eabi/4.7.1/../../../../arm-none-eabi/lib/thumb/libg.a(lib_a-svfiprintf.o)
 .data          0x02022048        0x0 /home/hansung/ndsdev/devkitPro/devkitARM/bin/../lib/gcc/arm-none-eabi/4.7.1/../../../../arm-none-eabi/lib/thumb/libg.a(lib_a-wbuf.o)
 .data          0x02022048        0x0 /home/hansung/ndsdev/devkitPro/devkitARM/bin/../lib/gcc/arm-none-eabi/4.7.1/../../../../arm-none-eabi/lib/thumb/libg.a(lib_a-wcsnrtombs.o)
 .data          0x02022048        0x0 /home/hansung/ndsdev/devkitPro/devkitARM/bin/../lib/gcc/arm-none-eabi/4.7.1/../../../../arm-none-eabi/lib/thumb/libg.a(lib_a-callocr.o)
 .data          0x02022048        0x0 /home/hansung/ndsdev/devkitPro/devkitARM/bin/../lib/gcc/arm-none-eabi/4.7.1/../../../../arm-none-eabi/lib/thumb/libg.a(lib_a-fclose.o)
 .data          0x02022048        0x0 /home/hansung/ndsdev/devkitPro/devkitARM/bin/../lib/gcc/arm-none-eabi/4.7.1/../../../../arm-none-eabi/lib/thumb/libg.a(lib_a-getenv_r.o)
 .data          0x02022048        0x4 /home/hansung/ndsdev/devkitPro/devkitARM/bin/../lib/gcc/arm-none-eabi/4.7.1/../../../../arm-none-eabi/lib/thumb/libg.a(lib_a-environ.o)
                0x02022048                environ
 .data          0x0202204c        0x0 /home/hansung/ndsdev/devkitPro/devkitARM/bin/../lib/gcc/arm-none-eabi/4.7.1/../../../../arm-none-eabi/lib/thumb/libg.a(lib_a-envlock.o)
 .data          0x0202204c       0x44 /home/hansung/ndsdev/devkitPro/devkitARM/bin/../lib/gcc/arm-none-eabi/4.7.1/../../../../arm-none-eabi/lib/thumb/libsysbase.a(iosupport.o)
                0x02022050                devoptab_list
 .data          0x02022090        0x0 /home/hansung/ndsdev/devkitPro/devkitARM/bin/../lib/gcc/arm-none-eabi/4.7.1/../../../../arm-none-eabi/lib/thumb/libsysbase.a(close.o)
 .data          0x02022090        0x0 /home/hansung/ndsdev/devkitPro/devkitARM/bin/../lib/gcc/arm-none-eabi/4.7.1/../../../../arm-none-eabi/lib/thumb/libsysbase.a(fstat.o)
 .data          0x02022090        0x0 /home/hansung/ndsdev/devkitPro/devkitARM/bin/../lib/gcc/arm-none-eabi/4.7.1/../../../../arm-none-eabi/lib/thumb/libsysbase.a(isatty.o)
 .data          0x02022090        0x0 /home/hansung/ndsdev/devkitPro/devkitARM/bin/../lib/gcc/arm-none-eabi/4.7.1/../../../../arm-none-eabi/lib/thumb/libsysbase.a(lseek.o)
 .data          0x02022090        0x0 /home/hansung/ndsdev/devkitPro/devkitARM/bin/../lib/gcc/arm-none-eabi/4.7.1/../../../../arm-none-eabi/lib/thumb/libsysbase.a(read.o)
 .data          0x02022090        0x0 /home/hansung/ndsdev/devkitPro/devkitARM/bin/../lib/gcc/arm-none-eabi/4.7.1/../../../../arm-none-eabi/lib/thumb/libsysbase.a(sbrk.o)
 .data          0x02022090        0x0 /home/hansung/ndsdev/devkitPro/devkitARM/bin/../lib/gcc/arm-none-eabi/4.7.1/../../../../arm-none-eabi/lib/thumb/libsysbase.a(times.o)
 .data          0x02022090        0x0 /home/hansung/ndsdev/devkitPro/devkitARM/bin/../lib/gcc/arm-none-eabi/4.7.1/../../../../arm-none-eabi/lib/thumb/libsysbase.a(write.o)
 .data          0x02022090        0x0 /home/hansung/ndsdev/devkitPro/devkitARM/bin/../lib/gcc/arm-none-eabi/4.7.1/../../../../arm-none-eabi/lib/thumb/libsysbase.a(malloc_vars.o)
 .data          0x02022090        0x0 /home/hansung/ndsdev/devkitPro/devkitARM/bin/../lib/gcc/arm-none-eabi/4.7.1/../../../../arm-none-eabi/lib/thumb/libsysbase.a(build_argv.o)
 .data          0x02022090        0x0 /home/hansung/ndsdev/devkitPro/devkitARM/bin/../lib/gcc/arm-none-eabi/4.7.1/../../../../arm-none-eabi/lib/thumb/libsysbase.a(syscall_support.o)
 .data          0x02022090        0x0 /home/hansung/ndsdev/devkitPro/devkitARM/bin/../lib/gcc/arm-none-eabi/4.7.1/../../../../arm-none-eabi/lib/thumb/libsysbase.a(handle_manager.o)
 .data          0x02022090        0x0 /home/hansung/ndsdev/devkitPro/devkitARM/bin/../lib/gcc/arm-none-eabi/4.7.1/thumb/libgcc.a(_arm_addsubdf3.o)
 .data          0x02022090        0x0 /home/hansung/ndsdev/devkitPro/devkitARM/bin/../lib/gcc/arm-none-eabi/4.7.1/thumb/libgcc.a(_arm_muldivdf3.o)
 .data          0x02022090        0x0 /home/hansung/ndsdev/devkitPro/devkitARM/bin/../lib/gcc/arm-none-eabi/4.7.1/thumb/libgcc.a(_arm_cmpdf2.o)
 .data          0x02022090        0x0 /home/hansung/ndsdev/devkitPro/devkitARM/bin/../lib/gcc/arm-none-eabi/4.7.1/thumb/libgcc.a(_arm_fixdfsi.o)
 .data          0x02022090        0x0 /home/hansung/ndsdev/devkitPro/devkitARM/bin/../lib/gcc/arm-none-eabi/4.7.1/thumb/libgcc.a(_aeabi_uldivmod.o)
 .data          0x02022090        0x0 /home/hansung/ndsdev/devkitPro/devkitARM/bin/../lib/gcc/arm-none-eabi/4.7.1/thumb/libgcc.a(bpabi.o)
 .data          0x02022090        0x0 /home/hansung/ndsdev/devkitPro/devkitARM/bin/../lib/gcc/arm-none-eabi/4.7.1/thumb/libgcc.a(_divdi3.o)
 .data          0x02022090        0x0 /home/hansung/ndsdev/devkitPro/devkitARM/bin/../lib/gcc/arm-none-eabi/4.7.1/thumb/libgcc.a(_udivdi3.o)
 .data          0x02022090        0x0 /home/hansung/ndsdev/devkitPro/devkitARM/bin/../lib/gcc/arm-none-eabi/4.7.1/thumb/libgcc.a(_clzsi2.o)
 .data          0x02022090        0x0 /home/hansung/ndsdev/devkitPro/devkitARM/bin/../lib/gcc/arm-none-eabi/4.7.1/../../../../arm-none-eabi/lib/thumb/libg.a(lib_a-errno.o)
 .data          0x02022090        0x0 /home/hansung/ndsdev/devkitPro/devkitARM/bin/../lib/gcc/arm-none-eabi/4.7.1/thumb/crtend.o
 .data          0x02022090        0x0 /home/hansung/ndsdev/devkitPro/devkitARM/bin/../lib/gcc/arm-none-eabi/4.7.1/thumb/crtn.o
 *(.data.*)
 *(.gnu.linkonce.d*)
                0x02022090                . = ALIGN (0x4)
                0x02022090                __data_end = ABSOLUTE (.)
                0x02022090                __dtcm_lma = .
                0x02022090                __bss_vma = .

.igot.plt       0x02022090        0x0
 .igot.plt      0x00000000        0x0 /home/hansung/ndsdev/devkitPro/devkitARM/bin/../lib/gcc/arm-none-eabi/4.7.1/../../../../arm-none-eabi/lib/thumb/ds_arm9_crt0.o

.tm_clone_table
                0x02022090        0x0
 .tm_clone_table
                0x02022090        0x0 /home/hansung/ndsdev/devkitPro/devkitARM/bin/../lib/gcc/arm-none-eabi/4.7.1/thumb/crtbegin.o
 .tm_clone_table
                0x02022090        0x0 /home/hansung/ndsdev/devkitPro/devkitARM/bin/../lib/gcc/arm-none-eabi/4.7.1/thumb/crtend.o

.dtcm           0x0b000000        0x0 load address 0x02022090
 *(.dtcm)
 *(.dtcm.*)
                0x0b000000                . = ALIGN (0x4)
                0x0b000000                __dtcm_end = ABSOLUTE (.)
                0x02022090                __itcm_lma = (__dtcm_lma + SIZEOF (.dtcm))

.itcm           0x01000100      0x194 load address 0x02022090
 *(.itcm)
 .itcm          0x01000100       0xc8 /home/hansung/ndsdev/devkitPro/libnds/lib/libnds9.a(interrupts.o)
                0x01000100                irqTable
 .itcm          0x010001c8       0xcc /home/hansung/ndsdev/devkitPro/libnds/lib/libnds9.a(interruptDispatcher.o)
                0x010001c8                IntrMain
 *itcm.*(.text)
                0x01000294                . = ALIGN (0x4)
                0x01000294                __itcm_end = ABSOLUTE (.)
                0x02022224                __vectors_lma = (__itcm_lma + SIZEOF (.itcm))

.vectors        0x01000000        0x0 load address 0x02022224
 *(.vectors)
 *vectors.*(.text)
                0x01000000                . = ALIGN (0x4)
                0x01000000                __vectors_end = ABSOLUTE (.)

.sbss           0x0b000000        0x0
                0x0b000000                __sbss_start = ABSOLUTE (.)
                0x0b000000                __sbss_start__ = ABSOLUTE (.)
 *(.sbss)
                0x0b000000                . = ALIGN (0x4)
                0x0b000000                __sbss_end = ABSOLUTE (.)

.bss            0x02022090     0x4660
                0x02022090                __bss_start = ABSOLUTE (.)
                0x02022090                __bss_start__ = ABSOLUTE (.)
 *(.dynbss)
 *(.gnu.linkonce.b*)
 *(.bss*)
 .bss           0x02022090        0x0 /home/hansung/ndsdev/devkitPro/devkitARM/bin/../lib/gcc/arm-none-eabi/4.7.1/../../../../arm-none-eabi/lib/thumb/ds_arm9_crt0.o
 .bss           0x02022090        0x0 /home/hansung/ndsdev/devkitPro/devkitARM/bin/../lib/gcc/arm-none-eabi/4.7.1/thumb/crti.o
 .bss           0x02022090       0x1c /home/hansung/ndsdev/devkitPro/devkitARM/bin/../lib/gcc/arm-none-eabi/4.7.1/thumb/crtbegin.o
 .bss           0x020220ac        0x0 down.o
 .bss           0x020220ac        0x0 up.o
 .bss           0x020220ac       0x80 croutine.o
                0x02022118                pxCurrentCoRoutine
 .bss           0x0202212c        0x0 list.o
 .bss           0x0202212c        0x0 queue.o
 .bss           0x0202212c     0x14cc tasks.o
                0x0202212c                pxCurrentTCB
 .bss           0x020235f8        0x8 card_spi.o
 .bss           0x02023600     0x1050 gdbStub.o
                0x02024600                regMem
 .bss           0x02024650        0x0 heap_3.o
 .bss           0x02024650        0x0 port.o
 .bss           0x02024650        0x0 portISR.o
 .bss           0x02024650       0x70 sevencore_io.o
 .bss           0x020246c0        0x4 main.o
                0x020246c0                xSemaphore
 .bss           0x020246c4        0x0 gdbStubAsm.o
 .bss           0x020246c4        0x0 port_asm.o
 .bss           0x020246c4        0x0 /home/hansung/ndsdev/devkitPro/libnds/lib/libnds9.a(background.o)
 .bss           0x020246c4        0x0 /home/hansung/ndsdev/devkitPro/libnds/lib/libnds9.a(console.o)
 .bss           0x020246c4        0x0 /home/hansung/ndsdev/devkitPro/libnds/lib/libnds9.a(decompress.o)
 .bss           0x020246c4        0x0 /home/hansung/ndsdev/devkitPro/libnds/lib/libnds9.a(exceptions.o)
 .bss           0x020246c4        0x6 /home/hansung/ndsdev/devkitPro/libnds/lib/libnds9.a(keys.o)
 .bss           0x020246ca        0x0 /home/hansung/ndsdev/devkitPro/libnds/lib/libnds9.a(sassert.o)
 .bss           0x020246ca        0x0 /home/hansung/ndsdev/devkitPro/libnds/lib/libnds9.a(touch.o)
 .bss           0x020246ca        0x0 /home/hansung/ndsdev/devkitPro/libnds/lib/libnds9.a(trig.o)
 *fill*         0x020246ca        0x2 00
 .bss           0x020246cc        0x8 /home/hansung/ndsdev/devkitPro/libnds/lib/libnds9.a(videoGL.o)
 .bss           0x020246d4        0x0 /home/hansung/ndsdev/devkitPro/libnds/lib/libnds9.a(initSystem.o)
 .bss           0x020246d4        0x8 /home/hansung/ndsdev/devkitPro/libnds/lib/libnds9.a(fifosystem.o)
                0x020246d8                processing
 .bss           0x020246dc        0x0 /home/hansung/ndsdev/devkitPro/libnds/lib/libnds9.a(interrupts.o)
 .bss           0x020246dc        0x0 /home/hansung/ndsdev/devkitPro/libnds/lib/libnds9.a(libnds_exit.arm.o)
 .bss           0x020246dc        0x0 /home/hansung/ndsdev/devkitPro/libnds/lib/libnds9.a(syscalls.o)
 .bss           0x020246dc        0x0 /home/hansung/ndsdev/devkitPro/libnds/lib/libnds9.a(exceptionHandler.o)
 .bss           0x020246dc        0x0 /home/hansung/ndsdev/devkitPro/libnds/lib/libnds9.a(mpu_setup.o)
 .bss           0x020246dc        0x0 /home/hansung/ndsdev/devkitPro/libnds/lib/libnds9.a(biosCalls.o)
 .bss           0x020246dc        0x0 /home/hansung/ndsdev/devkitPro/libnds/lib/libnds9.a(debugprint.o)
 .bss           0x020246dc        0x0 /home/hansung/ndsdev/devkitPro/libnds/lib/libnds9.a(interruptDispatcher.o)
 .bss           0x020246dc        0x0 /home/hansung/ndsdev/devkitPro/libnds/lib/libnds9.a(swiSoftReset.o)
 .bss           0x020246dc        0x0 /home/hansung/ndsdev/devkitPro/libnds/lib/libnds9.a(default_font.bin.o)
 .bss           0x020246dc        0x0 /home/hansung/ndsdev/devkitPro/libnds/lib/libnds9.a(dynamicArray.o)
 .bss           0x020246dc        0x4 /home/hansung/ndsdev/devkitPro/libnds/lib/libnds9.a(system.o)
 .bss           0x020246e0        0x0 /home/hansung/ndsdev/devkitPro/libnds/lib/libnds9.a(video.o)
 .bss           0x020246e0        0x0 /home/hansung/ndsdev/devkitPro/devkitARM/bin/../lib/gcc/arm-none-eabi/4.7.1/thumb/libgcc.a(_udivsi3.o)
 .bss           0x020246e0        0x0 /home/hansung/ndsdev/devkitPro/devkitARM/bin/../lib/gcc/arm-none-eabi/4.7.1/thumb/libgcc.a(_divsi3.o)
 .bss           0x020246e0        0x0 /home/hansung/ndsdev/devkitPro/devkitARM/bin/../lib/gcc/arm-none-eabi/4.7.1/thumb/libgcc.a(_dvmd_tls.o)
 .bss           0x020246e0        0x0 /home/hansung/ndsdev/devkitPro/devkitARM/bin/../lib/gcc/arm-none-eabi/4.7.1/thumb/libgcc.a(_muldi3.o)
 .bss           0x020246e0        0x0 /home/hansung/ndsdev/devkitPro/devkitARM/bin/../lib/gcc/arm-none-eabi/4.7.1/../../../../arm-none-eabi/lib/thumb/libg.a(lib_a-bsearch.o)
 .bss           0x020246e0        0x0 /home/hansung/ndsdev/devkitPro/devkitARM/bin/../lib/gcc/arm-none-eabi/4.7.1/../../../../arm-none-eabi/lib/thumb/libg.a(lib_a-impure.o)
 .bss           0x020246e0        0x0 /home/hansung/ndsdev/devkitPro/devkitARM/bin/../lib/gcc/arm-none-eabi/4.7.1/../../../../arm-none-eabi/lib/thumb/libg.a(lib_a-init.o)
 .bss           0x020246e0        0x0 /home/hansung/ndsdev/devkitPro/devkitARM/bin/../lib/gcc/arm-none-eabi/4.7.1/../../../../arm-none-eabi/lib/thumb/libg.a(lib_a-iprintf.o)
 .bss           0x020246e0        0x0 /home/hansung/ndsdev/devkitPro/devkitARM/bin/../lib/gcc/arm-none-eabi/4.7.1/../../../../arm-none-eabi/lib/thumb/libg.a(lib_a-malloc.o)
 .bss           0x020246e0       0x34 /home/hansung/ndsdev/devkitPro/devkitARM/bin/../lib/gcc/arm-none-eabi/4.7.1/../../../../arm-none-eabi/lib/thumb/libg.a(lib_a-mallocr.o)
                0x020246e0                __malloc_top_pad
                0x020246e4                __malloc_current_mallinfo
                0x0202470c                __malloc_max_sbrked_mem
                0x02024710                __malloc_max_total_mem
 .bss           0x02024714        0x0 /home/hansung/ndsdev/devkitPro/devkitARM/bin/../lib/gcc/arm-none-eabi/4.7.1/../../../../arm-none-eabi/lib/thumb/libg.a(lib_a-memcpy-stub.o)
 .bss           0x02024714        0x0 /home/hansung/ndsdev/devkitPro/devkitARM/bin/../lib/gcc/arm-none-eabi/4.7.1/../../../../arm-none-eabi/lib/thumb/libg.a(lib_a-memset.o)
 .bss           0x02024714        0x0 /home/hansung/ndsdev/devkitPro/devkitARM/bin/../lib/gcc/arm-none-eabi/4.7.1/../../../../arm-none-eabi/lib/thumb/libg.a(lib_a-mlock.o)
 .bss           0x02024714        0x0 /home/hansung/ndsdev/devkitPro/devkitARM/bin/../lib/gcc/arm-none-eabi/4.7.1/../../../../arm-none-eabi/lib/thumb/libg.a(lib_a-realloc.o)
 .bss           0x02024714        0x0 /home/hansung/ndsdev/devkitPro/devkitARM/bin/../lib/gcc/arm-none-eabi/4.7.1/../../../../arm-none-eabi/lib/thumb/libg.a(lib_a-reallocr.o)
 .bss           0x02024714        0x0 /home/hansung/ndsdev/devkitPro/devkitARM/bin/../lib/gcc/arm-none-eabi/4.7.1/../../../../arm-none-eabi/lib/thumb/libg.a(lib_a-setvbuf.o)
 .bss           0x02024714        0x0 /home/hansung/ndsdev/devkitPro/devkitARM/bin/../lib/gcc/arm-none-eabi/4.7.1/../../../../arm-none-eabi/lib/thumb/libg.a(lib_a-siscanf.o)
 .bss           0x02024714        0x0 /home/hansung/ndsdev/devkitPro/devkitARM/bin/../lib/gcc/arm-none-eabi/4.7.1/../../../../arm-none-eabi/lib/thumb/libg.a(lib_a-sprintf.o)
 .bss           0x02024714        0x0 /home/hansung/ndsdev/devkitPro/devkitARM/bin/../lib/gcc/arm-none-eabi/4.7.1/../../../../arm-none-eabi/lib/thumb/libg.a(lib_a-stdio.o)
 .bss           0x02024714        0x0 /home/hansung/ndsdev/devkitPro/devkitARM/bin/../lib/gcc/arm-none-eabi/4.7.1/../../../../arm-none-eabi/lib/thumb/libg.a(lib_a-strcat.o)
 .bss           0x02024714        0x0 /home/hansung/ndsdev/devkitPro/devkitARM/bin/../lib/gcc/arm-none-eabi/4.7.1/../../../../arm-none-eabi/lib/thumb/libg.a(lib_a-strcpy.o)
 .bss           0x02024714        0x0 /home/hansung/ndsdev/devkitPro/devkitARM/bin/../lib/gcc/arm-none-eabi/4.7.1/../../../../arm-none-eabi/lib/thumb/libg.a(lib_a-strlen.o)
 .bss           0x02024714        0x0 /home/hansung/ndsdev/devkitPro/devkitARM/bin/../lib/gcc/arm-none-eabi/4.7.1/../../../../arm-none-eabi/lib/thumb/libg.a(lib_a-strncpy.o)
 .bss           0x02024714        0x0 /home/hansung/ndsdev/devkitPro/devkitARM/bin/../lib/gcc/arm-none-eabi/4.7.1/../../../../arm-none-eabi/lib/thumb/libg.a(lib_a-svfiscanf.o)
 .bss           0x02024714        0x0 /home/hansung/ndsdev/devkitPro/devkitARM/bin/../lib/gcc/arm-none-eabi/4.7.1/../../../../arm-none-eabi/lib/thumb/libg.a(lib_a-svfprintf.o)
 .bss           0x02024714        0x0 /home/hansung/ndsdev/devkitPro/devkitARM/bin/../lib/gcc/arm-none-eabi/4.7.1/../../../../arm-none-eabi/lib/thumb/libg.a(lib_a-ungetc.o)
 .bss           0x02024714        0x0 /home/hansung/ndsdev/devkitPro/devkitARM/bin/../lib/gcc/arm-none-eabi/4.7.1/../../../../arm-none-eabi/lib/thumb/libg.a(lib_a-vfiprintf.o)
 .bss           0x02024714        0x0 /home/hansung/ndsdev/devkitPro/devkitARM/bin/../lib/gcc/arm-none-eabi/4.7.1/../../../../arm-none-eabi/lib/thumb/libg.a(lib_a-wcrtomb.o)
 .bss           0x02024714        0x0 /home/hansung/ndsdev/devkitPro/devkitARM/bin/../lib/gcc/arm-none-eabi/4.7.1/../../../../arm-none-eabi/lib/thumb/libg.a(lib_a-wcsrtombs.o)
 .bss           0x02024714        0x0 /home/hansung/ndsdev/devkitPro/devkitARM/bin/../lib/gcc/arm-none-eabi/4.7.1/../../../../arm-none-eabi/lib/thumb/libg.a(lib_a-wctomb_r.o)
 .bss           0x02024714        0x0 /home/hansung/ndsdev/devkitPro/devkitARM/bin/../lib/gcc/arm-none-eabi/4.7.1/../../../../arm-none-eabi/lib/thumb/libg.a(lib_a-wsetup.o)
 .bss           0x02024714        0x0 /home/hansung/ndsdev/devkitPro/devkitARM/bin/../lib/gcc/arm-none-eabi/4.7.1/../../../../arm-none-eabi/lib/thumb/libg.a(lib_a-ctype_.o)
 .bss           0x02024714        0x0 /home/hansung/ndsdev/devkitPro/devkitARM/bin/../lib/gcc/arm-none-eabi/4.7.1/../../../../arm-none-eabi/lib/thumb/libg.a(lib_a-dtoa.o)
 .bss           0x02024714        0x0 /home/hansung/ndsdev/devkitPro/devkitARM/bin/../lib/gcc/arm-none-eabi/4.7.1/../../../../arm-none-eabi/lib/thumb/libg.a(lib_a-fflush.o)
 .bss           0x02024714        0x0 /home/hansung/ndsdev/devkitPro/devkitARM/bin/../lib/gcc/arm-none-eabi/4.7.1/../../../../arm-none-eabi/lib/thumb/libg.a(lib_a-findfp.o)
 .bss           0x02024714        0x0 /home/hansung/ndsdev/devkitPro/devkitARM/bin/../lib/gcc/arm-none-eabi/4.7.1/../../../../arm-none-eabi/lib/thumb/libg.a(lib_a-fputwc.o)
 .bss           0x02024714        0x0 /home/hansung/ndsdev/devkitPro/devkitARM/bin/../lib/gcc/arm-none-eabi/4.7.1/../../../../arm-none-eabi/lib/thumb/libg.a(lib_a-freer.o)
 .bss           0x02024714        0x0 /home/hansung/ndsdev/devkitPro/devkitARM/bin/../lib/gcc/arm-none-eabi/4.7.1/../../../../arm-none-eabi/lib/thumb/libg.a(lib_a-fvwrite.o)
 .bss           0x02024714        0x0 /home/hansung/ndsdev/devkitPro/devkitARM/bin/../lib/gcc/arm-none-eabi/4.7.1/../../../../arm-none-eabi/lib/thumb/libg.a(lib_a-fwalk.o)
 .bss           0x02024714        0x0 /home/hansung/ndsdev/devkitPro/devkitARM/bin/../lib/gcc/arm-none-eabi/4.7.1/../../../../arm-none-eabi/lib/thumb/libg.a(lib_a-iswspace.o)
 .bss           0x02024714        0x0 /home/hansung/ndsdev/devkitPro/devkitARM/bin/../lib/gcc/arm-none-eabi/4.7.1/../../../../arm-none-eabi/lib/thumb/libg.a(lib_a-jp2uc.o)
 .bss           0x02024714      0x2b8 /home/hansung/ndsdev/devkitPro/devkitARM/bin/../lib/gcc/arm-none-eabi/4.7.1/../../../../arm-none-eabi/lib/thumb/libg.a(lib_a-locale.o)
                0x020249c0                _PathLocale
                0x020249c4                __mlocale_changed
                0x020249c8                __nlocale_changed
 .bss           0x020249cc        0x0 /home/hansung/ndsdev/devkitPro/devkitARM/bin/../lib/gcc/arm-none-eabi/4.7.1/../../../../arm-none-eabi/lib/thumb/libg.a(lib_a-makebuf.o)
 .bss           0x020249cc        0x0 /home/hansung/ndsdev/devkitPro/devkitARM/bin/../lib/gcc/arm-none-eabi/4.7.1/../../../../arm-none-eabi/lib/thumb/libg.a(lib_a-mbrtowc.o)
 .bss           0x020249cc        0x0 /home/hansung/ndsdev/devkitPro/devkitARM/bin/../lib/gcc/arm-none-eabi/4.7.1/../../../../arm-none-eabi/lib/thumb/libg.a(lib_a-mbtowc_r.o)
 .bss           0x020249cc        0x0 /home/hansung/ndsdev/devkitPro/devkitARM/bin/../lib/gcc/arm-none-eabi/4.7.1/../../../../arm-none-eabi/lib/thumb/libg.a(lib_a-memchr-stub.o)
 .bss           0x020249cc        0x0 /home/hansung/ndsdev/devkitPro/devkitARM/bin/../lib/gcc/arm-none-eabi/4.7.1/../../../../arm-none-eabi/lib/thumb/libg.a(lib_a-memmove.o)
 .bss           0x020249cc        0x0 /home/hansung/ndsdev/devkitPro/devkitARM/bin/../lib/gcc/arm-none-eabi/4.7.1/../../../../arm-none-eabi/lib/thumb/libg.a(lib_a-mprec.o)
 .bss           0x020249cc        0x0 /home/hansung/ndsdev/devkitPro/devkitARM/bin/../lib/gcc/arm-none-eabi/4.7.1/../../../../arm-none-eabi/lib/thumb/libg.a(lib_a-sccl.o)
 .bss           0x020249cc        0x0 /home/hansung/ndsdev/devkitPro/devkitARM/bin/../lib/gcc/arm-none-eabi/4.7.1/../../../../arm-none-eabi/lib/thumb/libg.a(lib_a-s_fpclassify.o)
 .bss           0x020249cc        0x0 /home/hansung/ndsdev/devkitPro/devkitARM/bin/../lib/gcc/arm-none-eabi/4.7.1/../../../../arm-none-eabi/lib/thumb/libg.a(lib_a-strcasecmp.o)
 .bss           0x020249cc        0x0 /home/hansung/ndsdev/devkitPro/devkitARM/bin/../lib/gcc/arm-none-eabi/4.7.1/../../../../arm-none-eabi/lib/thumb/libg.a(lib_a-strchr.o)
 .bss           0x020249cc        0x0 /home/hansung/ndsdev/devkitPro/devkitARM/bin/../lib/gcc/arm-none-eabi/4.7.1/../../../../arm-none-eabi/lib/thumb/libg.a(lib_a-strcmp.o)
 .bss           0x020249cc        0x0 /home/hansung/ndsdev/devkitPro/devkitARM/bin/../lib/gcc/arm-none-eabi/4.7.1/../../../../arm-none-eabi/lib/thumb/libg.a(lib_a-strlcpy.o)