Archive member included because of file (symbol)

c:/ndsdev/devkitPro/libnds/lib\libdswifi9.a(sgIP_DNS.o)
                              wifi.o (inet_addr)
c:/ndsdev/devkitPro/libnds/lib\libdswifi9.a(sgIP_Hub.o)
                              c:/ndsdev/devkitPro/libnds/lib\libdswifi9.a(sgIP_DNS.o) (sgIP_Hub_GetDefaultInterface)
c:/ndsdev/devkitPro/libnds/lib\libdswifi9.a(sgIP_memblock.o)
                              c:/ndsdev/devkitPro/libnds/lib\libdswifi9.a(sgIP_Hub.o) (sgIP_memblock_free)
c:/ndsdev/devkitPro/libnds/lib\libdswifi9.a(sgIP_sockets.o)
                              wifi.o (socket)
c:/ndsdev/devkitPro/libnds/lib\libdswifi9.a(wifi_arm9.o)
                              c:/ndsdev/devkitPro/libnds/lib\libdswifi9.a(sgIP_DNS.o) (sgIP_IntrWaitEvent)
c:/ndsdev/devkitPro/libnds/lib\libdswifi9.a(spinlock.o)
                              c:/ndsdev/devkitPro/libnds/lib\libdswifi9.a(wifi_arm9.o) (SLasm_Acquire)
c:/ndsdev/devkitPro/libnds/lib\libdswifi9.a(sgIP.o)
                              c:/ndsdev/devkitPro/libnds/lib\libdswifi9.a(wifi_arm9.o) (sgIP_Init)
c:/ndsdev/devkitPro/libnds/lib\libdswifi9.a(sgIP_ARP.o)
                              c:/ndsdev/devkitPro/libnds/lib\libdswifi9.a(sgIP.o) (sgIP_ARP_Init)
c:/ndsdev/devkitPro/libnds/lib\libdswifi9.a(sgIP_DHCP.o)
                              c:/ndsdev/devkitPro/libnds/lib\libdswifi9.a(sgIP.o) (sgIP_DHCP_Init)
c:/ndsdev/devkitPro/libnds/lib\libdswifi9.a(sgIP_IP.o)
                              c:/ndsdev/devkitPro/libnds/lib\libdswifi9.a(sgIP.o) (sgIP_IP_ReceivePacket)
c:/ndsdev/devkitPro/libnds/lib\libdswifi9.a(sgIP_TCP.o)
                              c:/ndsdev/devkitPro/libnds/lib\libdswifi9.a(sgIP.o) (sgIP_TCP_Init)
c:/ndsdev/devkitPro/libnds/lib\libdswifi9.a(sgIP_UDP.o)
                              c:/ndsdev/devkitPro/libnds/lib\libdswifi9.a(sgIP.o) (sgIP_UDP_Init)
c:/ndsdev/devkitPro/libnds/lib\libdswifi9.a(sgIP_ICMP.o)
                              c:/ndsdev/devkitPro/libnds/lib\libdswifi9.a(sgIP_IP.o) (sgIP_ICMP_ReceivePacket)
c:/ndsdev/devkitPro/libnds/lib\libfat.a(libfat.o)
                              main.o (fatInitDefault)
c:/ndsdev/devkitPro/libnds/lib\libfat.a(partition.o)
                              c:/ndsdev/devkitPro/libnds/lib\libfat.a(libfat.o) (_FAT_partition_constructor)
c:/ndsdev/devkitPro/libnds/lib\libfat.a(cache.o)
                              c:/ndsdev/devkitPro/libnds/lib\libfat.a(partition.o) (_FAT_cache_constructor)
c:/ndsdev/devkitPro/libnds/lib\libfat.a(directory.o)
                              c:/ndsdev/devkitPro/libnds/lib\libfat.a(libfat.o) (_FAT_directory_getVolumeLabel)
c:/ndsdev/devkitPro/libnds/lib\libfat.a(disc.o)
                              c:/ndsdev/devkitPro/libnds/lib\libfat.a(libfat.o) (_FAT_disc_interfaces)
c:/ndsdev/devkitPro/libnds/lib\libfat.a(fatdir.o)
                              c:/ndsdev/devkitPro/libnds/lib\libfat.a(libfat.o) (_FAT_stat_r)
c:/ndsdev/devkitPro/libnds/lib\libfat.a(fatfile.o)
                              c:/ndsdev/devkitPro/libnds/lib\libfat.a(libfat.o) (_FAT_open_r)
c:/ndsdev/devkitPro/libnds/lib\libfat.a(file_allocation_table.o)
                              c:/ndsdev/devkitPro/libnds/lib\libfat.a(directory.o) (_FAT_fat_nextCluster)
c:/ndsdev/devkitPro/libnds/lib\libfat.a(filetime.o)
                              c:/ndsdev/devkitPro/libnds/lib\libfat.a(fatdir.o) (_FAT_filetime_getTimeFromRTC)
c:/ndsdev/devkitPro/libnds/lib\libfat.a(lock.o)
                              c:/ndsdev/devkitPro/libnds/lib\libfat.a(partition.o) (_FAT_lock_init)
c:/ndsdev/devkitPro/libnds/lib\libnds9.a(console.o)
                              main.o (consoleDemoInit)
c:/ndsdev/devkitPro/libnds/lib\libnds9.a(dldi.o)
                              c:/ndsdev/devkitPro/libnds/lib\libfat.a(disc.o) (dldiGetInternal)
c:/ndsdev/devkitPro/libnds/lib\libnds9.a(dsi_sd.o)
                              c:/ndsdev/devkitPro/libnds/lib\libfat.a(disc.o) (__io_dsisd)
c:/ndsdev/devkitPro/libnds/lib\libnds9.a(initSystem.o)
                              c:/ndsdev/devkitpro/devkitarm/bin/../lib/gcc/arm-eabi/4.6.0/../../../../arm-eabi/lib/thumb/ds_arm9_crt0.o (initSystem)
c:/ndsdev/devkitPro/libnds/lib\libnds9.a(fifosystem.o)
                              c:/ndsdev/devkitPro/libnds/lib\libdswifi9.a(wifi_arm9.o) (fifoSendAddress)
c:/ndsdev/devkitPro/libnds/lib\libnds9.a(interrupts.o)
                              c:/ndsdev/devkitPro/libnds/lib\libdswifi9.a(wifi_arm9.o) (irqSet)
c:/ndsdev/devkitPro/libnds/lib\libnds9.a(libnds_exit.o)
                              c:/ndsdev/devkitpro/devkitarm/bin/../lib/gcc/arm-eabi/4.6.0/../../../../arm-eabi/lib/thumb/ds_arm9_crt0.o (__libnds_exit)
c:/ndsdev/devkitPro/libnds/lib\libnds9.a(dcache.o)
                              c:/ndsdev/devkitPro/libnds/lib\libdswifi9.a(wifi_arm9.o) (DC_FlushAll)
c:/ndsdev/devkitPro/libnds/lib\libnds9.a(dldi_stub.o)
[...]
Memory Configuration

Name             Origin             Length             Attributes
rom              0x08000000         0x02000000
ewram            0x02000000         0x003ff000
dtcm             0x0b000000         0x00004000
vectors          0x01000000         0x00000100
itcm             0x01000100         0x00007f00
*default*        0x00000000         0xffffffff

Linker script and memory map

                0x01000000                __vectors_start = ORIGIN (vectors)
                0x01000100                __itcm_start = ORIGIN (itcm)
                0x023ff000                __ewram_end = (ORIGIN (ewram) + 0x3ff000)
                0x023ff000                __eheap_end = (ORIGIN (ewram) + 0x3ff000)
                0x0b000000                __dtcm_start = ORIGIN (dtcm)
                0x0b004000                __dtcm_top = (ORIGIN (dtcm) + 0x4000)
                0x0b003ff8                __irq_flags = (__dtcm_top - 0x8)
                0x0b003ffc                __irq_vector = (__dtcm_top - 0x4)
                0x0b003f00                __sp_svc = (__dtcm_top - 0x100)
                0x0b003e00                __sp_irq = (__sp_svc - 0x100)
                0x0b003d00                __sp_usr = (__sp_irq - 0x100)

.init           0x02000000      0x23c
                0x02000000                __text_start = .
 *(.init)
 .init          0x02000000      0x230 c:/ndsdev/devkitpro/devkitarm/bin/../lib/gcc/arm-eabi/4.6.0/../../../../arm-eabi/lib/thumb/ds_arm9_crt0.o
                0x02000000                _start
 .init          0x02000230        0x4 c:/ndsdev/devkitpro/devkitarm/bin/../lib/gcc/arm-eabi/4.6.0/thumb/crti.o
                0x02000230                _init
 .init          0x02000234        0x8 c:/ndsdev/devkitpro/devkitarm/bin/../lib/gcc/arm-eabi/4.6.0/thumb/crtn.o
                0x0200023c                . = ALIGN (0x4)

.plt
 *(.plt)

.text           0x02000240    0x27f90
 *(EXCLUDE_FILE(*.itcm*) .text)
 .text          0x02000240        0x0 c:/ndsdev/devkitpro/devkitarm/bin/../lib/gcc/arm-eabi/4.6.0/../../../../arm-eabi/lib/thumb/ds_arm9_crt0.o
 .text          0x02000240        0x0 c:/ndsdev/devkitpro/devkitarm/bin/../lib/gcc/arm-eabi/4.6.0/thumb/crti.o
 .text          0x02000240       0x6c c:/ndsdev/devkitpro/devkitarm/bin/../lib/gcc/arm-eabi/4.6.0/thumb/crtbegin.o
 .text          0x020002ac      0x630 download.o
                0x02000388                download
 .text          0x020008dc       0x30 main.o
                0x020008dc                check_abort
                0x020008e0                confirm_error
                0x020008f0                channel_name
 .text          0x0200090c       0x84 serial.o
                0x02000954                serial_init
 .text          0x02000990       0x84 usb.o
                0x020009d8                usb_init
 .text          0x02000a14      0x498 wifi.o
                0x02000bfc                wifi_init
 *fill*         0x02000eac        0x4 ff
 .text          0x02000eb0       0x50 jump.o
                0x02000eb0                _copy_bin_and_jump
 .text          0x02000f00      0xa68 c:/ndsdev/devkitPro/libnds/lib\libdswifi9.a(sgIP_DNS.o)
                0x02000fa4                sgIP_DNS_Init
                0x02000fdc                sgIP_DNS_Timer1000ms
                0x02001028                sgIP_DNS_isipaddress
                0x02001248                sgIP_DNS_FindDNSRecord
                0x02001374                sgIP_DNS_GetUnusedRecord
                0x020013fc                sgIP_DNS_GenerateHostent
                0x020014c0                sgIP_DNS_CopyAliasAt
                0x02001524                sgIP_DNS_gethostbyname
                0x0200191c                inet_addr
                0x02001938                inet_aton
                0x02001958                inet_ntoa
 .text          0x02001968      0x1f0 c:/ndsdev/devkitPro/libnds/lib\libdswifi9.a(sgIP_Hub.o)
                0x02001968                sgIP_Hub_Init
                0x0200197c                sgIP_Hub_AddProtocolInterface
                0x020019bc                sgIP_Hub_AddHardwareInterface
                0x020019f8                sgIP_Hub_RemoveProtocolInterface
                0x02001a18                sgIP_Hub_RemoveHardwareInterface
                0x02001a38                sgIP_Hub_ReceiveHardwarePacket
                0x02001a94                sgIP_Hub_SendProtocolPacket
                0x02001ae0                sgIP_Hub_SendRawPacket
                0x02001b08                sgIP_Hub_IPMaxMessageSize
                0x02001b10                sgIP_Hub_GetCompatibleIP
                0x02001b24                sgIP_Hub_GetDefaultInterface
                0x02001b34                htons
                0x02001b40                htonl
 .text          0x02001b58      0x2ac c:/ndsdev/devkitPro/libnds/lib\libdswifi9.a(sgIP_memblock.o)
                0x02001b58                sgIP_memblock_Init
                0x02001b5c                sgIP_memblock_allocHW
                0x02001b80                sgIP_memblock_alloc
                0x02001b8c                sgIP_memblock_free
                0x02001bb8                sgIP_memblock_exposeheader
                0x02001be0                sgIP_memblock_trimsize
                0x02001c18                sgIP_memblock_IPChecksum
                0x02001d10                sgIP_memblock_CopyToLinear
                0x02001d88                sgIP_memblock_CopyFromLinear
                0x02001e00                sgIP_memblock_CopyBlock
 .text          0x02001e04      0xd94 c:/ndsdev/devkitPro/libnds/lib\libdswifi9.a(sgIP_sockets.o)
                0x02001e04                sgIP_sockets_Init
                0x02001e20                spawn_socket
                0x02001e74                kill_socket
                0x02001eac                socket
                0x02001f3c                forceclosesocket
                0x02001f94                sgIP_sockets_Timer1000ms
                0x02001ffc                bind
                0x0200207c                connect
                0x02002184                send
                0x02002240                recv
                0x020022fc                sendto
                0x02002390                recvfrom
                0x0200248c                listen
                0x020024f8                accept
                0x020025f4                shutdown
                0x02002654                closesocket
                0x020026e0                ioctl
                0x02002790                setsockopt
                0x02002794                getsockopt
                0x02002798                getpeername
                0x0200283c                getsockname
                0x020028e8                gethostbyname
                0x020028f0                select
 .text          0x02002b98     0x12b0 c:/ndsdev/devkitPro/libnds/lib\libdswifi9.a(wifi_arm9.o)
                0x02002b98                Wifi_Interface_Init
                0x02002be0                arm9_synctoarm7
                0x02002bec                sgIP_IntrWaitEvent
                0x02002bf0                wHeapAllocInit
                0x02002c18                wHeapAlloc
                0x02002cd4                wHeapFree
                0x02002cf4                sgIP_malloc
                0x02002cfc                sgIP_free
                0x02002d1c                ethhdr_print
                0x02002d20                erasemem
                0x02002d34                Wifi_CopyMacAddr
                0x02002d44                Wifi_CmpMacAddr
                0x02002d68                Wifi_TxBufferWordsAvailable
                0x02002d8c                Wifi_TxBufferWrite
                0x02002df4                Wifi_TransmitFunction
                0x02003008                Wifi_RxRawReadPacket
                0x02003074                Wifi_RxReadOffset
                0x020030a0                Wifi_RawTxFrame
                0x02003170                Wifi_RawSetPacketHandler
                0x0200317c                Wifi_SetSyncHandler
                0x02003188                Wifi_DisableWifi
                0x020031a0                Wifi_EnableWifi
                0x020031b4                Wifi_SetPromiscuousMode
                0x020031e0                Wifi_ScanMode
                0x020031f8                Wifi_SetChannel
                0x02003220                Wifi_GetNumAP
                0x02003248                Wifi_GetAPData
                0x020032ec                Wifi_FindMatchingAP
                0x02003414                Wifi_AutoConnect
                0x0200343c                Wifi_DisconnectAP
                0x02003460                Wifi_ConnectAP
                0x02003568                Wifi_Init
                0x02003600                Wifi_CheckInit
                0x02003620                Wifi_Update
                0x0200390c                Wifi_Timer
                0x0200391c                Timer_50ms
                0x02003928                Wifi_GetIP
                0x0200393c                Wifi_GetIPInfo
                0x02003974                Wifi_SetIP
                0x02003998                Wifi_AssocStatus
                0x02003cdc                Wifi_SetDHCP
                0x02003ce0                Wifi_GetData
                0x02003d50                Wifi_GetStats
                0x02003d74                Wifi_Sync
                0x02003d90                wifiValue32Handler
                0x02003d9c                Wifi_InitDefault
 .text          0x02003e48       0x5c c:/ndsdev/devkitPro/libnds/lib\libdswifi9.a(spinlock.o)
                0x02003e48                SLasm_Acquire
                0x02003e7c                SLasm_Release
 .text          0x02003ea4       0xa8 c:/ndsdev/devkitPro/libnds/lib\libdswifi9.a(sgIP.o)
                0x02003ea4                sgIP_Init
                0x02003ee0                sgIP_Timer
 .text          0x02003f4c      0x5f8 c:/ndsdev/devkitPro/libnds/lib\libdswifi9.a(sgIP_ARP.o)
                0x02003f4c                sgIP_FindArpSlot
                0x02003f80                sgIP_GetArpSlot
                0x02003fcc                sgIP_is_broadcast_address
                0x02003fdc                sgIP_ARP_Check_isok
                0x02003fe0                sgIP_ARP_Init
                0x02004000                sgIP_ARP_FlushInterface
                0x02004034                sgIP_ARP_ProcessIPFrame
                0x02004038                sgIP_ARP_SendARPResponse
                0x02004118                sgIP_ARP_SendGratARP
                0x020041f8                sgIP_ARP_SendARPRequest
                0x020042dc                sgIP_ARP_SendProtocolFrame
                0x020043e4                sgIP_ARP_ProcessARPFrame
                0x020044d0                sgIP_ARP_Timer100ms
 .text          0x02004544      0xa5c c:/ndsdev/devkitPro/libnds/lib\libdswifi9.a(sgIP_DHCP.o)
                0x02004544                sgIP_DHCP_Init
                0x0200458c                sgIP_DHCP_SetHostName
                0x020045a8                sgIP_DHCP_IsDhcpIp
                0x020045b8                sgIP_DHCP_SendDgram
                0x02004628                sgIP_DHCP_BeginDgram
                0x0200488c                sgIP_DHCP_Terminate
                0x020048c4                sgIP_DHCP_Update
                0x02004df4                sgIP_DHCP_Release
                0x02004e28                sgIP_DHCP_Start
                0x02004ee8                gethostname
                0x02004f28                sethostname
 .text          0x02004fa0      0x140 c:/ndsdev/devkitPro/libnds/lib\libdswifi9.a(sgIP_IP.o)
                0x02004fa0                sgIP_IP_ReceivePacket
                0x02005034                sgIP_IP_MaxContentsSize
                0x02005040                sgIP_IP_RequiredHeaderSize
                0x02005044                sgIP_IP_SendViaIP
                0x020050d0                sgIP_IP_GetLocalBindAddr
 .text          0x020050e0     0x116c c:/ndsdev/devkitPro/libnds/lib\libdswifi9.a(sgIP_TCP.o)
                0x020050e0                sgIP_TCP_Init
                0x02005114                sgIP_TCP_support_seqhash
                0x02005160                sgIP_TCP_GetUnusedOutgoingPort
                0x020051c4                sgIP_TCP_CalcChecksum
                0x02005220                sgIP_TCP_GenHeader
                0x020052d4                sgIP_TCP_FixChecksum
                0x02005338                sgIP_TCP_SendPacket
                0x02005420                sgIP_TCP_SendSynReply
                0x020054c8                sgIP_TCP_Timer
                0x02005728                sgIP_TCP_AllocRecord
                0x02005774                sgIP_TCP_ReceivePacket
                0x02005da0                sgIP_TCP_FreeRecord
                0x02005ea0                sgIP_TCP_Bind
                0x02005ecc                sgIP_TCP_Listen
                0x02005f24                sgIP_TCP_Accept
                0x02005f94                sgIP_TCP_Close
                0x02005fc8                sgIP_TCP_Connect
                0x02006054                sgIP_TCP_Send
                0x02006154                sgIP_TCP_Recv
 .text          0x0200624c      0x468 c:/ndsdev/devkitPro/libnds/lib\libdswifi9.a(sgIP_UDP.o)
                0x0200624c                sgIP_UDP_Init
                0x02006268                sgIP_UDP_GetUnusedOutgoingPort
                0x020062c8                sgIP_UDP_CalcChecksum
                0x02006330                sgIP_UDP_ReceivePacket
                0x020063dc                sgIP_UDP_SendPacket
                0x020064d0                sgIP_UDP_AllocRecord
                0x02006508                sgIP_UDP_FreeRecord
                0x02006560                sgIP_UDP_Bind
                0x0200659c                sgIP_UDP_RecvFrom
                0x020066a0                sgIP_UDP_SendTo
 .text          0x020066b4       0x74 c:/ndsdev/devkitPro/libnds/lib\libdswifi9.a(sgIP_ICMP.o)
                0x020066b4                sgIP_ICMP_Init
                0x020066b8                sgIP_ICMP_ReceivePacket
 .text          0x02006728      0x348 c:/ndsdev/devkitPro/libnds/lib\libfat.a(libfat.o)
                0x02006728                fatMount
                0x020067e0                fatMountSimple
                0x020067f4                fatUnmount
                0x0200682c                fatInit
                0x02006988                fatInitDefault
                0x02006994                fatGetVolumeLabel
 .text          0x02006a70      0x6d4 c:/ndsdev/devkitPro/libnds/lib\libfat.a(partition.o)
                0x02006a8c                FindFirstValidPartition
                0x02006c38                _FAT_partition_getPartitionFromPath
                0x02006c4c                _FAT_partition_createFSinfo
                0x02006d18                _FAT_partition_readFSinfo
                0x02006dd8                _FAT_partition_constructor
                0x02007050                _FAT_partition_writeFSinfo
                0x02007104                _FAT_partition_destructor
 .text          0x02007144      0x4bc c:/ndsdev/devkitPro/libnds/lib\libfat.a(cache.o)
                0x02007244                _FAT_cache_constructor
                0x020072e0                _FAT_cache_readSectors
                0x0200733c                _FAT_cache_readPartialSector
                0x02007384                _FAT_cache_readLittleEndianValue
                0x020073e0                _FAT_cache_writePartialSector
                0x02007430                _FAT_cache_writeLittleEndianValue
                0x02007478                _FAT_cache_eraseWritePartialSector
                0x020074dc                _FAT_cache_writeSectors
                0x02007548                _FAT_cache_flush
                0x020075a0                _FAT_cache_destructor
                0x020075d4                _FAT_cache_invalidate
 .text          0x02007600     0x1414 c:/ndsdev/devkitPro/libnds/lib\libfat.a(directory.o)
                0x02007824                _FAT_directory_entryGetCluster
                0x0200784c                _FAT_directory_getNextEntry
                0x02007b1c                _FAT_directory_getFirstEntry
                0x02007b3c                _FAT_directory_getRootEntry
                0x02007b98                _FAT_directory_getVolumeLabel
                0x02007c4c                _FAT_directory_entryFromPosition
                0x02007d94                _FAT_directory_entryFromPath
                0x02007fa4                _FAT_directory_removeEntry
                0x02008078                _FAT_directory_addEntry
                0x0200891c                _FAT_directory_chdir
                0x02008958                _FAT_directory_entryStat
 .text          0x02008a14        0x8 c:/ndsdev/devkitPro/libnds/lib\libfat.a(disc.o)
 .text          0x02008a1c      0x924 c:/ndsdev/devkitPro/libnds/lib\libfat.a(fatdir.o)
                0x02008a1c                _FAT_stat_r
                0x02008abc                _FAT_link_r
                0x02008ac8                _FAT_unlink_r
                0x02008c40                _FAT_chdir_r
                0x02008cb0                _FAT_rename_r
                0x02008e88                _FAT_mkdir_r
                0x02009100                _FAT_statvfs_r
                0x0200918c                _FAT_diropen_r
                0x02009250                _FAT_dirreset_r
                0x0200929c                _FAT_dirnext_r
                0x02009320                _FAT_dirclose_r
 .text          0x02009340     0x123c c:/ndsdev/devkitPro/libnds/lib\libfat.a(fatfile.o)
                0x020095b8                _FAT_open_r
                0x020098c8                _FAT_syncToDisc
                0x020099a4                _FAT_close_r
                0x02009a10                _FAT_read_r
                0x02009d78                _FAT_write_r
                0x0200a1fc                _FAT_seek_r
                0x0200a34c                _FAT_fstat_r
                0x0200a3e8                _FAT_ftruncate_r
                0x0200a53c                _FAT_fsync_r
 .text          0x0200a57c      0x434 c:/ndsdev/devkitPro/libnds/lib\libfat.a(file_allocation_table.o)
                0x0200a690                _FAT_fat_nextCluster
                0x0200a76c                _FAT_fat_linkFreeCluster
                0x0200a800                _FAT_fat_linkFreeClusterCleared
                0x0200a870                _FAT_fat_clearLinks
                0x0200a8d0                _FAT_fat_trimChain
                0x0200a954                _FAT_fat_lastCluster
                0x0200a988                _FAT_fat_freeClusterCount
 .text          0x0200a9b0       0xc8 c:/ndsdev/devkitPro/libnds/lib\libfat.a(filetime.o)
                0x0200a9b0                _FAT_filetime_getTimeFromRTC
                0x0200a9f8                _FAT_filetime_getDateFromRTC
                0x0200aa40                _FAT_filetime_to_time_t
 .text          0x0200aa78       0x10 c:/ndsdev/devkitPro/libnds/lib\libfat.a(lock.o)
                0x0200aa78                _FAT_lock_init
                0x0200aa7c                _FAT_lock_deinit
                0x0200aa80                _FAT_lock
                0x0200aa84                _FAT_unlock
 .text          0x0200aa88      0xa30 c:/ndsdev/devkitPro/libnds/lib\libnds9.a(console.o)
                0x0200aa88                nocash_write
                0x0200ab48                consoleGetDefault
                0x0200ab54                consoleSelect
                0x0200ab64                consoleDebugInit
                0x0200abb4                consolePrintChar
                0x0200ad64                consoleLoadFont
                0x0200affc                consoleSetFont
                0x0200b01c                consoleInit
                0x0200b180                consoleDemoInit
                0x0200b1c4                con_write
                0x0200b484                consoleClear
                0x0200b494                consoleSetWindow
 .text          0x0200b4b8      0x23c c:/ndsdev/devkitPro/libnds/lib\libnds9.a(dldi.o)
                0x0200b4b8                dldiGetInternal
                0x0200b4f0                dldiIsValid
                0x0200b528                dldiFixDriverAddresses
                0x0200b600                dldiLoadFromFile
                0x0200b6e8                dldiFree
 .text          0x0200b6f4      0x108 c:/ndsdev/devkitPro/libnds/lib\libnds9.a(dsi_sd.o)
                0x0200b6f4                sdio_IsInserted
                0x0200b704                sdio_ClearStatus
                0x0200b714                sdio_Shutdown
                0x0200b724                sdio_WriteSectors
                0x0200b778                sdio_ReadSectors
                0x0200b7cc                sdio_Startup
 .text          0x0200b7fc      0x19c c:/ndsdev/devkitPro/libnds/lib\libnds9.a(initSystem.o)
                0x0200b7fc                initSystem
 .text          0x0200b998      0xc88 c:/ndsdev/devkitPro/libnds/lib\libnds9.a(fifosystem.o)
                0x0200bbf8                fifoSendAddress
                0x0200bc24                fifoSendValue32
                0x0200bc64                fifoSendDatamsg
                0x0200bcd4                fifoGetAddress
                0x0200bd48                fifoSetAddressHandler
                0x0200bdbc                fifoGetValue32
                0x0200be30                fifoSetValue32Handler
                0x0200bea4                fifoGetDatamsg
                0x0200c348                fifoSetDatamsgHandler
                0x0200c3e0                fifoCheckAddress
                0x0200c404                fifoCheckDatamsg
                0x0200c428                fifoCheckValue32
                0x0200c44c                fifoInit
 .text          0x0200c620      0x1b4 c:/ndsdev/devkitPro/libnds/lib\libnds9.a(interrupts.o)
                0x0200c620                irqDummy
                0x0200c624                irqSet
                0x0200c684                irqInit
                0x0200c6d0                irqInitHandler
                0x0200c700                irqEnable
                0x0200c754                irqDisable
                0x0200c7a8                irqClear
 .text          0x0200c7d4       0x40 c:/ndsdev/devkitPro/libnds/lib\libnds9.a(libnds_exit.o)
                0x0200c7d4                systemErrorExit
                0x0200c7d8                __libnds_exit
 .text          0x0200c814       0x70 c:/ndsdev/devkitPro/libnds/lib\libnds9.a(dcache.o)
                0x0200c814                DC_FlushAll
                0x0200c840                DC_FlushRange
                0x0200c85c                DC_InvalidateAll
                0x0200c868                DC_InvalidateRange
 *fill*         0x0200c884       0x3c ff
 .text          0x0200c8c0     0x8000 c:/ndsdev/devkitPro/libnds/lib\libnds9.a(dldi_stub.o)
                0x0200c8c0                _io_dldi_stub
 .text          0x020148c0      0x1b4 c:/ndsdev/devkitPro/libnds/lib\libnds9.a(mpu_setup.o)
                0x020148c0                __libnds_mpu_setup
                0x02014a00                memCached
                0x02014a18                memUncached
 *fill*         0x02014a74        0xc ff
 .text          0x02014a80       0x70 c:/ndsdev/devkitPro/libnds/lib\libnds9.a(biosCalls.o)
                0x02014a80                swiDelay
                0x02014a84                swiIntrWait
                0x02014a88                swiWaitForVBlank
                0x02014a8c                swiSleep
                0x02014a90                swiChangeSoundBias
                0x02014a94                swiDivide
                0x02014a98                swiRemainder
                0x02014a9e                swiDivMod
                0x02014aaa                swiCopy
                0x02014aae                swiFastCopy
                0x02014ab2                swiSqrt
                0x02014ab6                swiCRC16
                0x02014aba                swiIsDebugger
                0x02014abe                swiUnpackBits
                0x02014ac2                swiDecompressLZSSWram
                0x02014ac6                swiDecompressLZSSVramNTR
                0x02014aca                swiDecompressLZSSVramTWL
                0x02014ace                swiDecompressHuffman
                0x02014ad2                swiDecompressRLEWram
                0x02014ad6                swiDecompressRLEVram
                0x02014ada                swiWaitForIRQ
                0x02014ade                swiDecodeDelta8
                0x02014ae2                swiDecodeDelta16
                0x02014ae6                swiSetHaltCR
 .text          0x02014af0       0xa4 c:/ndsdev/devkitPro/libnds/lib\libnds9.a(debugprint.o)
                0x02014af0                nocashWrite
                0x02014af2                nocashMessage
 .text          0x02014b94        0x0 c:/ndsdev/devkitPro/libnds/lib\libnds9.a(interruptDispatcher.o)
 *fill*         0x02014b94        0xc ff
 .text          0x02014ba0       0x30 c:/ndsdev/devkitPro/libnds/lib\libnds9.a(swiSoftReset.o)
                0x02014ba0                swiSoftReset
 .text          0x02014bd0        0x0 c:/ndsdev/devkitPro/libnds/lib\libnds9.a(default_font.bin.o)
 .text          0x02014bd0      0x314 c:/ndsdev/devkitPro/libnds/lib\libnds9.a(background.o)
                0x02014bd0                bgIsText
                0x02014bdc                checkIfText
                0x02014c3c                bgUpdate
                0x02014d4c                bgInit_call
                0x02014e10                bgInitSub_call
 .text          0x02014ee4       0xf0 c:/ndsdev/devkitPro/libnds/lib\libnds9.a(system.o)
                0x02014ee4                systemMsgHandler
                0x02014f28                systemSleep
                0x02014f40                powerValueHandler
                0x02014f50                powerOn
                0x02014f7c                powerOff
                0x02014fa4                ledBlink
                0x02014fb4                getBatteryLevel
 .text          0x02014fd4      0x248 c:/ndsdev/devkitPro/libnds/lib\libnds9.a(trig.o)
                0x02014fd4                asinComp
                0x02014ff8                sinLutLookup
                0x02015034                sinLerp
                0x0201506c                cosLerp
                0x02015080                tanLutLookup
                0x020150b8                tanLerp
                0x02015168                asinLerp
                0x020151e4                acosLerp
                0x020151f8                atanComp
 .text          0x0201521c      0x150 c:/ndsdev/devkitPro/libnds/lib\libnds9.a(video.o)
                0x0201521c                vramSetPrimaryBanks
                0x02015260                vramSetMainBanks
                0x020152a4                vramSetBanks_EFG
                0x020152dc                vramRestorePrimaryBanks
                0x020152e8                vramRestoreMainBanks
                0x020152f4                vramRestoreBanks_EFG
                0x02015300                setBrightness
                0x02015340                vramDefault
 .text          0x0201536c      0x11c c:/ndsdev/devkitpro/devkitarm/bin/../lib/gcc/arm-eabi/4.6.0/thumb\libgcc.a(_udivsi3.o)
                0x0201536c                __aeabi_uidiv
                0x0201536c                __udivsi3
                0x02015468                __aeabi_uidivmod
 .text          0x02015488      0x150 c:/ndsdev/devkitpro/devkitarm/bin/../lib/gcc/arm-eabi/4.6.0/thumb\libgcc.a(_divsi3.o)
                0x02015488                __divsi3
                0x02015488                __aeabi_idiv
                0x020155b8                __aeabi_idivmod
 .text          0x020155d8        0x4 c:/ndsdev/devkitpro/devkitarm/bin/../lib/gcc/arm-eabi/4.6.0/thumb\libgcc.a(_dvmd_tls.o)
                0x020155d8                __aeabi_idiv0
                0x020155d8                __aeabi_ldiv0
 .text          0x020155dc       0x20 c:/ndsdev/devkitpro/devkitarm/bin/../lib/gcc/arm-eabi/4.6.0/../../../../arm-eabi/lib/thumb\libg.a(lib_a-atoi.o)
                0x020155dc                atoi
                0x020155ec                _atoi_r
 .text          0x020155fc       0x64 c:/ndsdev/devkitpro/devkitarm/bin/../lib/gcc/arm-eabi/4.6.0/../../../../arm-eabi/lib/thumb\libg.a(lib_a-bsearch.o)
                0x020155fc                bsearch
 .text          0x02015660        0xc c:/ndsdev/devkitpro/devkitarm/bin/../lib/gcc/arm-eabi/4.6.0/../../../../arm-eabi/lib/thumb\libg.a(lib_a-errno.o)
                0x02015660                __errno
 .text          0x0201566c       0xc0 c:/ndsdev/devkitpro/devkitarm/bin/../lib/gcc/arm-eabi/4.6.0/../../../../arm-eabi/lib/thumb\libg.a(lib_a-fclose.o)
                0x0201566c                _fclose_r
                0x02015710                fclose
 .text          0x0201572c      0x18c c:/ndsdev/devkitpro/devkitarm/bin/../lib/gcc/arm-eabi/4.6.0/../../../../arm-eabi/lib/thumb\libg.a(lib_a-fflush.o)
                0x0201572c                _fflush_r
                0x02015888                fflush
 .text          0x020158b8       0xe8 c:/ndsdev/devkitpro/devkitarm/bin/../lib/gcc/arm-eabi/4.6.0/../../../../arm-eabi/lib/thumb\libg.a(lib_a-fgets.o)
                0x020158b8                _fgets_r
                0x02015980                fgets
 .text          0x020159a0      0x1d8 c:/ndsdev/devkitpro/devkitarm/bin/../lib/gcc/arm-eabi/4.6.0/../../../../arm-eabi/lib/thumb\libg.a(lib_a-findfp.o)
                0x020159a8                _cleanup_r
                0x02015a08                __sfmoreglue
                0x02015a38                _cleanup
                0x02015a4c                __sinit
                0x02015aa0                __sfp
                0x02015b30                __sfp_lock_acquire
                0x02015b34                __sfp_lock_release
                0x02015b38                __sinit_lock_acquire
                0x02015b3c                __sinit_lock_release
                0x02015b40                __fp_lock_all
                0x02015b5c                __fp_unlock_all
 .text          0x02015b78       0xb0 c:/ndsdev/devkitpro/devkitarm/bin/../lib/gcc/arm-eabi/4.6.0/../../../../arm-eabi/lib/thumb\libg.a(lib_a-fopen.o)
                0x02015b78                _fopen_r
                0x02015c0c                fopen
 .text          0x02015c28      0x248 c:/ndsdev/devkitpro/devkitarm/bin/../lib/gcc/arm-eabi/4.6.0/../../../../arm-eabi/lib/thumb\libg.a(lib_a-freer.o)
                0x02015c28                _malloc_trim_r
                0x02015cd4                _free_r
 .text          0x02015e70      0x32c c:/ndsdev/devkitpro/devkitarm/bin/../lib/gcc/arm-eabi/4.6.0/../../../../arm-eabi/lib/thumb\libg.a(lib_a-fseek.o)
                0x02015e70                _fseek_r
                0x02016178                fseek
 .text          0x0201619c       0xc4 c:/ndsdev/devkitpro/devkitarm/bin/../lib/gcc/arm-eabi/4.6.0/../../../../arm-eabi/lib/thumb\libg.a(lib_a-fwalk.o)
                0x0201619c                _fwalk
                0x020161f8                _fwalk_reent
 .text          0x02016260       0x9c c:/ndsdev/devkitpro/devkitarm/bin/../lib/gcc/arm-eabi/4.6.0/../../../../arm-eabi/lib/thumb\libg.a(lib_a-fwrite.o)
                0x02016260                _fwrite_r
                0x020162d4                fwrite
 .text          0x020162fc        0x0 c:/ndsdev/devkitpro/devkitarm/bin/../lib/gcc/arm-eabi/4.6.0/../../../../arm-eabi/lib/thumb\libg.a(lib_a-impure.o)
 .text          0x020162fc       0x50 c:/ndsdev/devkitpro/devkitarm/bin/../lib/gcc/arm-eabi/4.6.0/../../../../arm-eabi/lib/thumb\libg.a(lib_a-init.o)
                0x020162fc                __libc_init_array
 .text          0x0201634c       0x40 c:/ndsdev/devkitpro/devkitarm/bin/../lib/gcc/arm-eabi/4.6.0/../../../../arm-eabi/lib/thumb\libg.a(lib_a-iprintf.o)
                0x0201634c                iprintf
                0x02016370                _iprintf_r
 .text          0x0201638c       0x10 c:/ndsdev/devkitpro/devkitarm/bin/../lib/gcc/arm-eabi/4.6.0/../../../../arm-eabi/lib/thumb\libg.a(lib_a-lcltime_r.o)
                0x0201638c                localtime_r
 .text          0x0201639c      0x94c c:/ndsdev/devkitpro/devkitarm/bin/../lib/gcc/arm-eabi/4.6.0/../../../../arm-eabi/lib/thumb\libg.a(lib_a-locale.o)
                0x02016a58                _setlocale_r
                0x02016c88                __locale_charset
                0x02016c90                __locale_mb_cur_max
                0x02016c9c                __locale_msgcharset
                0x02016ca8                __locale_cjk_lang
                0x02016cb4                _localeconv_r
                0x02016cc0                setlocale
                0x02016cdc                localeconv
 .text          0x02016ce8       0xe4 c:/ndsdev/devkitpro/devkitarm/bin/../lib/gcc/arm-eabi/4.6.0/../../../../arm-eabi/lib/thumb\libg.a(lib_a-makebuf.o)
                0x02016ce8                __smakebuf_r
 .text          0x02016dcc       0x30 c:/ndsdev/devkitpro/devkitarm/bin/../lib/gcc/arm-eabi/4.6.0/../../../../arm-eabi/lib/thumb\libg.a(lib_a-malloc.o)
                0x02016dcc                malloc
                0x02016de4                free
 .text          0x02016dfc      0x514 c:/ndsdev/devkitpro/devkitarm/bin/../lib/gcc/arm-eabi/4.6.0/../../../../arm-eabi/lib/thumb\libg.a(lib_a-mallocr.o)
                0x02016dfc                _malloc_r
 .text          0x02017310       0xfc c:/ndsdev/devkitpro/devkitarm/bin/../lib/gcc/arm-eabi/4.6.0/../../../../arm-eabi/lib/thumb\libg.a(lib_a-mbrtowc.o)
                0x02017310                _mbrtowc_r
                0x02017384                mbrtowc
 .text          0x0201740c       0x40 c:/ndsdev/devkitpro/devkitarm/bin/../lib/gcc/arm-eabi/4.6.0/../../../../arm-eabi/lib/thumb\libg.a(lib_a-mbsrtowcs.o)
                0x0201740c                _mbsrtowcs_r
                0x02017424                mbsrtowcs
 .text          0x0201744c      0x5f8 c:/ndsdev/devkitpro/devkitarm/bin/../lib/gcc/arm-eabi/4.6.0/../../../../arm-eabi/lib/thumb\libg.a(lib_a-mbtowc_r.o)
                0x0201744c                __utf8_mbtowc
                0x02017714                _mbtowc_r
                0x02017750                __ascii_mbtowc
                0x0201777c                __sjis_mbtowc
                0x02017838                __eucjp_mbtowc
                0x02017918                __jis_mbtowc
 .text          0x02017a44       0x9c c:/ndsdev/devkitpro/devkitarm/bin/../lib/gcc/arm-eabi/4.6.0/../../../../arm-eabi/lib/thumb\libg.a(lib_a-memchr.o)
                0x02017a44                memchr
 .text          0x02017ae0       0x64 c:/ndsdev/devkitpro/devkitarm/bin/../lib/gcc/arm-eabi/4.6.0/../../../../arm-eabi/lib/thumb\libg.a(lib_a-memcmp.o)
                0x02017ae0                memcmp
 .text          0x02017b44       0x80 c:/ndsdev/devkitpro/devkitarm/bin/../lib/gcc/arm-eabi/4.6.0/../../../../arm-eabi/lib/thumb\libg.a(lib_a-memcpy.o)
                0x02017b44                memcpy
 .text          0x02017bc4       0xa8 c:/ndsdev/devkitpro/devkitarm/bin/../lib/gcc/arm-eabi/4.6.0/../../../../arm-eabi/lib/thumb\libg.a(lib_a-memmove.o)
                0x02017bc4                memmove
 .text          0x02017c6c       0x98 c:/ndsdev/devkitpro/devkitarm/bin/../lib/gcc/arm-eabi/4.6.0/../../../../arm-eabi/lib/thumb\libg.a(lib_a-memset.o)
                0x02017c6c                memset
 .text          0x02017d04      0x474 c:/ndsdev/devkitpro/devkitarm/bin/../lib/gcc/arm-eabi/4.6.0/../../../../arm-eabi/lib/thumb\libg.a(lib_a-mktime.o)
                0x02017ee4                mktime
 .text          0x02018178      0x488 c:/ndsdev/devkitpro/devkitarm/bin/../lib/gcc/arm-eabi/4.6.0/../../../../arm-eabi/lib/thumb\libg.a(lib_a-mktm_r.o)
                0x02018178                __tzcalc_limits
                0x02018310                _mktm_r
 .text          0x02018600        0x8 c:/ndsdev/devkitpro/devkitarm/bin/../lib/gcc/arm-eabi/4.6.0/../../../../arm-eabi/lib/thumb\libg.a(lib_a-mlock.o)
                0x02018600                __malloc_lock
                0x02018604                __malloc_unlock
 .text          0x02018608       0x40 c:/ndsdev/devkitpro/devkitarm/bin/../lib/gcc/arm-eabi/4.6.0/../../../../arm-eabi/lib/thumb\libg.a(lib_a-printf.o)
                0x02018608                _printf_r
                0x02018624                printf
 .text          0x02018648      0x138 c:/ndsdev/devkitpro/devkitarm/bin/../lib/gcc/arm-eabi/4.6.0/../../../../arm-eabi/lib/thumb\libg.a(lib_a-refill.o)
                0x02018668                __srefill_r
 .text          0x02018780      0x118 c:/ndsdev/devkitpro/devkitarm/bin/../lib/gcc/arm-eabi/4.6.0/../../../../arm-eabi/lib/thumb\libg.a(lib_a-setvbuf.o)
                0x02018780                setvbuf
 .text          0x02018898       0xa0 c:/ndsdev/devkitpro/devkitarm/bin/../lib/gcc/arm-eabi/4.6.0/../../../../arm-eabi/lib/thumb\libg.a(lib_a-siscanf.o)
                0x02018898                siscanf
                0x020188e8                _siscanf_r
 .text          0x02018938       0x84 c:/ndsdev/devkitpro/devkitarm/bin/../lib/gcc/arm-eabi/4.6.0/../../../../arm-eabi/lib/thumb\libg.a(lib_a-sprintf.o)
                0x02018938                _sprintf_r
                0x02018978                sprintf
 .text          0x020189bc       0xa0 c:/ndsdev/devkitpro/devkitarm/bin/../lib/gcc/arm-eabi/4.6.0/../../../../arm-eabi/lib/thumb\libg.a(lib_a-sscanf.o)
                0x020189bc                sscanf
                0x02018a0c                _sscanf_r
 .text          0x02018a5c       0xac c:/ndsdev/devkitpro/devkitarm/bin/../lib/gcc/arm-eabi/4.6.0/../../../../arm-eabi/lib/thumb\libg.a(lib_a-stdio.o)
                0x02018a5c                __sread
                0x02018a88                __seofread
                0x02018a8c                __swrite
                0x02018ac8                __sseek
                0x02018af8                __sclose
 .text          0x02018b08       0x50 c:/ndsdev/devkitpro/devkitarm/bin/../lib/gcc/arm-eabi/4.6.0/../../../../arm-eabi/lib/thumb\libg.a(lib_a-strcasecmp.o)
                0x02018b08                strcasecmp
 .text          0x02018b58       0x54 c:/ndsdev/devkitpro/devkitarm/bin/../lib/gcc/arm-eabi/4.6.0/../../../../arm-eabi/lib/thumb\libg.a(lib_a-strcat.o)
                0x02018b58                strcat
 .text          0x02018bac       0xf0 c:/ndsdev/devkitpro/devkitarm/bin/../lib/gcc/arm-eabi/4.6.0/../../../../arm-eabi/lib/thumb\libg.a(lib_a-strchr.o)
                0x02018bac                strchr
 .text          0x02018c9c       0x14 c:/ndsdev/devkitpro/devkitarm/bin/../lib/gcc/arm-eabi/4.6.0/../../../../arm-eabi/lib/thumb\libg.a(lib_a-strcmp.o)
                0x02018c9c                strcmp
 .text          0x02018cb0       0x10 c:/ndsdev/devkitpro/devkitarm/bin/../lib/gcc/arm-eabi/4.6.0/../../../../arm-eabi/lib/thumb\libg.a(lib_a-strcpy.o)
                0x02018cb0                strcpy
 .text          0x02018cc0       0x4c c:/ndsdev/devkitpro/devkitarm/bin/../lib/gcc/arm-eabi/4.6.0/../../../../arm-eabi/lib/thumb\libg.a(lib_a-strlcpy.o)
                0x02018cc0                strlcpy
 .text          0x02018d0c       0x10 c:/ndsdev/devkitpro/devkitarm/bin/../lib/gcc/arm-eabi/4.6.0/../../../../arm-eabi/lib/thumb\libg.a(lib_a-strlen.o)
                0x02018d0c                strlen
 .text          0x02018d1c       0x60 c:/ndsdev/devkitpro/devkitarm/bin/../lib/gcc/arm-eabi/4.6.0/../../../../arm-eabi/lib/thumb\libg.a(lib_a-strncasecmp.o)
                0x02018d1c                strncasecmp
 .text          0x02018d7c       0xc0 c:/ndsdev/devkitpro/devkitarm/bin/../lib/gcc/arm-eabi/4.6.0/../../../../arm-eabi/lib/thumb\libg.a(lib_a-strncmp.o)
                0x02018d7c                strncmp
 .text          0x02018e3c       0x78 c:/ndsdev/devkitpro/devkitarm/bin/../lib/gcc/arm-eabi/4.6.0/../../../../arm-eabi/lib/thumb\libg.a(lib_a-strncpy.o)
                0x02018e3c                strncpy
 .text          0x02018eb4       0x30 c:/ndsdev/devkitpro/devkitarm/bin/../lib/gcc/arm-eabi/4.6.0/../../../../arm-eabi/lib/thumb\libg.a(lib_a-strnlen.o)
                0x02018eb4                strnlen
 .text          0x02018ee4       0x58 c:/ndsdev/devkitpro/devkitarm/bin/../lib/gcc/arm-eabi/4.6.0/../../../../arm-eabi/lib/thumb\libg.a(lib_a-strpbrk.o)
                0x02018ee4                strpbrk
 .text          0x02018f3c       0x2c c:/ndsdev/devkitpro/devkitarm/bin/../lib/gcc/arm-eabi/4.6.0/../../../../arm-eabi/lib/thumb\libg.a(lib_a-strrchr.o)
                0x02018f3c                strrchr
 .text          0x02018f68      0x184 c:/ndsdev/devkitpro/devkitarm/bin/../lib/gcc/arm-eabi/4.6.0/../../../../arm-eabi/lib/thumb\libg.a(lib_a-strtol.o)
                0x02018f68                _strtol_r
                0x020190cc                strtol
 .text          0x020190ec      0xab0 c:/ndsdev/devkitpro/devkitarm/bin/../lib/gcc/arm-eabi/4.6.0/../../../../arm-eabi/lib/thumb\libg.a(lib_a-svfiscanf.o)
                0x020190ec                _sungetc_r
                0x02019174                __ssrefill_r
                0x020191b8                _sfread_r
                0x02019244                __ssvfiscanf_r
 *fill*         0x02019b9c        0x4 ff
 .text          0x02019ba0     0x16f0 c:/ndsdev/devkitpro/devkitarm/bin/../lib/gcc/arm-eabi/4.6.0/../../../../arm-eabi/lib/thumb\libg.a(lib_a-svfprintf.o)
                0x02019ba0                _svfprintf_r
 .text          0x0201b290      0xdd0 c:/ndsdev/devkitpro/devkitarm/bin/../lib/gcc/arm-eabi/4.6.0/../../../../arm-eabi/lib/thumb\libg.a(lib_a-svfscanf.o)
                0x0201b290                __ssvfscanf_r
 .text          0x0201c060       0x18 c:/ndsdev/devkitpro/devkitarm/bin/../lib/gcc/arm-eabi/4.6.0/../../../../arm-eabi/lib/thumb\libg.a(lib_a-sysclose.o)
                0x0201c060                close
 .text          0x0201c078       0x20 c:/ndsdev/devkitpro/devkitarm/bin/../lib/gcc/arm-eabi/4.6.0/../../../../arm-eabi/lib/thumb\libg.a(lib_a-syslseek.o)
                0x0201c078                lseek
 .text          0x0201c098       0x28 c:/ndsdev/devkitpro/devkitarm/bin/../lib/gcc/arm-eabi/4.6.0/../../../../arm-eabi/lib/thumb\libg.a(lib_a-sysopen.o)
                0x0201c098                open
 .text          0x0201c0c0       0x20 c:/ndsdev/devkitpro/devkitarm/bin/../lib/gcc/arm-eabi/4.6.0/../../../../arm-eabi/lib/thumb\libg.a(lib_a-sysread.o)
                0x0201c0c0                read
 .text          0x0201c0e0       0x30 c:/ndsdev/devkitpro/devkitarm/bin/../lib/gcc/arm-eabi/4.6.0/../../../../arm-eabi/lib/thumb\libg.a(lib_a-time.o)
                0x0201c0e0                time
 .text          0x0201c110      0x728 c:/ndsdev/devkitpro/devkitarm/bin/../lib/gcc/arm-eabi/4.6.0/../../../../arm-eabi/lib/thumb\libg.a(lib_a-towlower.o)
                0x0201c110                towlower
 .text          0x0201c838      0x9ec c:/ndsdev/devkitpro/devkitarm/bin/../lib/gcc/arm-eabi/4.6.0/../../../../arm-eabi/lib/thumb\libg.a(lib_a-towupper.o)
                0x0201c838                towupper
 .text          0x0201d224        0x8 c:/ndsdev/devkitpro/devkitarm/bin/../lib/gcc/arm-eabi/4.6.0/../../../../arm-eabi/lib/thumb\libg.a(lib_a-tzlock.o)
                0x0201d224                __tz_lock
                0x0201d228                __tz_unlock
 .text          0x0201d22c        0x0 c:/ndsdev/devkitpro/devkitarm/bin/../lib/gcc/arm-eabi/4.6.0/../../../../arm-eabi/lib/thumb\libg.a(lib_a-tzvars.o)
 .text          0x0201d22c      0x180 c:/ndsdev/devkitpro/devkitarm/bin/../lib/gcc/arm-eabi/4.6.0/../../../../arm-eabi/lib/thumb\libg.a(lib_a-ungetc.o)
                0x0201d22c                __submore
                0x0201d2b4                _ungetc_r
                0x0201d390                ungetc
 .text          0x0201d3ac      0xea4 c:/ndsdev/devkitpro/devkitarm/bin/../lib/gcc/arm-eabi/4.6.0/../../../../arm-eabi/lib/thumb\libg.a(lib_a-vfiprintf.o)
                0x0201d3ac                __sprint_r
                0x0201d430                _vfiprintf_r
                0x0201e22c                vfiprintf
 .text          0x0201e250     0x18e8 c:/ndsdev/devkitpro/devkitarm/bin/../lib/gcc/arm-eabi/4.6.0/../../../../arm-eabi/lib/thumb\libg.a(lib_a-vfprintf.o)
                0x0201e250                _vfprintf_r
                0x0201fb10                vfprintf
 .text          0x0201fb38       0xdc c:/ndsdev/devkitpro/devkitarm/bin/../lib/gcc/arm-eabi/4.6.0/../../../../arm-eabi/lib/thumb\libg.a(lib_a-wcrtomb.o)
                0x0201fb38                _wcrtomb_r
                0x0201fb9c                wcrtomb
 .text          0x0201fc14       0x40 c:/ndsdev/devkitpro/devkitarm/bin/../lib/gcc/arm-eabi/4.6.0/../../../../arm-eabi/lib/thumb\libg.a(lib_a-wcsrtombs.o)
                0x0201fc14                _wcsrtombs_r
                0x0201fc2c                wcsrtombs
 .text          0x0201fc54       0x54 c:/ndsdev/devkitpro/devkitarm/bin/../lib/gcc/arm-eabi/4.6.0/../../../../arm-eabi/lib/thumb\libg.a(lib_a-wctob.o)
                0x0201fc54                wctob
 .text          0x0201fca8      0x27c c:/ndsdev/devkitpro/devkitarm/bin/../lib/gcc/arm-eabi/4.6.0/../../../../arm-eabi/lib/thumb\libg.a(lib_a-wctomb_r.o)
                0x0201fca8                __utf8_wctomb
                0x0201fd68                _wctomb_r
                0x0201fda0                __ascii_wctomb
                0x0201fdc0                __sjis_wctomb
                0x0201fe2c                __eucjp_wctomb
                0x0201fea8                __jis_wctomb
 .text          0x0201ff24       0xbc c:/ndsdev/devkitpro/devkitarm/bin/../lib/gcc/arm-eabi/4.6.0/../../../../arm-eabi/lib/thumb\libg.a(lib_a-wsetup.o)
                0x0201ff24                __swsetup_r
 .text          0x0201ffe0       0x10 c:/ndsdev/devkitpro/devkitarm/bin/../lib/gcc/arm-eabi/4.6.0/../../../../arm-eabi/lib/thumb\libg.a(lib_a-ctype_.o)
                0x0201ffe0                __set_ctype
 .text          0x0201fff0       0x40 c:/ndsdev/devkitpro/devkitarm/bin/../lib/gcc/arm-eabi/4.6.0/../../../../arm-eabi/lib/thumb\libg.a(lib_a-div.o)
                0x0201fff0                div
 .text          0x02020030     0x1010 c:/ndsdev/devkitpro/devkitarm/bin/../lib/gcc/arm-eabi/4.6.0/../../../../arm-eabi/lib/thumb\libg.a(lib_a-dtoa.o)
                0x0202018c                _dtoa_r
 .text          0x02021040       0x70 c:/ndsdev/devkitpro/devkitarm/bin/../lib/gcc/arm-eabi/4.6.0/../../../../arm-eabi/lib/thumb\libg.a(lib_a-flags.o)
                0x02021040                __sflags
 .text          0x020210b0      0x108 c:/ndsdev/devkitpro/devkitarm/bin/../lib/gcc/arm-eabi/4.6.0/../../../../arm-eabi/lib/thumb\libg.a(lib_a-fputwc.o)
                0x020210b0                _fputwc_r
                0x0202118c                fputwc
 .text          0x020211b8      0x31c c:/ndsdev/devkitpro/devkitarm/bin/../lib/gcc/arm-eabi/4.6.0/../../../../arm-eabi/lib/thumb\libg.a(lib_a-fvwrite.o)
                0x020211b8                __sfvwrite_r
 .text          0x020214d4       0xa8 c:/ndsdev/devkitpro/devkitarm/bin/../lib/gcc/arm-eabi/4.6.0/../../../../arm-eabi/lib/thumb\libg.a(lib_a-getenv_r.o)
                0x020214d4                _findenv_r
                0x0202156c                _getenv_r
 .text          0x0202157c        0x8 c:/ndsdev/devkitpro/devkitarm/bin/../lib/gcc/arm-eabi/4.6.0/../../../../arm-eabi/lib/thumb\libg.a(lib_a-gettzinfo.o)
                0x0202157c                __gettzinfo
 .text          0x02021584       0x84 c:/ndsdev/devkitpro/devkitarm/bin/../lib/gcc/arm-eabi/4.6.0/../../../../arm-eabi/lib/thumb\libg.a(lib_a-iswspace.o)
                0x02021584                iswspace
 .text          0x02021608      0x1f4 c:/ndsdev/devkitpro/devkitarm/bin/../lib/gcc/arm-eabi/4.6.0/../../../../arm-eabi/lib/thumb\libg.a(lib_a-jp2uc.o)
                0x02021798                _jp2uc
 .text          0x020217fc       0xe4 c:/ndsdev/devkitpro/devkitarm/bin/../lib/gcc/arm-eabi/4.6.0/../../../../arm-eabi/lib/thumb\libg.a(lib_a-mbsnrtowcs.o)
                0x020217fc                _mbsnrtowcs_r
                0x020218b4                mbsnrtowcs
 .text          0x020218e0      0x988 c:/ndsdev/devkitpro/devkitarm/bin/../lib/gcc/arm-eabi/4.6.0/../../../../arm-eabi/lib/thumb\libg.a(lib_a-mprec.o)
                0x020218e0                _Balloc
                0x02021934                _Bfree
                0x0202194c                __multadd
                0x020219e0                __s2b
                0x02021a74                __hi0bits
                0x02021aac                __lo0bits
                0x02021b0c                __i2b
                0x02021b24                __multiply
                0x02021c94                __pow5mult
                0x02021d44                __lshift
                0x02021e14                __mcmp
                0x02021e50                __mdiff
                0x02021f3c                __ulp
                0x02021f84                __b2d
                0x02022040                __d2b
                0x02022110                __ratio
                0x0202217c                _mprec_log10
                0x020221bc                __copybits
                0x02022204                __any_on
 .text          0x02022268      0x3c4 c:/ndsdev/devkitpro/devkitarm/bin/../lib/gcc/arm-eabi/4.6.0/../../../../arm-eabi/lib/thumb\libg.a(lib_a-reallocr.o)
                0x02022268                _realloc_r
 .text          0x0202262c       0x90 c:/ndsdev/devkitpro/devkitarm/bin/../lib/gcc/arm-eabi/4.6.0/../../../../arm-eabi/lib/thumb\libg.a(lib_a-s_fpclassify.o)
                0x0202262c                __fpclassifyd
 .text          0x020226bc       0x7c c:/ndsdev/devkitpro/devkitarm/bin/../lib/gcc/arm-eabi/4.6.0/../../../../arm-eabi/lib/thumb\libg.a(lib_a-sccl.o)
                0x020226bc                __sccl
 .text          0x02022738        0x8 c:/ndsdev/devkitpro/devkitarm/bin/../lib/gcc/arm-eabi/4.6.0/../../../../arm-eabi/lib/thumb\libg.a(lib_a-sf_nan.o)
                0x02022738                nanf
 .text          0x02022740      0xe58 c:/ndsdev/devkitpro/devkitarm/bin/../lib/gcc/arm-eabi/4.6.0/../../../../arm-eabi/lib/thumb\libg.a(lib_a-strtod.o)
                0x02022770                _strtod_r
                0x02023544                strtod
                0x02023560                strtof
 .text          0x02023598      0x210 c:/ndsdev/devkitpro/devkitarm/bin/../lib/gcc/arm-eabi/4.6.0/../../../../arm-eabi/lib/thumb\libg.a(lib_a-strtoll_r.o)
                0x02023598                _strtoll_r
 .text          0x020237a8      0x198 c:/ndsdev/devkitpro/devkitarm/bin/../lib/gcc/arm-eabi/4.6.0/../../../../arm-eabi/lib/thumb\libg.a(lib_a-strtoul.o)
                0x020237a8                _strtoul_r
                0x02023920                strtoul
 .text          0x02023940      0x220 c:/ndsdev/devkitpro/devkitarm/bin/../lib/gcc/arm-eabi/4.6.0/../../../../arm-eabi/lib/thumb\libg.a(lib_a-strtoull_r.o)
                0x02023940                _strtoull_r
 .text          0x02023b60      0xd98 c:/ndsdev/devkitpro/devkitarm/bin/../lib/gcc/arm-eabi/4.6.0/../../../../arm-eabi/lib/thumb\libg.a(lib_a-svfiprintf.o)
                0x02023b60                __ssprint_r
                0x02023c90                _svfiprintf_r
 .text          0x020248f8       0xe4 c:/ndsdev/devkitpro/devkitarm/bin/../lib/gcc/arm-eabi/4.6.0/../../../../arm-eabi/lib/thumb\libg.a(lib_a-wbuf.o)
                0x020248f8                __swbuf_r
                0x020249c0                __swbuf
 .text          0x020249dc      0x13c c:/ndsdev/devkitpro/devkitarm/bin/../lib/gcc/arm-eabi/4.6.0/../../../../arm-eabi/lib/thumb\libg.a(lib_a-wcsnrtombs.o)
                0x020249dc                _wcsnrtombs_r
                0x02024ae8                wcsnrtombs
 .text          0x02024b18       0x64 c:/ndsdev/devkitpro/devkitarm/bin/../lib/gcc/arm-eabi/4.6.0/../../../../arm-eabi/lib/thumb\libg.a(lib_a-callocr.o)
                0x02024b18                _calloc_r
 .text          0x02024b7c        0x0 c:/ndsdev/devkitpro/devkitarm/bin/../lib/gcc/arm-eabi/4.6.0/../../../../arm-eabi/lib/thumb\libg.a(lib_a-environ.o)
 .text          0x02024b7c        0x8 c:/ndsdev/devkitpro/devkitarm/bin/../lib/gcc/arm-eabi/4.6.0/../../../../arm-eabi/lib/thumb\libg.a(lib_a-envlock.o)
                0x02024b7c                __env_lock
                0x02024b80                __env_unlock
 .text          0x02024b84      0x674 c:/ndsdev/devkitpro/devkitarm/bin/../lib/gcc/arm-eabi/4.6.0/../../../../arm-eabi/lib/thumb\libg.a(lib_a-gdtoa-gethex.o)
                0x02024c44                __hexdig_init
                0x02024ca0                __gethex
 .text          0x020251f8      0x1e0 c:/ndsdev/devkitpro/devkitarm/bin/../lib/gcc/arm-eabi/4.6.0/../../../../arm-eabi/lib/thumb\libg.a(lib_a-gdtoa-hexnan.o)
                0x020251f8                __hexnan
 .text          0x020253d8      0x144 c:/ndsdev/devkitpro/devkitarm/bin/../lib/gcc/arm-eabi/4.6.0/../../../../arm-eabi/lib/thumb\libsysbase.a(iosupport.o)
                0x020253d8                setDefaultDevice
                0x020253ec                FindDevice
                0x0202545c                RemoveDevice
                0x02025480                AddDevice
                0x020254fc                GetDeviceOpTab
 .text          0x0202551c       0x50 c:/ndsdev/devkitpro/devkitarm/bin/../lib/gcc/arm-eabi/4.6.0/../../../../arm-eabi/lib/thumb\libsysbase.a(close.o)
                0x0202551c                _close_r
 .text          0x0202556c       0x58 c:/ndsdev/devkitpro/devkitarm/bin/../lib/gcc/arm-eabi/4.6.0/../../../../arm-eabi/lib/thumb\libsysbase.a(fstat.o)
                0x0202556c                _fstat_r
 .text          0x020255c4        0x4 c:/ndsdev/devkitpro/devkitarm/bin/../lib/gcc/arm-eabi/4.6.0/../../../../arm-eabi/lib/thumb\libsysbase.a(isatty.o)
                0x020255c4                _isatty_r
 .text          0x020255c8       0x54 c:/ndsdev/devkitpro/devkitarm/bin/../lib/gcc/arm-eabi/4.6.0/../../../../arm-eabi/lib/thumb\libsysbase.a(lseek.o)
                0x020255c8                _lseek_r
 .text          0x0202561c       0xa0 c:/ndsdev/devkitpro/devkitarm/bin/../lib/gcc/arm-eabi/4.6.0/../../../../arm-eabi/lib/thumb\libsysbase.a(open.o)
                0x0202561c                _open_r
 .text          0x020256bc       0x54 c:/ndsdev/devkitpro/devkitarm/bin/../lib/gcc/arm-eabi/4.6.0/../../../../arm-eabi/lib/thumb\libsysbase.a(read.o)
                0x020256bc                _read_r
 .text          0x02025710       0x54 c:/ndsdev/devkitpro/devkitarm/bin/../lib/gcc/arm-eabi/4.6.0/../../../../arm-eabi/lib/thumb\libsysbase.a(sbrk.o)
                0x02025710                _sbrk_r
 .text          0x02025764       0x48 c:/ndsdev/devkitpro/devkitarm/bin/../lib/gcc/arm-eabi/4.6.0/../../../../arm-eabi/lib/thumb\libsysbase.a(times.o)
                0x02025764                _times
                0x02025778                _times_r
                0x02025780                _gettimeofday_r
 .text          0x020257ac       0x54 c:/ndsdev/devkitpro/devkitarm/bin/../lib/gcc/arm-eabi/4.6.0/../../../../arm-eabi/lib/thumb\libsysbase.a(write.o)
                0x020257ac                _write_r
 .text          0x02025800        0x0 c:/ndsdev/devkitpro/devkitarm/bin/../lib/gcc/arm-eabi/4.6.0/../../../../arm-eabi/lib/thumb\libsysbase.a(malloc_vars.o)
 .text          0x02025800      0x248 c:/ndsdev/devkitpro/devkitarm/bin/../lib/gcc/arm-eabi/4.6.0/../../../../arm-eabi/lib/thumb\libsysbase.a(chdir.o)
                0x02025800                _concatenate_path
                0x02025918                chdir
                0x020259f8                getcwd
 .text          0x02025a48       0x58 c:/ndsdev/devkitpro/devkitarm/bin/../lib/gcc/arm-eabi/4.6.0/../../../../arm-eabi/lib/thumb\libsysbase.a(build_argv.o)
                0x02025a48                build_argv
 .text          0x02025aa0        0x0 c:/ndsdev/devkitpro/devkitarm/bin/../lib/gcc/arm-eabi/4.6.0/../../../../arm-eabi/lib/thumb\libsysbase.a(syscall_support.o)
 .text          0x02025aa0       0x80 c:/ndsdev/devkitpro/devkitarm/bin/../lib/gcc/arm-eabi/4.6.0/../../../../arm-eabi/lib/thumb\libsysbase.a(handle_manager.o)
                0x02025aa0                __release_handle
                0x02025acc                __alloc_handle
                0x02025b04                __get_handle
 .text          0x02025b20      0x41c c:/ndsdev/devkitpro/devkitarm/bin/../lib/gcc/arm-eabi/4.6.0/thumb\libgcc.a(_arm_addsubdf3.o)
                0x02025b20                __aeabi_drsub
                0x02025b28                __aeabi_dsub
                0x02025b28                __subdf3
                0x02025b2c                __aeabi_dadd
                0x02025b2c                __adddf3
                0x02025e3c                __floatunsidf
                0x02025e3c                __aeabi_ui2d
                0x02025e60                __floatsidf
                0x02025e60                __aeabi_i2d
                0x02025e88                __aeabi_f2d
                0x02025e88                __extendsfdf2
                0x02025ec8                __floatundidf
                0x02025ec8                __aeabi_ul2d
                0x02025edc                __floatdidf
                0x02025edc                __aeabi_l2d
 .text          0x02025f3c      0x49c c:/ndsdev/devkitpro/devkitarm/bin/../lib/gcc/arm-eabi/4.6.0/thumb\libgcc.a(_arm_muldivdf3.o)
                0x02025f3c                __aeabi_dmul
                0x02025f3c                __muldf3
                0x020261cc                __divdf3
                0x020261cc                __aeabi_ddiv
 .text          0x020263d8      0x144 c:/ndsdev/devkitpro/devkitarm/bin/../lib/gcc/arm-eabi/4.6.0/thumb\libgcc.a(_arm_cmpdf2.o)
                0x020263d8                __gtdf2
                0x020263d8                __gedf2
                0x020263e0                __ltdf2
                0x020263e0                __ledf2
                0x020263e8                __nedf2
                0x020263e8                __eqdf2
                0x020263e8                __cmpdf2
                0x02026470                __aeabi_cdrcmple
                0x0202648c                __aeabi_cdcmpeq
                0x0202648c                __aeabi_cdcmple
                0x020264a4                __aeabi_dcmpeq
                0x020264bc                __aeabi_dcmplt
                0x020264d4                __aeabi_dcmple
                0x020264ec                __aeabi_dcmpge
                0x02026504                __aeabi_dcmpgt
 .text          0x0202651c       0x5c c:/ndsdev/devkitpro/devkitarm/bin/../lib/gcc/arm-eabi/4.6.0/thumb\libgcc.a(_arm_fixdfsi.o)
                0x0202651c                __aeabi_d2iz
                0x0202651c                __fixdfsi
 .text          0x02026578       0x54 c:/ndsdev/devkitpro/devkitarm/bin/../lib/gcc/arm-eabi/4.6.0/thumb\libgcc.a(_arm_fixunsdfsi.o)
                0x02026578                __aeabi_d2uiz
                0x02026578                __fixunsdfsi
 .text          0x020265cc       0xa0 c:/ndsdev/devkitpro/devkitarm/bin/../lib/gcc/arm-eabi/4.6.0/thumb\libgcc.a(_arm_truncdfsf2.o)
                0x020265cc                __truncdfsf2
                0x020265cc                __aeabi_d2f
 .text          0x0202666c       0x3c c:/ndsdev/devkitpro/devkitarm/bin/../lib/gcc/arm-eabi/4.6.0/thumb\libgcc.a(_aeabi_uldivmod.o)
                0x0202666c                __aeabi_uldivmod
 .text          0x020266a8       0x4c c:/ndsdev/devkitpro/devkitarm/bin/../lib/gcc/arm-eabi/4.6.0/thumb\libgcc.a(_muldi3.o)
                0x020266a8                __muldi3
                0x020266a8                __aeabi_lmul
 .text          0x020266f4       0x74 c:/ndsdev/devkitpro/devkitarm/bin/../lib/gcc/arm-eabi/4.6.0/thumb\libgcc.a(bpabi.o)
                0x020266f4                __gnu_ldivmod_helper
                0x02026730                __gnu_uldivmod_helper
 .text          0x02026768      0xa84 c:/ndsdev/devkitpro/devkitarm/bin/../lib/gcc/arm-eabi/4.6.0/thumb\libgcc.a(unwind-arm.o)
                0x02026a44                _Unwind_VRS_Get
                0x02026a90                _Unwind_VRS_Set
                0x02026dd0                __aeabi_unwind_cpp_pr2
                0x02026de0                __aeabi_unwind_cpp_pr1
                0x02026df0                __aeabi_unwind_cpp_pr0
                0x02026e00                _Unwind_VRS_Pop
                0x02027078                _Unwind_GetCFA
                0x0202707c                __gnu_Unwind_RaiseException
                0x020270dc                __gnu_Unwind_ForcedUnwind
                0x020270f4                __gnu_Unwind_Resume
                0x02027134                __gnu_Unwind_Resume_or_Rethrow
                0x02027154                _Unwind_Complete
                0x02027158                _Unwind_DeleteException
                0x02027170                __gnu_Unwind_Backtrace
 .text          0x020271ec      0x1d8 c:/ndsdev/devkitpro/devkitarm/bin/../lib/gcc/arm-eabi/4.6.0/thumb\libgcc.a(libunwind.o)
                0x020271ec                __restore_core_regs
                0x020271ec                restore_core_regs
                0x02027208                __gnu_Unwind_Restore_VFP
                0x02027210                __gnu_Unwind_Save_VFP
                0x02027218                __gnu_Unwind_Restore_VFP_D
                0x02027220                __gnu_Unwind_Save_VFP_D
                0x02027228                __gnu_Unwind_Restore_VFP_D_16_to_31
                0x02027230                __gnu_Unwind_Save_VFP_D_16_to_31
                0x02027238                __gnu_Unwind_Restore_WMMXD
                0x0202727c                __gnu_Unwind_Save_WMMXD
                0x020272c0                __gnu_Unwind_Restore_WMMXC
                0x020272d4                __gnu_Unwind_Save_WMMXC
                0x020272e8                ___Unwind_RaiseException
                0x020272e8                _Unwind_RaiseException
                0x02027314                _Unwind_Resume
                0x02027314                ___Unwind_Resume
                0x02027340                _Unwind_Resume_or_Rethrow
                0x02027340                ___Unwind_Resume_or_Rethrow
                0x0202736c                _Unwind_ForcedUnwind
                0x0202736c                ___Unwind_ForcedUnwind
                0x02027398                ___Unwind_Backtrace
                0x02027398                _Unwind_Backtrace
 .text          0x020273c4      0x3a0 c:/ndsdev/devkitpro/devkitarm/bin/../lib/gcc/arm-eabi/4.6.0/thumb\libgcc.a(pr-support.o)
                0x02027420                __gnu_unwind_execute
                0x02027700                __gnu_unwind_frame
                0x0202772c                _Unwind_GetRegionStart
                0x0202773c                _Unwind_GetLanguageSpecificData
                0x02027754                _Unwind_GetDataRelBase
                0x0202775c                _Unwind_GetTextRelBase
 .text          0x02027764      0x390 c:/ndsdev/devkitpro/devkitarm/bin/../lib/gcc/arm-eabi/4.6.0/thumb\libgcc.a(_divdi3.o)
                0x02027764                __divdi3
 .text          0x02027af4      0x358 c:/ndsdev/devkitpro/devkitarm/bin/../lib/gcc/arm-eabi/4.6.0/thumb\libgcc.a(_udivdi3.o)
                0x02027af4                __udivdi3
 .text          0x02027e4c       0x48 c:/ndsdev/devkitpro/devkitarm/bin/../lib/gcc/arm-eabi/4.6.0/thumb\libgcc.a(_clzsi2.o)
                0x02027e4c                __clzsi2
 .text          0x02027e94       0x10 c:/ndsdev/devkitpro/devkitarm/bin/../lib/gcc/arm-eabi/4.6.0/../../../../arm-eabi/lib/thumb\libg.a(lib_a-abort.o)
                0x02027e94                abort
 .text          0x02027ea4      0x194 c:/ndsdev/devkitpro/devkitarm/bin/../lib/gcc/arm-eabi/4.6.0/../../../../arm-eabi/lib/thumb\libg.a(lib_a-signal.o)
                0x02027ea4                _init_signal_r
                0x02027ee4                _signal_r
                0x02027f24                _raise_r
                0x02027f84                __sigtramp_r
                0x02027fd4                raise
                0x02027fec                signal
                0x02028008                _init_signal
                0x0202801c                __sigtramp
 .text          0x02028038        0xc c:/ndsdev/devkitpro/devkitarm/bin/../lib/gcc/arm-eabi/4.6.0/../../../../arm-eabi/lib/thumb\libsysbase.a(getpid.o)
                0x02028038                _getpid_r
 .text          0x02028044        0xc c:/ndsdev/devkitpro/devkitarm/bin/../lib/gcc/arm-eabi/4.6.0/../../../../arm-eabi/lib/thumb\libsysbase.a(kill.o)
                0x02028044                _kill_r
 .text          0x02028050       0x18 c:/ndsdev/devkitpro/devkitarm/bin/../lib/gcc/arm-eabi/4.6.0/../../../../arm-eabi/lib/thumb\libsysbase.a(_exit.o)
                0x02028050                _exit
 .text          0x02028068        0x0 c:/ndsdev/devkitpro/devkitarm/bin/../lib/gcc/arm-eabi/4.6.0/thumb/crtend.o
 .text          0x02028068        0x0 c:/ndsdev/devkitpro/devkitarm/bin/../lib/gcc/arm-eabi/4.6.0/thumb/crtn.o
 *(.text.*)
 .text.startup  0x02028068      0x154 main.o
                0x02028068                main
 *fill*         0x020281bc        0x4 ff
 .text.startup.stub
                0x020281c0       0x10 linker stubs
 *(.stub)
 *(.gnu.warning)
 *(.gnu.linkonce.t*)
 *(.glue_7)
 .glue_7        0x00000000        0x0 linker stubs
 *(.glue_7t)
 .glue_7t       0x00000000        0x0 linker stubs
                0x020281d0                . = ALIGN (0x4)

.vfp11_veneer   0x020281d0        0x0
 .vfp11_veneer  0x00000000        0x0 linker stubs

.v4_bx          0x020281d0        0x0
 .v4_bx         0x00000000        0x0 linker stubs

.fini           0x020281d0        0xc
 *(.fini)
 .fini          0x020281d0        0x4 c:/ndsdev/devkitpro/devkitarm/bin/../lib/gcc/arm-eabi/4.6.0/thumb/crti.o
                0x020281d0                _fini
 .fini          0x020281d4        0x8 c:/ndsdev/devkitpro/devkitarm/bin/../lib/gcc/arm-eabi/4.6.0/thumb/crtn.o
                0x020281dc                __text_end = .

.rodata         0x020281e0     0x81c0
 *(.rodata)
 .rodata        0x020281e0       0x24 download.o
 .rodata        0x02028204        0xc main.o
 .rodata        0x02028210       0x20 wifi.o
 .rodata        0x02028230       0x30 c:/ndsdev/devkitPro/libnds/lib\libdswifi9.a(wifi_arm9.o)
 .rodata        0x02028260       0x54 c:/ndsdev/devkitPro/libnds/lib\libdswifi9.a(sgIP_TCP.o)
 .rodata        0x020282b4       0x64 c:/ndsdev/devkitPro/libnds/lib\libfat.a(libfat.o)
 .rodata        0x02028318        0xc c:/ndsdev/devkitPro/libnds/lib\libfat.a(partition.o)
 .rodata        0x02028324       0x54 c:/ndsdev/devkitPro/libnds/lib\libfat.a(directory.o)
 .rodata        0x02028378       0x18 c:/ndsdev/devkitPro/libnds/lib\libfat.a(disc.o)
                0x02028378                _FAT_disc_interfaces
 .rodata        0x02028390      0x200 c:/ndsdev/devkitPro/libnds/lib\libnds9.a(console.o)
 .rodata        0x02028590        0xc c:/ndsdev/devkitPro/libnds/lib\libnds9.a(dldi.o)
                0x02028590                DLDI_MAGIC_STRING_BACKWARDS
                0x02028598                DLDI_MAGIC_NUMBER
 .rodata        0x0202859c       0x20 c:/ndsdev/devkitPro/libnds/lib\libnds9.a(dsi_sd.o)
                0x0202859c                __io_dsisd
 .rodata        0x020285bc     0x2004 c:/ndsdev/devkitPro/libnds/lib\libnds9.a(default_font.bin.o)
                0x020285bc                default_font_bin
                0x0202a5bc                default_font_bin_size
                0x0202a5bc                default_font_bin_end
 .rodata        0x0202a5c0      0x308 c:/ndsdev/devkitPro/libnds/lib\libnds9.a(trig.o)
                0x0202a5c0                SIN_LUT
                0x0202a6c4                TAN_LUT
 .rodata        0x0202a8c8        0x4 c:/ndsdev/devkitpro/devkitarm/bin/../lib/gcc/arm-eabi/4.6.0/../../../../arm-eabi/lib/thumb\libg.a(lib_a-impure.o)
                0x0202a8c8                _global_impure_ptr
 .rodata        0x0202a8cc       0xf0 c:/ndsdev/devkitpro/devkitarm/bin/../lib/gcc/arm-eabi/4.6.0/../../../../arm-eabi/lib/thumb\libg.a(lib_a-locale.o)
 .rodata        0x0202a9bc       0xa8 c:/ndsdev/devkitpro/devkitarm/bin/../lib/gcc/arm-eabi/4.6.0/../../../../arm-eabi/lib/thumb\libg.a(lib_a-mbtowc_r.o)
 .rodata        0x0202aa64       0x60 c:/ndsdev/devkitpro/devkitarm/bin/../lib/gcc/arm-eabi/4.6.0/../../../../arm-eabi/lib/thumb\libg.a(lib_a-mktime.o)
 .rodata        0x0202aac4       0x68 c:/ndsdev/devkitpro/devkitarm/bin/../lib/gcc/arm-eabi/4.6.0/../../../../arm-eabi/lib/thumb\libg.a(lib_a-mktm_r.o)
 .rodata        0x0202ab2c      0x340 c:/ndsdev/devkitpro/devkitarm/bin/../lib/gcc/arm-eabi/4.6.0/../../../../arm-eabi/lib/thumb\libg.a(lib_a-svfiscanf.o)
 .rodata        0x0202ae6c      0x184 c:/ndsdev/devkitpro/devkitarm/bin/../lib/gcc/arm-eabi/4.6.0/../../../../arm-eabi/lib/thumb\libg.a(lib_a-svfprintf.o)
 .rodata        0x0202aff0      0x47c c:/ndsdev/devkitpro/devkitarm/bin/../lib/gcc/arm-eabi/4.6.0/../../../../arm-eabi/lib/thumb\libg.a(lib_a-svfscanf.o)
 .rodata        0x0202b46c      0x580 c:/ndsdev/devkitpro/devkitarm/bin/../lib/gcc/arm-eabi/4.6.0/../../../../arm-eabi/lib/thumb\libg.a(lib_a-towlower.o)
 .rodata        0x0202b9ec      0x3e4 c:/ndsdev/devkitpro/devkitarm/bin/../lib/gcc/arm-eabi/4.6.0/../../../../arm-eabi/lib/thumb\libg.a(lib_a-towupper.o)
 .rodata        0x0202bdd0      0x184 c:/ndsdev/devkitpro/devkitarm/bin/../lib/gcc/arm-eabi/4.6.0/../../../../arm-eabi/lib/thumb\libg.a(lib_a-vfiprintf.o)
 .rodata        0x0202bf54      0x184 c:/ndsdev/devkitpro/devkitarm/bin/../lib/gcc/arm-eabi/4.6.0/../../../../arm-eabi/lib/thumb\libg.a(lib_a-vfprintf.o)
 .rodata        0x0202c0d8      0x104 c:/ndsdev/devkitpro/devkitarm/bin/../lib/gcc/arm-eabi/4.6.0/../../../../arm-eabi/lib/thumb\libg.a(lib_a-ctype_.o)
                0x0202c0d8                _ctype_
 .rodata        0x0202c1dc     0x34f0 c:/ndsdev/devkitpro/devkitarm/bin/../lib/gcc/arm-eabi/4.6.0/../../../../arm-eabi/lib/thumb\libg.a(lib_a-jp2uc.o)
 *fill*         0x0202f6cc        0x4 ff
 .rodata        0x0202f6d0      0x128 c:/ndsdev/devkitpro/devkitarm/bin/../lib/gcc/arm-eabi/4.6.0/../../../../arm-eabi/lib/thumb\libg.a(lib_a-mprec.o)
                0x0202f6e0                __mprec_tens
                0x0202f7a8                __mprec_tinytens
                0x0202f7d0                __mprec_bigtens
 .rodata        0x0202f7f8      0x100 c:/ndsdev/devkitpro/devkitarm/bin/../lib/gcc/arm-eabi/4.6.0/../../../../arm-eabi/lib/thumb\libg.a(lib_a-strtod.o)
 .rodata        0x0202f8f8      0x184 c:/ndsdev/devkitpro/devkitarm/bin/../lib/gcc/arm-eabi/4.6.0/../../../../arm-eabi/lib/thumb\libg.a(lib_a-svfiprintf.o)
 .rodata        0x0202fa7c       0x64 c:/ndsdev/devkitpro/devkitarm/bin/../lib/gcc/arm-eabi/4.6.0/../../../../arm-eabi/lib/thumb\libsysbase.a(iosupport.o)
                0x0202fa7c                dotab_stdnull
 .rodata        0x0202fae0        0xc c:/ndsdev/devkitpro/devkitarm/bin/../lib/gcc/arm-eabi/4.6.0/../../../../arm-eabi/lib/thumb\libsysbase.a(chdir.o)
                0x0202fae0                DIRECTORY_PARENT
                0x0202fae4                DIRECTORY_THIS
                0x0202fae8                DIRECTORY_SEPARATOR
 .rodata        0x0202faec       0x14 c:/ndsdev/devkitpro/devkitarm/bin/../lib/gcc/arm-eabi/4.6.0/thumb\libgcc.a(unwind-arm.o)
 *all.rodata*(*)
 *(.roda)
 *(.rodata.*)
 .rodata.str1.4
                0x0202fb00      0x2bb download.o
                                0x2bc (size before relaxing)
 *fill*         0x0202fdbb        0x1 ff
 .rodata.str1.4
                0x0202fdbc      0x177 main.o
                                0x178 (size before relaxing)
 *fill*         0x0202ff33        0x1 ff
 .rodata.str1.4
                0x0202ff34      0x16a wifi.o
                                0x174 (size before relaxing)
 *fill*         0x0203009e        0x2 ff
 .rodata.str1.4
                0x020300a0       0xb6 c:/ndsdev/devkitPro/libnds/lib\libdswifi9.a(wifi_arm9.o)
                                 0xb8 (size before relaxing)
 *fill*         0x02030156        0x2 ff
 .rodata.str1.4
                0x02030158       0x15 c:/ndsdev/devkitPro/libnds/lib\libdswifi9.a(sgIP_DHCP.o)
                                 0x18 (size before relaxing)
 *fill*         0x0203016d        0x3 ff
 .rodata.str1.4
                0x02030170       0x14 c:/ndsdev/devkitPro/libnds/lib\libfat.a(libfat.o)
 .rodata.str1.4
                0x02030184        0x7 c:/ndsdev/devkitPro/libnds/lib\libfat.a(directory.o)
                                  0x8 (size before relaxing)
 *fill*         0x0203018b        0x1 ff
 .rodata.str1.4
                0x0203018c        0x3 c:/ndsdev/devkitPro/libnds/lib\libfat.a(disc.o)
                                  0x8 (size before relaxing)
 *fill*         0x0203018f        0x1 ff
 .rodata.str1.4
                0x02030190        0x5 c:/ndsdev/devkitPro/libnds/lib\libfat.a(fatdir.o)
                                  0x8 (size before relaxing)
 *fill*         0x02030195        0x3 ff
 .rodata.str1.4
                0x02030198       0x49 c:/ndsdev/devkitPro/libnds/lib\libnds9.a(console.o)
                                 0x4c (size before relaxing)
 *fill*         0x020301e1        0x3 ff
 .rodata.str1.4
                0x020301e4        0x2 c:/ndsdev/devkitpro/devkitarm/bin/../lib/gcc/arm-eabi/4.6.0/../../../../arm-eabi/lib/thumb\libg.a(lib_a-impure.o)
                                  0x4 (size before relaxing)
 *fill*         0x020301e6        0x2 ff
 .rodata.str1.4
                0x020301e8      0x124 c:/ndsdev/devkitpro/devkitarm/bin/../lib/gcc/arm-eabi/4.6.0/../../../../arm-eabi/lib/thumb\libg.a(lib_a-locale.o)
                                0x130 (size before relaxing)
 .rodata.str1.4
                0x00000000        0x4 c:/ndsdev/devkitpro/devkitarm/bin/../lib/gcc/arm-eabi/4.6.0/../../../../arm-eabi/lib/thumb\libg.a(lib_a-mbrtowc.o)
 .rodata.str1.4
                0x0203030c       0x42 c:/ndsdev/devkitpro/devkitarm/bin/../lib/gcc/arm-eabi/4.6.0/../../../../arm-eabi/lib/thumb\libg.a(lib_a-svfprintf.o)
                                 0x44 (size before relaxing)
 *fill*         0x0203034e        0x2 ff
 .rodata.str1.4
                0x02030350        0x5 c:/ndsdev/devkitpro/devkitarm/bin/../lib/gcc/arm-eabi/4.6.0/../../../../arm-eabi/lib/thumb\libg.a(lib_a-svfscanf.o)
                                  0x8 (size before relaxing)
 *fill*         0x02030355        0x3 ff
 .rodata.str1.4
                0x02030358        0x4 c:/ndsdev/devkitpro/devkitarm/bin/../lib/gcc/arm-eabi/4.6.0/../../../../arm-eabi/lib/thumb\libg.a(lib_a-tzvars.o)
 .rodata.str1.4
                0x00000000       0x30 c:/ndsdev/devkitpro/devkitarm/bin/../lib/gcc/arm-eabi/4.6.0/../../../../arm-eabi/lib/thumb\libg.a(lib_a-vfiprintf.o)
 .rodata.str1.4
                0x00000000       0x44 c:/ndsdev/devkitpro/devkitarm/bin/../lib/gcc/arm-eabi/4.6.0/../../../../arm-eabi/lib/thumb\libg.a(lib_a-vfprintf.o)
 .rodata.str1.4
                0x0203035c       0x10 c:/ndsdev/devkitpro/devkitarm/bin/../lib/gcc/arm-eabi/4.6.0/../../../../arm-eabi/lib/thumb\libg.a(lib_a-dtoa.o)
                                 0x14 (size before relaxing)
 .rodata.str1.4
                0x00000000       0x14 c:/ndsdev/devkitpro/devkitarm/bin/../lib/gcc/arm-eabi/4.6.0/../../../../arm-eabi/lib/thumb\libg.a(lib_a-jp2uc.o)
 .rodata.str1.4
                0x0203036c        0xf c:/ndsdev/devkitpro/devkitarm/bin/../lib/gcc/arm-eabi/4.6.0/../../../../arm-eabi/lib/thumb\libg.a(lib_a-strtod.o)
                                 0x10 (size before relaxing)
 .rodata.str1.4
                0x00000000       0x30 c:/ndsdev/devkitpro/devkitarm/bin/../lib/gcc/arm-eabi/4.6.0/../../../../arm-eabi/lib/thumb\libg.a(lib_a-svfiprintf.o)
 *fill*         0x0203037b        0x1 ff
 .rodata.str1.4
                0x0203037c       0x1b c:/ndsdev/devkitpro/devkitarm/bin/../lib/gcc/arm-eabi/4.6.0/../../../../arm-eabi/lib/thumb\libg.a(lib_a-gdtoa-gethex.o)
                                 0x1c (size before relaxing)
 *fill*         0x02030397        0x1 ff
 .rodata.str1.4
                0x02030398        0x8 c:/ndsdev/devkitpro/devkitarm/bin/../lib/gcc/arm-eabi/4.6.0/../../../../arm-eabi/lib/thumb\libsysbase.a(iosupport.o)
 *(.gnu.linkonce.r*)
                0x020303a0                . = ALIGN (0x4)

.ARM.extab      0x020303a0       0xb4
 *(.ARM.extab* .gnu.linkonce.armextab.*)
 .ARM.extab     0x020303a0        0x0 c:/ndsdev/devkitpro/devkitarm/bin/../lib/gcc/arm-eabi/4.6.0/thumb\libgcc.a(bpabi.o)
 .ARM.extab     0x020303a0       0x6c c:/ndsdev/devkitpro/devkitarm/bin/../lib/gcc/arm-eabi/4.6.0/thumb\libgcc.a(unwind-arm.o)
 .ARM.extab     0x0203040c       0x30 c:/ndsdev/devkitpro/devkitarm/bin/../lib/gcc/arm-eabi/4.6.0/thumb\libgcc.a(pr-support.o)
 .ARM.extab     0x0203043c        0xc c:/ndsdev/devkitpro/devkitarm/bin/../lib/gcc/arm-eabi/4.6.0/thumb\libgcc.a(_divdi3.o)
 .ARM.extab     0x02030448        0xc c:/ndsdev/devkitpro/devkitarm/bin/../lib/gcc/arm-eabi/4.6.0/thumb\libgcc.a(_udivdi3.o)
                0x02030454                __exidx_start = .

ARM.exidx       0x02030454       0xf8
 *(.ARM.exidx* .gnu.linkonce.armexidx.*)
 .ARM.exidx     0x02030454        0x8 c:/ndsdev/devkitpro/devkitarm/bin/../lib/gcc/arm-eabi/4.6.0/thumb\libgcc.a(bpabi.o)
                                 0x10 (size before relaxing)
 .ARM.exidx     0x0203045c       0xa0 c:/ndsdev/devkitpro/devkitarm/bin/../lib/gcc/arm-eabi/4.6.0/thumb\libgcc.a(unwind-arm.o)
                                 0xc0 (size before relaxing)
 .ARM.exidx     0x020304fc       0x38 c:/ndsdev/devkitpro/devkitarm/bin/../lib/gcc/arm-eabi/4.6.0/thumb\libgcc.a(pr-support.o)
                                 0x48 (size before relaxing)
 .ARM.exidx     0x02030534        0x8 c:/ndsdev/devkitpro/devkitarm/bin/../lib/gcc/arm-eabi/4.6.0/thumb\libgcc.a(_divdi3.o)
 .ARM.exidx     0x0203053c       0x10 c:/ndsdev/devkitpro/devkitarm/bin/../lib/gcc/arm-eabi/4.6.0/thumb\libgcc.a(_udivdi3.o)
                                  0x8 (size before relaxing)
                0x0203054c                __exidx_end = .
                0x0203054c                . = ALIGN (0x4)
                0x0203054c                PROVIDE (__preinit_array_start, .)

.preinit_array
 *(.preinit_array)
                0x0203054c                PROVIDE (__preinit_array_end, .)
                0x0203054c                PROVIDE (__init_array_start, .)

.init_array     0x0203054c        0x4
 *(SORT(.init_array.*))
 *(.init_array)
 .init_array    0x0203054c        0x4 c:/ndsdev/devkitpro/devkitarm/bin/../lib/gcc/arm-eabi/4.6.0/thumb/crtbegin.o
                0x02030550                PROVIDE (__init_array_end, .)
                0x02030550                PROVIDE (__fini_array_start, .)

.fini_array     0x02030550        0x4
 *(.fini_array)
 .fini_array    0x02030550        0x4 c:/ndsdev/devkitpro/devkitarm/bin/../lib/gcc/arm-eabi/4.6.0/thumb/crtbegin.o
 *(SORT(.fini_array.*))
                0x02030554                PROVIDE (__fini_array_end, .)

.ctors          0x02030554        0x0
 *crtbegin.o(.ctors)
 *(EXCLUDE_FILE(*crtend.o) .ctors)
 *(SORT(.ctors.*))
 *(.ctors)
                0x02030554                . = ALIGN (0x4)

.dtors          0x02030554        0x0
 *crtbegin.o(.dtors)
 *(EXCLUDE_FILE(*crtend.o) .dtors)
 *(SORT(.dtors.*))
 *(.dtors)
                0x02030554                . = ALIGN (0x4)

.eh_frame       0x02030554        0x4
 *(.eh_frame)
 .eh_frame      0x02030554        0x0 c:/ndsdev/devkitpro/devkitarm/bin/../lib/gcc/arm-eabi/4.6.0/thumb/crtbegin.o
 .eh_frame      0x02030554        0x4 c:/ndsdev/devkitpro/devkitarm/bin/../lib/gcc/arm-eabi/4.6.0/thumb/crtend.o
                0x02030558                . = ALIGN (0x4)

.gcc_except_table
                0x02030558        0x0
 *(.gcc_except_table)
                0x02030558                . = ALIGN (0x4)

.jcr            0x02030558        0x4
 *(.jcr)
 .jcr           0x02030558        0x0 c:/ndsdev/devkitpro/devkitarm/bin/../lib/gcc/arm-eabi/4.6.0/thumb/crtbegin.o
 .jcr           0x02030558        0x4 c:/ndsdev/devkitpro/devkitarm/bin/../lib/gcc/arm-eabi/4.6.0/thumb/crtend.o

.got
 *(.got.plt)
 *(.got)
 *(.rel.got)

.ewram          0x0203055c        0x0
                0x0203055c                __ewram_start = ABSOLUTE (.)
 *(.ewram)
 *ewram.*(.text)
                0x0203055c                . = ALIGN (0x4)

.data           0x0203055c     0x1014
                0x0203055c                __data_start = ABSOLUTE (.)
 *(.data)
 .data          0x0203055c        0x0 c:/ndsdev/devkitpro/devkitarm/bin/../lib/gcc/arm-eabi/4.6.0/../../../../arm-eabi/lib/thumb/ds_arm9_crt0.o
 .data          0x0203055c        0x0 c:/ndsdev/devkitpro/devkitarm/bin/../lib/gcc/arm-eabi/4.6.0/thumb/crti.o
 .data          0x0203055c        0x4 c:/ndsdev/devkitpro/devkitarm/bin/../lib/gcc/arm-eabi/4.6.0/thumb/crtbegin.o
                0x0203055c                __dso_handle
 .data          0x02030560        0x0 download.o
 .data          0x02030560       0x94 main.o
                0x02030560                Config
 .data          0x020305f4        0x0 serial.o
 .data          0x020305f4        0x0 usb.o
 .data          0x020305f4        0x4 wifi.o
 .data          0x020305f8        0x0 jump.o
 .data          0x020305f8        0x0 c:/ndsdev/devkitPro/libnds/lib\libdswifi9.a(sgIP_DNS.o)
 .data          0x020305f8        0x0 c:/ndsdev/devkitPro/libnds/lib\libdswifi9.a(sgIP_Hub.o)
 .data          0x020305f8        0x0 c:/ndsdev/devkitPro/libnds/lib\libdswifi9.a(sgIP_memblock.o)
 .data          0x020305f8        0x0 c:/ndsdev/devkitPro/libnds/lib\libdswifi9.a(sgIP_sockets.o)
 .data          0x020305f8       0x1c c:/ndsdev/devkitPro/libnds/lib\libdswifi9.a(wifi_arm9.o)
                0x020305f8                ASSOCSTATUS_STRINGS
 .data          0x02030614        0x0 c:/ndsdev/devkitPro/libnds/lib\libdswifi9.a(spinlock.o)
 .data          0x02030614        0x0 c:/ndsdev/devkitPro/libnds/lib\libdswifi9.a(sgIP.o)
 .data          0x02030614        0x0 c:/ndsdev/devkitPro/libnds/lib\libdswifi9.a(sgIP_ARP.o)
 .data          0x02030614        0x0 c:/ndsdev/devkitPro/libnds/lib\libdswifi9.a(sgIP_DHCP.o)
 .data          0x02030614        0x0 c:/ndsdev/devkitPro/libnds/lib\libdswifi9.a(sgIP_IP.o)
 .data          0x02030614        0x0 c:/ndsdev/devkitPro/libnds/lib\libdswifi9.a(sgIP_TCP.o)
 .data          0x02030614        0x0 c:/ndsdev/devkitPro/libnds/lib\libdswifi9.a(sgIP_UDP.o)
 .data          0x02030614        0x0 c:/ndsdev/devkitPro/libnds/lib\libdswifi9.a(sgIP_ICMP.o)
 .data          0x02030614        0x0 c:/ndsdev/devkitPro/libnds/lib\libfat.a(libfat.o)
 .data          0x02030614        0x0 c:/ndsdev/devkitPro/libnds/lib\libfat.a(partition.o)
 .data          0x02030614        0x0 c:/ndsdev/devkitPro/libnds/lib\libfat.a(cache.o)
 .data          0x02030614        0x0 c:/ndsdev/devkitPro/libnds/lib\libfat.a(directory.o)
 .data          0x02030614        0x0 c:/ndsdev/devkitPro/libnds/lib\libfat.a(disc.o)
 .data          0x02030614        0x0 c:/ndsdev/devkitPro/libnds/lib\libfat.a(fatdir.o)
 .data          0x02030614        0x0 c:/ndsdev/devkitPro/libnds/lib\libfat.a(fatfile.o)
 .data          0x02030614        0x0 c:/ndsdev/devkitPro/libnds/lib\libfat.a(file_allocation_table.o)
 .data          0x02030614        0x0 c:/ndsdev/devkitPro/libnds/lib\libfat.a(filetime.o)
 .data          0x02030614        0x0 c:/ndsdev/devkitPro/libnds/lib\libfat.a(lock.o)
 .data          0x02030614       0x64 c:/ndsdev/devkitPro/libnds/lib\libnds9.a(console.o)
                0x02030614                currentConsole
                0x02030618                defaultConsole
 .data          0x02030678        0x4 c:/ndsdev/devkitPro/libnds/lib\libnds9.a(dldi.o)
                0x02030678                io_dldi_data
 .data          0x0203067c        0x0 c:/ndsdev/devkitPro/libnds/lib\libnds9.a(dsi_sd.o)
 .data          0x0203067c        0x0 c:/ndsdev/devkitPro/libnds/lib\libnds9.a(initSystem.o)
 .data          0x0203067c       0x10 c:/ndsdev/devkitPro/libnds/lib\libnds9.a(fifosystem.o)
                0x0203067c                fifo_freewords
                0x02030680                fifo_buffer_free
                0x02030684                fifo_send_queue
                0x02030688                fifo_receive_queue
 .data          0x0203068c        0x0 c:/ndsdev/devkitPro/libnds/lib\libnds9.a(interrupts.o)
 .data          0x0203068c        0x0 c:/ndsdev/devkitPro/libnds/lib\libnds9.a(libnds_exit.o)
 .data          0x0203068c        0x0 c:/ndsdev/devkitPro/libnds/lib\libnds9.a(dcache.o)
 .data          0x0203068c        0x0 c:/ndsdev/devkitPro/libnds/lib\libnds9.a(dldi_stub.o)
 .data          0x0203068c        0x0 c:/ndsdev/devkitPro/libnds/lib\libnds9.a(mpu_setup.o)
 .data          0x0203068c        0x0 c:/ndsdev/devkitPro/libnds/lib\libnds9.a(biosCalls.o)
 .data          0x0203068c        0x0 c:/ndsdev/devkitPro/libnds/lib\libnds9.a(debugprint.o)
 .data          0x0203068c        0x0 c:/ndsdev/devkitPro/libnds/lib\libnds9.a(interruptDispatcher.o)
 .data          0x0203068c        0x0 c:/ndsdev/devkitPro/libnds/lib\libnds9.a(swiSoftReset.o)
 .data          0x0203068c        0x0 c:/ndsdev/devkitPro/libnds/lib\libnds9.a(default_font.bin.o)
 .data          0x0203068c       0x60 c:/ndsdev/devkitPro/libnds/lib\libnds9.a(background.o)
                0x0203068c                bgScrollTable
                0x020306ac                bgTransform
                0x020306cc                bgControl
 .data          0x020306ec        0x0 c:/ndsdev/devkitPro/libnds/lib\libnds9.a(system.o)
 .data          0x020306ec        0x0 c:/ndsdev/devkitPro/libnds/lib\libnds9.a(trig.o)
 .data          0x020306ec        0x0 c:/ndsdev/devkitPro/libnds/lib\libnds9.a(video.o)
 .data          0x020306ec        0x0 c:/ndsdev/devkitpro/devkitarm/bin/../lib/gcc/arm-eabi/4.6.0/thumb\libgcc.a(_udivsi3.o)
 .data          0x020306ec        0x0 c:/ndsdev/devkitpro/devkitarm/bin/../lib/gcc/arm-eabi/4.6.0/thumb\libgcc.a(_divsi3.o)
 .data          0x020306ec        0x0 c:/ndsdev/devkitpro/devkitarm/bin/../lib/gcc/arm-eabi/4.6.0/thumb\libgcc.a(_dvmd_tls.o)
 .data          0x020306ec        0x0 c:/ndsdev/devkitpro/devkitarm/bin/../lib/gcc/arm-eabi/4.6.0/../../../../arm-eabi/lib/thumb\libg.a(lib_a-atoi.o)
 .data          0x020306ec        0x0 c:/ndsdev/devkitpro/devkitarm/bin/../lib/gcc/arm-eabi/4.6.0/../../../../arm-eabi/lib/thumb\libg.a(lib_a-bsearch.o)
 .data          0x020306ec        0x0 c:/ndsdev/devkitpro/devkitarm/bin/../lib/gcc/arm-eabi/4.6.0/../../../../arm-eabi/lib/thumb\libg.a(lib_a-errno.o)
 .data          0x020306ec        0x0 c:/ndsdev/devkitpro/devkitarm/bin/../lib/gcc/arm-eabi/4.6.0/../../../../arm-eabi/lib/thumb\libg.a(lib_a-fclose.o)
 .data          0x020306ec        0x0 c:/ndsdev/devkitpro/devkitarm/bin/../lib/gcc/arm-eabi/4.6.0/../../../../arm-eabi/lib/thumb\libg.a(lib_a-fflush.o)
 .data          0x020306ec        0x0 c:/ndsdev/devkitpro/devkitarm/bin/../lib/gcc/arm-eabi/4.6.0/../../../../arm-eabi/lib/thumb\libg.a(lib_a-fgets.o)
 .data          0x020306ec        0x0 c:/ndsdev/devkitpro/devkitarm/bin/../lib/gcc/arm-eabi/4.6.0/../../../../arm-eabi/lib/thumb\libg.a(lib_a-findfp.o)
 .data          0x020306ec        0x0 c:/ndsdev/devkitpro/devkitarm/bin/../lib/gcc/arm-eabi/4.6.0/../../../../arm-eabi/lib/thumb\libg.a(lib_a-fopen.o)
 .data          0x020306ec        0x0 c:/ndsdev/devkitpro/devkitarm/bin/../lib/gcc/arm-eabi/4.6.0/../../../../arm-eabi/lib/thumb\libg.a(lib_a-freer.o)
 .data          0x020306ec        0x0 c:/ndsdev/devkitpro/devkitarm/bin/../lib/gcc/arm-eabi/4.6.0/../../../../arm-eabi/lib/thumb\libg.a(lib_a-fseek.o)
 .data          0x020306ec        0x0 c:/ndsdev/devkitpro/devkitarm/bin/../lib/gcc/arm-eabi/4.6.0/../../../../arm-eabi/lib/thumb\libg.a(lib_a-fwalk.o)
 .data          0x020306ec        0x0 c:/ndsdev/devkitpro/devkitarm/bin/../lib/gcc/arm-eabi/4.6.0/../../../../arm-eabi/lib/thumb\libg.a(lib_a-fwrite.o)
 *fill*         0x020306ec        0x4 ff
 .data          0x020306f0      0x430 c:/ndsdev/devkitpro/devkitarm/bin/../lib/gcc/arm-eabi/4.6.0/../../../../arm-eabi/lib/thumb\libg.a(lib_a-impure.o)
                0x020306f0                _impure_ptr
 .data          0x02030b20        0x0 c:/ndsdev/devkitpro/devkitarm/bin/../lib/gcc/arm-eabi/4.6.0/../../../../arm-eabi/lib/thumb\libg.a(lib_a-init.o)
 .data          0x02030b20        0x0 c:/ndsdev/devkitpro/devkitarm/bin/../lib/gcc/arm-eabi/4.6.0/../../../../arm-eabi/lib/thumb\libg.a(lib_a-iprintf.o)
 .data          0x02030b20        0x0 c:/ndsdev/devkitpro/devkitarm/bin/../lib/gcc/arm-eabi/4.6.0/../../../../arm-eabi/lib/thumb\libg.a(lib_a-lcltime_r.o)
 .data          0x02030b20      0x17c c:/ndsdev/devkitpro/devkitarm/bin/../lib/gcc/arm-eabi/4.6.0/../../../../arm-eabi/lib/thumb\libg.a(lib_a-locale.o)
                0x02030b20                __default_locale
                0x02030c40                __mb_cur_max
 .data          0x02030c9c        0x0 c:/ndsdev/devkitpro/devkitarm/bin/../lib/gcc/arm-eabi/4.6.0/../../../../arm-eabi/lib/thumb\libg.a(lib_a-makebuf.o)
 .data          0x02030c9c        0x0 c:/ndsdev/devkitpro/devkitarm/bin/../lib/gcc/arm-eabi/4.6.0/../../../../arm-eabi/lib/thumb\libg.a(lib_a-malloc.o)
 .data          0x02030c9c      0x410 c:/ndsdev/devkitpro/devkitarm/bin/../lib/gcc/arm-eabi/4.6.0/../../../../arm-eabi/lib/thumb\libg.a(lib_a-mallocr.o)
                0x02030c9c                __malloc_av_
                0x020310a4                __malloc_sbrk_base
                0x020310a8                __malloc_trim_threshold
 .data          0x020310ac        0x0 c:/ndsdev/devkitpro/devkitarm/bin/../lib/gcc/arm-eabi/4.6.0/../../../../arm-eabi/lib/thumb\libg.a(lib_a-mbrtowc.o)
 .data          0x020310ac        0x0 c:/ndsdev/devkitpro/devkitarm/bin/../lib/gcc/arm-eabi/4.6.0/../../../../arm-eabi/lib/thumb\libg.a(lib_a-mbsrtowcs.o)
 .data          0x020310ac        0x4 c:/ndsdev/devkitpro/devkitarm/bin/../lib/gcc/arm-eabi/4.6.0/../../../../arm-eabi/lib/thumb\libg.a(lib_a-mbtowc_r.o)
                0x020310ac                __mbtowc
 .data          0x020310b0        0x0 c:/ndsdev/devkitpro/devkitarm/bin/../lib/gcc/arm-eabi/4.6.0/../../../../arm-eabi/lib/thumb\libg.a(lib_a-memchr.o)
 .data          0x020310b0        0x0 c:/ndsdev/devkitpro/devkitarm/bin/../lib/gcc/arm-eabi/4.6.0/../../../../arm-eabi/lib/thumb\libg.a(lib_a-memcmp.o)
 .data          0x020310b0        0x0 c:/ndsdev/devkitpro/devkitarm/bin/../lib/gcc/arm-eabi/4.6.0/../../../../arm-eabi/lib/thumb\libg.a(lib_a-memcpy.o)
 .data          0x020310b0        0x0 c:/ndsdev/devkitpro/devkitarm/bin/../lib/gcc/arm-eabi/4.6.0/../../../../arm-eabi/lib/thumb\libg.a(lib_a-memmove.o)
 .data          0x020310b0        0x0 c:/ndsdev/devkitpro/devkitarm/bin/../lib/gcc/arm-eabi/4.6.0/../../../../arm-eabi/lib/thumb\libg.a(lib_a-memset.o)
 .data          0x020310b0        0x0 c:/ndsdev/devkitpro/devkitarm/bin/../lib/gcc/arm-eabi/4.6.0/../../../../arm-eabi/lib/thumb\libg.a(lib_a-mktime.o)
 .data          0x020310b0        0x0 c:/ndsdev/devkitpro/devkitarm/bin/../lib/gcc/arm-eabi/4.6.0/../../../../arm-eabi/lib/thumb\libg.a(lib_a-mktm_r.o)
 .data          0x020310b0        0x0 c:/ndsdev/devkitpro/devkitarm/bin/../lib/gcc/arm-eabi/4.6.0/../../../../arm-eabi/lib/thumb\libg.a(lib_a-mlock.o)
 .data          0x020310b0        0x0 c:/ndsdev/devkitpro/devkitarm/bin/../lib/gcc/arm-eabi/4.6.0/../../../../arm-eabi/lib/thumb\libg.a(lib_a-printf.o)
 .data          0x020310b0        0x0 c:/ndsdev/devkitpro/devkitarm/bin/../lib/gcc/arm-eabi/4.6.0/../../../../arm-eabi/lib/thumb\libg.a(lib_a-refill.o)
 .data          0x020310b0        0x0 c:/ndsdev/devkitpro/devkitarm/bin/../lib/gcc/arm-eabi/4.6.0/../../../../arm-eabi/lib/thumb\libg.a(lib_a-setvbuf.o)
 .data          0x020310b0        0x0 c:/ndsdev/devkitpro/devkitarm/bin/../lib/gcc/arm-eabi/4.6.0/../../../../arm-eabi/lib/thumb\libg.a(lib_a-siscanf.o)
 .data          0x020310b0        0x0 c:/ndsdev/devkitpro/devkitarm/bin/../lib/gcc/arm-eabi/4.6.0/../../../../arm-eabi/lib/thumb\libg.a(lib_a-sprintf.o)
 .data          0x020310b0        0x0 c:/ndsdev/devkitpro/devkitarm/bin/../lib/gcc/arm-eabi/4.6.0/../../../../arm-eabi/lib/thumb\libg.a(lib_a-sscanf.o)
 .data          0x020310b0        0x0 c:/ndsdev/devkitpro/devkitarm/bin/../lib/gcc/arm-eabi/4.6.0/../../../../arm-eabi/lib/thumb\libg.a(lib_a-stdio.o)
 .data          0x020310b0        0x0 c:/ndsdev/devkitpro/devkitarm/bin/../lib/gcc/arm-eabi/4.6.0/../../../../arm-eabi/lib/thumb\libg.a(lib_a-strcasecmp.o)
 .data          0x020310b0        0x0 c:/ndsdev/devkitpro/devkitarm/bin/../lib/gcc/arm-eabi/4.6.0/../../../../arm-eabi/lib/thumb\libg.a(lib_a-strcat.o)
 .data          0x020310b0        0x0 c:/ndsdev/devkitpro/devkitarm/bin/../lib/gcc/arm-eabi/4.6.0/../../../../arm-eabi/lib/thumb\libg.a(lib_a-strchr.o)