Archive member included because of file (symbol)

c:/_ndsdev/devkitPro/PAlib/lib\libpa9.a(PA.o)
                              main.o (PA_CheckLid)
c:/_ndsdev/devkitPro/PAlib/lib\libpa9.a(PA_BgEasy.o)
                              main.o (PA_StoreEasyBgInfos)
c:/_ndsdev/devkitPro/PAlib/lib\libpa9.a(PA_BgLargeMap.o)
                              c:/_ndsdev/devkitPro/PAlib/lib\libpa9.a(PA_BgEasy.o) (PA_InfLargeScrollXN)
c:/_ndsdev/devkitPro/PAlib/lib\libpa9.a(PA_BgTiles.o)
                              main.o (PA_BgInfo)
c:/_ndsdev/devkitPro/PAlib/lib\libpa9.a(PA_Error.o)
                              c:/_ndsdev/devkitPro/PAlib/lib\libpa9.a(PA_BgTiles.o) (PA_Error)
c:/_ndsdev/devkitPro/PAlib/lib\libpa9.a(PA_Inits.o)
                              c:/_ndsdev/devkitPro/PAlib/lib\libpa9.a(PA_Error.o) (PA_Init2D)
c:/_ndsdev/devkitPro/PAlib/lib\libpa9.a(PA_Interrupt.o)
                              main.o (PA_VBLCountersReset)
c:/_ndsdev/devkitPro/PAlib/lib\libpa9.a(PA_Keys.o)
                              c:/_ndsdev/devkitPro/PAlib/lib\libpa9.a(PA_Interrupt.o) (PA_UpdatePad)
c:/_ndsdev/devkitPro/PAlib/lib\libpa9.a(PA_Math.o)
                              main.o (RandomValue)
c:/_ndsdev/devkitPro/PAlib/lib\libpa9.a(PA_Palette.o)
                              main.o (PA_LoadSpriteExtPal)
c:/_ndsdev/devkitPro/PAlib/lib\libpa9.a(PA_RTC.o)
                              c:/_ndsdev/devkitPro/PAlib/lib\libpa9.a(PA_Inits.o) (PA_UpdateUserInfo)
c:/_ndsdev/devkitPro/PAlib/lib\libpa9.a(PA_Reco.o)
                              c:/_ndsdev/devkitPro/PAlib/lib\libpa9.a(PA_Inits.o) (PA_UseGraffiti)
c:/_ndsdev/devkitPro/PAlib/lib\libpa9.a(PA_Sprite.o)
                              main.o (PA_ResetSpriteSysScreen)
c:/_ndsdev/devkitPro/PAlib/lib\libpa9.a(PA_SpriteAnim.o)
                              main.o (PA_StartSpriteAnimEx)
c:/_ndsdev/devkitPro/PAlib/lib\libpa9.a(PA_Stuff.o)
                              c:/_ndsdev/devkitPro/PAlib/lib\libpa9.a(PA_BgTiles.o) (PA_SetVideoMode)
c:/_ndsdev/devkitPro/PAlib/lib\libpa9.a(PA_Text.o)
                              c:/_ndsdev/devkitPro/PAlib/lib\libpa9.a(PA_Inits.o) (PA_textpal)
c:/_ndsdev/devkitPro/PAlib/lib\libpa9.a(PA_TextBits.o)
                              c:/_ndsdev/devkitPro/PAlib/lib\libpa9.a(PA_Inits.o) (pa_bittextpoliceheight)
c:/_ndsdev/devkitPro/PAlib/lib\libpa9.a(PA_TiledFont.o)
                              c:/_ndsdev/devkitPro/PAlib/lib\libpa9.a(PA_Text.o) (PA_TiledFont)
c:/_ndsdev/devkitPro/PAlib/lib\libpa9.a(PA_BmpFont0.o)
                              c:/_ndsdev/devkitPro/PAlib/lib\libpa9.a(PA_Inits.o) (PA_BmpFont0)
c:/_ndsdev/devkitPro/PAlib/lib\libpa9.a(PA_BmpFont1.o)
                              c:/_ndsdev/devkitPro/PAlib/lib\libpa9.a(PA_Inits.o) (PA_BmpFont1)
c:/_ndsdev/devkitPro/PAlib/lib\libpa9.a(PA_BmpFont2.o)
                              c:/_ndsdev/devkitPro/PAlib/lib\libpa9.a(PA_Inits.o) (PA_BmpFont2)
c:/_ndsdev/devkitPro/PAlib/lib\libpa9.a(PA_BmpFont3.o)
                              c:/_ndsdev/devkitPro/PAlib/lib\libpa9.a(PA_Inits.o) (PA_BmpFont3)
c:/_ndsdev/devkitPro/PAlib/lib\libpa9.a(PA_BmpFont4.o)
                              c:/_ndsdev/devkitPro/PAlib/lib\libpa9.a(PA_Inits.o) (PA_BmpFont4)
c:/_ndsdev/devkitPro/PAlib/lib\libpa9.a(PA_TiledFont_Map.bin.o)
                              c:/_ndsdev/devkitPro/PAlib/lib\libpa9.a(PA_Inits.o) (PA_TiledFont_Map)
c:/_ndsdev/devkitPro/PAlib/lib\libpa9.a(PA_TiledFont_Pal.bin.o)
                              c:/_ndsdev/devkitPro/PAlib/lib\libpa9.a(PA_Inits.o) (PA_TiledFont_Pal)
c:/_ndsdev/devkitPro/PAlib/lib\libpa9.a(PA_TiledFont_Tiles.bin.o)
                              c:/_ndsdev/devkitPro/PAlib/lib\libpa9.a(PA_Inits.o) (PA_TiledFont_Tiles)
c:/_ndsdev/devkitPro/PAlib/lib\libpa9.a(PA_BmpFont0_Map.bin.o)
                              c:/_ndsdev/devkitPro/PAlib/lib\libpa9.a(PA_TextBits.o) (PA_BmpFont0_Map)
c:/_ndsdev/devkitPro/PAlib/lib\libpa9.a(PA_BmpFont0_Sizes.bin.o)
                              c:/_ndsdev/devkitPro/PAlib/lib\libpa9.a(PA_TextBits.o) (PA_BmpFont0_Sizes)
c:/_ndsdev/devkitPro/PAlib/lib\libpa9.a(PA_BmpFont0_Tiles.bin.o)
                              c:/_ndsdev/devkitPro/PAlib/lib\libpa9.a(PA_Inits.o) (PA_BmpFont0_Tiles_size)
c:/_ndsdev/devkitPro/PAlib/lib\libpa9.a(PA_BmpFont1_Map.bin.o)
                              c:/_ndsdev/devkitPro/PAlib/lib\libpa9.a(PA_TextBits.o) (PA_BmpFont1_Map)
c:/_ndsdev/devkitPro/PAlib/lib\libpa9.a(PA_BmpFont1_Sizes.bin.o)
                              c:/_ndsdev/devkitPro/PAlib/lib\libpa9.a(PA_TextBits.o) (PA_BmpFont1_Sizes)
c:/_ndsdev/devkitPro/PAlib/lib\libpa9.a(PA_BmpFont1_Tiles.bin.o)
                              c:/_ndsdev/devkitPro/PAlib/lib\libpa9.a(PA_Inits.o) (PA_BmpFont1_Tiles_size)
c:/_ndsdev/devkitPro/PAlib/lib\libpa9.a(PA_BmpFont2_Map.bin.o)
                              c:/_ndsdev/devkitPro/PAlib/lib\libpa9.a(PA_TextBits.o) (PA_BmpFont2_Map)
[...]
Memory Configuration

Name             Origin             Length             Attributes
rom              0x08000000         0x02000000
ewram            0x02000000         0x003ff000
dtcm             0x0b000000         0x00004000
vectors          0x01000000         0x00000100
itcm             0x01000100         0x00007f00
*default*        0x00000000         0xffffffff

Linker script and memory map

                0x01000000                __vectors_start = ORIGIN (vectors)
                0x01000100                __itcm_start = ORIGIN (itcm)
                0x023ff000                __ewram_end = (ORIGIN (ewram) + 0x3ff000)
                0x023ff000                __eheap_end = (ORIGIN (ewram) + 0x3ff000)
                0x0b000000                __dtcm_start = ORIGIN (dtcm)
                0x0b004000                __dtcm_top = (ORIGIN (dtcm) + 0x4000)
                0x0b003ff8                __irq_flags = (__dtcm_top - 0x8)
                0x0b003ffc                __irq_vector = (__dtcm_top - 0x4)
                0x0b003f00                __sp_svc = (__dtcm_top - 0x100)
                0x0b003e00                __sp_irq = (__sp_svc - 0x100)
                0x0b003d00                __sp_usr = (__sp_irq - 0x100)

.init           0x02000000      0x23c
                0x02000000                __text_start = .
 *(.init)
 .init          0x02000000      0x230 c:/_ndsdev/devkitpro/devkitarm/bin/../lib/gcc/arm-eabi/4.6.1/../../../../arm-eabi/lib/thumb/ds_arm9_crt0.o
                0x02000000                _start
 .init          0x02000230        0x4 c:/_ndsdev/devkitpro/devkitarm/bin/../lib/gcc/arm-eabi/4.6.1/thumb/crti.o
                0x02000230                _init
 .init          0x02000234        0x8 c:/_ndsdev/devkitpro/devkitarm/bin/../lib/gcc/arm-eabi/4.6.1/thumb/crtn.o
                0x0200023c                . = ALIGN (0x4)

.plt
 *(.plt)

.text           0x02000240    0x187c8
 *(EXCLUDE_FILE(*.itcm*) .text)
 .text          0x02000240        0x0 c:/_ndsdev/devkitpro/devkitarm/bin/../lib/gcc/arm-eabi/4.6.1/../../../../arm-eabi/lib/thumb/ds_arm9_crt0.o
 .text          0x02000240        0x0 c:/_ndsdev/devkitpro/devkitarm/bin/../lib/gcc/arm-eabi/4.6.1/thumb/crti.o
 .text          0x02000240       0x6c c:/_ndsdev/devkitpro/devkitarm/bin/../lib/gcc/arm-eabi/4.6.1/thumb/crtbegin.o
 .text          0x020002ac        0x0 soundbank_bin.o
 .text          0x020002ac        0x0 down.o
 .text          0x020002ac        0x0 up.o
 .text          0x020002ac     0x4130 main.o
                0x020002ac                stage_init
                0x0200036c                gettouchcol
                0x020003a8                gettouchrow
                0x020003e4                UnLoad_Screen
                0x02000400                scr_Gameover
                0x02000774                scr_Season
                0x02000b18                scr_Main
                0x02000e84                isNearBlock
                0x02000ebc                swapsprite
                0x02000f60                swapBlock
                0x02000fa8                item_init
                0x02001294                scr_Shop
                0x0200184c                block_init
                0x02001a20                block_reload
                0x02001bb0                checkRow
                0x02001cac                checkCol
                0x02001db0                blocksCrack
                0x02001eac                itemgettouchrow
                0x02001ee0                useOneClickItem
                0x02002080                useTwoClickItem
                0x02002bb0                scr_Game
                0x0200439c                getitemindex
                0x020043b8                user_init
 .text          0x020043dc      0x264 croutine.o
                0x020043dc                xCoRoutineCreate
                0x02004494                vCoRoutineAddToDelayedList
                0x020044d8                vCoRoutineSchedule
                0x02004608                xCoRoutineRemoveFromEventList
 .text          0x02004640       0x30 heap.o
                0x02004640                pvPortMalloc
                0x02004658                vPortFree
 .text          0x02004670       0x98 list.o
                0x02004670                vListInitialise
                0x02004688                vListInitialiseItem
                0x02004690                vListInsertEnd
                0x020046ac                vListInsert
                0x020046e4                vListRemove
 .text          0x02004708       0xd4 port.o
                0x02004708                pxPortInitialiseStack
                0x020047a0                xPortStartScheduler
                0x020047d8                vPortEndScheduler
 .text          0x020047dc       0x40 portISR.o
                0x020047dc                vPortISRStartFirstTask
                0x020047e4                vPortYieldProcessor
                0x020047e4                vPortEnterCritical
                0x020047f8                vPortExitCritical
 .text          0x0200481c      0x4e4 queue.o
                0x02004940                xQueueCreate
                0x020049a4                xQueueGenericSend
                0x02004ab0                xQueueCreateMutex
                0x02004af4                xQueueGenericSendFromISR
                0x02004b38                xQueueGenericReceive
                0x02004c7c                xQueueReceiveFromISR
                0x02004cc0                uxQueueMessagesWaiting
                0x02004cd4                uxQueueMessagesWaitingFromISR
                0x02004cd8                vQueueDelete
                0x02004cec                xQueueIsQueueEmptyFromISR
                0x02004cf4                xQueueIsQueueFullFromISR
 .text          0x02004d00      0xb40 tasks.o
                0x02004da0                xTaskGenericCreate
                0x02004f3c                vTaskDelete
                0x02004fa4                uxTaskPriorityGet
                0x02004fc4                vTaskPrioritySet
                0x0200505c                vTaskSuspend
                0x020050ac                xTaskIsTaskSuspended
                0x020050d4                vTaskResume
                0x02005134                xTaskResumeFromISR
                0x020051a4                vTaskStartScheduler
                0x020051e4                vTaskEndScheduler
                0x020051fc                vTaskSuspendAll
                0x0200520c                xTaskGetTickCount
                0x02005224                uxTaskGetNumberOfTasks
                0x02005230                vTaskStartTrace
                0x02005254                ulTaskEndTrace
                0x02005270                vTaskIncrementTick
                0x020052f8                xTaskResumeAll
                0x020053c4                vTaskList
                0x020054e0                vTaskDelay
                0x02005534                vTaskDelayUntil
                0x0200559c                vTaskSwitchContext
                0x02005640                vTaskPlaceOnEventList
                0x0200569c                xTaskRemoveFromEventList
                0x0200570c                vTaskSetTimeOutState
                0x0200571c                xTaskCheckForTimeOut
                0x02005778                vTaskMissedYield
                0x02005784                xTaskGetCurrentTaskHandle
                0x02005790                vTaskPriorityInherit
                0x020057f8                vTaskPriorityDisinherit
 .text          0x02005840      0x400 virtual_io.o
                0x02005a50                init_virtual_io
                0x02005ad0                readb_virtual_io
                0x02005b24                writeb_virtual_io
                0x02005c28                close_virtual_io
 .text          0x02005c40       0xf0 assemfunc.o
                0x02005c40                vPortDisableInterruptsFromThumb
                0x02005c58                vPortEnableInterruptsFromThumb
                0x02005c70                portRESTORE_CONTEXT_FIRST
                0x02005c88                portRESTORE_CONTEXT
                0x02005cc0                vPreemptiveTick
 .text          0x02005d30       0xbc c:/_ndsdev/devkitPro/PAlib/lib\libpa9.a(PA.o)
                0x02005d30                PA_SetBrightness
                0x02005d70                PA_Nothing
                0x02005d74                PA_CheckLid
 .text          0x02005dec      0x338 c:/_ndsdev/devkitPro/PAlib/lib\libpa9.a(PA_BgEasy.o)
                0x02005dec                PA_EasyBgScrollX
                0x02005e78                PA_EasyBgScrollY
                0x02005f04                PA_StoreEasyBgInfos
                0x02005f40                PA_EasyBgLoadEx
 .text          0x02006124      0xccc c:/_ndsdev/devkitPro/PAlib/lib\libpa9.a(PA_BgLargeMap.o)
                0x02006124                PA_LargeScrollXN
                0x020062e0                PA_LargeScrollYN
                0x02006490                PA_InfLargeScrollXN
                0x02006674                PA_InfLargeScrollYN
                0x0200685c                PA_UpdateTileEngineX
                0x02006998                PA_UpdateTileEngineY
                0x02006ad0                PA_InfTilesScrollX
                0x02006b60                PA_InfTilesScrollY
                0x02006bf0                PA_InitLargeBg
 .text          0x02006df0      0x6f0 c:/_ndsdev/devkitPro/PAlib/lib\libpa9.a(PA_BgTiles.o)
                0x02006df0                PA_ReLoadBgTiles
                0x02006e38                PA_InitBg
                0x02006f20                PA_DeleteTiles
                0x02006fb4                PA_LoadBgTilesEx
                0x020071c4                PA_DeleteMap
                0x02007240                PA_LoadBgMap
                0x020073bc                PA_ResetBgSysScreen
                0x020074d0                PA_ResetBgSys
 .text          0x020074e0       0x84 c:/_ndsdev/devkitPro/PAlib/lib\libpa9.a(PA_Error.o)
                0x020074e0                PA_Error
                0x02007500                _PA_Assert
 .text          0x02007564      0x278 c:/_ndsdev/devkitPro/PAlib/lib\libpa9.a(PA_Inits.o)
                0x02007564                PA_Init2D
                0x020075c0                PA_Init
 .text          0x020077dc       0x78 c:/_ndsdev/devkitPro/PAlib/lib\libpa9.a(PA_Interrupt.o)
                0x020077dc                PA_VBLCountersReset
                0x020077fc                PA_vblFunc
 .text          0x02007854      0x2e0 c:/_ndsdev/devkitPro/PAlib/lib\libpa9.a(PA_Keys.o)
                0x02007854                PA_UpdatePad
                0x02007a6c                PA_UpdateStylus
 .text          0x02007b34      0x158 c:/_ndsdev/devkitPro/PAlib/lib\libpa9.a(PA_Math.o)
                0x02007b34                PA_AdjustAngle
 .text          0x02007c8c      0x244 c:/_ndsdev/devkitPro/PAlib/lib\libpa9.a(PA_Palette.o)
                0x02007c8c                PA_LoadSpriteExtPal
                0x02007d44                PA_InitSpriteExtPal
                0x02007d9c                PA_LoadBgPalN
                0x02007e6c                PA_InitBgExtPal
 .text          0x02007ed0       0xc4 c:/_ndsdev/devkitPro/PAlib/lib\libpa9.a(PA_RTC.o)
                0x02007ed0                PA_UpdateUserInfo
                0x02007f54                PA_UpdateRTC
 .text          0x02007f94      0x4e4 c:/_ndsdev/devkitPro/PAlib/lib\libpa9.a(PA_Reco.o)
                0x02007f94                PA_StylusLine
                0x020080f4                PA_AnalyzeShape
                0x020083f4                PA_CheckLetter
 .text          0x02008478      0x7dc c:/_ndsdev/devkitPro/PAlib/lib\libpa9.a(PA_Sprite.o)
                0x02008478                PA_InitSpriteExtPrio
                0x020084ac                PA_ResetSpriteSysScreen
                0x02008600                PA_ResetSpriteSys
                0x0200861c                PA_CreateGfx
                0x02008778                PA_DeleteGfx
                0x02008914                PA_DeleteSprite
                0x02008a68                PA_InitSpriteDraw
                0x02008ac8                PA_UpdateOAM
                0x02008c1c                PA_UpdateSpriteVBL
 .text          0x02008c54      0x3d8 c:/_ndsdev/devkitPro/PAlib/lib\libpa9.a(PA_SpriteAnim.o)
                0x02008c54                PA_UpdateSpriteAnims
                0x02008e6c                PA_StartSpriteAnimEx
 .text          0x0200902c      0x1b4 c:/_ndsdev/devkitPro/PAlib/lib\libpa9.a(PA_Stuff.o)
                0x0200902c                PA_SetVideoMode
                0x02009050                PA_Locate
 .text          0x020091e0      0xa98 c:/_ndsdev/devkitPro/PAlib/lib\libpa9.a(PA_Text.o)
                0x020091e0                PA_CreateTextPal
                0x0200928c                PA_LoadDefaultText
                0x02009354                PA_OutputSimpleText
                0x02009430                PA_OutputText
                0x02009bd0                PA_ClearTextBg
 .text          0x02009c78      0x428 c:/_ndsdev/devkitPro/PAlib/lib\libpa9.a(PA_TextBits.o)
                0x02009c78                PA_DoAlign
                0x02009dcc                PA_DoLetterPos
 .text          0x0200a0a0        0x0 c:/_ndsdev/devkitPro/PAlib/lib\libpa9.a(PA_TiledFont.o)
 .text          0x0200a0a0        0x0 c:/_ndsdev/devkitPro/PAlib/lib\libpa9.a(PA_BmpFont0.o)
 .text          0x0200a0a0        0x0 c:/_ndsdev/devkitPro/PAlib/lib\libpa9.a(PA_BmpFont1.o)
 .text          0x0200a0a0        0x0 c:/_ndsdev/devkitPro/PAlib/lib\libpa9.a(PA_BmpFont2.o)
 .text          0x0200a0a0        0x0 c:/_ndsdev/devkitPro/PAlib/lib\libpa9.a(PA_BmpFont3.o)
 .text          0x0200a0a0        0x0 c:/_ndsdev/devkitPro/PAlib/lib\libpa9.a(PA_BmpFont4.o)
 .text          0x0200a0a0        0x0 c:/_ndsdev/devkitPro/PAlib/lib\libpa9.a(PA_TiledFont_Map.bin.o)
 .text          0x0200a0a0        0x0 c:/_ndsdev/devkitPro/PAlib/lib\libpa9.a(PA_TiledFont_Pal.bin.o)
 .text          0x0200a0a0        0x0 c:/_ndsdev/devkitPro/PAlib/lib\libpa9.a(PA_TiledFont_Tiles.bin.o)
 .text          0x0200a0a0        0x0 c:/_ndsdev/devkitPro/PAlib/lib\libpa9.a(PA_BmpFont0_Map.bin.o)
 .text          0x0200a0a0        0x0 c:/_ndsdev/devkitPro/PAlib/lib\libpa9.a(PA_BmpFont0_Sizes.bin.o)
 .text          0x0200a0a0        0x0 c:/_ndsdev/devkitPro/PAlib/lib\libpa9.a(PA_BmpFont0_Tiles.bin.o)
 .text          0x0200a0a0        0x0 c:/_ndsdev/devkitPro/PAlib/lib\libpa9.a(PA_BmpFont1_Map.bin.o)
 .text          0x0200a0a0        0x0 c:/_ndsdev/devkitPro/PAlib/lib\libpa9.a(PA_BmpFont1_Sizes.bin.o)
 .text          0x0200a0a0        0x0 c:/_ndsdev/devkitPro/PAlib/lib\libpa9.a(PA_BmpFont1_Tiles.bin.o)
 .text          0x0200a0a0        0x0 c:/_ndsdev/devkitPro/PAlib/lib\libpa9.a(PA_BmpFont2_Map.bin.o)
 .text          0x0200a0a0        0x0 c:/_ndsdev/devkitPro/PAlib/lib\libpa9.a(PA_BmpFont2_Sizes.bin.o)
 .text          0x0200a0a0        0x0 c:/_ndsdev/devkitPro/PAlib/lib\libpa9.a(PA_BmpFont2_Tiles.bin.o)
 .text          0x0200a0a0        0x0 c:/_ndsdev/devkitPro/PAlib/lib\libpa9.a(PA_BmpFont3_Map.bin.o)
 .text          0x0200a0a0        0x0 c:/_ndsdev/devkitPro/PAlib/lib\libpa9.a(PA_BmpFont3_Sizes.bin.o)
 .text          0x0200a0a0        0x0 c:/_ndsdev/devkitPro/PAlib/lib\libpa9.a(PA_BmpFont3_Tiles.bin.o)
 .text          0x0200a0a0        0x0 c:/_ndsdev/devkitPro/PAlib/lib\libpa9.a(PA_BmpFont4_Map.bin.o)
 .text          0x0200a0a0        0x0 c:/_ndsdev/devkitPro/PAlib/lib\libpa9.a(PA_BmpFont4_Sizes.bin.o)
 .text          0x0200a0a0        0x0 c:/_ndsdev/devkitPro/PAlib/lib\libpa9.a(PA_BmpFont4_Tiles.bin.o)
 .text          0x0200a0a0       0x50 c:/_ndsdev/devkitPro/PAlib/lib\libpa9.a(PA_Fifo.o)
                0x0200a0a0                PA_FifoMsgHandler
                0x0200a0dc                PA_InitFifo
 .text          0x0200a0f0      0x824 c:/_ndsdev/devkitPro/PAlib/lib\libpa9.a(PA_NewBg.o)
                0x0200a0f0                PA_LoadBackground
                0x0200a5ec                PA_LoadText
                0x0200a720                PA_LoadKeyboard
                0x0200a874                PA_AddBitmapFont
                0x0200a8c4                PA_Add16cFont
 .text          0x0200a914      0x1e8 c:/_ndsdev/devkitPro/PAlib/lib\libpa9.a(PA_PaletteEx.o)
                0x0200a914                PA_CreatePalBright
                0x0200a9d8                PA_CreatePalTransition
                0x0200aa40                PA_SetBgPalNCol
                0x0200aa90                PA_SetSpritePalCol
                0x0200aad8                PA_3DSetSpritePalCol
 .text          0x0200aafc     0x1230 c:/_ndsdev/devkitPro/PAlib/lib\libpa9.a(PA_Text8bit.o)
                0x0200aafc                NoLetter
                0x0200ab00                Letter
                0x0200aef0                RotLetter2
                0x0200b334                RotLetter
                0x0200b77c                TranspLetter
                0x0200bba0                pa_8bitTextDecompress
                0x0200bc18                PA_8bitText
                0x0200bcc8                PA_CenterSmartText
 .text          0x0200bd2c      0x6d0 c:/_ndsdev/devkitPro/PAlib/lib\libpa9.a(PA_16c.o)
                0x0200bd2c                PA_16c8X8Color
                0x0200be84                PA_Init16cBgEx
                0x0200c024                pa_16cTextDecompress
                0x0200c0b0                PA_16cText
                0x0200c234                PA_16cErase
                0x0200c26c                PA_16cClearZone
 .text          0x0200c3fc      0x188 c:/_ndsdev/devkitPro/PAlib/lib\libpa9.a(PA_BgRot.o)
                0x0200c3fc                PA_LoadRotBgMap
 .text          0x0200c584      0x2b4 c:/_ndsdev/devkitPro/PAlib/lib\libpa9.a(PA_Draw.o)
                0x0200c584                PA_LoadBmpToBuffer
 .text          0x0200c838      0x604 c:/_ndsdev/devkitPro/PAlib/lib\libpa9.a(PA_Keyboard.o)
                0x0200c838                PA_ReloadKeyboardCol
                0x0200c918                PA_LoadDefaultKeyboard
                0x0200ca74                PA_ChangeKeyboardType
                0x0200cbf4                PA_SetLetterPal
                0x0200cd14                PA_CheckKeyboard
 .text          0x0200ce3c        0x0 c:/_ndsdev/devkitPro/PAlib/lib\libpa9.a(keyboard.map.o)
 .text          0x0200ce3c        0x0 c:/_ndsdev/devkitPro/PAlib/lib\libpa9.a(keyboard.pal.o)
 .text          0x0200ce3c        0x0 c:/_ndsdev/devkitPro/PAlib/lib\libpa9.a(keyboard.raw.o)
 .text          0x0200ce3c      0x314 c:/_ndsdev/devkitPro/libnds/lib\libnds9.a(background.o)
                0x0200ce3c                bgIsText
                0x0200ce48                checkIfText
                0x0200cea8                bgUpdate
                0x0200cfb8                bgInit_call
                0x0200d07c                bgInitSub_call
 .text          0x0200d150       0x84 c:/_ndsdev/devkitPro/libnds/lib\libnds9.a(decompress.o)
                0x0200d150                getHeader
                0x0200d154                readByte
                0x0200d158                decompress
                0x0200d198                decompressStream
 .text          0x0200d1d4       0xf4 c:/_ndsdev/devkitPro/libnds/lib\libnds9.a(keys.o)
                0x0200d1d4                scanKeys
                0x0200d240                keysHeld
                0x0200d24c                keysDown
                0x0200d25c                keysDownRepeat
                0x0200d26c                keysSetRepeat
                0x0200d284                keysUp
                0x0200d294                keysCurrent
 .text          0x0200d2c8       0xf0 c:/_ndsdev/devkitPro/libnds/lib\libnds9.a(system.o)
                0x0200d2c8                systemMsgHandler
                0x0200d30c                systemSleep
                0x0200d324                powerValueHandler
                0x0200d334                powerOn
                0x0200d360                powerOff
                0x0200d388                ledBlink
                0x0200d398                getBatteryLevel
 .text          0x0200d3b8       0x4c c:/_ndsdev/devkitPro/libnds/lib\libnds9.a(touch.o)
                0x0200d3b8                touchRead
                0x0200d3e0                touchReadXY
 .text          0x0200d404      0x248 c:/_ndsdev/devkitPro/libnds/lib\libnds9.a(trig.o)
                0x0200d404                asinComp
                0x0200d428                sinLutLookup
                0x0200d464                sinLerp
                0x0200d49c                cosLerp
                0x0200d4b0                tanLutLookup
                0x0200d4e8                tanLerp
                0x0200d598                asinLerp
                0x0200d614                acosLerp
                0x0200d628                atanComp
 .text          0x0200d64c      0x1f8 c:/_ndsdev/devkitPro/libnds/lib\libnds9.a(video.o)
                0x0200d64c                vramSetPrimaryBanks
                0x0200d690                vramSetMainBanks
                0x0200d6d4                vramSetBanks_EFG
                0x0200d70c                vramRestorePrimaryBanks
                0x0200d718                vramRestoreMainBanks
                0x0200d724                vramRestoreBanks_EFG
                0x0200d730                setBrightness
                0x0200d770                vramDefault
 .text          0x0200d844      0x19c c:/_ndsdev/devkitPro/libnds/lib\libnds9.a(initSystem.o)
                0x0200d844                initSystem
 .text          0x0200d9e0      0xc8c c:/_ndsdev/devkitPro/libnds/lib\libnds9.a(fifosystem.o)
                0x0200dc40                fifoSendAddress
                0x0200dc6c                fifoSendValue32
                0x0200dcac                fifoSendDatamsg
                0x0200dd1c                fifoGetAddress
                0x0200dd90                fifoSetAddressHandler
                0x0200de04                fifoGetValue32
                0x0200de78                fifoSetValue32Handler
                0x0200deec                fifoGetDatamsg
                0x0200e394                fifoSetDatamsgHandler
                0x0200e42c                fifoCheckAddress
                0x0200e450                fifoCheckDatamsg
                0x0200e474                fifoCheckValue32
                0x0200e498                fifoInit
 .text          0x0200e66c      0x1f4 c:/_ndsdev/devkitPro/libnds/lib\libnds9.a(interrupts.o)
                0x0200e66c                irqDummy
                0x0200e670                irqSet
                0x0200e6e0                irqInit
                0x0200e72c                irqInitHandler
                0x0200e75c                irqEnable
                0x0200e7c0                irqDisable
                0x0200e824                irqClear
 .text          0x0200e860       0x40 c:/_ndsdev/devkitPro/libnds/lib\libnds9.a(libnds_exit.o)
                0x0200e860                systemErrorExit
                0x0200e864                __libnds_exit
 .text          0x0200e8a0       0x1c c:/_ndsdev/devkitPro/libnds/lib\libnds9.a(syscalls.o)
                0x0200e8a0                swiDecompressLZSSVram
 .text          0x0200e8bc       0x70 c:/_ndsdev/devkitPro/libnds/lib\libnds9.a(dcache.o)
                0x0200e8bc                DC_FlushAll
                0x0200e8e8                DC_FlushRange
                0x0200e904                DC_InvalidateAll
                0x0200e910                DC_InvalidateRange
 .text          0x0200e92c      0x1b4 c:/_ndsdev/devkitPro/libnds/lib\libnds9.a(mpu_setup.o)
                0x0200e92c                __libnds_mpu_setup
                0x0200ea6c                memCached
                0x0200ea84                memUncached
 .text          0x0200eae0       0x70 c:/_ndsdev/devkitPro/libnds/lib\libnds9.a(biosCalls.o)
                0x0200eae0                swiDelay
                0x0200eae4                swiIntrWait
                0x0200eae8                swiWaitForVBlank
                0x0200eaec                swiSleep
                0x0200eaf0                swiChangeSoundBias
                0x0200eaf4                swiDivide
                0x0200eaf8                swiRemainder
                0x0200eafe                swiDivMod
                0x0200eb0a                swiCopy
                0x0200eb0e                swiFastCopy
                0x0200eb12                swiSqrt
                0x0200eb16                swiCRC16
                0x0200eb1a                swiIsDebugger
                0x0200eb1e                swiUnpackBits
                0x0200eb22                swiDecompressLZSSWram
                0x0200eb26                swiDecompressLZSSVramNTR
                0x0200eb2a                swiDecompressLZSSVramTWL
                0x0200eb2e                swiDecompressHuffman
                0x0200eb32                swiDecompressRLEWram
                0x0200eb36                swiDecompressRLEVram
                0x0200eb3a                swiWaitForIRQ
                0x0200eb3e                swiDecodeDelta8
                0x0200eb42                swiDecodeDelta16
                0x0200eb46                swiSetHaltCR
 .text          0x0200eb50        0x0 c:/_ndsdev/devkitPro/libnds/lib\libnds9.a(interruptDispatcher.o)
 .text          0x0200eb50       0x30 c:/_ndsdev/devkitPro/libnds/lib\libnds9.a(swiSoftReset.o)
                0x0200eb50                swiSoftReset
 .text          0x0200eb80      0x240 c:/_ndsdev/devkitPro/libnds/lib\libmm9.a(mm_comms.o)
                0x0200eb80                mmSetupComms
                0x0200ebc2                mmSendBank
                0x0200ebcc                mmLockChannels
                0x0200ebd2                mmUnlockChannels
                0x0200ebd8                mmStart
                0x0200ebe2                mmPause
                0x0200ebe6                mmResume
                0x0200ebea                mmStop
                0x0200ebee                mmPosition
                0x0200ebf2                mmJingle
                0x0200ebf6                mmSetModuleVolume
                0x0200ebfa                mmSetJingleVolume
                0x0200ebfe                mmSetModuleTempo
                0x0200ec02                mmSetModulePitch
                0x0200ec06                mmSetEffectsVolume
                0x0200ec0a                mmSelectMode
                0x0200ec0e                mmStreamBegin
                0x0200ec22                mmStreamEnd
                0x0200ec78                mmEffect
                0x0200ec9c                mmEffectVolume
                0x0200eca0                mmEffectPanning
                0x0200eca4                mmEffectRate
                0x0200ecae                mmEffectScaleRate
                0x0200ecb8                mmEffectRelease
                0x0200ecbe                mmEffectCancel
                0x0200ecc4                mmEffectEx
                0x0200ed02                mmEffectCancelAll
                0x0200ed06                mmReverbEnable
                0x0200ed0a                mmReverbDisable
                0x0200ed0e                mmReverbConfigure
                0x0200ed6a                mmReverbStart
                0x0200ed6e                mmReverbStop
 .text          0x0200edc0      0x108 c:/_ndsdev/devkitPro/libnds/lib\libmm9.a(mm_main9.o)
                0x0200edc0                mmActive
                0x0200edc6                mmSetEventHandler
                0x0200edcc                mmInit
                0x0200edf6                mmInitDefault
                0x0200ee40                mmInitDefaultMem
                0x0200ee62                mmSuspendIRQ_t
                0x0200ee80                mmRestoreIRQ_t
 .text          0x0200eec8      0x120 c:/_ndsdev/devkitPro/libnds/lib\libmm9.a(mm_memory.o)
                0x0200eec8                mmLoad
                0x0200ef18                mmUnload
                0x0200ef70                mmLoadEffect
                0x0200efa8                mmUnloadEffect
 .text          0x0200efe8      0x100 c:/_ndsdev/devkitPro/libnds/lib\libmm9.a(mm_soundbank.o)
                0x0200efe8                mmSoundBankInMemory
                0x0200eff0                mmSoundBankInFiles
                0x0200f002                mmSetCustomSoundBankHandler
                0x0200f02e                mmsHandleFileOp
 .text          0x0200f0e8       0x3c c:/_ndsdev/devkitPro/libnds/lib\libmm9.a(mm_flusher.o)
                0x0200f0e8                mmFlushBank
 .text          0x0200f124      0x11c c:/_ndsdev/devkitpro/devkitarm/bin/../lib/gcc/arm-eabi/4.6.1/thumb\libgcc.a(_udivsi3.o)
                0x0200f124                __aeabi_uidiv
                0x0200f124                __udivsi3
                0x0200f220                __aeabi_uidivmod
 .text          0x0200f240      0x150 c:/_ndsdev/devkitpro/devkitarm/bin/../lib/gcc/arm-eabi/4.6.1/thumb\libgcc.a(_divsi3.o)
                0x0200f240                __divsi3
                0x0200f240                __aeabi_idiv
                0x0200f370                __aeabi_idivmod
 .text          0x0200f390        0x4 c:/_ndsdev/devkitpro/devkitarm/bin/../lib/gcc/arm-eabi/4.6.1/thumb\libgcc.a(_dvmd_tls.o)
                0x0200f390                __aeabi_idiv0
                0x0200f390                __aeabi_ldiv0
 .text          0x0200f394      0x41c c:/_ndsdev/devkitpro/devkitarm/bin/../lib/gcc/arm-eabi/4.6.1/thumb\libgcc.a(_arm_addsubdf3.o)
                0x0200f394                __aeabi_drsub
                0x0200f39c                __aeabi_dsub
                0x0200f39c                __subdf3
                0x0200f3a0                __aeabi_dadd
                0x0200f3a0                __adddf3
                0x0200f6b0                __floatunsidf
                0x0200f6b0                __aeabi_ui2d
                0x0200f6d4                __floatsidf
                0x0200f6d4                __aeabi_i2d
                0x0200f6fc                __aeabi_f2d
                0x0200f6fc                __extendsfdf2
                0x0200f73c                __floatundidf
                0x0200f73c                __aeabi_ul2d
                0x0200f750                __floatdidf
                0x0200f750                __aeabi_l2d
 .text          0x0200f7b0      0x49c c:/_ndsdev/devkitpro/devkitarm/bin/../lib/gcc/arm-eabi/4.6.1/thumb\libgcc.a(_arm_muldivdf3.o)
                0x0200f7b0                __aeabi_dmul
                0x0200f7b0                __muldf3
                0x0200fa40                __divdf3
                0x0200fa40                __aeabi_ddiv
 .text          0x0200fc4c      0x144 c:/_ndsdev/devkitpro/devkitarm/bin/../lib/gcc/arm-eabi/4.6.1/thumb\libgcc.a(_arm_cmpdf2.o)
                0x0200fc4c                __gtdf2
                0x0200fc4c                __gedf2
                0x0200fc54                __ltdf2
                0x0200fc54                __ledf2
                0x0200fc5c                __nedf2
                0x0200fc5c                __eqdf2
                0x0200fc5c                __cmpdf2
                0x0200fce4                __aeabi_cdrcmple
                0x0200fd00                __aeabi_cdcmpeq
                0x0200fd00                __aeabi_cdcmple
                0x0200fd18                __aeabi_dcmpeq
                0x0200fd30                __aeabi_dcmplt
                0x0200fd48                __aeabi_dcmple
                0x0200fd60                __aeabi_dcmpge
                0x0200fd78                __aeabi_dcmpgt
 .text          0x0200fd90       0x5c c:/_ndsdev/devkitpro/devkitarm/bin/../lib/gcc/arm-eabi/4.6.1/thumb\libgcc.a(_arm_fixdfsi.o)
                0x0200fd90                __aeabi_d2iz
                0x0200fd90                __fixdfsi
 .text          0x0200fdec       0x4c c:/_ndsdev/devkitpro/devkitarm/bin/../lib/gcc/arm-eabi/4.6.1/thumb\libgcc.a(_muldi3.o)
                0x0200fdec                __muldi3
                0x0200fdec                __aeabi_lmul
 .text          0x0200fe38       0x64 c:/_ndsdev/devkitpro/devkitarm/bin/../lib/gcc/arm-eabi/4.6.1/../../../../arm-eabi/lib/thumb\libg.a(lib_a-bsearch.o)
                0x0200fe38                bsearch
 .text          0x0200fe9c       0xc0 c:/_ndsdev/devkitpro/devkitarm/bin/../lib/gcc/arm-eabi/4.6.1/../../../../arm-eabi/lib/thumb\libg.a(lib_a-fclose.o)
                0x0200fe9c                _fclose_r
                0x0200ff40                fclose
 .text          0x0200ff5c      0x18c c:/_ndsdev/devkitpro/devkitarm/bin/../lib/gcc/arm-eabi/4.6.1/../../../../arm-eabi/lib/thumb\libg.a(lib_a-fflush.o)
                0x0200ff5c                _fflush_r
                0x020100b8                fflush
 .text          0x020100e8      0x1ec c:/_ndsdev/devkitpro/devkitarm/bin/../lib/gcc/arm-eabi/4.6.1/../../../../arm-eabi/lib/thumb\libg.a(lib_a-findfp.o)
                0x020100f0                _cleanup_r
                0x02010150                __sfmoreglue
                0x02010180                _cleanup
                0x02010194                __sinit
                0x020101e8                __sfp
                0x0201028c                __sfp_lock_acquire
                0x02010290                __sfp_lock_release
                0x02010294                __sinit_lock_acquire
                0x02010298                __sinit_lock_release
                0x0201029c                __fp_lock_all
                0x020102b8                __fp_unlock_all
 .text          0x020102d4       0xb0 c:/_ndsdev/devkitpro/devkitarm/bin/../lib/gcc/arm-eabi/4.6.1/../../../../arm-eabi/lib/thumb\libg.a(lib_a-fopen.o)
                0x020102d4                _fopen_r
                0x02010368                fopen
 .text          0x02010384      0x190 c:/_ndsdev/devkitpro/devkitarm/bin/../lib/gcc/arm-eabi/4.6.1/../../../../arm-eabi/lib/thumb\libg.a(lib_a-fread.o)
                0x02010384                _fread_r
                0x020104ec                fread
 .text          0x02010514      0x248 c:/_ndsdev/devkitpro/devkitarm/bin/../lib/gcc/arm-eabi/4.6.1/../../../../arm-eabi/lib/thumb\libg.a(lib_a-freer.o)
                0x02010514                _malloc_trim_r
                0x020105c0                _free_r
 .text          0x0201075c      0x32c c:/_ndsdev/devkitpro/devkitarm/bin/../lib/gcc/arm-eabi/4.6.1/../../../../arm-eabi/lib/thumb\libg.a(lib_a-fseek.o)
                0x0201075c                _fseek_r
                0x02010a64                fseek
 .text          0x02010a88       0xc4 c:/_ndsdev/devkitpro/devkitarm/bin/../lib/gcc/arm-eabi/4.6.1/../../../../arm-eabi/lib/thumb\libg.a(lib_a-fwalk.o)
                0x02010a88                _fwalk
                0x02010ae4                _fwalk_reent
 .text          0x02010b4c       0x18 c:/_ndsdev/devkitpro/devkitarm/bin/../lib/gcc/arm-eabi/4.6.1/../../../../arm-eabi/lib/thumb\libg.a(lib_a-gmtime.o)
                0x02010b4c                gmtime
 .text          0x02010b64       0x10 c:/_ndsdev/devkitpro/devkitarm/bin/../lib/gcc/arm-eabi/4.6.1/../../../../arm-eabi/lib/thumb\libg.a(lib_a-gmtime_r.o)
                0x02010b64                gmtime_r
 .text          0x02010b74        0x0 c:/_ndsdev/devkitpro/devkitarm/bin/../lib/gcc/arm-eabi/4.6.1/../../../../arm-eabi/lib/thumb\libg.a(lib_a-impure.o)
 .text          0x02010b74       0x50 c:/_ndsdev/devkitpro/devkitarm/bin/../lib/gcc/arm-eabi/4.6.1/../../../../arm-eabi/lib/thumb\libg.a(lib_a-init.o)
                0x02010b74                __libc_init_array
 .text          0x02010bc4      0x938 c:/_ndsdev/devkitpro/devkitarm/bin/../lib/gcc/arm-eabi/4.6.1/../../../../arm-eabi/lib/thumb\libg.a(lib_a-locale.o)
                0x02011280                _setlocale_r
                0x0201149c                __locale_charset
                0x020114a4                __locale_mb_cur_max
                0x020114b0                __locale_msgcharset
                0x020114bc                __locale_cjk_lang
                0x020114c8                _localeconv_r
                0x020114d4                setlocale
                0x020114f0                localeconv
 .text          0x020114fc       0xe4 c:/_ndsdev/devkitpro/devkitarm/bin/../lib/gcc/arm-eabi/4.6.1/../../../../arm-eabi/lib/thumb\libg.a(lib_a-makebuf.o)
                0x020114fc                __smakebuf_r
 .text          0x020115e0       0x30 c:/_ndsdev/devkitpro/devkitarm/bin/../lib/gcc/arm-eabi/4.6.1/../../../../arm-eabi/lib/thumb\libg.a(lib_a-malloc.o)
                0x020115e0                malloc
                0x020115f8                free
 .text          0x02011610      0x514 c:/_ndsdev/devkitpro/devkitarm/bin/../lib/gcc/arm-eabi/4.6.1/../../../../arm-eabi/lib/thumb\libg.a(lib_a-mallocr.o)
                0x02011610                _malloc_r
 .text          0x02011b24      0x5f8 c:/_ndsdev/devkitpro/devkitarm/bin/../lib/gcc/arm-eabi/4.6.1/../../../../arm-eabi/lib/thumb\libg.a(lib_a-mbtowc_r.o)
                0x02011b24                __utf8_mbtowc
                0x02011dec                _mbtowc_r
                0x02011e28                __ascii_mbtowc
                0x02011e54                __sjis_mbtowc
                0x02011f10                __eucjp_mbtowc
                0x02011ff0                __jis_mbtowc
 .text          0x0201211c       0x80 c:/_ndsdev/devkitpro/devkitarm/bin/../lib/gcc/arm-eabi/4.6.1/../../../../arm-eabi/lib/thumb\libg.a(lib_a-memcpy.o)
                0x0201211c                memcpy
 .text          0x0201219c       0x98 c:/_ndsdev/devkitpro/devkitarm/bin/../lib/gcc/arm-eabi/4.6.1/../../../../arm-eabi/lib/thumb\libg.a(lib_a-memset.o)
                0x0201219c                memset
 .text          0x02012234      0x488 c:/_ndsdev/devkitpro/devkitarm/bin/../lib/gcc/arm-eabi/4.6.1/../../../../arm-eabi/lib/thumb\libg.a(lib_a-mktm_r.o)
                0x02012234                __tzcalc_limits
                0x020123cc                _mktm_r
 .text          0x020126bc        0x8 c:/_ndsdev/devkitpro/devkitarm/bin/../lib/gcc/arm-eabi/4.6.1/../../../../arm-eabi/lib/thumb\libg.a(lib_a-mlock.o)
                0x020126bc                __malloc_lock
                0x020126c0                __malloc_unlock
 .text          0x020126c4      0x138 c:/_ndsdev/devkitpro/devkitarm/bin/../lib/gcc/arm-eabi/4.6.1/../../../../arm-eabi/lib/thumb\libg.a(lib_a-refill.o)
                0x020126e4                __srefill_r
 .text          0x020127fc       0x84 c:/_ndsdev/devkitpro/devkitarm/bin/../lib/gcc/arm-eabi/4.6.1/../../../../arm-eabi/lib/thumb\libg.a(lib_a-sprintf.o)
                0x020127fc                _sprintf_r
                0x0201283c                sprintf
 .text          0x02012880       0xac c:/_ndsdev/devkitpro/devkitarm/bin/../lib/gcc/arm-eabi/4.6.1/../../../../arm-eabi/lib/thumb\libg.a(lib_a-stdio.o)
                0x02012880                __sread
                0x020128ac                __seofread
                0x020128b0                __swrite
                0x020128ec                __sseek
                0x0201291c                __sclose
 .text          0x0201292c       0x50 c:/_ndsdev/devkitpro/devkitarm/bin/../lib/gcc/arm-eabi/4.6.1/../../../../arm-eabi/lib/thumb\libg.a(lib_a-strcasecmp.o)
                0x0201292c                strcasecmp
 .text          0x0201297c       0x58 c:/_ndsdev/devkitpro/devkitarm/bin/../lib/gcc/arm-eabi/4.6.1/../../../../arm-eabi/lib/thumb\libg.a(lib_a-strcat.o)
                0x0201297c                strcat
 .text          0x020129d4       0xe4 c:/_ndsdev/devkitpro/devkitarm/bin/../lib/gcc/arm-eabi/4.6.1/../../../../arm-eabi/lib/thumb\libg.a(lib_a-strchr.o)
                0x020129d4                strchr
 .text          0x02012ab8       0x14 c:/_ndsdev/devkitpro/devkitarm/bin/../lib/gcc/arm-eabi/4.6.1/../../../../arm-eabi/lib/thumb\libg.a(lib_a-strcmp.o)
                0x02012ab8                strcmp
 .text          0x02012acc       0x10 c:/_ndsdev/devkitpro/devkitarm/bin/../lib/gcc/arm-eabi/4.6.1/../../../../arm-eabi/lib/thumb\libg.a(lib_a-strcpy.o)
                0x02012acc                strcpy
 .text          0x02012adc       0x4c c:/_ndsdev/devkitpro/devkitarm/bin/../lib/gcc/arm-eabi/4.6.1/../../../../arm-eabi/lib/thumb\libg.a(lib_a-strlcpy.o)
                0x02012adc                strlcpy
 .text          0x02012b28       0x10 c:/_ndsdev/devkitpro/devkitarm/bin/../lib/gcc/arm-eabi/4.6.1/../../../../arm-eabi/lib/thumb\libg.a(lib_a-strlen.o)
                0x02012b28                strlen
 .text          0x02012b38       0x60 c:/_ndsdev/devkitpro/devkitarm/bin/../lib/gcc/arm-eabi/4.6.1/../../../../arm-eabi/lib/thumb\libg.a(lib_a-strncasecmp.o)
                0x02012b38                strncasecmp
 .text          0x02012b98       0xc0 c:/_ndsdev/devkitpro/devkitarm/bin/../lib/gcc/arm-eabi/4.6.1/../../../../arm-eabi/lib/thumb\libg.a(lib_a-strncmp.o)
                0x02012b98                strncmp
 .text          0x02012c58       0x78 c:/_ndsdev/devkitpro/devkitarm/bin/../lib/gcc/arm-eabi/4.6.1/../../../../arm-eabi/lib/thumb\libg.a(lib_a-strncpy.o)
                0x02012c58                strncpy
 .text          0x02012cd0      0x184 c:/_ndsdev/devkitpro/devkitarm/bin/../lib/gcc/arm-eabi/4.6.1/../../../../arm-eabi/lib/thumb\libg.a(lib_a-strtol.o)
                0x02012cd0                _strtol_r
                0x02012e34                strtol
 *fill*         0x02012e54        0x4 ff
 .text          0x02012e58     0x16f8 c:/_ndsdev/devkitpro/devkitarm/bin/../lib/gcc/arm-eabi/4.6.1/../../../../arm-eabi/lib/thumb\libg.a(lib_a-svfprintf.o)
                0x02012e58                _svfprintf_r
 .text          0x02014550       0x1c c:/_ndsdev/devkitpro/devkitarm/bin/../lib/gcc/arm-eabi/4.6.1/../../../../arm-eabi/lib/thumb\libg.a(lib_a-sysstat.o)
                0x02014550                stat
 .text          0x0201456c       0x30 c:/_ndsdev/devkitpro/devkitarm/bin/../lib/gcc/arm-eabi/4.6.1/../../../../arm-eabi/lib/thumb\libg.a(lib_a-time.o)
                0x0201456c                time
 .text          0x0201459c        0x8 c:/_ndsdev/devkitpro/devkitarm/bin/../lib/gcc/arm-eabi/4.6.1/../../../../arm-eabi/lib/thumb\libg.a(lib_a-tzlock.o)
                0x0201459c                __tz_lock
                0x020145a0                __tz_unlock
 .text          0x020145a4        0x0 c:/_ndsdev/devkitpro/devkitarm/bin/../lib/gcc/arm-eabi/4.6.1/../../../../arm-eabi/lib/thumb\libg.a(lib_a-tzvars.o)
 .text          0x020145a4       0xdc c:/_ndsdev/devkitpro/devkitarm/bin/../lib/gcc/arm-eabi/4.6.1/../../../../arm-eabi/lib/thumb\libg.a(lib_a-wcrtomb.o)
                0x020145a4                _wcrtomb_r
                0x02014608                wcrtomb
 .text          0x02014680       0x40 c:/_ndsdev/devkitpro/devkitarm/bin/../lib/gcc/arm-eabi/4.6.1/../../../../arm-eabi/lib/thumb\libg.a(lib_a-wcsrtombs.o)
                0x02014680                _wcsrtombs_r
                0x02014698                wcsrtombs
 .text          0x020146c0      0x27c c:/_ndsdev/devkitpro/devkitarm/bin/../lib/gcc/arm-eabi/4.6.1/../../../../arm-eabi/lib/thumb\libg.a(lib_a-wctomb_r.o)
                0x020146c0                __utf8_wctomb
                0x02014780                _wctomb_r
                0x020147b8                __ascii_wctomb
                0x020147d8                __sjis_wctomb
                0x02014844                __eucjp_wctomb
                0x020148c0                __jis_wctomb
 .text          0x0201493c       0x10 c:/_ndsdev/devkitpro/devkitarm/bin/../lib/gcc/arm-eabi/4.6.1/../../../../arm-eabi/lib/thumb\libg.a(lib_a-ctype_.o)
                0x0201493c                __set_ctype
 *fill*         0x0201494c        0x4 ff
 .text          0x02014950     0x1010 c:/_ndsdev/devkitpro/devkitarm/bin/../lib/gcc/arm-eabi/4.6.1/../../../../arm-eabi/lib/thumb\libg.a(lib_a-dtoa.o)
                0x02014aac                _dtoa_r
 .text          0x02015960       0x70 c:/_ndsdev/devkitpro/devkitarm/bin/../lib/gcc/arm-eabi/4.6.1/../../../../arm-eabi/lib/thumb\libg.a(lib_a-flags.o)
                0x02015960                __sflags
 .text          0x020159d0       0xa8 c:/_ndsdev/devkitpro/devkitarm/bin/../lib/gcc/arm-eabi/4.6.1/../../../../arm-eabi/lib/thumb\libg.a(lib_a-getenv_r.o)
                0x020159d0                _findenv_r
                0x02015a68                _getenv_r
 .text          0x02015a78        0x8 c:/_ndsdev/devkitpro/devkitarm/bin/../lib/gcc/arm-eabi/4.6.1/../../../../arm-eabi/lib/thumb\libg.a(lib_a-gettzinfo.o)
                0x02015a78                __gettzinfo
 .text          0x02015a80       0x94 c:/_ndsdev/devkitpro/devkitarm/bin/../lib/gcc/arm-eabi/4.6.1/../../../../arm-eabi/lib/thumb\libg.a(lib_a-memchr.o)
                0x02015a80                memchr
 *fill*         0x02015b14        0x4 ff
 .text          0x02015b18      0x988 c:/_ndsdev/devkitpro/devkitarm/bin/../lib/gcc/arm-eabi/4.6.1/../../../../arm-eabi/lib/thumb\libg.a(lib_a-mprec.o)
                0x02015b18                _Balloc
                0x02015b6c                _Bfree
                0x02015b84                __multadd
                0x02015c18                __s2b
                0x02015cac                __hi0bits
                0x02015ce4                __lo0bits
                0x02015d44                __i2b
                0x02015d5c                __multiply
                0x02015ecc                __pow5mult
                0x02015f7c                __lshift
                0x0201604c                __mcmp
                0x02016088                __mdiff
                0x02016174                __ulp
                0x020161bc                __b2d
                0x02016278                __d2b
                0x02016348                __ratio
                0x020163b4                _mprec_log10
                0x020163f4                __copybits
                0x0201643c                __any_on
 .text          0x020164a0       0x90 c:/_ndsdev/devkitpro/devkitarm/bin/../lib/gcc/arm-eabi/4.6.1/../../../../arm-eabi/lib/thumb\libg.a(lib_a-s_fpclassify.o)
                0x020164a0                __fpclassifyd
 .text          0x02016530      0xd9c c:/_ndsdev/devkitpro/devkitarm/bin/../lib/gcc/arm-eabi/4.6.1/../../../../arm-eabi/lib/thumb\libg.a(lib_a-svfiprintf.o)
                0x02016530                __ssprint_r
                0x02016660                _svfiprintf_r
 .text          0x020172cc      0x13c c:/_ndsdev/devkitpro/devkitarm/bin/../lib/gcc/arm-eabi/4.6.1/../../../../arm-eabi/lib/thumb\libg.a(lib_a-wcsnrtombs.o)
                0x020172cc                _wcsnrtombs_r
                0x020173d8                wcsnrtombs
 .text          0x02017408       0x64 c:/_ndsdev/devkitpro/devkitarm/bin/../lib/gcc/arm-eabi/4.6.1/../../../../arm-eabi/lib/thumb\libg.a(lib_a-callocr.o)
                0x02017408                _calloc_r
 .text          0x0201746c        0x0 c:/_ndsdev/devkitpro/devkitarm/bin/../lib/gcc/arm-eabi/4.6.1/../../../../arm-eabi/lib/thumb\libg.a(lib_a-environ.o)
 .text          0x0201746c        0x8 c:/_ndsdev/devkitpro/devkitarm/bin/../lib/gcc/arm-eabi/4.6.1/../../../../arm-eabi/lib/thumb\libg.a(lib_a-envlock.o)
                0x0201746c                __env_lock
                0x02017470                __env_unlock
 .text          0x02017474       0xa8 c:/_ndsdev/devkitpro/devkitarm/bin/../lib/gcc/arm-eabi/4.6.1/../../../../arm-eabi/lib/thumb\libg.a(lib_a-memmove.o)
                0x02017474                memmove
 .text          0x0201751c      0x3c4 c:/_ndsdev/devkitpro/devkitarm/bin/../lib/gcc/arm-eabi/4.6.1/../../../../arm-eabi/lib/thumb\libg.a(lib_a-reallocr.o)
                0x0201751c                _realloc_r
 .text          0x020178e0       0x50 c:/_ndsdev/devkitpro/devkitarm/bin/../lib/gcc/arm-eabi/4.6.1/../../../../arm-eabi/lib/thumb\libsysbase.a(close.o)
                0x020178e0                _close_r
 .text          0x02017930       0x58 c:/_ndsdev/devkitpro/devkitarm/bin/../lib/gcc/arm-eabi/4.6.1/../../../../arm-eabi/lib/thumb\libsysbase.a(fstat.o)
                0x02017930                _fstat_r
 .text          0x02017988        0x4 c:/_ndsdev/devkitpro/devkitarm/bin/../lib/gcc/arm-eabi/4.6.1/../../../../arm-eabi/lib/thumb\libsysbase.a(isatty.o)
                0x02017988                _isatty_r
 .text          0x0201798c       0x54 c:/_ndsdev/devkitpro/devkitarm/bin/../lib/gcc/arm-eabi/4.6.1/../../../../arm-eabi/lib/thumb\libsysbase.a(lseek.o)
                0x0201798c                _lseek_r
 .text          0x020179e0       0xa0 c:/_ndsdev/devkitpro/devkitarm/bin/../lib/gcc/arm-eabi/4.6.1/../../../../arm-eabi/lib/thumb\libsysbase.a(open.o)
                0x020179e0                _open_r
 .text          0x02017a80       0x54 c:/_ndsdev/devkitpro/devkitarm/bin/../lib/gcc/arm-eabi/4.6.1/../../../../arm-eabi/lib/thumb\libsysbase.a(read.o)
                0x02017a80                _read_r
 .text          0x02017ad4       0x54 c:/_ndsdev/devkitpro/devkitarm/bin/../lib/gcc/arm-eabi/4.6.1/../../../../arm-eabi/lib/thumb\libsysbase.a(sbrk.o)
                0x02017ad4                _sbrk_r
 .text          0x02017b28       0x40 c:/_ndsdev/devkitpro/devkitarm/bin/../lib/gcc/arm-eabi/4.6.1/../../../../arm-eabi/lib/thumb\libsysbase.a(stat.o)
                0x02017b28                _stat_r
 .text          0x02017b68       0x48 c:/_ndsdev/devkitpro/devkitarm/bin/../lib/gcc/arm-eabi/4.6.1/../../../../arm-eabi/lib/thumb\libsysbase.a(times.o)
                0x02017b68                _times
                0x02017b7c                _times_r
                0x02017b84                _gettimeofday_r
 .text          0x02017bb0       0x54 c:/_ndsdev/devkitpro/devkitarm/bin/../lib/gcc/arm-eabi/4.6.1/../../../../arm-eabi/lib/thumb\libsysbase.a(write.o)
                0x02017bb0                _write_r
 .text          0x02017c04        0x0 c:/_ndsdev/devkitpro/devkitarm/bin/../lib/gcc/arm-eabi/4.6.1/../../../../arm-eabi/lib/thumb\libsysbase.a(malloc_vars.o)
 .text          0x02017c04       0x48 c:/_ndsdev/devkitpro/devkitarm/bin/../lib/gcc/arm-eabi/4.6.1/../../../../arm-eabi/lib/thumb\libsysbase.a(build_argv.o)
                0x02017c04                build_argv
 .text          0x02017c4c        0x0 c:/_ndsdev/devkitpro/devkitarm/bin/../lib/gcc/arm-eabi/4.6.1/../../../../arm-eabi/lib/thumb\libsysbase.a(syscall_support.o)
 .text          0x02017c4c       0x80 c:/_ndsdev/devkitpro/devkitarm/bin/../lib/gcc/arm-eabi/4.6.1/../../../../arm-eabi/lib/thumb\libsysbase.a(handle_manager.o)
                0x02017c4c                __release_handle
                0x02017c78                __alloc_handle
                0x02017cb0                __get_handle
 .text          0x02017ccc      0x350 c:/_ndsdev/devkitpro/devkitarm/bin/../lib/gcc/arm-eabi/4.6.1/../../../../arm-eabi/lib/thumb\libsysbase.a(dirent.o)
                0x02017d10                opendir
                0x02017db4                closedir
                0x02017e14                readdir
                0x02017ec4                readdir_r
                0x02017f54                rewinddir
                0x02017f90                seekdir
                0x02018004                telldir
 .text          0x0201801c      0x144 c:/_ndsdev/devkitpro/devkitarm/bin/../lib/gcc/arm-eabi/4.6.1/../../../../arm-eabi/lib/thumb\libsysbase.a(iosupport.o)
                0x0201801c                setDefaultDevice
                0x02018030                FindDevice
                0x020180a0                RemoveDevice
                0x020180c4                AddDevice
                0x02018140                GetDeviceOpTab
 .text          0x02018160       0x3c c:/_ndsdev/devkitpro/devkitarm/bin/../lib/gcc/arm-eabi/4.6.1/thumb\libgcc.a(_aeabi_uldivmod.o)
                0x02018160                __aeabi_uldivmod
 .text          0x0201819c       0x74 c:/_ndsdev/devkitpro/devkitarm/bin/../lib/gcc/arm-eabi/4.6.1/thumb\libgcc.a(bpabi.o)
                0x0201819c                __gnu_ldivmod_helper
                0x020181d8                __gnu_uldivmod_helper
 .text          0x02018210      0x3c8 c:/_ndsdev/devkitpro/devkitarm/bin/../lib/gcc/arm-eabi/4.6.1/thumb\libgcc.a(_divdi3.o)
                0x02018210                __divdi3
 .text          0x020185d8      0x370 c:/_ndsdev/devkitpro/devkitarm/bin/../lib/gcc/arm-eabi/4.6.1/thumb\libgcc.a(_udivdi3.o)
                0x020185d8                __udivdi3
 .text          0x02018948       0x48 c:/_ndsdev/devkitpro/devkitarm/bin/../lib/gcc/arm-eabi/4.6.1/thumb\libgcc.a(_clzsi2.o)
                0x02018948                __clzsi2
 .text          0x02018990        0xc c:/_ndsdev/devkitpro/devkitarm/bin/../lib/gcc/arm-eabi/4.6.1/../../../../arm-eabi/lib/thumb\libg.a(lib_a-errno.o)
                0x02018990                __errno
 .text          0x0201899c       0x30 c:/_ndsdev/devkitpro/devkitarm/bin/../lib/gcc/arm-eabi/4.6.1/../../../../arm-eabi/lib/thumb\libg.a(lib_a-strnlen.o)
                0x0201899c                strnlen
 .text          0x020189cc        0x0 c:/_ndsdev/devkitpro/devkitarm/bin/../lib/gcc/arm-eabi/4.6.1/thumb/crtend.o
 .text          0x020189cc        0x0 c:/_ndsdev/devkitpro/devkitarm/bin/../lib/gcc/arm-eabi/4.6.1/thumb/crtn.o
 *(.text.*)
 .text.startup  0x020189cc       0x2c main.o
                0x020189cc                main
 .text.startup.stub
                0x020189f8       0x10 linker stubs
 *(.stub)
 *(.gnu.warning)
 *(.gnu.linkonce.t*)
 *(.glue_7)
 .glue_7        0x00000000        0x0 linker stubs
 *(.glue_7t)
 .glue_7t       0x00000000        0x0 linker stubs
                0x02018a08                . = ALIGN (0x4)

.vfp11_veneer   0x02018a08        0x0
 .vfp11_veneer  0x00000000        0x0 linker stubs

.v4_bx          0x02018a08        0x0
 .v4_bx         0x00000000        0x0 linker stubs

.fini           0x02018a08        0xc
 *(.fini)
 .fini          0x02018a08        0x4 c:/_ndsdev/devkitpro/devkitarm/bin/../lib/gcc/arm-eabi/4.6.1/thumb/crti.o
                0x02018a08                _fini
 .fini          0x02018a0c        0x8 c:/_ndsdev/devkitpro/devkitarm/bin/../lib/gcc/arm-eabi/4.6.1/thumb/crtn.o
                0x02018a14                __text_end = .

.rodata         0x02018a18    0xa7248
 *(.rodata)
 .rodata        0x02018a18    0x3e028 soundbank_bin.o
                0x02018a18                soundbank_bin
                0x02056a3c                soundbank_bin_size
                0x02056a3c                soundbank_bin_end
 .rodata        0x02056a40     0x2f30 down.o
                0x02056a40                downBitmap
 .rodata        0x02059970     0x2e7c up.o
                0x02059970                upBitmap
 .rodata        0x0205c7ec    0x55c24 main.o
                0x0205c82c                number_Sprite
                0x02060c2c                Title_Tiles
                0x02067e6c                Title_Map
                0x0206846c                Title_Pal
                0x02068510                Gameover_Tiles
                0x02074410                Gameover_Map
                0x02074a10                Gameover_Pal
                0x02074b10                Season_Tiles
                0x02080750                Season_Map
                0x02080d50                Season_Pal
                0x02080e40                Title_Down_Tiles
                0x02089a40                Title_Down_Map
                0x0208a040                Title_Down_Pal
                0x0208a144                item_Sprite
                0x0208d544                Shop_Tiles
                0x02099244                Shop_Map
                0x02099844                Shop_Pal
                0x02099940                item_Pal
                0x020999fc                number_Pal
                0x02099af8                Play_Down_Tiles
                0x020a57b8                Play_Down_Map
                0x020a5db8                Play_Down_Pal
                0x020a5eb8                Pause_Down_Tiles
                0x020b1cb8                Pause_Down_Map
                0x020b22b8                Pause_Down_Pal
                0x020b23bc                Title_Down_Info
                0x020b23c8                Title_Info
                0x020b23d4                Shop_Info
                0x020b23e0                Season_Info
                0x020b23ec                Play_Down_Info
                0x020b23f8                Pause_Down_Info
                0x020b2404                Gameover_Info
 .rodata        0x020b2410      0x224 virtual_io.o
 .rodata        0x020b2634       0x40 c:/_ndsdev/devkitPro/PAlib/lib\libpa9.a(PA_Inits.o)
                0x020b2634                winfades
 .rodata        0x020b2674      0x400 c:/_ndsdev/devkitPro/PAlib/lib\libpa9.a(PA_Math.o)
                0x020b2674                PA_SIN
 .rodata        0x020b2a74       0x30 c:/_ndsdev/devkitPro/PAlib/lib\libpa9.a(PA_Sprite.o)
                0x020b2a74                PA_obj_sizes
                0x020b2a8c                PA_size
 .rodata        0x020b2aa4       0x20 c:/_ndsdev/devkitPro/PAlib/lib\libpa9.a(PA_TiledFont.o)
                0x020b2aa4                PA_TiledFont
 .rodata        0x020b2ac4       0x20 c:/_ndsdev/devkitPro/PAlib/lib\libpa9.a(PA_BmpFont0.o)
                0x020b2ac4                PA_BmpFont0
 .rodata        0x020b2ae4       0x20 c:/_ndsdev/devkitPro/PAlib/lib\libpa9.a(PA_BmpFont1.o)
                0x020b2ae4                PA_BmpFont1
 .rodata        0x020b2b04       0x20 c:/_ndsdev/devkitPro/PAlib/lib\libpa9.a(PA_BmpFont2.o)
                0x020b2b04                PA_BmpFont2
 .rodata        0x020b2b24       0x20 c:/_ndsdev/devkitPro/PAlib/lib\libpa9.a(PA_BmpFont3.o)
                0x020b2b24                PA_BmpFont3
 .rodata        0x020b2b44       0x20 c:/_ndsdev/devkitPro/PAlib/lib\libpa9.a(PA_BmpFont4.o)
                0x020b2b44                PA_BmpFont4
 .rodata        0x020b2b64      0x604 c:/_ndsdev/devkitPro/PAlib/lib\libpa9.a(PA_TiledFont_Map.bin.o)
                0x020b2b64                PA_TiledFont_Map
                0x020b3164                PA_TiledFont_Map_size
                0x020b3164                PA_TiledFont_Map_end
 .rodata        0x020b3168      0x204 c:/_ndsdev/devkitPro/PAlib/lib\libpa9.a(PA_TiledFont_Pal.bin.o)
                0x020b3168                PA_TiledFont_Pal
                0x020b3368                PA_TiledFont_Pal_end
                0x020b3368                PA_TiledFont_Pal_size
 .rodata        0x020b336c     0x33c4 c:/_ndsdev/devkitPro/PAlib/lib\libpa9.a(PA_TiledFont_Tiles.bin.o)
                0x020b336c                PA_TiledFont_Tiles
                0x020b672c                PA_TiledFont_Tiles_size
                0x020b672c                PA_TiledFont_Tiles_end
 .rodata        0x020b6730      0x204 c:/_ndsdev/devkitPro/PAlib/lib\libpa9.a(PA_BmpFont0_Map.bin.o)
                0x020b6730                PA_BmpFont0_Map
                0x020b6930                PA_BmpFont0_Map_end
                0x020b6930                PA_BmpFont0_Map_size
 .rodata        0x020b6934      0x104 c:/_ndsdev/devkitPro/PAlib/lib\libpa9.a(PA_BmpFont0_Sizes.bin.o)
                0x020b6934                PA_BmpFont0_Sizes
                0x020b6a34                PA_BmpFont0_Sizes_size
                0x020b6a34                PA_BmpFont0_Sizes_end
 .rodata        0x020b6a38      0x324 c:/_ndsdev/devkitPro/PAlib/lib\libpa9.a(PA_BmpFont0_Tiles.bin.o)
                0x020b6a38                PA_BmpFont0_Tiles
                0x020b6d58                PA_BmpFont0_Tiles_size
                0x020b6d58                PA_BmpFont0_Tiles_end
 .rodata        0x020b6d5c      0x204 c:/_ndsdev/devkitPro/PAlib/lib\libpa9.a(PA_BmpFont1_Map.bin.o)
                0x020b6d5c                PA_BmpFont1_Map
                0x020b6f5c                PA_BmpFont1_Map_end
                0x020b6f5c                PA_BmpFont1_Map_size
 .rodata        0x020b6f60      0x104 c:/_ndsdev/devkitPro/PAlib/lib\libpa9.a(PA_BmpFont1_Sizes.bin.o)
                0x020b6f60                PA_BmpFont1_Sizes
                0x020b7060                PA_BmpFont1_Sizes_size
                0x020b7060                PA_BmpFont1_Sizes_end
 .rodata        0x020b7064      0x34c c:/_ndsdev/devkitPro/PAlib/lib\libpa9.a(PA_BmpFont1_Tiles.bin.o)
                0x020b7064                PA_BmpFont1_Tiles
                0x020b73ac                PA_BmpFont1_Tiles_end
                0x020b73ac                PA_BmpFont1_Tiles_size
 .rodata        0x020b73b0      0x804 c:/_ndsdev/devkitPro/PAlib/lib\libpa9.a(PA_BmpFont2_Map.bin.o)
                0x020b73b0                PA_BmpFont2_Map
                0x020b7bb0                PA_BmpFont2_Map_size
                0x020b7bb0                PA_BmpFont2_Map_end
 .rodata        0x020b7bb4      0x104 c:/_ndsdev/devkitPro/PAlib/lib\libpa9.a(PA_BmpFont2_Sizes.bin.o)
                0x020b7bb4                PA_BmpFont2_Sizes
                0x020b7cb4                PA_BmpFont2_Sizes_end
                0x020b7cb4                PA_BmpFont2_Sizes_size
 .rodata        0x020b7cb8      0x39c c:/_ndsdev/devkitPro/PAlib/lib\libpa9.a(PA_BmpFont2_Tiles.bin.o)
                0x020b7cb8                PA_BmpFont2_Tiles
                0x020b8050                PA_BmpFont2_Tiles_size
                0x020b8050                PA_BmpFont2_Tiles_end
 .rodata        0x020b8054      0x804 c:/_ndsdev/devkitPro/PAlib/lib\libpa9.a(PA_BmpFont3_Map.bin.o)
                0x020b8054                PA_BmpFont3_Map
                0x020b8854                PA_BmpFont3_Map_end
                0x020b8854                PA_BmpFont3_Map_size
 .rodata        0x020b8858      0x104 c:/_ndsdev/devkitPro/PAlib/lib\libpa9.a(PA_BmpFont3_Sizes.bin.o)
                0x020b8858                PA_BmpFont3_Sizes
                0x020b8958                PA_BmpFont3_Sizes_end
                0x020b8958                PA_BmpFont3_Sizes_size
 .rodata        0x020b895c      0x624 c:/_ndsdev/devkitPro/PAlib/lib\libpa9.a(PA_BmpFont3_Tiles.bin.o)
                0x020b895c                PA_BmpFont3_Tiles
                0x020b8f7c                PA_BmpFont3_Tiles_end
                0x020b8f7c                PA_BmpFont3_Tiles_size
 .rodata        0x020b8f80      0x804 c:/_ndsdev/devkitPro/PAlib/lib\libpa9.a(PA_BmpFont4_Map.bin.o)
                0x020b8f80                PA_BmpFont4_Map
                0x020b9780                PA_BmpFont4_Map_size
                0x020b9780                PA_BmpFont4_Map_end
 .rodata        0x020b9784      0x104 c:/_ndsdev/devkitPro/PAlib/lib\libpa9.a(PA_BmpFont4_Sizes.bin.o)
                0x020b9784                PA_BmpFont4_Sizes
                0x020b9884                PA_BmpFont4_Sizes_end
                0x020b9884                PA_BmpFont4_Sizes_size
 .rodata        0x020b9888      0x834 c:/_ndsdev/devkitPro/PAlib/lib\libpa9.a(PA_BmpFont4_Tiles.bin.o)
                0x020b9888                PA_BmpFont4_Tiles
                0x020ba0b8                PA_BmpFont4_Tiles_size
                0x020ba0b8                PA_BmpFont4_Tiles_end
 .rodata        0x020ba0bc       0xf0 c:/_ndsdev/devkitPro/PAlib/lib\libpa9.a(PA_Keyboard.o)
                0x020ba0bc                PA_Keyboard
 .rodata        0x020ba1ac     0x2000 c:/_ndsdev/devkitPro/PAlib/lib\libpa9.a(keyboard.map.o)
                0x020ba1ac                keyboard_Map
 .rodata        0x020bc1ac       0x20 c:/_ndsdev/devkitPro/PAlib/lib\libpa9.a(keyboard.pal.o)
                0x020bc1ac                keyboard_Palette
 .rodata        0x020bc1cc     0x28a0 c:/_ndsdev/devkitPro/PAlib/lib\libpa9.a(keyboard.raw.o)
                0x020bc1cc                keyboard_Tiles
 .rodata        0x020bea6c       0x14 c:/_ndsdev/devkitPro/libnds/lib\libnds9.a(decompress.o)
 .rodata        0x020bea80      0x308 c:/_ndsdev/devkitPro/libnds/lib\libnds9.a(trig.o)
                0x020bea80                SIN_LUT
                0x020beb84                TAN_LUT
 .rodata        0x020bed88        0x4 c:/_ndsdev/devkitpro/devkitarm/bin/../lib/gcc/arm-eabi/4.6.1/../../../../arm-eabi/lib/thumb\libg.a(lib_a-impure.o)
                0x020bed88                _global_impure_ptr
 .rodata        0x020bed8c       0xf0 c:/_ndsdev/devkitpro/devkitarm/bin/../lib/gcc/arm-eabi/4.6.1/../../../../arm-eabi/lib/thumb\libg.a(lib_a-locale.o)
 .rodata        0x020bee7c       0xa8 c:/_ndsdev/devkitpro/devkitarm/bin/../lib/gcc/arm-eabi/4.6.1/../../../../arm-eabi/lib/thumb\libg.a(lib_a-mbtowc_r.o)
 .rodata        0x020bef24       0x68 c:/_ndsdev/devkitpro/devkitarm/bin/../lib/gcc/arm-eabi/4.6.1/../../../../arm-eabi/lib/thumb\libg.a(lib_a-mktm_r.o)
 .rodata        0x020bef8c      0x184 c:/_ndsdev/devkitpro/devkitarm/bin/../lib/gcc/arm-eabi/4.6.1/../../../../arm-eabi/lib/thumb\libg.a(lib_a-svfprintf.o)
 .rodata        0x020bf110      0x104 c:/_ndsdev/devkitpro/devkitarm/bin/../lib/gcc/arm-eabi/4.6.1/../../../../arm-eabi/lib/thumb\libg.a(lib_a-ctype_.o)
                0x020bf110                _ctype_
 *fill*         0x020bf214        0x4 ff
 .rodata        0x020bf218      0x128 c:/_ndsdev/devkitpro/devkitarm/bin/../lib/gcc/arm-eabi/4.6.1/../../../../arm-eabi/lib/thumb\libg.a(lib_a-mprec.o)
                0x020bf228                __mprec_tens
                0x020bf2f0                __mprec_tinytens
                0x020bf318                __mprec_bigtens
 .rodata        0x020bf340      0x184 c:/_ndsdev/devkitpro/devkitarm/bin/../lib/gcc/arm-eabi/4.6.1/../../../../arm-eabi/lib/thumb\libg.a(lib_a-svfiprintf.o)
 .rodata        0x020bf4c4       0x64 c:/_ndsdev/devkitpro/devkitarm/bin/../lib/gcc/arm-eabi/4.6.1/../../../../arm-eabi/lib/thumb\libsysbase.a(iosupport.o)
                0x020bf4c4                dotab_stdnull
 *all.rodata*(*)
 *(.roda)
 *(.rodata.*)
 .rodata.str1.4
                0x020bf528       0x68 main.o
 .rodata.str1.4
                0x020bf590       0x1f tasks.o
                                 0x20 (size before relaxing)
 *fill*         0x020bf5af        0x1 ff
 .rodata.str1.4
                0x020bf5b0        0xd virtual_io.o
                                 0x10 (size before relaxing)
 *fill*         0x020bf5bd        0x3 ff
 .rodata.str1.4
                0x020bf5c0      0x18b c:/_ndsdev/devkitPro/PAlib/lib\libpa9.a(PA_BgTiles.o)
                                0x190 (size before relaxing)
 *fill*         0x020bf74b        0x1 ff
 .rodata.str1.4
                0x020bf74c       0x26 c:/_ndsdev/devkitPro/PAlib/lib\libpa9.a(PA_Error.o)
                                 0x28 (size before relaxing)
 *fill*         0x020bf772        0x2 ff
 .rodata.str1.4
                0x020bf774        0x2 c:/_ndsdev/devkitPro/PAlib/lib\libpa9.a(PA_Inits.o)
                                  0x4 (size before relaxing)
 *fill*         0x020bf776        0x2 ff
 .rodata.str1.4
                0x020bf778      0x234 c:/_ndsdev/devkitPro/PAlib/lib\libpa9.a(PA_Sprite.o)
 .rodata.str1.4
                0x020bf9ac        0xa c:/_ndsdev/devkitPro/PAlib/lib\libpa9.a(PA_Stuff.o)
                                  0xc (size before relaxing)
 *fill*         0x020bf9b6        0x2 ff
 .rodata.str1.4
                0x020bf9b8      0x128 c:/_ndsdev/devkitPro/PAlib/lib\libpa9.a(PA_NewBg.o)
 .rodata.str1.4
                0x00000000        0x4 c:/_ndsdev/devkitpro/devkitarm/bin/../lib/gcc/arm-eabi/4.6.1/../../../../arm-eabi/lib/thumb\libg.a(lib_a-impure.o)
 .rodata.str1.4
                0x020bfae0      0x120 c:/_ndsdev/devkitpro/devkitarm/bin/../lib/gcc/arm-eabi/4.6.1/../../../../arm-eabi/lib/thumb\libg.a(lib_a-locale.o)
                                0x130 (size before relaxing)
 .rodata.str1.4
                0x020bfc00       0x42 c:/_ndsdev/devkitpro/devkitarm/bin/../lib/gcc/arm-eabi/4.6.1/../../../../arm-eabi/lib/thumb\libg.a(lib_a-svfprintf.o)
                                 0x44 (size before relaxing)
 *fill*         0x020bfc42        0x2 ff
 .rodata.str1.4
                0x020bfc44        0x4 c:/_ndsdev/devkitpro/devkitarm/bin/../lib/gcc/arm-eabi/4.6.1/../../../../arm-eabi/lib/thumb\libg.a(lib_a-tzvars.o)
 .rodata.str1.4
                0x020bfc48       0x10 c:/_ndsdev/devkitpro/devkitarm/bin/../lib/gcc/arm-eabi/4.6.1/../../../../arm-eabi/lib/thumb\libg.a(lib_a-dtoa.o)
                                 0x14 (size before relaxing)
 .rodata.str1.4
                0x00000000       0x30 c:/_ndsdev/devkitpro/devkitarm/bin/../lib/gcc/arm-eabi/4.6.1/../../../../arm-eabi/lib/thumb\libg.a(lib_a-svfiprintf.o)
 .rodata.str1.4
                0x020bfc58        0x8 c:/_ndsdev/devkitpro/devkitarm/bin/../lib/gcc/arm-eabi/4.6.1/../../../../arm-eabi/lib/thumb\libsysbase.a(iosupport.o)
 *(.gnu.linkonce.r*)
                0x020bfc60                . = ALIGN (0x4)

.ARM.extab
 *(.ARM.extab* .gnu.linkonce.armextab.*)
                0x020bfc60                __exidx_start = .

ARM.exidx
 *(.ARM.exidx* .gnu.linkonce.armexidx.*)
                0x020bfc60                __exidx_end = .
                0x020bfc60                . = ALIGN (0x4)
                0x020bfc60                PROVIDE (__preinit_array_start, .)

.preinit_array
 *(.preinit_array)
                0x020bfc60                PROVIDE (__preinit_array_end, .)
                0x020bfc60                PROVIDE (__init_array_start, .)

.init_array     0x020bfc60        0x4
 *(SORT(.init_array.*))
 *(.init_array)
 .init_array    0x020bfc60        0x4 c:/_ndsdev/devkitpro/devkitarm/bin/../lib/gcc/arm-eabi/4.6.1/thumb/crtbegin.o
                0x020bfc64                PROVIDE (__init_array_end, .)
                0x020bfc64                PROVIDE (__fini_array_start, .)

.fini_array     0x020bfc64        0x4
 *(.fini_array)
 .fini_array    0x020bfc64        0x4 c:/_ndsdev/devkitpro/devkitarm/bin/../lib/gcc/arm-eabi/4.6.1/thumb/crtbegin.o
 *(SORT(.fini_array.*))
                0x020bfc68                PROVIDE (__fini_array_end, .)

.ctors          0x020bfc68        0x0
 *crtbegin.o(.ctors)
 *(EXCLUDE_FILE(*crtend.o) .ctors)
 *(SORT(.ctors.*))
 *(.ctors)
                0x020bfc68                . = ALIGN (0x4)

.dtors          0x020bfc68        0x0
 *crtbegin.o(.dtors)
 *(EXCLUDE_FILE(*crtend.o) .dtors)
 *(SORT(.dtors.*))
 *(.dtors)
                0x020bfc68                . = ALIGN (0x4)

.eh_frame       0x020bfc68        0x4
 *(.eh_frame)
 .eh_frame      0x020bfc68        0x0 c:/_ndsdev/devkitpro/devkitarm/bin/../lib/gcc/arm-eabi/4.6.1/thumb/crtbegin.o
 .eh_frame      0x020bfc68        0x4 c:/_ndsdev/devkitpro/devkitarm/bin/../lib/gcc/arm-eabi/4.6.1/thumb/crtend.o
                0x020bfc6c                . = ALIGN (0x4)

.gcc_except_table
                0x020bfc6c        0x0
 *(.gcc_except_table)
                0x020bfc6c                . = ALIGN (0x4)

.jcr            0x020bfc6c        0x4
 *(.jcr)
 .jcr           0x020bfc6c        0x0 c:/_ndsdev/devkitpro/devkitarm/bin/../lib/gcc/arm-eabi/4.6.1/thumb/crtbegin.o
 .jcr           0x020bfc6c        0x4 c:/_ndsdev/devkitpro/devkitarm/bin/../lib/gcc/arm-eabi/4.6.1/thumb/crtend.o

.got
 *(.got.plt)
 *(.got)
 *(.rel.got)

.ewram          0x020bfc70        0x0
                0x020bfc70                __ewram_start = ABSOLUTE (.)
 *(.ewram)
 *ewram.*(.text)
                0x020bfc70                . = ALIGN (0x4)

.data           0x020bfc70      0xed8
                0x020bfc70                __data_start = ABSOLUTE (.)
 *(.data)
 .data          0x020bfc70        0x0 c:/_ndsdev/devkitpro/devkitarm/bin/../lib/gcc/arm-eabi/4.6.1/../../../../arm-eabi/lib/thumb/ds_arm9_crt0.o
 .data          0x020bfc70        0x0 c:/_ndsdev/devkitpro/devkitarm/bin/../lib/gcc/arm-eabi/4.6.1/thumb/crti.o
 .data          0x020bfc70        0x4 c:/_ndsdev/devkitpro/devkitarm/bin/../lib/gcc/arm-eabi/4.6.1/thumb/crtbegin.o
                0x020bfc70                __dso_handle
 .data          0x020bfc74        0x0 soundbank_bin.o
 .data          0x020bfc74        0x0 down.o
 .data          0x020bfc74        0x0 up.o
 .data          0x020bfc74       0xb4 main.o
                0x020bfc7c                newGame
                0x020bfc80                Title_Down
                0x020bfc98                Title
                0x020bfcb0                Shop
                0x020bfcc8                Season
                0x020bfce0                Play_Down
                0x020bfcf8                Pause_Down
                0x020bfd10                Gameover
 .data          0x020bfd28        0x0 croutine.o
 .data          0x020bfd28        0x0 heap.o
 .data          0x020bfd28        0x0 list.o
 .data          0x020bfd28        0x0 port.o
 .data          0x020bfd28        0x4 portISR.o
                0x020bfd28                ulCriticalNesting
 .data          0x020bfd2c        0x0 queue.o
 .data          0x020bfd2c        0x4 tasks.o
 .data          0x020bfd30       0x20 virtual_io.o
                0x020bfd30                virtual_io_resister
 .data          0x020bfd50        0x0 assemfunc.o
 .data          0x020bfd50        0x0 c:/_ndsdev/devkitPro/PAlib/lib\libpa9.a(PA.o)
 .data          0x020bfd50        0x0 c:/_ndsdev/devkitPro/PAlib/lib\libpa9.a(PA_BgEasy.o)
 .data          0x020bfd50        0x0 c:/_ndsdev/devkitPro/PAlib/lib\libpa9.a(PA_BgLargeMap.o)
 .data          0x020bfd50       0x10 c:/_ndsdev/devkitPro/PAlib/lib\libpa9.a(PA_BgTiles.o)
                0x020bfd50                charsetstart
                0x020bfd54                bg_place
                0x020bfd58                bg_sizes
 .data          0x020bfd60        0x0 c:/_ndsdev/devkitPro/PAlib/lib\libpa9.a(PA_Error.o)
 .data          0x020bfd60        0x0 c:/_ndsdev/devkitPro/PAlib/lib\libpa9.a(PA_Inits.o)
 .data          0x020bfd60       0x14 c:/_ndsdev/devkitPro/PAlib/lib\libpa9.a(PA_Interrupt.o)
                0x020bfd60                SpriteVBL
                0x020bfd64                MotionVBL
                0x020bfd68                GHPadVBL
                0x020bfd6c                PaddleVBL
                0x020bfd70                CustomVBL
 .data          0x020bfd74        0x0 c:/_ndsdev/devkitPro/PAlib/lib\libpa9.a(PA_Keys.o)
 .data          0x020bfd74        0x4 c:/_ndsdev/devkitPro/PAlib/lib\libpa9.a(PA_Math.o)
                0x020bfd74                RandomValue
 .data          0x020bfd78        0x0 c:/_ndsdev/devkitPro/PAlib/lib\libpa9.a(PA_Palette.o)
 .data          0x020bfd78        0x0 c:/_ndsdev/devkitPro/PAlib/lib\libpa9.a(PA_RTC.o)
 .data          0x020bfd78      0x204 c:/_ndsdev/devkitPro/PAlib/lib\libpa9.a(PA_Reco.o)
                0x020bfd78                PA_UseGraffiti
                0x020bfd7c                PA_Graffiti
 .data          0x020bff7c        0x4 c:/_ndsdev/devkitPro/PAlib/lib\libpa9.a(PA_Sprite.o)
                0x020bff7c                VBLSpriteAnims
 .data          0x020bff80        0x0 c:/_ndsdev/devkitPro/PAlib/lib\libpa9.a(PA_SpriteAnim.o)
 .data          0x020bff80        0x0 c:/_ndsdev/devkitPro/PAlib/lib\libpa9.a(PA_Stuff.o)
 .data          0x020bff80        0x0 c:/_ndsdev/devkitPro/PAlib/lib\libpa9.a(PA_Text.o)
 .data          0x020bff80       0x7c c:/_ndsdev/devkitPro/PAlib/lib\libpa9.a(PA_TextBits.o)
                0x020bff80                textinfo
                0x020bff84                pa_bittextdefaultsize
                0x020bffac                bittext_maps
                0x020bffd4                bittext_tiles_blank
 .data          0x020bfffc        0x0 c:/_ndsdev/devkitPro/PAlib/lib\libpa9.a(PA_TiledFont.o)
 .data          0x020bfffc        0x0 c:/_ndsdev/devkitPro/PAlib/lib\libpa9.a(PA_BmpFont0.o)
 .data          0x020bfffc        0x0 c:/_ndsdev/devkitPro/PAlib/lib\libpa9.a(PA_BmpFont1.o)
 .data          0x020bfffc        0x0 c:/_ndsdev/devkitPro/PAlib/lib\libpa9.a(PA_BmpFont2.o)
 .data          0x020bfffc        0x0 c:/_ndsdev/devkitPro/PAlib/lib\libpa9.a(PA_BmpFont3.o)
 .data          0x020bfffc        0x0 c:/_ndsdev/devkitPro/PAlib/lib\libpa9.a(PA_BmpFont4.o)
 .data          0x020bfffc        0x0 c:/_ndsdev/devkitPro/PAlib/lib\libpa9.a(PA_TiledFont_Map.bin.o)
 .data          0x020bfffc        0x0 c:/_ndsdev/devkitPro/PAlib/lib\libpa9.a(PA_TiledFont_Pal.bin.o)
 .data          0x020bfffc        0x0 c:/_ndsdev/devkitPro/PAlib/lib\libpa9.a(PA_TiledFont_Tiles.bin.o)
 .data          0x020bfffc        0x0 c:/_ndsdev/devkitPro/PAlib/lib\libpa9.a(PA_BmpFont0_Map.bin.o)
 .data          0x020bfffc        0x0 c:/_ndsdev/devkitPro/PAlib/lib\libpa9.a(PA_BmpFont0_Sizes.bin.o)
 .data          0x020bfffc        0x0 c:/_ndsdev/devkitPro/PAlib/lib\libpa9.a(PA_BmpFont0_Tiles.bin.o)
 .data          0x020bfffc        0x0 c:/_ndsdev/devkitPro/PAlib/lib\libpa9.a(PA_BmpFont1_Map.bin.o)
 .data          0x020bfffc        0x0 c:/_ndsdev/devkitPro/PAlib/lib\libpa9.a(PA_BmpFont1_Sizes.bin.o)
 .data          0x020bfffc        0x0 c:/_ndsdev/devkitPro/PAlib/lib\libpa9.a(PA_BmpFont1_Tiles.bin.o)
 .data          0x020bfffc        0x0 c:/_ndsdev/devkitPro/PAlib/lib\libpa9.a(PA_BmpFont2_Map.bin.o)
 .data          0x020bfffc        0x0 c:/_ndsdev/devkitPro/PAlib/lib\libpa9.a(PA_BmpFont2_Sizes.bin.o)
 .data          0x020bfffc        0x0 c:/_ndsdev/devkitPro/PAlib/lib\libpa9.a(PA_BmpFont2_Tiles.bin.o)
 .data          0x020bfffc        0x0 c:/_ndsdev/devkitPro/PAlib/lib\libpa9.a(PA_BmpFont3_Map.bin.o)
 .data          0x020bfffc        0x0 c:/_ndsdev/devkitPro/PAlib/lib\libpa9.a(PA_BmpFont3_Sizes.bin.o)
 .data          0x020bfffc        0x0 c:/_ndsdev/devkitPro/PAlib/lib\libpa9.a(PA_BmpFont3_Tiles.bin.o)
 .data          0x020bfffc        0x0 c:/_ndsdev/devkitPro/PAlib/lib\libpa9.a(PA_BmpFont4_Map.bin.o)
 .data          0x020bfffc        0x0 c:/_ndsdev/devkitPro/PAlib/lib\libpa9.a(PA_BmpFont4_Sizes.bin.o)
 .data          0x020bfffc        0x0 c:/_ndsdev/devkitPro/PAlib/lib\libpa9.a(PA_BmpFont4_Tiles.bin.o)
 .data          0x020bfffc        0x0 c:/_ndsdev/devkitPro/PAlib/lib\libpa9.a(PA_Fifo.o)
 .data          0x020bfffc        0x0 c:/_ndsdev/devkitPro/PAlib/lib\libpa9.a(PA_NewBg.o)
 .data          0x020bfffc        0x0 c:/_ndsdev/devkitPro/PAlib/lib\libpa9.a(PA_PaletteEx.o)
 .data          0x020bfffc       0x3c c:/_ndsdev/devkitPro/PAlib/lib\libpa9.a(PA_Text8bit.o)
                0x020bfffc                bit8_tiles
                0x020c0024                letters
 .data          0x020c0038       0x28 c:/_ndsdev/devkitPro/PAlib/lib\libpa9.a(PA_16c.o)
                0x020c0038                c16_tiles
 .data          0x020c0060        0xc c:/_ndsdev/devkitPro/PAlib/lib\libpa9.a(PA_BgRot.o)
                0x020c0060                rotbg_place
                0x020c0064                rotbg_sizes
 .data          0x020c006c        0x0 c:/_ndsdev/devkitPro/PAlib/lib\libpa9.a(PA_Draw.o)
 .data          0x020c006c        0x0 c:/_ndsdev/devkitPro/PAlib/lib\libpa9.a(PA_Keyboard.o)
 .data          0x020c006c        0x0 c:/_ndsdev/devkitPro/PAlib/lib\libpa9.a(keyboard.map.o)
 .data          0x020c006c        0x0 c:/_ndsdev/devkitPro/PAlib/lib\libpa9.a(keyboard.pal.o)
 .data          0x020c006c        0x0 c:/_ndsdev/devkitPro/PAlib/lib\libpa9.a(keyboard.raw.o)
 .data          0x020c006c       0x60 c:/_ndsdev/devkitPro/libnds/lib\libnds9.a(background.o)
                0x020c006c                bgScrollTable
                0x020c008c                bgTransform
                0x020c00ac                bgControl
 .data          0x020c00cc        0xc c:/_ndsdev/devkitPro/libnds/lib\libnds9.a(decompress.o)
                0x020c00cc                decomStream
 .data          0x020c00d8        0x3 c:/_ndsdev/devkitPro/libnds/lib\libnds9.a(keys.o)
 .data          0x020c00db        0x0 c:/_ndsdev/devkitPro/libnds/lib\libnds9.a(system.o)
 .data          0x020c00db        0x0 c:/_ndsdev/devkitPro/libnds/lib\libnds9.a(touch.o)
 .data          0x020c00db        0x0 c:/_ndsdev/devkitPro/libnds/lib\libnds9.a(trig.o)
 .data          0x020c00db        0x0 c:/_ndsdev/devkitPro/libnds/lib\libnds9.a(video.o)
 .data          0x020c00db        0x0 c:/_ndsdev/devkitPro/libnds/lib\libnds9.a(initSystem.o)
 *fill*         0x020c00db        0x1 ff
 .data          0x020c00dc       0x10 c:/_ndsdev/devkitPro/libnds/lib\libnds9.a(fifosystem.o)
                0x020c00dc                fifo_freewords
                0x020c00e0                fifo_buffer_free
                0x020c00e4                fifo_send_queue
                0x020c00e8                fifo_receive_queue
 .data          0x020c00ec        0x0 c:/_ndsdev/devkitPro/libnds/lib\libnds9.a(interrupts.o)
 .data          0x020c00ec        0x0 c:/_ndsdev/devkitPro/libnds/lib\libnds9.a(libnds_exit.o)
 .data          0x020c00ec        0x0 c:/_ndsdev/devkitPro/libnds/lib\libnds9.a(syscalls.o)
 .data          0x020c00ec        0x0 c:/_ndsdev/devkitPro/libnds/lib\libnds9.a(dcache.o)
 .data          0x020c00ec        0x0 c:/_ndsdev/devkitPro/libnds/lib\libnds9.a(mpu_setup.o)
 .data          0x020c00ec        0x0 c:/_ndsdev/devkitPro/libnds/lib\libnds9.a(biosCalls.o)
 .data          0x020c00ec        0x0 c:/_ndsdev/devkitPro/libnds/lib\libnds9.a(interruptDispatcher.o)
 .data          0x020c00ec        0x0 c:/_ndsdev/devkitPro/libnds/lib\libnds9.a(swiSoftReset.o)
 .data          0x020c00ec        0x0 c:/_ndsdev/devkitPro/libnds/lib\libmm9.a(mm_comms.o)
 .data          0x020c00ec        0x0 c:/_ndsdev/devkitPro/libnds/lib\libmm9.a(mm_main9.o)
 .data          0x020c00ec        0x0 c:/_ndsdev/devkitPro/libnds/lib\libmm9.a(mm_memory.o)
 .data          0x020c00ec        0x0 c:/_ndsdev/devkitPro/libnds/lib\libmm9.a(mm_soundbank.o)
 .data          0x020c00ec        0x0 c:/_ndsdev/devkitPro/libnds/lib\libmm9.a(mm_flusher.o)
 .data          0x020c00ec        0x0 c:/_ndsdev/devkitpro/devkitarm/bin/../lib/gcc/arm-eabi/4.6.1/thumb\libgcc.a(_udivsi3.o)
 .data          0x020c00ec        0x0 c:/_ndsdev/devkitpro/devkitarm/bin/../lib/gcc/arm-eabi/4.6.1/thumb\libgcc.a(_divsi3.o)
 .data          0x020c00ec        0x0 c:/_ndsdev/devkitpro/devkitarm/bin/../lib/gcc/arm-eabi/4.6.1/thumb\libgcc.a(_dvmd_tls.o)
 .data          0x020c00ec        0x0 c:/_ndsdev/devkitpro/devkitarm/bin/../lib/gcc/arm-eabi/4.6.1/thumb\libgcc.a(_arm_addsubdf3.o)
 .data          0x020c00ec        0x0 c:/_ndsdev/devkitpro/devkitarm/bin/../lib/gcc/arm-eabi/4.6.1/thumb\libgcc.a(_arm_muldivdf3.o)
 .data          0x020c00ec        0x0 c:/_ndsdev/devkitpro/devkitarm/bin/../lib/gcc/arm-eabi/4.6.1/thumb\libgcc.a(_arm_cmpdf2.o)
 .data          0x020c00ec        0x0 c:/_ndsdev/devkitpro/devkitarm/bin/../lib/gcc/arm-eabi/4.6.1/thumb\libgcc.a(_arm_fixdfsi.o)
 .data          0x020c00ec        0x0 c:/_ndsdev/devkitpro/devkitarm/bin/../lib/gcc/arm-eabi/4.6.1/thumb\libgcc.a(_muldi3.o)
 .data          0x020c00ec        0x0 c:/_ndsdev/devkitpro/devkitarm/bin/../lib/gcc/arm-eabi/4.6.1/../../../../arm-eabi/lib/thumb\libg.a(lib_a-bsearch.o)
 .data          0x020c00ec        0x0 c:/_ndsdev/devkitpro/devkitarm/bin/../lib/gcc/arm-eabi/4.6.1/../../../../arm-eabi/lib/thumb\libg.a(lib_a-fclose.o)
 .data          0x020c00ec        0x0 c:/_ndsdev/devkitpro/devkitarm/bin/../lib/gcc/arm-eabi/4.6.1/../../../../arm-eabi/lib/thumb\libg.a(lib_a-fflush.o)
 .data          0x020c00ec        0x0 c:/_ndsdev/devkitpro/devkitarm/bin/../lib/gcc/arm-eabi/4.6.1/../../../../arm-eabi/lib/thumb\libg.a(lib_a-findfp.o)
 .data          0x020c00ec        0x0 c:/_ndsdev/devkitpro/devkitarm/bin/../lib/gcc/arm-eabi/4.6.1/../../../../arm-eabi/lib/thumb\libg.a(lib_a-fopen.o)
 .data          0x020c00ec        0x0 c:/_ndsdev/devkitpro/devkitarm/bin/../lib/gcc/arm-eabi/4.6.1/../../../../arm-eabi/lib/thumb\libg.a(lib_a-fread.o)
 .data          0x020c00ec        0x0 c:/_ndsdev/devkitpro/devkitarm/bin/../lib/gcc/arm-eabi/4.6.1/../../../../arm-eabi/lib/thumb\libg.a(lib_a-freer.o)
 .data          0x020c00ec        0x0 c:/_ndsdev/devkitpro/devkitarm/bin/../lib/gcc/arm-eabi/4.6.1/../../../../arm-eabi/lib/thumb\libg.a(lib_a-fseek.o)
 .data          0x020c00ec        0x0 c:/_ndsdev/devkitpro/devkitarm/bin/../lib/gcc/arm-eabi/4.6.1/../../../../arm-eabi/lib/thumb\libg.a(lib_a-fwalk.o)
 .data          0x020c00ec        0x0 c:/_ndsdev/devkitpro/devkitarm/bin/../lib/gcc/arm-eabi/4.6.1/../../../../arm-eabi/lib/thumb\libg.a(lib_a-gmtime.o)
 .data          0x020c00ec        0x0 c:/_ndsdev/devkitpro/devkitarm/bin/../lib/gcc/arm-eabi/4.6.1/../../../../arm-eabi/lib/thumb\libg.a(lib_a-gmtime_r.o)
 *fill*         0x020c00ec        0x4 ff
 .data          0x020c00f0      0x430 c:/_ndsdev/devkitpro/devkitarm/bin/../lib/gcc/arm-eabi/4.6.1/../../../../arm-eabi/lib/thumb\libg.a(lib_a-impure.o)
                0x020c00f0                _impure_ptr
 .data          0x020c0520        0x0 c:/_ndsdev/devkitpro/devkitarm/bin/../lib/gcc/arm-eabi/4.6.1/../../../../arm-eabi/lib/thumb\libg.a(lib_a-init.o)
 .data          0x020c0520      0x17c c:/_ndsdev/devkitpro/devkitarm/bin/../lib/gcc/arm-eabi/4.6.1/../../../../arm-eabi/lib/thumb\libg.a(lib_a-locale.o)
                0x020c0520                __default_locale
                0x020c0640                __mb_cur_max
 .data          0x020c069c        0x0 c:/_ndsdev/devkitpro/devkitarm/bin/../lib/gcc/arm-eabi/4.6.1/../../../../arm-eabi/lib/thumb\libg.a(lib_a-makebuf.o)
 .data          0x020c069c        0x0 c:/_ndsdev/devkitpro/devkitarm/bin/../lib/gcc/arm-eabi/4.6.1/../../../../arm-eabi/lib/thumb\libg.a(lib_a-malloc.o)
 .data          0x020c069c      0x410 c:/_ndsdev/devkitpro/devkitarm/bin/../lib/gcc/arm-eabi/4.6.1/../../../../arm-eabi/lib/thumb\libg.a(lib_a-mallocr.o)
                0x020c069c                __malloc_av_
                0x020c0aa4                __malloc_sbrk_base
                0x020c0aa8                __malloc_trim_threshold
 .data          0x020c0aac        0x4 c:/_ndsdev/devkitpro/devkitarm/bin/../lib/gcc/arm-eabi/4.6.1/../../../../arm-eabi/lib/thumb\libg.a(lib_a-mbtowc_r.o)
                0x020c0aac                __mbtowc
 .data          0x020c0ab0        0x0 c:/_ndsdev/devkitpro/devkitarm/bin/../lib/gcc/arm-eabi/4.6.1/../../../../arm-eabi/lib/thumb\libg.a(lib_a-memcpy.o)
 .data          0x020c0ab0        0x0 c:/_ndsdev/devkitpro/devkitarm/bin/../lib/gcc/arm-eabi/4.6.1/../../../../arm-eabi/lib/thumb\libg.a(lib_a-memset.o)
 .data          0x020c0ab0        0x0 c:/_ndsdev/devkitpro/devkitarm/bin/../lib/gcc/arm-eabi/4.6.1/../../../../arm-eabi/lib/thumb\libg.a(lib_a-mktm_r.o)
 .data          0x020c0ab0        0x0 c:/_ndsdev/devkitpro/devkitarm/bin/../lib/gcc/arm-eabi/4.6.1/../../../../arm-eabi/lib/thumb\libg.a(lib_a-mlock.o)
 .data          0x020c0ab0        0x0 c:/_ndsdev/devkitpro/devkitarm/bin/../lib/gcc/arm-eabi/4.6.1/../../../../arm-eabi/lib/thumb\libg.a(lib_a-refill.o)
 .data          0x020c0ab0        0x0 c:/_ndsdev/devkitpro/devkitarm/bin/../lib/gcc/arm-eabi/4.6.1/../../../../arm-eabi/lib/thumb\libg.a(lib_a-sprintf.o)
 .data          0x020c0ab0        0x0 c:/_ndsdev/devkitpro/devkitarm/bin/../lib/gcc/arm-eabi/4.6.1/../../../../arm-eabi/lib/thumb\libg.a(lib_a-stdio.o)
 .data          0x020c0ab0        0x0 c:/_ndsdev/devkitpro/devkitarm/bin/../lib/gcc/arm-eabi/4.6.1/../../../../arm-eabi/lib/thumb\libg.a(lib_a-strcasecmp.o)
 .data          0x020c0ab0        0x0 c:/_ndsdev/devkitpro/devkitarm/bin/../lib/gcc/arm-eabi/4.6.1/../../../../arm-eabi/lib/thumb\libg.a(lib_a-strcat.o)
 .data          0x020c0ab0        0x0 c:/_ndsdev/devkitpro/devkitarm/bin/../lib/gcc/arm-eabi/4.6.1/../../../../arm-eabi/lib/thumb\libg.a(lib_a-strchr.o)
 .data          0x020c0ab0        0x0 c:/_ndsdev/devkitpro/devkitarm/bin/../lib/gcc/arm-eabi/4.6.1/../../../../arm-eabi/lib/thumb\libg.a(lib_a-strcmp.o)
 .data          0x020c0ab0        0x0 c:/_ndsdev/devkitpro/devkitarm/bin/../lib/gcc/arm-eabi/4.6.1/../../../../arm-eabi/lib/thumb\libg.a(lib_a-strcpy.o)
 .data          0x020c0ab0        0x0 c:/_ndsdev/devkitpro/devkitarm/bin/../lib/gcc/arm-eabi/4.6.1/../../../../arm-eabi/lib/thumb\libg.a(lib_a-strlcpy.o)
 .data          0x020c0ab0        0x0 c:/_ndsdev/devkitpro/devkitarm/bin/../lib/gcc/arm-eabi/4.6.1/../../../../arm-eabi/lib/thumb\libg.a(lib_a-strlen.o)
 .data          0x020c0ab0        0x0 c:/_ndsdev/devkitpro/devkitarm/bin/../lib/gcc/arm-eabi/4.6.1/../../../../arm-eabi/lib/thumb\libg.a(lib_a-strncasecmp.o)
 .data          0x020c0ab0        0x0 c:/_ndsdev/devkitpro/devkitarm/bin/../lib/gcc/arm-eabi/4.6.1/../../../../arm-eabi/lib/thumb\libg.a(lib_a-strncmp.o)
 .data          0x020c0ab0        0x0 c:/_ndsdev/devkitpro/devkitarm/bin/../lib/gcc/arm-eabi/4.6.1/../../../../arm-eabi/lib/thumb\libg.a(lib_a-strncpy.o)
 .data          0x020c0ab0        0x0 c:/_ndsdev/devkitpro/devkitarm/bin/../lib/gcc/arm-eabi/4.6.1/../../../../arm-eabi/lib/thumb\libg.a(lib_a-strtol.o)
 .data          0x020c0ab0        0x0 c:/_ndsdev/devkitpro/devkitarm/bin/../lib/gcc/arm-eabi/4.6.1/../../../../arm-eabi/lib/thumb\libg.a(lib_a-svfprintf.o)
 .data          0x020c0ab0        0x0 c:/_ndsdev/devkitpro/devkitarm/bin/../lib/gcc/arm-eabi/4.6.1/../../../../arm-eabi/lib/thumb\libg.a(lib_a-sysstat.o)
 .data          0x020c0ab0        0x0 c:/_ndsdev/devkitpro/devkitarm/bin/../lib/gcc/arm-eabi/4.6.1/../../../../arm-eabi/lib/thumb\libg.a(lib_a-time.o)
 .data          0x020c0ab0        0x0 c:/_ndsdev/devkitpro/devkitarm/bin/../lib/gcc/arm-eabi/4.6.1/../../../../arm-eabi/lib/thumb\libg.a(lib_a-tzlock.o)
 .data          0x020c0ab0        0x8 c:/_ndsdev/devkitpro/devkitarm/bin/../lib/gcc/arm-eabi/4.6.1/../../../../arm-eabi/lib/thumb\libg.a(lib_a-tzvars.o)
                0x020c0ab0                _tzname
 .data          0x020c0ab8        0x0 c:/_ndsdev/devkitpro/devkitarm/bin/../lib/gcc/arm-eabi/4.6.1/../../../../arm-eabi/lib/thumb\libg.a(lib_a-wcrtomb.o)
 .data          0x020c0ab8        0x0 c:/_ndsdev/devkitpro/devkitarm/bin/../lib/gcc/arm-eabi/4.6.1/../../../../arm-eabi/lib/thumb\libg.a(lib_a-wcsrtombs.o)
 .data          0x020c0ab8        0x4 c:/_ndsdev/devkitpro/devkitarm/bin/../lib/gcc/arm-eabi/4.6.1/../../../../arm-eabi/lib/thumb\libg.a(lib_a-wctomb_r.o)
                0x020c0ab8                __wctomb
 .data          0x020c0abc        0x4 c:/_ndsdev/devkitpro/devkitarm/bin/../lib/gcc/arm-eabi/4.6.1/../../../../arm-eabi/lib/thumb\libg.a(lib_a-ctype_.o)
                0x020c0abc                __ctype_ptr__
 .data          0x020c0ac0        0x0 c:/_ndsdev/devkitpro/devkitarm/bin/../lib/gcc/arm-eabi/4.6.1/../../../../arm-eabi/lib/thumb\libg.a(lib_a-dtoa.o)
 .data          0x020c0ac0        0x0 c:/_ndsdev/devkitpro/devkitarm/bin/../lib/gcc/arm-eabi/4.6.1/../../../../arm-eabi/lib/thumb\libg.a(lib_a-flags.o)
 .data          0x020c0ac0        0x0 c:/_ndsdev/devkitpro/devkitarm/bin/../lib/gcc/arm-eabi/4.6.1/../../../../arm-eabi/lib/thumb\libg.a(lib_a-getenv_r.o)
 .data          0x020c0ac0       0x40 c:/_ndsdev/devkitpro/devkitarm/bin/../lib/gcc/arm-eabi/4.6.1/../../../../arm-eabi/lib/thumb\libg.a(lib_a-gettzinfo.o)
 .data          0x020c0b00        0x0 c:/_ndsdev/devkitpro/devkitarm/bin/../lib/gcc/arm-eabi/4.6.1/../../../../arm-eabi/lib/thumb\libg.a(lib_a-memchr.o)
 .data          0x020c0b00        0x0 c:/_ndsdev/devkitpro/devkitarm/bin/../lib/gcc/arm-eabi/4.6.1/../../../../arm-eabi/lib/thumb\libg.a(lib_a-mprec.o)
 .data          0x020c0b00        0x0 c:/_ndsdev/devkitpro/devkitarm/bin/../lib/gcc/arm-eabi/4.6.1/../../../../arm-eabi/lib/thumb\libg.a(lib_a-s_fpclassify.o)
 .data          0x020c0b00        0x0 c:/_ndsdev/devkitpro/devkitarm/bin/../lib/gcc/arm-eabi/4.6.1/../../../../arm-eabi/lib/thumb\libg.a(lib_a-svfiprintf.o)
 .data          0x020c0b00        0x0 c:/_ndsdev/devkitpro/devkitarm/bin/../lib/gcc/arm-eabi/4.6.1/../../../../arm-eabi/lib/thumb\libg.a(lib_a-wcsnrtombs.o)
 .data          0x020c0b00        0x0 c:/_ndsdev/devkitpro/devkitarm/bin/../lib/gcc/arm-eabi/4.6.1/../../../../arm-eabi/lib/thumb\libg.a(lib_a-callocr.o)
 .data          0x020c0b00        0x4 c:/_ndsdev/devkitpro/devkitarm/bin/../lib/gcc/arm-eabi/4.6.1/../../../../arm-eabi/lib/thumb\libg.a(lib_a-environ.o)
                0x020c0b00                environ
 .data          0x020c0b04        0x0 c:/_ndsdev/devkitpro/devkitarm/bin/../lib/gcc/arm-eabi/4.6.1/../../../../arm-eabi/lib/thumb\libg.a(lib_a-envlock.o)
 .data          0x020c0b04        0x0 c:/_ndsdev/devkitpro/devkitarm/bin/../lib/gcc/arm-eabi/4.6.1/../../../../arm-eabi/lib/thumb\libg.a(lib_a-memmove.o)
 .data          0x020c0b04        0x0 c:/_ndsdev/devkitpro/devkitarm/bin/../lib/gcc/arm-eabi/4.6.1/../../../../arm-eabi/lib/thumb\libg.a(lib_a-reallocr.o)
 .data          0x020c0b04        0x0 c:/_ndsdev/devkitpro/devkitarm/bin/../lib/gcc/arm-eabi/4.6.1/../../../../arm-eabi/lib/thumb\libsysbase.a(close.o)
 .data          0x020c0b04        0x0 c:/_ndsdev/devkitpro/devkitarm/bin/../lib/gcc/arm-eabi/4.6.1/../../../../arm-eabi/lib/thumb\libsysbase.a(fstat.o)
 .data          0x020c0b04        0x0 c:/_ndsdev/devkitpro/devkitarm/bin/../lib/gcc/arm-eabi/4.6.1/../../../../arm-eabi/lib/thumb\libsysbase.a(isatty.o)
 .data          0x020c0b04        0x0 c:/_ndsdev/devkitpro/devkitarm/bin/../lib/gcc/arm-eabi/4.6.1/../../../../arm-eabi/lib/thumb\libsysbase.a(lseek.o)
 .data          0x020c0b04        0x0 c:/_ndsdev/devkitpro/devkitarm/bin/../lib/gcc/arm-eabi/4.6.1/../../../../arm-eabi/lib/thumb\libsysbase.a(open.o)
 .data          0x020c0b04        0x0 c:/_ndsdev/devkitpro/devkitarm/bin/../lib/gcc/arm-eabi/4.6.1/../../../../arm-eabi/lib/thumb\libsysbase.a(read.o)