Archive member included because of file (symbol)

c:/_ndsdev/devkitPro/PAlib/lib\libpa9.a(PA.o)
                              cs_api.o (PA_CheckLid)
c:/_ndsdev/devkitPro/PAlib/lib\libpa9.a(PA_BgEasy.o)
                              cs_api.o (PA_EasyBgScrollY)
c:/_ndsdev/devkitPro/PAlib/lib\libpa9.a(PA_BgLargeMap.o)
                              c:/_ndsdev/devkitPro/PAlib/lib\libpa9.a(PA_BgEasy.o) (PA_InfLargeScrollXN)
c:/_ndsdev/devkitPro/PAlib/lib\libpa9.a(PA_BgTiles.o)
                              c:/_ndsdev/devkitPro/PAlib/lib\libpa9.a(PA_BgEasy.o) (PA_BgInfo)
c:/_ndsdev/devkitPro/PAlib/lib\libpa9.a(PA_Error.o)
                              c:/_ndsdev/devkitPro/PAlib/lib\libpa9.a(PA_BgTiles.o) (PA_Error)
c:/_ndsdev/devkitPro/PAlib/lib\libpa9.a(PA_Inits.o)
                              c:/_ndsdev/devkitPro/PAlib/lib\libpa9.a(PA_Error.o) (PA_Init2D)
c:/_ndsdev/devkitPro/PAlib/lib\libpa9.a(PA_Interrupt.o)
                              c:/_ndsdev/devkitPro/PAlib/lib\libpa9.a(PA_Inits.o) (PA_VBLCountersReset)
c:/_ndsdev/devkitPro/PAlib/lib\libpa9.a(PA_Keys.o)
                              c:/_ndsdev/devkitPro/PAlib/lib\libpa9.a(PA_Interrupt.o) (PA_UpdatePad)
c:/_ndsdev/devkitPro/PAlib/lib\libpa9.a(PA_Math.o)
                              game.o (RandomValue)
c:/_ndsdev/devkitPro/PAlib/lib\libpa9.a(PA_NewBg.o)
                              cs_api.o (PA_LoadBackground)
c:/_ndsdev/devkitPro/PAlib/lib\libpa9.a(PA_Palette.o)
                              cs_api.o (PA_LoadSpriteExtPal)
c:/_ndsdev/devkitPro/PAlib/lib\libpa9.a(PA_RTC.o)
                              c:/_ndsdev/devkitPro/PAlib/lib\libpa9.a(PA_Inits.o) (PA_UpdateUserInfo)
c:/_ndsdev/devkitPro/PAlib/lib\libpa9.a(PA_Reco.o)
                              c:/_ndsdev/devkitPro/PAlib/lib\libpa9.a(PA_Inits.o) (PA_UseGraffiti)
c:/_ndsdev/devkitPro/PAlib/lib\libpa9.a(PA_Sprite.o)
                              cs_api.o (PA_ResetSpriteSysScreen)
c:/_ndsdev/devkitPro/PAlib/lib\libpa9.a(PA_SpriteAnim.o)
                              cs_api.o (PA_StartSpriteAnimEx)
c:/_ndsdev/devkitPro/PAlib/lib\libpa9.a(PA_Stuff.o)
                              c:/_ndsdev/devkitPro/PAlib/lib\libpa9.a(PA_BgTiles.o) (PA_SetVideoMode)
c:/_ndsdev/devkitPro/PAlib/lib\libpa9.a(PA_Text.o)
                              c:/_ndsdev/devkitPro/PAlib/lib\libpa9.a(PA_Inits.o) (PA_textpal)
c:/_ndsdev/devkitPro/PAlib/lib\libpa9.a(PA_Text8bit.o)
                              c:/_ndsdev/devkitPro/PAlib/lib\libpa9.a(PA_NewBg.o) (bit8_tiles)
c:/_ndsdev/devkitPro/PAlib/lib\libpa9.a(PA_TextBits.o)
                              c:/_ndsdev/devkitPro/PAlib/lib\libpa9.a(PA_Text8bit.o) (PA_LetterPos)
c:/_ndsdev/devkitPro/PAlib/lib\libpa9.a(PA_TiledFont.o)
                              c:/_ndsdev/devkitPro/PAlib/lib\libpa9.a(PA_Text.o) (PA_TiledFont)
c:/_ndsdev/devkitPro/PAlib/lib\libpa9.a(PA_BmpFont0.o)
                              c:/_ndsdev/devkitPro/PAlib/lib\libpa9.a(PA_Inits.o) (PA_BmpFont0)
c:/_ndsdev/devkitPro/PAlib/lib\libpa9.a(PA_BmpFont1.o)
                              c:/_ndsdev/devkitPro/PAlib/lib\libpa9.a(PA_Inits.o) (PA_BmpFont1)
c:/_ndsdev/devkitPro/PAlib/lib\libpa9.a(PA_BmpFont2.o)
                              c:/_ndsdev/devkitPro/PAlib/lib\libpa9.a(PA_Inits.o) (PA_BmpFont2)
c:/_ndsdev/devkitPro/PAlib/lib\libpa9.a(PA_BmpFont3.o)
                              c:/_ndsdev/devkitPro/PAlib/lib\libpa9.a(PA_Inits.o) (PA_BmpFont3)
c:/_ndsdev/devkitPro/PAlib/lib\libpa9.a(PA_BmpFont4.o)
                              c:/_ndsdev/devkitPro/PAlib/lib\libpa9.a(PA_Inits.o) (PA_BmpFont4)
c:/_ndsdev/devkitPro/PAlib/lib\libpa9.a(PA_TiledFont_Map.bin.o)
                              c:/_ndsdev/devkitPro/PAlib/lib\libpa9.a(PA_Inits.o) (PA_TiledFont_Map)
c:/_ndsdev/devkitPro/PAlib/lib\libpa9.a(PA_TiledFont_Pal.bin.o)
                              c:/_ndsdev/devkitPro/PAlib/lib\libpa9.a(PA_Inits.o) (PA_TiledFont_Pal)
c:/_ndsdev/devkitPro/PAlib/lib\libpa9.a(PA_TiledFont_Tiles.bin.o)
                              c:/_ndsdev/devkitPro/PAlib/lib\libpa9.a(PA_Inits.o) (PA_TiledFont_Tiles)
c:/_ndsdev/devkitPro/PAlib/lib\libpa9.a(PA_BmpFont0_Map.bin.o)
                              c:/_ndsdev/devkitPro/PAlib/lib\libpa9.a(PA_TextBits.o) (PA_BmpFont0_Map)
c:/_ndsdev/devkitPro/PAlib/lib\libpa9.a(PA_BmpFont0_Sizes.bin.o)
                              c:/_ndsdev/devkitPro/PAlib/lib\libpa9.a(PA_TextBits.o) (PA_BmpFont0_Sizes)
c:/_ndsdev/devkitPro/PAlib/lib\libpa9.a(PA_BmpFont0_Tiles.bin.o)
                              c:/_ndsdev/devkitPro/PAlib/lib\libpa9.a(PA_Inits.o) (PA_BmpFont0_Tiles_size)
c:/_ndsdev/devkitPro/PAlib/lib\libpa9.a(PA_BmpFont1_Map.bin.o)
                              c:/_ndsdev/devkitPro/PAlib/lib\libpa9.a(PA_TextBits.o) (PA_BmpFont1_Map)
c:/_ndsdev/devkitPro/PAlib/lib\libpa9.a(PA_BmpFont1_Sizes.bin.o)
                              c:/_ndsdev/devkitPro/PAlib/lib\libpa9.a(PA_TextBits.o) (PA_BmpFont1_Sizes)
[...]
Memory Configuration

Name             Origin             Length             Attributes
rom              0x08000000         0x02000000
ewram            0x02000000         0x003ff000
dtcm             0x0b000000         0x00004000
vectors          0x01000000         0x00000100
itcm             0x01000100         0x00007f00
*default*        0x00000000         0xffffffff

Linker script and memory map

                0x01000000                __vectors_start = ORIGIN (vectors)
                0x01000100                __itcm_start = ORIGIN (itcm)
                0x023ff000                __ewram_end = (ORIGIN (ewram) + 0x3ff000)
                0x023ff000                __eheap_end = (ORIGIN (ewram) + 0x3ff000)
                0x0b000000                __dtcm_start = ORIGIN (dtcm)
                0x0b004000                __dtcm_top = (ORIGIN (dtcm) + 0x4000)
                0x0b003ff8                __irq_flags = (__dtcm_top - 0x8)
                0x0b003ffc                __irq_vector = (__dtcm_top - 0x4)
                0x0b003f00                __sp_svc = (__dtcm_top - 0x100)
                0x0b003e00                __sp_irq = (__sp_svc - 0x100)
                0x0b003d00                __sp_usr = (__sp_irq - 0x100)

.init           0x02000000      0x23c
                0x02000000                __text_start = .
 *(.init)
 .init          0x02000000      0x230 c:/_ndsdev/devkitpro/devkitarm/bin/../lib/gcc/arm-eabi/4.6.1/../../../../arm-eabi/lib/thumb/ds_arm9_crt0.o
                0x02000000                _start
 .init          0x02000230        0x4 c:/_ndsdev/devkitpro/devkitarm/bin/../lib/gcc/arm-eabi/4.6.1/thumb/crti.o
                0x02000230                _init
 .init          0x02000234        0x8 c:/_ndsdev/devkitpro/devkitarm/bin/../lib/gcc/arm-eabi/4.6.1/thumb/crtn.o
                0x0200023c                . = ALIGN (0x4)

.plt
 *(.plt)

.text           0x02000240    0x141c0
 *(EXCLUDE_FILE(*.itcm*) .text)
 .text          0x02000240        0x0 c:/_ndsdev/devkitpro/devkitarm/bin/../lib/gcc/arm-eabi/4.6.1/../../../../arm-eabi/lib/thumb/ds_arm9_crt0.o
 .text          0x02000240        0x0 c:/_ndsdev/devkitpro/devkitarm/bin/../lib/gcc/arm-eabi/4.6.1/thumb/crti.o
 .text          0x02000240       0x6c c:/_ndsdev/devkitpro/devkitarm/bin/../lib/gcc/arm-eabi/4.6.1/thumb/crtbegin.o
 .text          0x020002ac        0x0 Town_Map.o
 .text          0x020002ac        0x0 Town_Pal.o
 .text          0x020002ac        0x0 Town_Tiles.o
 .text          0x020002ac        0x0 bg_main_down_Map.o
 .text          0x020002ac        0x0 bg_main_down_Pal.o
 .text          0x020002ac        0x0 bg_main_down_Tiles.o
 .text          0x020002ac        0x0 bg_main_up_Map.o
 .text          0x020002ac        0x0 bg_main_up_Pal.o
 .text          0x020002ac        0x0 bg_main_up_Tiles.o
 .text          0x020002ac        0x0 bg_menu_Map.o
 .text          0x020002ac        0x0 bg_menu_Pal.o
 .text          0x020002ac        0x0 bg_menu_Tiles.o
 .text          0x020002ac        0x0 bg_stage1_init_Map.o
 .text          0x020002ac        0x0 bg_stage1_init_Pal.o
 .text          0x020002ac        0x0 bg_stage1_init_Tiles.o
 .text          0x020002ac        0x0 bg_stage2_init_Map.o
 .text          0x020002ac        0x0 bg_stage2_init_Pal.o
 .text          0x020002ac        0x0 bg_stage2_init_Tiles.o
 .text          0x020002ac        0x0 bg_stage3_init_Map.o
 .text          0x020002ac        0x0 bg_stage3_init_Pal.o
 .text          0x020002ac        0x0 bg_stage3_init_Tiles.o
 .text          0x020002ac        0x0 gameover_Map.o
 .text          0x020002ac        0x0 gameover_Pal.o
 .text          0x020002ac        0x0 gameover_Tiles.o
 .text          0x020002ac        0x0 hpminus_Pal.o
 .text          0x020002ac        0x0 hpminus_Sprite.o
 .text          0x020002ac        0x0 monster_Pal.o
 .text          0x020002ac        0x0 monster_Sprite.o
 .text          0x020002ac        0x0 princess_Pal.o
 .text          0x020002ac        0x0 princess_Sprite.o
 .text          0x020002ac        0x0 som_Pal.o
 .text          0x020002ac        0x0 som_Sprite.o
 .text          0x020002ac        0x0 sprite1_Pal.o
 .text          0x020002ac        0x0 sprite1_Sprite.o
 .text          0x020002ac        0x0 stage1_Map.o
 .text          0x020002ac        0x0 stage1_Pal.o
 .text          0x020002ac        0x0 stage1_Tiles.o
 .text          0x020002ac        0x0 stage2_Map.o
 .text          0x020002ac        0x0 stage2_Pal.o
 .text          0x020002ac        0x0 stage2_Tiles.o
 .text          0x020002ac        0x0 water_Pal.o
 .text          0x020002ac        0x0 water_Sprite.o
 .text          0x020002ac        0x0 soundbank_bin.o
 .text          0x020002ac        0x0 down.o
 .text          0x020002ac        0x0 up.o
 .text          0x020002ac       0x7c crystal.o
                0x020002ac                crystal::~crystal()
                0x020002ac                crystal::~crystal()
                0x020002b8                crystal::~crystal()
                0x020002d0                crystal::crystal()
                0x020002d0                crystal::crystal()
                0x020002e4                crystal::move(int, int)
                0x02000324                crystal::destory()
 .text          0x02000328       0xac crystal_Ball.o
                0x02000328                crystal_Ball::~crystal_Ball()
                0x02000328                crystal_Ball::~crystal_Ball()
                0x02000334                crystal_Ball::~crystal_Ball()
                0x0200034c                crystal_Ball::crystal_Ball()
                0x0200034c                crystal_Ball::crystal_Ball()
                0x02000368                crystal_Ball::move(int, int)
                0x020003ac                crystal_Ball::ball_setting(int, int)
 .text          0x020003d4      0x684 cs_api.o
                0x020003d4                sprite_print(void*, void*, int, int)
                0x02000438                sprite_print2(void*, void*, int, int)
                0x020004a8                sprite_print_dual(void*, void*, int, int, int, int)
                0x0200063c                sprite_print_dual2(void*, void*, int, int, int, int)
                0x020007d4                dualback_print(PA_BgStruct const*)
                0x0200080c                move_sprite(unsigned char, int, int)
                0x02000834                dual_move(unsigned char, int, int)
                0x0200090c                press_key_move()
                0x020009d0                touch_key_move()
                0x020009f8                A_press_key()
                0x02000a04                UnLoad_Screen()
                0x02000a28                wait(int)
 .text          0x02000a58      0x578 game.o
                0x02000a58                init_singleplay()
                0x02000aa0                singleplay_start()
 .text          0x02000fd0       0xe8 hero.o
                0x02000fd0                hero::hero()
                0x02000fd0                hero::hero()
                0x02000ff4                hero::~hero()
                0x02000ff4                hero::~hero()
                0x02000ff8                hero::move()
 .text          0x020010b8       0x74 main.o
 .text          0x0200112c       0x94 menu.o
                0x0200112c                ret_next()
                0x02001158                sel_menu()
 .text          0x020011c0       0xb8 monster.o
                0x020011c0                monster::~monster()
                0x020011c0                monster::~monster()
                0x020011cc                monster::~monster()
                0x020011e4                monster::monster()
                0x020011e4                monster::monster()
                0x020011fc                monster::monster_setting(int, int, int)
                0x02001224                monster::move(int)
 .text          0x02001278       0x8c princess.o
                0x02001278                princess::~princess()
                0x02001278                princess::~princess()
                0x02001284                princess::~princess()
                0x0200129c                princess::princess()
                0x0200129c                princess::princess()
                0x020012c8                princess::move(int)
 .text          0x02001304       0xb4 water.o
                0x02001304                water::~water()
                0x02001304                water::~water()
                0x02001310                water::~water()
                0x02001328                water::water()
                0x02001328                water::water()
                0x0200133c                water::water_setting(int, int)
                0x02001364                water::move(int)
 .text          0x020013b8      0x264 croutine.o
                0x020013b8                xCoRoutineCreate
                0x02001470                vCoRoutineAddToDelayedList
                0x020014b4                vCoRoutineSchedule
                0x020015e4                xCoRoutineRemoveFromEventList
 .text          0x0200161c       0x30 heap.o
                0x0200161c                pvPortMalloc
                0x02001634                vPortFree
 .text          0x0200164c       0x98 list.o
                0x0200164c                vListInitialise
                0x02001664                vListInitialiseItem
                0x0200166c                vListInsertEnd
                0x02001688                vListInsert
                0x020016c0                vListRemove
 .text          0x020016e4       0xd4 port.o
                0x020016e4                pxPortInitialiseStack
                0x0200177c                xPortStartScheduler
                0x020017b4                vPortEndScheduler
 .text          0x020017b8       0x40 portISR.o
                0x020017b8                vPortISRStartFirstTask
                0x020017c0                vPortYieldProcessor
                0x020017c0                vPortEnterCritical
                0x020017d4                vPortExitCritical
 .text          0x020017f8      0x4e4 queue.o
                0x0200191c                xQueueCreate
                0x02001980                xQueueGenericSend
                0x02001a8c                xQueueCreateMutex
                0x02001ad0                xQueueGenericSendFromISR
                0x02001b14                xQueueGenericReceive
                0x02001c58                xQueueReceiveFromISR
                0x02001c9c                uxQueueMessagesWaiting
                0x02001cb0                uxQueueMessagesWaitingFromISR
                0x02001cb4                vQueueDelete
                0x02001cc8                xQueueIsQueueEmptyFromISR
                0x02001cd0                xQueueIsQueueFullFromISR
 .text          0x02001cdc      0xb40 tasks.o
                0x02001d7c                xTaskGenericCreate
                0x02001f18                vTaskDelete
                0x02001f80                uxTaskPriorityGet
                0x02001fa0                vTaskPrioritySet
                0x02002038                vTaskSuspend
                0x02002088                xTaskIsTaskSuspended
                0x020020b0                vTaskResume
                0x02002110                xTaskResumeFromISR
                0x02002180                vTaskStartScheduler
                0x020021c0                vTaskEndScheduler
                0x020021d8                vTaskSuspendAll
                0x020021e8                xTaskGetTickCount
                0x02002200                uxTaskGetNumberOfTasks
                0x0200220c                vTaskStartTrace
                0x02002230                ulTaskEndTrace
                0x0200224c                vTaskIncrementTick
                0x020022d4                xTaskResumeAll
                0x020023a0                vTaskList
                0x020024bc                vTaskDelay
                0x02002510                vTaskDelayUntil
                0x02002578                vTaskSwitchContext
                0x0200261c                vTaskPlaceOnEventList
                0x02002678                xTaskRemoveFromEventList
                0x020026e8                vTaskSetTimeOutState
                0x020026f8                xTaskCheckForTimeOut
                0x02002754                vTaskMissedYield
                0x02002760                xTaskGetCurrentTaskHandle
                0x0200276c                vTaskPriorityInherit
                0x020027d4                vTaskPriorityDisinherit
 .text          0x0200281c      0x400 virtual_io.o
                0x02002a2c                init_virtual_io
                0x02002aac                readb_virtual_io
                0x02002b00                writeb_virtual_io
                0x02002c04                close_virtual_io
 .text          0x02002c1c        0x0 Town.o
 .text          0x02002c1c        0x0 bg_main_down.o
 .text          0x02002c1c        0x0 bg_main_up.o
 .text          0x02002c1c        0x0 bg_menu.o
 .text          0x02002c1c        0x0 bg_stage1_init.o
 .text          0x02002c1c        0x0 bg_stage2_init.o
 .text          0x02002c1c        0x0 bg_stage3_init.o
 .text          0x02002c1c        0x0 gameover.o
 .text          0x02002c1c        0x0 stage1.o
 .text          0x02002c1c        0x0 stage2.o
 *fill*         0x02002c1c        0x4 ff
 .text          0x02002c20       0xf0 assemfunc.o
                0x02002c20                vPortDisableInterruptsFromThumb
                0x02002c38                vPortEnableInterruptsFromThumb
                0x02002c50                portRESTORE_CONTEXT_FIRST
                0x02002c68                portRESTORE_CONTEXT
                0x02002ca0                vPreemptiveTick
 .text          0x02002d10       0xbc c:/_ndsdev/devkitPro/PAlib/lib\libpa9.a(PA.o)
                0x02002d10                PA_SetBrightness
                0x02002d50                PA_Nothing
                0x02002d54                PA_CheckLid
 .text          0x02002dcc      0x338 c:/_ndsdev/devkitPro/PAlib/lib\libpa9.a(PA_BgEasy.o)
                0x02002dcc                PA_EasyBgScrollX
                0x02002e58                PA_EasyBgScrollY
                0x02002ee4                PA_StoreEasyBgInfos
                0x02002f20                PA_EasyBgLoadEx
 .text          0x02003104      0xccc c:/_ndsdev/devkitPro/PAlib/lib\libpa9.a(PA_BgLargeMap.o)
                0x02003104                PA_LargeScrollXN
                0x020032c0                PA_LargeScrollYN
                0x02003470                PA_InfLargeScrollXN
                0x02003654                PA_InfLargeScrollYN
                0x0200383c                PA_UpdateTileEngineX
                0x02003978                PA_UpdateTileEngineY
                0x02003ab0                PA_InfTilesScrollX
                0x02003b40                PA_InfTilesScrollY
                0x02003bd0                PA_InitLargeBg
 .text          0x02003dd0      0x6f0 c:/_ndsdev/devkitPro/PAlib/lib\libpa9.a(PA_BgTiles.o)
                0x02003dd0                PA_ReLoadBgTiles
                0x02003e18                PA_InitBg
                0x02003f00                PA_DeleteTiles
                0x02003f94                PA_LoadBgTilesEx
                0x020041a4                PA_DeleteMap
                0x02004220                PA_LoadBgMap
                0x0200439c                PA_ResetBgSysScreen
                0x020044b0                PA_ResetBgSys
 .text          0x020044c0       0x84 c:/_ndsdev/devkitPro/PAlib/lib\libpa9.a(PA_Error.o)
                0x020044c0                PA_Error
                0x020044e0                _PA_Assert
 .text          0x02004544      0x278 c:/_ndsdev/devkitPro/PAlib/lib\libpa9.a(PA_Inits.o)
                0x02004544                PA_Init2D
                0x020045a0                PA_Init
 .text          0x020047bc       0x78 c:/_ndsdev/devkitPro/PAlib/lib\libpa9.a(PA_Interrupt.o)
                0x020047bc                PA_VBLCountersReset
                0x020047dc                PA_vblFunc
 .text          0x02004834      0x2e0 c:/_ndsdev/devkitPro/PAlib/lib\libpa9.a(PA_Keys.o)
                0x02004834                PA_UpdatePad
                0x02004a4c                PA_UpdateStylus
 .text          0x02004b14      0x158 c:/_ndsdev/devkitPro/PAlib/lib\libpa9.a(PA_Math.o)
                0x02004b14                PA_AdjustAngle
 .text          0x02004c6c      0x824 c:/_ndsdev/devkitPro/PAlib/lib\libpa9.a(PA_NewBg.o)
                0x02004c6c                PA_LoadBackground
                0x02005168                PA_LoadText
                0x0200529c                PA_LoadKeyboard
                0x020053f0                PA_AddBitmapFont
                0x02005440                PA_Add16cFont
 .text          0x02005490      0x244 c:/_ndsdev/devkitPro/PAlib/lib\libpa9.a(PA_Palette.o)
                0x02005490                PA_LoadSpriteExtPal
                0x02005548                PA_InitSpriteExtPal
                0x020055a0                PA_LoadBgPalN
                0x02005670                PA_InitBgExtPal
 .text          0x020056d4       0xc4 c:/_ndsdev/devkitPro/PAlib/lib\libpa9.a(PA_RTC.o)
                0x020056d4                PA_UpdateUserInfo
                0x02005758                PA_UpdateRTC
 .text          0x02005798      0x4e4 c:/_ndsdev/devkitPro/PAlib/lib\libpa9.a(PA_Reco.o)
                0x02005798                PA_StylusLine
                0x020058f8                PA_AnalyzeShape
                0x02005bf8                PA_CheckLetter
 .text          0x02005c7c      0x7dc c:/_ndsdev/devkitPro/PAlib/lib\libpa9.a(PA_Sprite.o)
                0x02005c7c                PA_InitSpriteExtPrio
                0x02005cb0                PA_ResetSpriteSysScreen
                0x02005e04                PA_ResetSpriteSys
                0x02005e20                PA_CreateGfx
                0x02005f7c                PA_DeleteGfx
                0x02006118                PA_DeleteSprite
                0x0200626c                PA_InitSpriteDraw
                0x020062cc                PA_UpdateOAM
                0x02006420                PA_UpdateSpriteVBL
 .text          0x02006458      0x3d8 c:/_ndsdev/devkitPro/PAlib/lib\libpa9.a(PA_SpriteAnim.o)
                0x02006458                PA_UpdateSpriteAnims
                0x02006670                PA_StartSpriteAnimEx
 .text          0x02006830      0x1b4 c:/_ndsdev/devkitPro/PAlib/lib\libpa9.a(PA_Stuff.o)
                0x02006830                PA_SetVideoMode
                0x02006854                PA_Locate
 *fill*         0x020069e4        0x4 ff
 .text          0x020069e8      0xa98 c:/_ndsdev/devkitPro/PAlib/lib\libpa9.a(PA_Text.o)
                0x020069e8                PA_CreateTextPal
                0x02006a94                PA_LoadDefaultText
                0x02006b5c                PA_OutputSimpleText
                0x02006c38                PA_OutputText
                0x020073d8                PA_ClearTextBg
 .text          0x02007480     0x1230 c:/_ndsdev/devkitPro/PAlib/lib\libpa9.a(PA_Text8bit.o)
                0x02007480                NoLetter
                0x02007484                Letter
                0x02007874                RotLetter2
                0x02007cb8                RotLetter
                0x02008100                TranspLetter
                0x02008524                pa_8bitTextDecompress
                0x0200859c                PA_8bitText
                0x0200864c                PA_CenterSmartText
 .text          0x020086b0      0x428 c:/_ndsdev/devkitPro/PAlib/lib\libpa9.a(PA_TextBits.o)
                0x020086b0                PA_DoAlign
                0x02008804                PA_DoLetterPos
 .text          0x02008ad8        0x0 c:/_ndsdev/devkitPro/PAlib/lib\libpa9.a(PA_TiledFont.o)
 .text          0x02008ad8        0x0 c:/_ndsdev/devkitPro/PAlib/lib\libpa9.a(PA_BmpFont0.o)
 .text          0x02008ad8        0x0 c:/_ndsdev/devkitPro/PAlib/lib\libpa9.a(PA_BmpFont1.o)
 .text          0x02008ad8        0x0 c:/_ndsdev/devkitPro/PAlib/lib\libpa9.a(PA_BmpFont2.o)
 .text          0x02008ad8        0x0 c:/_ndsdev/devkitPro/PAlib/lib\libpa9.a(PA_BmpFont3.o)
 .text          0x02008ad8        0x0 c:/_ndsdev/devkitPro/PAlib/lib\libpa9.a(PA_BmpFont4.o)
 .text          0x02008ad8        0x0 c:/_ndsdev/devkitPro/PAlib/lib\libpa9.a(PA_TiledFont_Map.bin.o)
 .text          0x02008ad8        0x0 c:/_ndsdev/devkitPro/PAlib/lib\libpa9.a(PA_TiledFont_Pal.bin.o)
 .text          0x02008ad8        0x0 c:/_ndsdev/devkitPro/PAlib/lib\libpa9.a(PA_TiledFont_Tiles.bin.o)
 .text          0x02008ad8        0x0 c:/_ndsdev/devkitPro/PAlib/lib\libpa9.a(PA_BmpFont0_Map.bin.o)
 .text          0x02008ad8        0x0 c:/_ndsdev/devkitPro/PAlib/lib\libpa9.a(PA_BmpFont0_Sizes.bin.o)
 .text          0x02008ad8        0x0 c:/_ndsdev/devkitPro/PAlib/lib\libpa9.a(PA_BmpFont0_Tiles.bin.o)
 .text          0x02008ad8        0x0 c:/_ndsdev/devkitPro/PAlib/lib\libpa9.a(PA_BmpFont1_Map.bin.o)
 .text          0x02008ad8        0x0 c:/_ndsdev/devkitPro/PAlib/lib\libpa9.a(PA_BmpFont1_Sizes.bin.o)
 .text          0x02008ad8        0x0 c:/_ndsdev/devkitPro/PAlib/lib\libpa9.a(PA_BmpFont1_Tiles.bin.o)
 .text          0x02008ad8        0x0 c:/_ndsdev/devkitPro/PAlib/lib\libpa9.a(PA_BmpFont2_Map.bin.o)
 .text          0x02008ad8        0x0 c:/_ndsdev/devkitPro/PAlib/lib\libpa9.a(PA_BmpFont2_Sizes.bin.o)
 .text          0x02008ad8        0x0 c:/_ndsdev/devkitPro/PAlib/lib\libpa9.a(PA_BmpFont2_Tiles.bin.o)
 .text          0x02008ad8        0x0 c:/_ndsdev/devkitPro/PAlib/lib\libpa9.a(PA_BmpFont3_Map.bin.o)
 .text          0x02008ad8        0x0 c:/_ndsdev/devkitPro/PAlib/lib\libpa9.a(PA_BmpFont3_Sizes.bin.o)
 .text          0x02008ad8        0x0 c:/_ndsdev/devkitPro/PAlib/lib\libpa9.a(PA_BmpFont3_Tiles.bin.o)
 .text          0x02008ad8        0x0 c:/_ndsdev/devkitPro/PAlib/lib\libpa9.a(PA_BmpFont4_Map.bin.o)
 .text          0x02008ad8        0x0 c:/_ndsdev/devkitPro/PAlib/lib\libpa9.a(PA_BmpFont4_Sizes.bin.o)
 .text          0x02008ad8        0x0 c:/_ndsdev/devkitPro/PAlib/lib\libpa9.a(PA_BmpFont4_Tiles.bin.o)
 .text          0x02008ad8      0x6d0 c:/_ndsdev/devkitPro/PAlib/lib\libpa9.a(PA_16c.o)
                0x02008ad8                PA_16c8X8Color
                0x02008c30                PA_Init16cBgEx
                0x02008dd0                pa_16cTextDecompress
                0x02008e5c                PA_16cText
                0x02008fe0                PA_16cErase
                0x02009018                PA_16cClearZone
 .text          0x020091a8      0x188 c:/_ndsdev/devkitPro/PAlib/lib\libpa9.a(PA_BgRot.o)
                0x020091a8                PA_LoadRotBgMap
 .text          0x02009330      0x2b4 c:/_ndsdev/devkitPro/PAlib/lib\libpa9.a(PA_Draw.o)
                0x02009330                PA_LoadBmpToBuffer
 .text          0x020095e4       0x50 c:/_ndsdev/devkitPro/PAlib/lib\libpa9.a(PA_Fifo.o)
                0x020095e4                PA_FifoMsgHandler
                0x02009620                PA_InitFifo
 .text          0x02009634      0x604 c:/_ndsdev/devkitPro/PAlib/lib\libpa9.a(PA_Keyboard.o)
                0x02009634                PA_ReloadKeyboardCol
                0x02009714                PA_LoadDefaultKeyboard
                0x02009870                PA_ChangeKeyboardType
                0x020099f0                PA_SetLetterPal
                0x02009b10                PA_CheckKeyboard
 .text          0x02009c38      0x1e8 c:/_ndsdev/devkitPro/PAlib/lib\libpa9.a(PA_PaletteEx.o)
                0x02009c38                PA_CreatePalBright
                0x02009cfc                PA_CreatePalTransition
                0x02009d64                PA_SetBgPalNCol
                0x02009db4                PA_SetSpritePalCol
                0x02009dfc                PA_3DSetSpritePalCol
 .text          0x02009e20        0x0 c:/_ndsdev/devkitPro/PAlib/lib\libpa9.a(keyboard.map.o)
 .text          0x02009e20        0x0 c:/_ndsdev/devkitPro/PAlib/lib\libpa9.a(keyboard.pal.o)
 .text          0x02009e20        0x0 c:/_ndsdev/devkitPro/PAlib/lib\libpa9.a(keyboard.raw.o)
 .text          0x02009e20      0x314 c:/_ndsdev/devkitPro/libnds/lib\libnds9.a(background.o)
                0x02009e20                bgIsText
                0x02009e2c                checkIfText
                0x02009e8c                bgUpdate
                0x02009f9c                bgInit_call
                0x0200a060                bgInitSub_call
 .text          0x0200a134       0x84 c:/_ndsdev/devkitPro/libnds/lib\libnds9.a(decompress.o)
                0x0200a134                getHeader
                0x0200a138                readByte
                0x0200a13c                decompress
                0x0200a17c                decompressStream
 .text          0x0200a1b8       0xf4 c:/_ndsdev/devkitPro/libnds/lib\libnds9.a(keys.o)
                0x0200a1b8                scanKeys
                0x0200a224                keysHeld
                0x0200a230                keysDown
                0x0200a240                keysDownRepeat
                0x0200a250                keysSetRepeat
                0x0200a268                keysUp
                0x0200a278                keysCurrent
 .text          0x0200a2ac       0xf0 c:/_ndsdev/devkitPro/libnds/lib\libnds9.a(system.o)
                0x0200a2ac                systemMsgHandler
                0x0200a2f0                systemSleep
                0x0200a308                powerValueHandler
                0x0200a318                powerOn
                0x0200a344                powerOff
                0x0200a36c                ledBlink
                0x0200a37c                getBatteryLevel
 .text          0x0200a39c       0x4c c:/_ndsdev/devkitPro/libnds/lib\libnds9.a(touch.o)
                0x0200a39c                touchRead
                0x0200a3c4                touchReadXY
 .text          0x0200a3e8      0x248 c:/_ndsdev/devkitPro/libnds/lib\libnds9.a(trig.o)
                0x0200a3e8                asinComp
                0x0200a40c                sinLutLookup
                0x0200a448                sinLerp
                0x0200a480                cosLerp
                0x0200a494                tanLutLookup
                0x0200a4cc                tanLerp
                0x0200a57c                asinLerp
                0x0200a5f8                acosLerp
                0x0200a60c                atanComp
 .text          0x0200a630      0x1f8 c:/_ndsdev/devkitPro/libnds/lib\libnds9.a(video.o)
                0x0200a630                vramSetPrimaryBanks
                0x0200a674                vramSetMainBanks
                0x0200a6b8                vramSetBanks_EFG
                0x0200a6f0                vramRestorePrimaryBanks
                0x0200a6fc                vramRestoreMainBanks
                0x0200a708                vramRestoreBanks_EFG
                0x0200a714                setBrightness
                0x0200a754                vramDefault
 .text          0x0200a828      0x19c c:/_ndsdev/devkitPro/libnds/lib\libnds9.a(initSystem.o)
                0x0200a828                initSystem
 .text          0x0200a9c4      0xc8c c:/_ndsdev/devkitPro/libnds/lib\libnds9.a(fifosystem.o)
                0x0200ac24                fifoSendAddress
                0x0200ac50                fifoSendValue32
                0x0200ac90                fifoSendDatamsg
                0x0200ad00                fifoGetAddress
                0x0200ad74                fifoSetAddressHandler
                0x0200ade8                fifoGetValue32
                0x0200ae5c                fifoSetValue32Handler
                0x0200aed0                fifoGetDatamsg
                0x0200b378                fifoSetDatamsgHandler
                0x0200b410                fifoCheckAddress
                0x0200b434                fifoCheckDatamsg
                0x0200b458                fifoCheckValue32
                0x0200b47c                fifoInit
 .text          0x0200b650      0x1f4 c:/_ndsdev/devkitPro/libnds/lib\libnds9.a(interrupts.o)
                0x0200b650                irqDummy
                0x0200b654                irqSet
                0x0200b6c4                irqInit
                0x0200b710                irqInitHandler
                0x0200b740                irqEnable
                0x0200b7a4                irqDisable
                0x0200b808                irqClear
 .text          0x0200b844       0x40 c:/_ndsdev/devkitPro/libnds/lib\libnds9.a(libnds_exit.o)
                0x0200b844                systemErrorExit
                0x0200b848                __libnds_exit
 .text          0x0200b884       0x1c c:/_ndsdev/devkitPro/libnds/lib\libnds9.a(syscalls.o)
                0x0200b884                swiDecompressLZSSVram
 .text          0x0200b8a0       0x70 c:/_ndsdev/devkitPro/libnds/lib\libnds9.a(dcache.o)
                0x0200b8a0                DC_FlushAll
                0x0200b8cc                DC_FlushRange
                0x0200b8e8                DC_InvalidateAll
                0x0200b8f4                DC_InvalidateRange
 .text          0x0200b910      0x1b4 c:/_ndsdev/devkitPro/libnds/lib\libnds9.a(mpu_setup.o)
                0x0200b910                __libnds_mpu_setup
                0x0200ba50                memCached
                0x0200ba68                memUncached
 *fill*         0x0200bac4        0xc ff
 .text          0x0200bad0       0x70 c:/_ndsdev/devkitPro/libnds/lib\libnds9.a(biosCalls.o)
                0x0200bad0                swiDelay
                0x0200bad4                swiIntrWait
                0x0200bad8                swiWaitForVBlank
                0x0200badc                swiSleep
                0x0200bae0                swiChangeSoundBias
                0x0200bae4                swiDivide
                0x0200bae8                swiRemainder
                0x0200baee                swiDivMod
                0x0200bafa                swiCopy
                0x0200bafe                swiFastCopy
                0x0200bb02                swiSqrt
                0x0200bb06                swiCRC16
                0x0200bb0a                swiIsDebugger
                0x0200bb0e                swiUnpackBits
                0x0200bb12                swiDecompressLZSSWram
                0x0200bb16                swiDecompressLZSSVramNTR
                0x0200bb1a                swiDecompressLZSSVramTWL
                0x0200bb1e                swiDecompressHuffman
                0x0200bb22                swiDecompressRLEWram
                0x0200bb26                swiDecompressRLEVram
                0x0200bb2a                swiWaitForIRQ
                0x0200bb2e                swiDecodeDelta8
                0x0200bb32                swiDecodeDelta16
                0x0200bb36                swiSetHaltCR
 .text          0x0200bb40        0x0 c:/_ndsdev/devkitPro/libnds/lib\libnds9.a(interruptDispatcher.o)
 .text          0x0200bb40       0x30 c:/_ndsdev/devkitPro/libnds/lib\libnds9.a(swiSoftReset.o)
                0x0200bb40                swiSoftReset
 .text          0x0200bb70      0x11c c:/_ndsdev/devkitpro/devkitarm/bin/../lib/gcc/arm-eabi/4.6.1/thumb\libgcc.a(_udivsi3.o)
                0x0200bb70                __aeabi_uidiv
                0x0200bb70                __udivsi3
                0x0200bc6c                __aeabi_uidivmod
 .text          0x0200bc8c      0x150 c:/_ndsdev/devkitpro/devkitarm/bin/../lib/gcc/arm-eabi/4.6.1/thumb\libgcc.a(_divsi3.o)
                0x0200bc8c                __divsi3
                0x0200bc8c                __aeabi_idiv
                0x0200bdbc                __aeabi_idivmod
 .text          0x0200bddc        0x4 c:/_ndsdev/devkitpro/devkitarm/bin/../lib/gcc/arm-eabi/4.6.1/thumb\libgcc.a(_dvmd_tls.o)
                0x0200bddc                __aeabi_idiv0
                0x0200bddc                __aeabi_ldiv0
 .text          0x0200bde0      0x41c c:/_ndsdev/devkitpro/devkitarm/bin/../lib/gcc/arm-eabi/4.6.1/thumb\libgcc.a(_arm_addsubdf3.o)
                0x0200bde0                __aeabi_drsub
                0x0200bde8                __aeabi_dsub
                0x0200bde8                __subdf3
                0x0200bdec                __aeabi_dadd
                0x0200bdec                __adddf3
                0x0200c0fc                __floatunsidf
                0x0200c0fc                __aeabi_ui2d
                0x0200c120                __floatsidf
                0x0200c120                __aeabi_i2d
                0x0200c148                __aeabi_f2d
                0x0200c148                __extendsfdf2
                0x0200c188                __floatundidf
                0x0200c188                __aeabi_ul2d
                0x0200c19c                __floatdidf
                0x0200c19c                __aeabi_l2d
 .text          0x0200c1fc      0x49c c:/_ndsdev/devkitpro/devkitarm/bin/../lib/gcc/arm-eabi/4.6.1/thumb\libgcc.a(_arm_muldivdf3.o)
                0x0200c1fc                __aeabi_dmul
                0x0200c1fc                __muldf3
                0x0200c48c                __divdf3
                0x0200c48c                __aeabi_ddiv
 .text          0x0200c698      0x144 c:/_ndsdev/devkitpro/devkitarm/bin/../lib/gcc/arm-eabi/4.6.1/thumb\libgcc.a(_arm_cmpdf2.o)
                0x0200c698                __gtdf2
                0x0200c698                __gedf2
                0x0200c6a0                __ltdf2
                0x0200c6a0                __ledf2
                0x0200c6a8                __nedf2
                0x0200c6a8                __eqdf2
                0x0200c6a8                __cmpdf2
                0x0200c730                __aeabi_cdrcmple
                0x0200c74c                __aeabi_cdcmpeq
                0x0200c74c                __aeabi_cdcmple
                0x0200c764                __aeabi_dcmpeq
                0x0200c77c                __aeabi_dcmplt
                0x0200c794                __aeabi_dcmple
                0x0200c7ac                __aeabi_dcmpge
                0x0200c7c4                __aeabi_dcmpgt
 .text          0x0200c7dc       0x5c c:/_ndsdev/devkitpro/devkitarm/bin/../lib/gcc/arm-eabi/4.6.1/thumb\libgcc.a(_arm_fixdfsi.o)
                0x0200c7dc                __aeabi_d2iz
                0x0200c7dc                __fixdfsi
 .text          0x0200c838       0x4c c:/_ndsdev/devkitpro/devkitarm/bin/../lib/gcc/arm-eabi/4.6.1/thumb\libgcc.a(_muldi3.o)
                0x0200c838                __muldi3
                0x0200c838                __aeabi_lmul
 .text          0x0200c884       0x64 c:/_ndsdev/devkitpro/devkitarm/bin/../lib/gcc/arm-eabi/4.6.1/../../../../arm-eabi/lib/thumb\libg.a(lib_a-bsearch.o)
                0x0200c884                bsearch
 .text          0x0200c8e8       0x18 c:/_ndsdev/devkitpro/devkitarm/bin/../lib/gcc/arm-eabi/4.6.1/../../../../arm-eabi/lib/thumb\libg.a(lib_a-gmtime.o)
                0x0200c8e8                gmtime
 .text          0x0200c900       0x10 c:/_ndsdev/devkitpro/devkitarm/bin/../lib/gcc/arm-eabi/4.6.1/../../../../arm-eabi/lib/thumb\libg.a(lib_a-gmtime_r.o)
                0x0200c900                gmtime_r
 .text          0x0200c910        0x0 c:/_ndsdev/devkitpro/devkitarm/bin/../lib/gcc/arm-eabi/4.6.1/../../../../arm-eabi/lib/thumb\libg.a(lib_a-impure.o)
 .text          0x0200c910       0x50 c:/_ndsdev/devkitpro/devkitarm/bin/../lib/gcc/arm-eabi/4.6.1/../../../../arm-eabi/lib/thumb\libg.a(lib_a-init.o)
                0x0200c910                __libc_init_array
 .text          0x0200c960      0x938 c:/_ndsdev/devkitpro/devkitarm/bin/../lib/gcc/arm-eabi/4.6.1/../../../../arm-eabi/lib/thumb\libg.a(lib_a-locale.o)
                0x0200d01c                _setlocale_r
                0x0200d238                __locale_charset
                0x0200d240                __locale_mb_cur_max
                0x0200d24c                __locale_msgcharset
                0x0200d258                __locale_cjk_lang
                0x0200d264                _localeconv_r
                0x0200d270                setlocale
                0x0200d28c                localeconv
 .text          0x0200d298       0x30 c:/_ndsdev/devkitpro/devkitarm/bin/../lib/gcc/arm-eabi/4.6.1/../../../../arm-eabi/lib/thumb\libg.a(lib_a-malloc.o)
                0x0200d298                malloc
                0x0200d2b0                free
 .text          0x0200d2c8      0x514 c:/_ndsdev/devkitpro/devkitarm/bin/../lib/gcc/arm-eabi/4.6.1/../../../../arm-eabi/lib/thumb\libg.a(lib_a-mallocr.o)
                0x0200d2c8                _malloc_r
 .text          0x0200d7dc      0x5f8 c:/_ndsdev/devkitpro/devkitarm/bin/../lib/gcc/arm-eabi/4.6.1/../../../../arm-eabi/lib/thumb\libg.a(lib_a-mbtowc_r.o)
                0x0200d7dc                __utf8_mbtowc
                0x0200daa4                _mbtowc_r
                0x0200dae0                __ascii_mbtowc
                0x0200db0c                __sjis_mbtowc
                0x0200dbc8                __eucjp_mbtowc
                0x0200dca8                __jis_mbtowc
 .text          0x0200ddd4       0x80 c:/_ndsdev/devkitpro/devkitarm/bin/../lib/gcc/arm-eabi/4.6.1/../../../../arm-eabi/lib/thumb\libg.a(lib_a-memcpy.o)
                0x0200ddd4                memcpy
 .text          0x0200de54       0x98 c:/_ndsdev/devkitpro/devkitarm/bin/../lib/gcc/arm-eabi/4.6.1/../../../../arm-eabi/lib/thumb\libg.a(lib_a-memset.o)
                0x0200de54                memset
 .text          0x0200deec      0x488 c:/_ndsdev/devkitpro/devkitarm/bin/../lib/gcc/arm-eabi/4.6.1/../../../../arm-eabi/lib/thumb\libg.a(lib_a-mktm_r.o)
                0x0200deec                __tzcalc_limits
                0x0200e084                _mktm_r
 .text          0x0200e374        0x8 c:/_ndsdev/devkitpro/devkitarm/bin/../lib/gcc/arm-eabi/4.6.1/../../../../arm-eabi/lib/thumb\libg.a(lib_a-mlock.o)
                0x0200e374                __malloc_lock
                0x0200e378                __malloc_unlock
 .text          0x0200e37c       0x84 c:/_ndsdev/devkitpro/devkitarm/bin/../lib/gcc/arm-eabi/4.6.1/../../../../arm-eabi/lib/thumb\libg.a(lib_a-sprintf.o)
                0x0200e37c                _sprintf_r
                0x0200e3bc                sprintf
 .text          0x0200e400       0x50 c:/_ndsdev/devkitpro/devkitarm/bin/../lib/gcc/arm-eabi/4.6.1/../../../../arm-eabi/lib/thumb\libg.a(lib_a-strcasecmp.o)
                0x0200e400                strcasecmp
 .text          0x0200e450       0x58 c:/_ndsdev/devkitpro/devkitarm/bin/../lib/gcc/arm-eabi/4.6.1/../../../../arm-eabi/lib/thumb\libg.a(lib_a-strcat.o)
                0x0200e450                strcat
 .text          0x0200e4a8       0xe4 c:/_ndsdev/devkitpro/devkitarm/bin/../lib/gcc/arm-eabi/4.6.1/../../../../arm-eabi/lib/thumb\libg.a(lib_a-strchr.o)
                0x0200e4a8                strchr
 .text          0x0200e58c       0x14 c:/_ndsdev/devkitpro/devkitarm/bin/../lib/gcc/arm-eabi/4.6.1/../../../../arm-eabi/lib/thumb\libg.a(lib_a-strcmp.o)
                0x0200e58c                strcmp
 .text          0x0200e5a0       0x10 c:/_ndsdev/devkitpro/devkitarm/bin/../lib/gcc/arm-eabi/4.6.1/../../../../arm-eabi/lib/thumb\libg.a(lib_a-strcpy.o)
                0x0200e5a0                strcpy
 .text          0x0200e5b0       0x4c c:/_ndsdev/devkitpro/devkitarm/bin/../lib/gcc/arm-eabi/4.6.1/../../../../arm-eabi/lib/thumb\libg.a(lib_a-strlcpy.o)
                0x0200e5b0                strlcpy
 .text          0x0200e5fc       0x10 c:/_ndsdev/devkitpro/devkitarm/bin/../lib/gcc/arm-eabi/4.6.1/../../../../arm-eabi/lib/thumb\libg.a(lib_a-strlen.o)
                0x0200e5fc                strlen
 .text          0x0200e60c       0x60 c:/_ndsdev/devkitpro/devkitarm/bin/../lib/gcc/arm-eabi/4.6.1/../../../../arm-eabi/lib/thumb\libg.a(lib_a-strncasecmp.o)
                0x0200e60c                strncasecmp
 .text          0x0200e66c       0xc0 c:/_ndsdev/devkitpro/devkitarm/bin/../lib/gcc/arm-eabi/4.6.1/../../../../arm-eabi/lib/thumb\libg.a(lib_a-strncmp.o)
                0x0200e66c                strncmp
 .text          0x0200e72c       0x78 c:/_ndsdev/devkitpro/devkitarm/bin/../lib/gcc/arm-eabi/4.6.1/../../../../arm-eabi/lib/thumb\libg.a(lib_a-strncpy.o)
                0x0200e72c                strncpy
 .text          0x0200e7a4      0x184 c:/_ndsdev/devkitpro/devkitarm/bin/../lib/gcc/arm-eabi/4.6.1/../../../../arm-eabi/lib/thumb\libg.a(lib_a-strtol.o)
                0x0200e7a4                _strtol_r
                0x0200e908                strtol
 .text          0x0200e928     0x16f8 c:/_ndsdev/devkitpro/devkitarm/bin/../lib/gcc/arm-eabi/4.6.1/../../../../arm-eabi/lib/thumb\libg.a(lib_a-svfprintf.o)
                0x0200e928                _svfprintf_r
 .text          0x02010020       0x1c c:/_ndsdev/devkitpro/devkitarm/bin/../lib/gcc/arm-eabi/4.6.1/../../../../arm-eabi/lib/thumb\libg.a(lib_a-sysstat.o)
                0x02010020                stat
 .text          0x0201003c       0x30 c:/_ndsdev/devkitpro/devkitarm/bin/../lib/gcc/arm-eabi/4.6.1/../../../../arm-eabi/lib/thumb\libg.a(lib_a-time.o)
                0x0201003c                time
 .text          0x0201006c        0x8 c:/_ndsdev/devkitpro/devkitarm/bin/../lib/gcc/arm-eabi/4.6.1/../../../../arm-eabi/lib/thumb\libg.a(lib_a-tzlock.o)
                0x0201006c                __tz_lock
                0x02010070                __tz_unlock
 .text          0x02010074        0x0 c:/_ndsdev/devkitpro/devkitarm/bin/../lib/gcc/arm-eabi/4.6.1/../../../../arm-eabi/lib/thumb\libg.a(lib_a-tzvars.o)
 .text          0x02010074       0xdc c:/_ndsdev/devkitpro/devkitarm/bin/../lib/gcc/arm-eabi/4.6.1/../../../../arm-eabi/lib/thumb\libg.a(lib_a-wcrtomb.o)
                0x02010074                _wcrtomb_r
                0x020100d8                wcrtomb
 .text          0x02010150       0x40 c:/_ndsdev/devkitpro/devkitarm/bin/../lib/gcc/arm-eabi/4.6.1/../../../../arm-eabi/lib/thumb\libg.a(lib_a-wcsrtombs.o)
                0x02010150                _wcsrtombs_r
                0x02010168                wcsrtombs
 .text          0x02010190      0x27c c:/_ndsdev/devkitpro/devkitarm/bin/../lib/gcc/arm-eabi/4.6.1/../../../../arm-eabi/lib/thumb\libg.a(lib_a-wctomb_r.o)
                0x02010190                __utf8_wctomb
                0x02010250                _wctomb_r
                0x02010288                __ascii_wctomb
                0x020102a8                __sjis_wctomb
                0x02010314                __eucjp_wctomb
                0x02010390                __jis_wctomb
 .text          0x0201040c       0x10 c:/_ndsdev/devkitpro/devkitarm/bin/../lib/gcc/arm-eabi/4.6.1/../../../../arm-eabi/lib/thumb\libg.a(lib_a-ctype_.o)
                0x0201040c                __set_ctype
 *fill*         0x0201041c        0x4 ff
 .text          0x02010420     0x1010 c:/_ndsdev/devkitpro/devkitarm/bin/../lib/gcc/arm-eabi/4.6.1/../../../../arm-eabi/lib/thumb\libg.a(lib_a-dtoa.o)
                0x0201057c                _dtoa_r
 .text          0x02011430      0x248 c:/_ndsdev/devkitpro/devkitarm/bin/../lib/gcc/arm-eabi/4.6.1/../../../../arm-eabi/lib/thumb\libg.a(lib_a-freer.o)
                0x02011430                _malloc_trim_r
                0x020114dc                _free_r
 .text          0x02011678       0xa8 c:/_ndsdev/devkitpro/devkitarm/bin/../lib/gcc/arm-eabi/4.6.1/../../../../arm-eabi/lib/thumb\libg.a(lib_a-getenv_r.o)
                0x02011678                _findenv_r
                0x02011710                _getenv_r
 .text          0x02011720        0x8 c:/_ndsdev/devkitpro/devkitarm/bin/../lib/gcc/arm-eabi/4.6.1/../../../../arm-eabi/lib/thumb\libg.a(lib_a-gettzinfo.o)
                0x02011720                __gettzinfo
 .text          0x02011728       0x94 c:/_ndsdev/devkitpro/devkitarm/bin/../lib/gcc/arm-eabi/4.6.1/../../../../arm-eabi/lib/thumb\libg.a(lib_a-memchr.o)
                0x02011728                memchr
 *fill*         0x020117bc        0x4 ff
 .text          0x020117c0      0x988 c:/_ndsdev/devkitpro/devkitarm/bin/../lib/gcc/arm-eabi/4.6.1/../../../../arm-eabi/lib/thumb\libg.a(lib_a-mprec.o)
                0x020117c0                _Balloc
                0x02011814                _Bfree
                0x0201182c                __multadd
                0x020118c0                __s2b
                0x02011954                __hi0bits
                0x0201198c                __lo0bits
                0x020119ec                __i2b
                0x02011a04                __multiply
                0x02011b74                __pow5mult
                0x02011c24                __lshift
                0x02011cf4                __mcmp
                0x02011d30                __mdiff
                0x02011e1c                __ulp
                0x02011e64                __b2d
                0x02011f20                __d2b
                0x02011ff0                __ratio
                0x0201205c                _mprec_log10
                0x0201209c                __copybits
                0x020120e4                __any_on
 .text          0x02012148       0x90 c:/_ndsdev/devkitpro/devkitarm/bin/../lib/gcc/arm-eabi/4.6.1/../../../../arm-eabi/lib/thumb\libg.a(lib_a-s_fpclassify.o)
                0x02012148                __fpclassifyd
 .text          0x020121d8      0xd9c c:/_ndsdev/devkitpro/devkitarm/bin/../lib/gcc/arm-eabi/4.6.1/../../../../arm-eabi/lib/thumb\libg.a(lib_a-svfiprintf.o)
                0x020121d8                __ssprint_r
                0x02012308                _svfiprintf_r
 .text          0x02012f74      0x13c c:/_ndsdev/devkitpro/devkitarm/bin/../lib/gcc/arm-eabi/4.6.1/../../../../arm-eabi/lib/thumb\libg.a(lib_a-wcsnrtombs.o)
                0x02012f74                _wcsnrtombs_r
                0x02013080                wcsnrtombs
 .text          0x020130b0       0x64 c:/_ndsdev/devkitpro/devkitarm/bin/../lib/gcc/arm-eabi/4.6.1/../../../../arm-eabi/lib/thumb\libg.a(lib_a-callocr.o)
                0x020130b0                _calloc_r
 .text          0x02013114        0x0 c:/_ndsdev/devkitpro/devkitarm/bin/../lib/gcc/arm-eabi/4.6.1/../../../../arm-eabi/lib/thumb\libg.a(lib_a-environ.o)
 .text          0x02013114        0x8 c:/_ndsdev/devkitpro/devkitarm/bin/../lib/gcc/arm-eabi/4.6.1/../../../../arm-eabi/lib/thumb\libg.a(lib_a-envlock.o)
                0x02013114                __env_lock
                0x02013118                __env_unlock
 .text          0x0201311c       0xa8 c:/_ndsdev/devkitpro/devkitarm/bin/../lib/gcc/arm-eabi/4.6.1/../../../../arm-eabi/lib/thumb\libg.a(lib_a-memmove.o)
                0x0201311c                memmove
 .text          0x020131c4      0x3c4 c:/_ndsdev/devkitpro/devkitarm/bin/../lib/gcc/arm-eabi/4.6.1/../../../../arm-eabi/lib/thumb\libg.a(lib_a-reallocr.o)
                0x020131c4                _realloc_r
 .text          0x02013588       0x54 c:/_ndsdev/devkitpro/devkitarm/bin/../lib/gcc/arm-eabi/4.6.1/../../../../arm-eabi/lib/thumb\libsysbase.a(sbrk.o)
                0x02013588                _sbrk_r
 .text          0x020135dc       0x40 c:/_ndsdev/devkitpro/devkitarm/bin/../lib/gcc/arm-eabi/4.6.1/../../../../arm-eabi/lib/thumb\libsysbase.a(stat.o)
                0x020135dc                _stat_r
 .text          0x0201361c       0x48 c:/_ndsdev/devkitpro/devkitarm/bin/../lib/gcc/arm-eabi/4.6.1/../../../../arm-eabi/lib/thumb\libsysbase.a(times.o)
                0x0201361c                _times
                0x02013630                _times_r
                0x02013638                _gettimeofday_r
 .text          0x02013664        0x0 c:/_ndsdev/devkitpro/devkitarm/bin/../lib/gcc/arm-eabi/4.6.1/../../../../arm-eabi/lib/thumb\libsysbase.a(malloc_vars.o)
 .text          0x02013664       0x48 c:/_ndsdev/devkitpro/devkitarm/bin/../lib/gcc/arm-eabi/4.6.1/../../../../arm-eabi/lib/thumb\libsysbase.a(build_argv.o)
                0x02013664                build_argv
 .text          0x020136ac        0x0 c:/_ndsdev/devkitpro/devkitarm/bin/../lib/gcc/arm-eabi/4.6.1/../../../../arm-eabi/lib/thumb\libsysbase.a(syscall_support.o)
 .text          0x020136ac      0x350 c:/_ndsdev/devkitpro/devkitarm/bin/../lib/gcc/arm-eabi/4.6.1/../../../../arm-eabi/lib/thumb\libsysbase.a(dirent.o)
                0x020136f0                opendir
                0x02013794                closedir
                0x020137f4                readdir
                0x020138a4                readdir_r
                0x02013934                rewinddir
                0x02013970                seekdir
                0x020139e4                telldir
 .text          0x020139fc      0x144 c:/_ndsdev/devkitpro/devkitarm/bin/../lib/gcc/arm-eabi/4.6.1/../../../../arm-eabi/lib/thumb\libsysbase.a(iosupport.o)
                0x020139fc                setDefaultDevice
                0x02013a10                FindDevice
                0x02013a80                RemoveDevice
                0x02013aa4                AddDevice
                0x02013b20                GetDeviceOpTab
 .text          0x02013b40       0x3c c:/_ndsdev/devkitpro/devkitarm/bin/../lib/gcc/arm-eabi/4.6.1/thumb\libgcc.a(_aeabi_uldivmod.o)
                0x02013b40                __aeabi_uldivmod
 .text          0x02013b7c       0x74 c:/_ndsdev/devkitpro/devkitarm/bin/../lib/gcc/arm-eabi/4.6.1/thumb\libgcc.a(bpabi.o)
                0x02013b7c                __gnu_ldivmod_helper
                0x02013bb8                __gnu_uldivmod_helper
 .text          0x02013bf0      0x3c8 c:/_ndsdev/devkitpro/devkitarm/bin/../lib/gcc/arm-eabi/4.6.1/thumb\libgcc.a(_divdi3.o)
                0x02013bf0                __divdi3
 .text          0x02013fb8      0x370 c:/_ndsdev/devkitpro/devkitarm/bin/../lib/gcc/arm-eabi/4.6.1/thumb\libgcc.a(_udivdi3.o)
                0x02013fb8                __udivdi3
 .text          0x02014328       0x48 c:/_ndsdev/devkitpro/devkitarm/bin/../lib/gcc/arm-eabi/4.6.1/thumb\libgcc.a(_clzsi2.o)
                0x02014328                __clzsi2
 .text          0x02014370        0xc c:/_ndsdev/devkitpro/devkitarm/bin/../lib/gcc/arm-eabi/4.6.1/../../../../arm-eabi/lib/thumb\libg.a(lib_a-errno.o)
                0x02014370                __errno
 .text          0x0201437c       0x30 c:/_ndsdev/devkitpro/devkitarm/bin/../lib/gcc/arm-eabi/4.6.1/../../../../arm-eabi/lib/thumb\libg.a(lib_a-strnlen.o)
                0x0201437c                strnlen
 .text          0x020143ac        0x0 c:/_ndsdev/devkitpro/devkitarm/bin/../lib/gcc/arm-eabi/4.6.1/thumb/crtend.o
 .text          0x020143ac        0x0 c:/_ndsdev/devkitpro/devkitarm/bin/../lib/gcc/arm-eabi/4.6.1/thumb/crtn.o
 *(.text.*)
 .text.startup  0x020143ac       0x18 game.o
 .text.startup  0x020143c4       0x2c main.o
                0x020143c4                main
 .text.startup.stub
                0x020143f0       0x10 linker stubs
 *(.stub)
 *(.gnu.warning)
 *(.gnu.linkonce.t*)
 *(.glue_7)
 .glue_7        0x00000000        0x0 linker stubs
 *(.glue_7t)
 .glue_7t       0x00000000        0x0 linker stubs
                0x02014400                . = ALIGN (0x4)

.vfp11_veneer   0x02014400        0x0
 .vfp11_veneer  0x00000000        0x0 linker stubs

.v4_bx          0x02014400        0x0
 .v4_bx         0x00000000        0x0 linker stubs

.fini           0x02014400        0xc
 *(.fini)
 .fini          0x02014400        0x4 c:/_ndsdev/devkitpro/devkitarm/bin/../lib/gcc/arm-eabi/4.6.1/thumb/crti.o
                0x02014400                _fini
 .fini          0x02014404        0x8 c:/_ndsdev/devkitpro/devkitarm/bin/../lib/gcc/arm-eabi/4.6.1/thumb/crtn.o
                0x0201440c                __text_end = .

.rodata         0x02014410    0xb1608
 *(.rodata)
 .rodata        0x02014410    0x10004 Town_Map.o
                0x02014410                Town_Map
                0x02024410                Town_Map_size
                0x02024410                Town_Map_end
 .rodata        0x02024414      0x204 Town_Pal.o
                0x02024414                Town_Pal
                0x02024614                Town_Pal_size
                0x02024614                Town_Pal_end
 .rodata        0x02024618    0x1bf84 Town_Tiles.o
                0x02024618                Town_Tiles
                0x02040598                Town_Tiles_end
                0x02040598                Town_Tiles_size
 .rodata        0x0204059c      0x604 bg_main_down_Map.o
                0x0204059c                bg_main_down_Map
                0x02040b9c                bg_main_down_Map_size
                0x02040b9c                bg_main_down_Map_end
 .rodata        0x02040ba0      0x204 bg_main_down_Pal.o
                0x02040ba0                bg_main_down_Pal
                0x02040da0                bg_main_down_Pal_end
                0x02040da0                bg_main_down_Pal_size
 .rodata        0x02040da4     0x2584 bg_main_down_Tiles.o
                0x02040da4                bg_main_down_Tiles
                0x02043324                bg_main_down_Tiles_size
                0x02043324                bg_main_down_Tiles_end
 .rodata        0x02043328      0x604 bg_main_up_Map.o
                0x02043328                bg_main_up_Map
                0x02043928                bg_main_up_Map_end
                0x02043928                bg_main_up_Map_size
 .rodata        0x0204392c      0x204 bg_main_up_Pal.o
                0x0204392c                bg_main_up_Pal
                0x02043b2c                bg_main_up_Pal_size
                0x02043b2c                bg_main_up_Pal_end
 .rodata        0x02043b30     0x36c4 bg_main_up_Tiles.o
                0x02043b30                bg_main_up_Tiles
                0x020471f0                bg_main_up_Tiles_end
                0x020471f0                bg_main_up_Tiles_size
 .rodata        0x020471f4      0x604 bg_menu_Map.o
                0x020471f4                bg_menu_Map
                0x020477f4                bg_menu_Map_end
                0x020477f4                bg_menu_Map_size
 .rodata        0x020477f8      0x204 bg_menu_Pal.o
                0x020477f8                bg_menu_Pal
                0x020479f8                bg_menu_Pal_end
                0x020479f8                bg_menu_Pal_size
 .rodata        0x020479fc     0x3104 bg_menu_Tiles.o
                0x020479fc                bg_menu_Tiles
                0x0204aafc                bg_menu_Tiles_size
                0x0204aafc                bg_menu_Tiles_end
 .rodata        0x0204ab00      0x604 bg_stage1_init_Map.o
                0x0204ab00                bg_stage1_init_Map
                0x0204b100                bg_stage1_init_Map_size
                0x0204b100                bg_stage1_init_Map_end
 .rodata        0x0204b104      0x204 bg_stage1_init_Pal.o
                0x0204b104                bg_stage1_init_Pal
                0x0204b304                bg_stage1_init_Pal_size
                0x0204b304                bg_stage1_init_Pal_end
 .rodata        0x0204b308     0x19c4 bg_stage1_init_Tiles.o
                0x0204b308                bg_stage1_init_Tiles
                0x0204ccc8                bg_stage1_init_Tiles_size
                0x0204ccc8                bg_stage1_init_Tiles_end
 .rodata        0x0204cccc      0x604 bg_stage2_init_Map.o
                0x0204cccc                bg_stage2_init_Map
                0x0204d2cc                bg_stage2_init_Map_size
                0x0204d2cc                bg_stage2_init_Map_end
 .rodata        0x0204d2d0      0x204 bg_stage2_init_Pal.o
                0x0204d2d0                bg_stage2_init_Pal
                0x0204d4d0                bg_stage2_init_Pal_end
                0x0204d4d0                bg_stage2_init_Pal_size
 .rodata        0x0204d4d4     0x1804 bg_stage2_init_Tiles.o
                0x0204d4d4                bg_stage2_init_Tiles
                0x0204ecd4                bg_stage2_init_Tiles_size
                0x0204ecd4                bg_stage2_init_Tiles_end
 .rodata        0x0204ecd8      0x604 bg_stage3_init_Map.o
                0x0204ecd8                bg_stage3_init_Map
                0x0204f2d8                bg_stage3_init_Map_end
                0x0204f2d8                bg_stage3_init_Map_size
 .rodata        0x0204f2dc      0x204 bg_stage3_init_Pal.o
                0x0204f2dc                bg_stage3_init_Pal
                0x0204f4dc                bg_stage3_init_Pal_end
                0x0204f4dc                bg_stage3_init_Pal_size
 .rodata        0x0204f4e0     0x1744 bg_stage3_init_Tiles.o
                0x0204f4e0                bg_stage3_init_Tiles
                0x02050c20                bg_stage3_init_Tiles_size
                0x02050c20                bg_stage3_init_Tiles_end
 .rodata        0x02050c24      0x604 gameover_Map.o
                0x02050c24                gameover_Map
                0x02051224                gameover_Map_size
                0x02051224                gameover_Map_end
 .rodata        0x02051228      0x204 gameover_Pal.o
                0x02051228                gameover_Pal
                0x02051428                gameover_Pal_end
                0x02051428                gameover_Pal_size
 .rodata        0x0205142c     0xba04 gameover_Tiles.o
                0x0205142c                gameover_Tiles
                0x0205ce2c                gameover_Tiles_end
                0x0205ce2c                gameover_Tiles_size
 .rodata        0x0205ce30      0x204 hpminus_Pal.o
                0x0205ce30                hpminus_Pal
                0x0205d030                hpminus_Pal_size
                0x0205d030                hpminus_Pal_end
 .rodata        0x0205d034      0x104 hpminus_Sprite.o
                0x0205d034                hpminus_Sprite
                0x0205d134                hpminus_Sprite_size
                0x0205d134                hpminus_Sprite_end
 .rodata        0x0205d138      0x204 monster_Pal.o
                0x0205d138                monster_Pal
                0x0205d338                monster_Pal_size
                0x0205d338                monster_Pal_end
 .rodata        0x0205d33c      0x404 monster_Sprite.o
                0x0205d33c                monster_Sprite
                0x0205d73c                monster_Sprite_end
                0x0205d73c                monster_Sprite_size
 .rodata        0x0205d740      0x204 princess_Pal.o
                0x0205d740                princess_Pal
                0x0205d940                princess_Pal_size
                0x0205d940                princess_Pal_end
 .rodata        0x0205d944      0x204 princess_Sprite.o
                0x0205d944                princess_Sprite
                0x0205db44                princess_Sprite_end
                0x0205db44                princess_Sprite_size
 .rodata        0x0205db48      0x204 som_Pal.o
                0x0205db48                som_Pal
                0x0205dd48                som_Pal_size
                0x0205dd48                som_Pal_end
 .rodata        0x0205dd4c     0x1804 som_Sprite.o
                0x0205dd4c                som_Sprite
                0x0205f54c                som_Sprite_end
                0x0205f54c                som_Sprite_size
 .rodata        0x0205f550      0x204 sprite1_Pal.o
                0x0205f550                sprite1_Pal
                0x0205f750                sprite1_Pal_end
                0x0205f750                sprite1_Pal_size
 .rodata        0x0205f754     0x1004 sprite1_Sprite.o
                0x0205f754                sprite1_Sprite
                0x02060754                sprite1_Sprite_size
                0x02060754                sprite1_Sprite_end
 .rodata        0x02060758     0x1904 stage1_Map.o
                0x02060758                stage1_Map
                0x02062058                stage1_Map_end
                0x02062058                stage1_Map_size
 .rodata        0x0206205c      0x204 stage1_Pal.o
                0x0206205c                stage1_Pal
                0x0206225c                stage1_Pal_end
                0x0206225c                stage1_Pal_size
 .rodata        0x02062260    0x19004 stage1_Tiles.o
                0x02062260                stage1_Tiles
                0x0207b260                stage1_Tiles_end
                0x0207b260                stage1_Tiles_size
 .rodata        0x0207b264     0x1904 stage2_Map.o
                0x0207b264                stage2_Map
                0x0207cb64                stage2_Map_size
                0x0207cb64                stage2_Map_end
 .rodata        0x0207cb68      0x204 stage2_Pal.o
                0x0207cb68                stage2_Pal
                0x0207cd68                stage2_Pal_size
                0x0207cd68                stage2_Pal_end
 .rodata        0x0207cd6c    0x18704 stage2_Tiles.o
                0x0207cd6c                stage2_Tiles
                0x0209546c                stage2_Tiles_end
                0x0209546c                stage2_Tiles_size
 .rodata        0x02095470      0x204 water_Pal.o
                0x02095470                water_Pal
                0x02095670                water_Pal_end
                0x02095670                water_Pal_size
 .rodata        0x02095674      0x104 water_Sprite.o
                0x02095674                water_Sprite
                0x02095774                water_Sprite_size
                0x02095774                water_Sprite_end
 .rodata        0x02095778    0x1cb3c soundbank_bin.o
                0x02095778                soundbank_bin
                0x020b22b0                soundbank_bin_size
                0x020b22b0                soundbank_bin_end
 .rodata        0x020b22b4     0x2f30 down.o
                0x020b22b4                downBitmap
 .rodata        0x020b51e4     0x2e7c up.o
                0x020b51e4                upBitmap
 .rodata        0x020b8060       0x10 crystal.o
                0x020b8060                vtable for crystal
 .rodata        0x020b8070       0x10 crystal_Ball.o
                0x020b8070                vtable for crystal_Ball
 .rodata        0x020b8080       0x10 monster.o
                0x020b8080                vtable for monster
 .rodata        0x020b8090       0x10 princess.o
                0x020b8090                vtable for princess
 .rodata        0x020b80a0       0x10 water.o
                0x020b80a0                vtable for water
 .rodata        0x020b80b0      0x224 virtual_io.o
 .rodata        0x020b82d4       0x20 Town.o
                0x020b82d4                Town
 .rodata        0x020b82f4       0x20 bg_main_down.o
                0x020b82f4                bg_main_down
 .rodata        0x020b8314       0x20 bg_main_up.o
                0x020b8314                bg_main_up
 .rodata        0x020b8334       0x20 bg_menu.o
                0x020b8334                bg_menu
 .rodata        0x020b8354       0x20 bg_stage1_init.o
                0x020b8354                bg_stage1_init
 .rodata        0x020b8374       0x20 bg_stage2_init.o
                0x020b8374                bg_stage2_init
 .rodata        0x020b8394       0x20 bg_stage3_init.o
                0x020b8394                bg_stage3_init
 .rodata        0x020b83b4       0x20 gameover.o
                0x020b83b4                gameover
 .rodata        0x020b83d4       0x20 stage1.o
                0x020b83d4                stage1
 .rodata        0x020b83f4       0x20 stage2.o
                0x020b83f4                stage2
 .rodata        0x020b8414       0x40 c:/_ndsdev/devkitPro/PAlib/lib\libpa9.a(PA_Inits.o)
                0x020b8414                winfades
 .rodata        0x020b8454      0x400 c:/_ndsdev/devkitPro/PAlib/lib\libpa9.a(PA_Math.o)
                0x020b8454                PA_SIN
 .rodata        0x020b8854       0x30 c:/_ndsdev/devkitPro/PAlib/lib\libpa9.a(PA_Sprite.o)
                0x020b8854                PA_obj_sizes
                0x020b886c                PA_size
 .rodata        0x020b8884       0x20 c:/_ndsdev/devkitPro/PAlib/lib\libpa9.a(PA_TiledFont.o)
                0x020b8884                PA_TiledFont
 .rodata        0x020b88a4       0x20 c:/_ndsdev/devkitPro/PAlib/lib\libpa9.a(PA_BmpFont0.o)
                0x020b88a4                PA_BmpFont0
 .rodata        0x020b88c4       0x20 c:/_ndsdev/devkitPro/PAlib/lib\libpa9.a(PA_BmpFont1.o)
                0x020b88c4                PA_BmpFont1
 .rodata        0x020b88e4       0x20 c:/_ndsdev/devkitPro/PAlib/lib\libpa9.a(PA_BmpFont2.o)
                0x020b88e4                PA_BmpFont2
 .rodata        0x020b8904       0x20 c:/_ndsdev/devkitPro/PAlib/lib\libpa9.a(PA_BmpFont3.o)
                0x020b8904                PA_BmpFont3
 .rodata        0x020b8924       0x20 c:/_ndsdev/devkitPro/PAlib/lib\libpa9.a(PA_BmpFont4.o)
                0x020b8924                PA_BmpFont4
 .rodata        0x020b8944      0x604 c:/_ndsdev/devkitPro/PAlib/lib\libpa9.a(PA_TiledFont_Map.bin.o)
                0x020b8944                PA_TiledFont_Map
                0x020b8f44                PA_TiledFont_Map_size
                0x020b8f44                PA_TiledFont_Map_end
 .rodata        0x020b8f48      0x204 c:/_ndsdev/devkitPro/PAlib/lib\libpa9.a(PA_TiledFont_Pal.bin.o)
                0x020b8f48                PA_TiledFont_Pal
                0x020b9148                PA_TiledFont_Pal_end
                0x020b9148                PA_TiledFont_Pal_size
 .rodata        0x020b914c     0x33c4 c:/_ndsdev/devkitPro/PAlib/lib\libpa9.a(PA_TiledFont_Tiles.bin.o)
                0x020b914c                PA_TiledFont_Tiles
                0x020bc50c                PA_TiledFont_Tiles_size
                0x020bc50c                PA_TiledFont_Tiles_end
 .rodata        0x020bc510      0x204 c:/_ndsdev/devkitPro/PAlib/lib\libpa9.a(PA_BmpFont0_Map.bin.o)
                0x020bc510                PA_BmpFont0_Map
                0x020bc710                PA_BmpFont0_Map_end
                0x020bc710                PA_BmpFont0_Map_size
 .rodata        0x020bc714      0x104 c:/_ndsdev/devkitPro/PAlib/lib\libpa9.a(PA_BmpFont0_Sizes.bin.o)
                0x020bc714                PA_BmpFont0_Sizes
                0x020bc814                PA_BmpFont0_Sizes_size
                0x020bc814                PA_BmpFont0_Sizes_end
 .rodata        0x020bc818      0x324 c:/_ndsdev/devkitPro/PAlib/lib\libpa9.a(PA_BmpFont0_Tiles.bin.o)
                0x020bc818                PA_BmpFont0_Tiles
                0x020bcb38                PA_BmpFont0_Tiles_size
                0x020bcb38                PA_BmpFont0_Tiles_end
 .rodata        0x020bcb3c      0x204 c:/_ndsdev/devkitPro/PAlib/lib\libpa9.a(PA_BmpFont1_Map.bin.o)
                0x020bcb3c                PA_BmpFont1_Map
                0x020bcd3c                PA_BmpFont1_Map_end
                0x020bcd3c                PA_BmpFont1_Map_size
 .rodata        0x020bcd40      0x104 c:/_ndsdev/devkitPro/PAlib/lib\libpa9.a(PA_BmpFont1_Sizes.bin.o)
                0x020bcd40                PA_BmpFont1_Sizes
                0x020bce40                PA_BmpFont1_Sizes_size
                0x020bce40                PA_BmpFont1_Sizes_end
 .rodata        0x020bce44      0x34c c:/_ndsdev/devkitPro/PAlib/lib\libpa9.a(PA_BmpFont1_Tiles.bin.o)
                0x020bce44                PA_BmpFont1_Tiles
                0x020bd18c                PA_BmpFont1_Tiles_end
                0x020bd18c                PA_BmpFont1_Tiles_size
 .rodata        0x020bd190      0x804 c:/_ndsdev/devkitPro/PAlib/lib\libpa9.a(PA_BmpFont2_Map.bin.o)
                0x020bd190                PA_BmpFont2_Map
                0x020bd990                PA_BmpFont2_Map_size
                0x020bd990                PA_BmpFont2_Map_end
 .rodata        0x020bd994      0x104 c:/_ndsdev/devkitPro/PAlib/lib\libpa9.a(PA_BmpFont2_Sizes.bin.o)
                0x020bd994                PA_BmpFont2_Sizes
                0x020bda94                PA_BmpFont2_Sizes_end
                0x020bda94                PA_BmpFont2_Sizes_size
 .rodata        0x020bda98      0x39c c:/_ndsdev/devkitPro/PAlib/lib\libpa9.a(PA_BmpFont2_Tiles.bin.o)
                0x020bda98                PA_BmpFont2_Tiles
                0x020bde30                PA_BmpFont2_Tiles_size
                0x020bde30                PA_BmpFont2_Tiles_end
 .rodata        0x020bde34      0x804 c:/_ndsdev/devkitPro/PAlib/lib\libpa9.a(PA_BmpFont3_Map.bin.o)
                0x020bde34                PA_BmpFont3_Map
                0x020be634                PA_BmpFont3_Map_end
                0x020be634                PA_BmpFont3_Map_size
 .rodata        0x020be638      0x104 c:/_ndsdev/devkitPro/PAlib/lib\libpa9.a(PA_BmpFont3_Sizes.bin.o)
                0x020be638                PA_BmpFont3_Sizes
                0x020be738                PA_BmpFont3_Sizes_end
                0x020be738                PA_BmpFont3_Sizes_size
 .rodata        0x020be73c      0x624 c:/_ndsdev/devkitPro/PAlib/lib\libpa9.a(PA_BmpFont3_Tiles.bin.o)
                0x020be73c                PA_BmpFont3_Tiles
                0x020bed5c                PA_BmpFont3_Tiles_end
                0x020bed5c                PA_BmpFont3_Tiles_size
 .rodata        0x020bed60      0x804 c:/_ndsdev/devkitPro/PAlib/lib\libpa9.a(PA_BmpFont4_Map.bin.o)
                0x020bed60                PA_BmpFont4_Map
                0x020bf560                PA_BmpFont4_Map_size
                0x020bf560                PA_BmpFont4_Map_end
 .rodata        0x020bf564      0x104 c:/_ndsdev/devkitPro/PAlib/lib\libpa9.a(PA_BmpFont4_Sizes.bin.o)
                0x020bf564                PA_BmpFont4_Sizes
                0x020bf664                PA_BmpFont4_Sizes_end
                0x020bf664                PA_BmpFont4_Sizes_size
 .rodata        0x020bf668      0x834 c:/_ndsdev/devkitPro/PAlib/lib\libpa9.a(PA_BmpFont4_Tiles.bin.o)
                0x020bf668                PA_BmpFont4_Tiles
                0x020bfe98                PA_BmpFont4_Tiles_size
                0x020bfe98                PA_BmpFont4_Tiles_end
 .rodata        0x020bfe9c       0xf0 c:/_ndsdev/devkitPro/PAlib/lib\libpa9.a(PA_Keyboard.o)
                0x020bfe9c                PA_Keyboard
 .rodata        0x020bff8c     0x2000 c:/_ndsdev/devkitPro/PAlib/lib\libpa9.a(keyboard.map.o)
                0x020bff8c                keyboard_Map
 .rodata        0x020c1f8c       0x20 c:/_ndsdev/devkitPro/PAlib/lib\libpa9.a(keyboard.pal.o)
                0x020c1f8c                keyboard_Palette
 .rodata        0x020c1fac     0x28a0 c:/_ndsdev/devkitPro/PAlib/lib\libpa9.a(keyboard.raw.o)
                0x020c1fac                keyboard_Tiles
 .rodata        0x020c484c       0x14 c:/_ndsdev/devkitPro/libnds/lib\libnds9.a(decompress.o)
 .rodata        0x020c4860      0x308 c:/_ndsdev/devkitPro/libnds/lib\libnds9.a(trig.o)
                0x020c4860                SIN_LUT
                0x020c4964                TAN_LUT
 .rodata        0x020c4b68        0x4 c:/_ndsdev/devkitpro/devkitarm/bin/../lib/gcc/arm-eabi/4.6.1/../../../../arm-eabi/lib/thumb\libg.a(lib_a-impure.o)
                0x020c4b68                _global_impure_ptr
 .rodata        0x020c4b6c       0xf0 c:/_ndsdev/devkitpro/devkitarm/bin/../lib/gcc/arm-eabi/4.6.1/../../../../arm-eabi/lib/thumb\libg.a(lib_a-locale.o)
 .rodata        0x020c4c5c       0xa8 c:/_ndsdev/devkitpro/devkitarm/bin/../lib/gcc/arm-eabi/4.6.1/../../../../arm-eabi/lib/thumb\libg.a(lib_a-mbtowc_r.o)
 .rodata        0x020c4d04       0x68 c:/_ndsdev/devkitpro/devkitarm/bin/../lib/gcc/arm-eabi/4.6.1/../../../../arm-eabi/lib/thumb\libg.a(lib_a-mktm_r.o)
 .rodata        0x020c4d6c      0x184 c:/_ndsdev/devkitpro/devkitarm/bin/../lib/gcc/arm-eabi/4.6.1/../../../../arm-eabi/lib/thumb\libg.a(lib_a-svfprintf.o)
 .rodata        0x020c4ef0      0x104 c:/_ndsdev/devkitpro/devkitarm/bin/../lib/gcc/arm-eabi/4.6.1/../../../../arm-eabi/lib/thumb\libg.a(lib_a-ctype_.o)
                0x020c4ef0                _ctype_
 *fill*         0x020c4ff4        0x4 ff
 .rodata        0x020c4ff8      0x128 c:/_ndsdev/devkitpro/devkitarm/bin/../lib/gcc/arm-eabi/4.6.1/../../../../arm-eabi/lib/thumb\libg.a(lib_a-mprec.o)
                0x020c5008                __mprec_tens
                0x020c50d0                __mprec_tinytens
                0x020c50f8                __mprec_bigtens
 .rodata        0x020c5120      0x184 c:/_ndsdev/devkitpro/devkitarm/bin/../lib/gcc/arm-eabi/4.6.1/../../../../arm-eabi/lib/thumb\libg.a(lib_a-svfiprintf.o)
 .rodata        0x020c52a4       0x64 c:/_ndsdev/devkitpro/devkitarm/bin/../lib/gcc/arm-eabi/4.6.1/../../../../arm-eabi/lib/thumb\libsysbase.a(iosupport.o)
                0x020c52a4                dotab_stdnull
 *all.rodata*(*)
 *(.roda)
 *(.rodata.*)
 .rodata.str1.4
                0x020c5308       0x33 game.o
                                 0x34 (size before relaxing)
 *fill*         0x020c533b        0x1 ff
 .rodata.str1.4
                0x020c533c        0xa main.o
                                  0xc (size before relaxing)
 *fill*         0x020c5346        0x2 ff
 .rodata.str1.4
                0x020c5348       0x1f tasks.o
                                 0x20 (size before relaxing)
 *fill*         0x020c5367        0x1 ff
 .rodata.str1.4
                0x020c5368        0xd virtual_io.o
                                 0x10 (size before relaxing)
 *fill*         0x020c5375        0x3 ff
 .rodata.str1.4
                0x020c5378      0x18b c:/_ndsdev/devkitPro/PAlib/lib\libpa9.a(PA_BgTiles.o)
                                0x190 (size before relaxing)
 *fill*         0x020c5503        0x1 ff
 .rodata.str1.4
                0x020c5504       0x26 c:/_ndsdev/devkitPro/PAlib/lib\libpa9.a(PA_Error.o)
                                 0x28 (size before relaxing)
 *fill*         0x020c552a        0x2 ff
 .rodata.str1.4
                0x020c552c        0x2 c:/_ndsdev/devkitPro/PAlib/lib\libpa9.a(PA_Inits.o)
                                  0x4 (size before relaxing)
 *fill*         0x020c552e        0x2 ff
 .rodata.str1.4
                0x020c5530      0x128 c:/_ndsdev/devkitPro/PAlib/lib\libpa9.a(PA_NewBg.o)
 .rodata.str1.4
                0x020c5658      0x234 c:/_ndsdev/devkitPro/PAlib/lib\libpa9.a(PA_Sprite.o)
 .rodata.str1.4
                0x020c588c        0xa c:/_ndsdev/devkitPro/PAlib/lib\libpa9.a(PA_Stuff.o)
                                  0xc (size before relaxing)
 .rodata.str1.4
                0x00000000        0x4 c:/_ndsdev/devkitpro/devkitarm/bin/../lib/gcc/arm-eabi/4.6.1/../../../../arm-eabi/lib/thumb\libg.a(lib_a-impure.o)
 *fill*         0x020c5896        0x2 ff
 .rodata.str1.4
                0x020c5898      0x120 c:/_ndsdev/devkitpro/devkitarm/bin/../lib/gcc/arm-eabi/4.6.1/../../../../arm-eabi/lib/thumb\libg.a(lib_a-locale.o)
                                0x130 (size before relaxing)
 .rodata.str1.4
                0x020c59b8       0x42 c:/_ndsdev/devkitpro/devkitarm/bin/../lib/gcc/arm-eabi/4.6.1/../../../../arm-eabi/lib/thumb\libg.a(lib_a-svfprintf.o)
                                 0x44 (size before relaxing)
 *fill*         0x020c59fa        0x2 ff
 .rodata.str1.4
                0x020c59fc        0x4 c:/_ndsdev/devkitpro/devkitarm/bin/../lib/gcc/arm-eabi/4.6.1/../../../../arm-eabi/lib/thumb\libg.a(lib_a-tzvars.o)
 .rodata.str1.4
                0x020c5a00       0x10 c:/_ndsdev/devkitpro/devkitarm/bin/../lib/gcc/arm-eabi/4.6.1/../../../../arm-eabi/lib/thumb\libg.a(lib_a-dtoa.o)
                                 0x14 (size before relaxing)
 .rodata.str1.4
                0x00000000       0x30 c:/_ndsdev/devkitpro/devkitarm/bin/../lib/gcc/arm-eabi/4.6.1/../../../../arm-eabi/lib/thumb\libg.a(lib_a-svfiprintf.o)
 .rodata.str1.4
                0x020c5a10        0x8 c:/_ndsdev/devkitpro/devkitarm/bin/../lib/gcc/arm-eabi/4.6.1/../../../../arm-eabi/lib/thumb\libsysbase.a(iosupport.o)
 *(.gnu.linkonce.r*)
                0x020c5a18                . = ALIGN (0x4)

.ARM.extab
 *(.ARM.extab* .gnu.linkonce.armextab.*)
                0x020c5a18                __exidx_start = .

ARM.exidx
 *(.ARM.exidx* .gnu.linkonce.armexidx.*)
                0x020c5a18                __exidx_end = .
                0x020c5a18                . = ALIGN (0x4)
                0x020c5a18                PROVIDE (__preinit_array_start, .)

.preinit_array
 *(.preinit_array)
                0x020c5a18                PROVIDE (__preinit_array_end, .)
                0x020c5a18                PROVIDE (__init_array_start, .)

.init_array     0x020c5a18        0x8
 *(SORT(.init_array.*))
 *(.init_array)
 .init_array    0x020c5a18        0x4 c:/_ndsdev/devkitpro/devkitarm/bin/../lib/gcc/arm-eabi/4.6.1/thumb/crtbegin.o
 .init_array    0x020c5a1c        0x4 game.o
                0x020c5a20                PROVIDE (__init_array_end, .)
                0x020c5a20                PROVIDE (__fini_array_start, .)

.fini_array     0x020c5a20        0x4
 *(.fini_array)
 .fini_array    0x020c5a20        0x4 c:/_ndsdev/devkitpro/devkitarm/bin/../lib/gcc/arm-eabi/4.6.1/thumb/crtbegin.o
 *(SORT(.fini_array.*))
                0x020c5a24                PROVIDE (__fini_array_end, .)

.ctors          0x020c5a24        0x0
 *crtbegin.o(.ctors)
 *(EXCLUDE_FILE(*crtend.o) .ctors)
 *(SORT(.ctors.*))
 *(.ctors)
                0x020c5a24                . = ALIGN (0x4)

.dtors          0x020c5a24        0x0
 *crtbegin.o(.dtors)
 *(EXCLUDE_FILE(*crtend.o) .dtors)
 *(SORT(.dtors.*))
 *(.dtors)
                0x020c5a24                . = ALIGN (0x4)

.eh_frame       0x020c5a24        0x4
 *(.eh_frame)
 .eh_frame      0x020c5a24        0x0 c:/_ndsdev/devkitpro/devkitarm/bin/../lib/gcc/arm-eabi/4.6.1/thumb/crtbegin.o
 .eh_frame      0x020c5a24        0x4 c:/_ndsdev/devkitpro/devkitarm/bin/../lib/gcc/arm-eabi/4.6.1/thumb/crtend.o
                0x020c5a28                . = ALIGN (0x4)

.gcc_except_table
                0x020c5a28        0x0
 *(.gcc_except_table)
                0x020c5a28                . = ALIGN (0x4)

.jcr            0x020c5a28        0x4
 *(.jcr)
 .jcr           0x020c5a28        0x0 c:/_ndsdev/devkitpro/devkitarm/bin/../lib/gcc/arm-eabi/4.6.1/thumb/crtbegin.o
 .jcr           0x020c5a28        0x4 c:/_ndsdev/devkitpro/devkitarm/bin/../lib/gcc/arm-eabi/4.6.1/thumb/crtend.o

.got
 *(.got.plt)
 *(.got)
 *(.rel.got)

.ewram          0x020c5a2c        0x0
                0x020c5a2c                __ewram_start = ABSOLUTE (.)
 *(.ewram)
 *ewram.*(.text)
                0x020c5a2c                . = ALIGN (0x4)

.data           0x020c5a2c      0xe2c
                0x020c5a2c                __data_start = ABSOLUTE (.)
 *(.data)
 .data          0x020c5a2c        0x0 c:/_ndsdev/devkitpro/devkitarm/bin/../lib/gcc/arm-eabi/4.6.1/../../../../arm-eabi/lib/thumb/ds_arm9_crt0.o
 .data          0x020c5a2c        0x0 c:/_ndsdev/devkitpro/devkitarm/bin/../lib/gcc/arm-eabi/4.6.1/thumb/crti.o
 .data          0x020c5a2c        0x4 c:/_ndsdev/devkitpro/devkitarm/bin/../lib/gcc/arm-eabi/4.6.1/thumb/crtbegin.o
                0x020c5a2c                __dso_handle
 .data          0x020c5a30        0x0 Town_Map.o
 .data          0x020c5a30        0x0 Town_Pal.o
 .data          0x020c5a30        0x0 Town_Tiles.o
 .data          0x020c5a30        0x0 bg_main_down_Map.o
 .data          0x020c5a30        0x0 bg_main_down_Pal.o
 .data          0x020c5a30        0x0 bg_main_down_Tiles.o
 .data          0x020c5a30        0x0 bg_main_up_Map.o
 .data          0x020c5a30        0x0 bg_main_up_Pal.o
 .data          0x020c5a30        0x0 bg_main_up_Tiles.o
 .data          0x020c5a30        0x0 bg_menu_Map.o
 .data          0x020c5a30        0x0 bg_menu_Pal.o
 .data          0x020c5a30        0x0 bg_menu_Tiles.o
 .data          0x020c5a30        0x0 bg_stage1_init_Map.o
 .data          0x020c5a30        0x0 bg_stage1_init_Pal.o
 .data          0x020c5a30        0x0 bg_stage1_init_Tiles.o
 .data          0x020c5a30        0x0 bg_stage2_init_Map.o
 .data          0x020c5a30        0x0 bg_stage2_init_Pal.o
 .data          0x020c5a30        0x0 bg_stage2_init_Tiles.o
 .data          0x020c5a30        0x0 bg_stage3_init_Map.o
 .data          0x020c5a30        0x0 bg_stage3_init_Pal.o
 .data          0x020c5a30        0x0 bg_stage3_init_Tiles.o
 .data          0x020c5a30        0x0 gameover_Map.o
 .data          0x020c5a30        0x0 gameover_Pal.o
 .data          0x020c5a30        0x0 gameover_Tiles.o
 .data          0x020c5a30        0x0 hpminus_Pal.o
 .data          0x020c5a30        0x0 hpminus_Sprite.o
 .data          0x020c5a30        0x0 monster_Pal.o
 .data          0x020c5a30        0x0 monster_Sprite.o
 .data          0x020c5a30        0x0 princess_Pal.o
 .data          0x020c5a30        0x0 princess_Sprite.o
 .data          0x020c5a30        0x0 som_Pal.o
 .data          0x020c5a30        0x0 som_Sprite.o
 .data          0x020c5a30        0x0 sprite1_Pal.o
 .data          0x020c5a30        0x0 sprite1_Sprite.o
 .data          0x020c5a30        0x0 stage1_Map.o
 .data          0x020c5a30        0x0 stage1_Pal.o
 .data          0x020c5a30        0x0 stage1_Tiles.o
 .data          0x020c5a30        0x0 stage2_Map.o
 .data          0x020c5a30        0x0 stage2_Pal.o
 .data          0x020c5a30        0x0 stage2_Tiles.o
 .data          0x020c5a30        0x0 water_Pal.o
 .data          0x020c5a30        0x0 water_Sprite.o
 .data          0x020c5a30        0x0 soundbank_bin.o
 .data          0x020c5a30        0x0 down.o
 .data          0x020c5a30        0x0 up.o
 .data          0x020c5a30        0x0 crystal.o
 .data          0x020c5a30        0x0 crystal_Ball.o
 .data          0x020c5a30        0x0 cs_api.o
 .data          0x020c5a30        0x8 game.o
                0x020c5a30                y
                0x020c5a34                x
 .data          0x020c5a38        0x0 hero.o
 .data          0x020c5a38        0x0 main.o
 .data          0x020c5a38        0x0 menu.o
 .data          0x020c5a38        0x0 monster.o
 .data          0x020c5a38        0x0 princess.o
 .data          0x020c5a38        0x0 water.o
 .data          0x020c5a38        0x0 croutine.o
 .data          0x020c5a38        0x0 heap.o
 .data          0x020c5a38        0x0 list.o
 .data          0x020c5a38        0x0 port.o
 .data          0x020c5a38        0x4 portISR.o
                0x020c5a38                ulCriticalNesting
 .data          0x020c5a3c        0x0 queue.o
 .data          0x020c5a3c        0x4 tasks.o
 .data          0x020c5a40       0x20 virtual_io.o
                0x020c5a40                virtual_io_resister
 .data          0x020c5a60        0x0 Town.o
 .data          0x020c5a60        0x0 bg_main_down.o
 .data          0x020c5a60        0x0 bg_main_up.o
 .data          0x020c5a60        0x0 bg_menu.o
 .data          0x020c5a60        0x0 bg_stage1_init.o
 .data          0x020c5a60        0x0 bg_stage2_init.o
 .data          0x020c5a60        0x0 bg_stage3_init.o
 .data          0x020c5a60        0x0 gameover.o
 .data          0x020c5a60        0x0 stage1.o
 .data          0x020c5a60        0x0 stage2.o
 .data          0x020c5a60        0x0 assemfunc.o
 .data          0x020c5a60        0x0 c:/_ndsdev/devkitPro/PAlib/lib\libpa9.a(PA.o)
 .data          0x020c5a60        0x0 c:/_ndsdev/devkitPro/PAlib/lib\libpa9.a(PA_BgEasy.o)
 .data          0x020c5a60        0x0 c:/_ndsdev/devkitPro/PAlib/lib\libpa9.a(PA_BgLargeMap.o)
 .data          0x020c5a60       0x10 c:/_ndsdev/devkitPro/PAlib/lib\libpa9.a(PA_BgTiles.o)
                0x020c5a60                charsetstart
                0x020c5a64                bg_place
                0x020c5a68                bg_sizes
 .data          0x020c5a70        0x0 c:/_ndsdev/devkitPro/PAlib/lib\libpa9.a(PA_Error.o)
 .data          0x020c5a70        0x0 c:/_ndsdev/devkitPro/PAlib/lib\libpa9.a(PA_Inits.o)
 .data          0x020c5a70       0x14 c:/_ndsdev/devkitPro/PAlib/lib\libpa9.a(PA_Interrupt.o)
                0x020c5a70                SpriteVBL
                0x020c5a74                MotionVBL
                0x020c5a78                GHPadVBL
                0x020c5a7c                PaddleVBL
                0x020c5a80                CustomVBL
 .data          0x020c5a84        0x0 c:/_ndsdev/devkitPro/PAlib/lib\libpa9.a(PA_Keys.o)
 .data          0x020c5a84        0x4 c:/_ndsdev/devkitPro/PAlib/lib\libpa9.a(PA_Math.o)
                0x020c5a84                RandomValue
 .data          0x020c5a88        0x0 c:/_ndsdev/devkitPro/PAlib/lib\libpa9.a(PA_NewBg.o)
 .data          0x020c5a88        0x0 c:/_ndsdev/devkitPro/PAlib/lib\libpa9.a(PA_Palette.o)
 .data          0x020c5a88        0x0 c:/_ndsdev/devkitPro/PAlib/lib\libpa9.a(PA_RTC.o)
 .data          0x020c5a88      0x204 c:/_ndsdev/devkitPro/PAlib/lib\libpa9.a(PA_Reco.o)
                0x020c5a88                PA_UseGraffiti
                0x020c5a8c                PA_Graffiti
 .data          0x020c5c8c        0x4 c:/_ndsdev/devkitPro/PAlib/lib\libpa9.a(PA_Sprite.o)
                0x020c5c8c                VBLSpriteAnims
 .data          0x020c5c90        0x0 c:/_ndsdev/devkitPro/PAlib/lib\libpa9.a(PA_SpriteAnim.o)
 .data          0x020c5c90        0x0 c:/_ndsdev/devkitPro/PAlib/lib\libpa9.a(PA_Stuff.o)
 .data          0x020c5c90        0x0 c:/_ndsdev/devkitPro/PAlib/lib\libpa9.a(PA_Text.o)
 .data          0x020c5c90       0x3c c:/_ndsdev/devkitPro/PAlib/lib\libpa9.a(PA_Text8bit.o)
                0x020c5c90                bit8_tiles
                0x020c5cb8                letters
 .data          0x020c5ccc       0x7c c:/_ndsdev/devkitPro/PAlib/lib\libpa9.a(PA_TextBits.o)
                0x020c5ccc                textinfo
                0x020c5cd0                pa_bittextdefaultsize
                0x020c5cf8                bittext_maps
                0x020c5d20                bittext_tiles_blank
 .data          0x020c5d48        0x0 c:/_ndsdev/devkitPro/PAlib/lib\libpa9.a(PA_TiledFont.o)
 .data          0x020c5d48        0x0 c:/_ndsdev/devkitPro/PAlib/lib\libpa9.a(PA_BmpFont0.o)
 .data          0x020c5d48        0x0 c:/_ndsdev/devkitPro/PAlib/lib\libpa9.a(PA_BmpFont1.o)
 .data          0x020c5d48        0x0 c:/_ndsdev/devkitPro/PAlib/lib\libpa9.a(PA_BmpFont2.o)
 .data          0x020c5d48        0x0 c:/_ndsdev/devkitPro/PAlib/lib\libpa9.a(PA_BmpFont3.o)
 .data          0x020c5d48        0x0 c:/_ndsdev/devkitPro/PAlib/lib\libpa9.a(PA_BmpFont4.o)
 .data          0x020c5d48        0x0 c:/_ndsdev/devkitPro/PAlib/lib\libpa9.a(PA_TiledFont_Map.bin.o)
 .data          0x020c5d48        0x0 c:/_ndsdev/devkitPro/PAlib/lib\libpa9.a(PA_TiledFont_Pal.bin.o)
 .data          0x020c5d48        0x0 c:/_ndsdev/devkitPro/PAlib/lib\libpa9.a(PA_TiledFont_Tiles.bin.o)
 .data          0x020c5d48        0x0 c:/_ndsdev/devkitPro/PAlib/lib\libpa9.a(PA_BmpFont0_Map.bin.o)
 .data          0x020c5d48        0x0 c:/_ndsdev/devkitPro/PAlib/lib\libpa9.a(PA_BmpFont0_Sizes.bin.o)
 .data          0x020c5d48        0x0 c:/_ndsdev/devkitPro/PAlib/lib\libpa9.a(PA_BmpFont0_Tiles.bin.o)
 .data          0x020c5d48        0x0 c:/_ndsdev/devkitPro/PAlib/lib\libpa9.a(PA_BmpFont1_Map.bin.o)
 .data          0x020c5d48        0x0 c:/_ndsdev/devkitPro/PAlib/lib\libpa9.a(PA_BmpFont1_Sizes.bin.o)
 .data          0x020c5d48        0x0 c:/_ndsdev/devkitPro/PAlib/lib\libpa9.a(PA_BmpFont1_Tiles.bin.o)
 .data          0x020c5d48        0x0 c:/_ndsdev/devkitPro/PAlib/lib\libpa9.a(PA_BmpFont2_Map.bin.o)
 .data          0x020c5d48        0x0 c:/_ndsdev/devkitPro/PAlib/lib\libpa9.a(PA_BmpFont2_Sizes.bin.o)
 .data          0x020c5d48        0x0 c:/_ndsdev/devkitPro/PAlib/lib\libpa9.a(PA_BmpFont2_Tiles.bin.o)
 .data          0x020c5d48        0x0 c:/_ndsdev/devkitPro/PAlib/lib\libpa9.a(PA_BmpFont3_Map.bin.o)
 .data          0x020c5d48        0x0 c:/_ndsdev/devkitPro/PAlib/lib\libpa9.a(PA_BmpFont3_Sizes.bin.o)
 .data          0x020c5d48        0x0 c:/_ndsdev/devkitPro/PAlib/lib\libpa9.a(PA_BmpFont3_Tiles.bin.o)
 .data          0x020c5d48        0x0 c:/_ndsdev/devkitPro/PAlib/lib\libpa9.a(PA_BmpFont4_Map.bin.o)
 .data          0x020c5d48        0x0 c:/_ndsdev/devkitPro/PAlib/lib\libpa9.a(PA_BmpFont4_Sizes.bin.o)
 .data          0x020c5d48        0x0 c:/_ndsdev/devkitPro/PAlib/lib\libpa9.a(PA_BmpFont4_Tiles.bin.o)
 .data          0x020c5d48       0x28 c:/_ndsdev/devkitPro/PAlib/lib\libpa9.a(PA_16c.o)
                0x020c5d48                c16_tiles
 .data          0x020c5d70        0xc c:/_ndsdev/devkitPro/PAlib/lib\libpa9.a(PA_BgRot.o)
                0x020c5d70                rotbg_place
                0x020c5d74                rotbg_sizes
 .data          0x020c5d7c        0x0 c:/_ndsdev/devkitPro/PAlib/lib\libpa9.a(PA_Draw.o)
 .data          0x020c5d7c        0x0 c:/_ndsdev/devkitPro/PAlib/lib\libpa9.a(PA_Fifo.o)
 .data          0x020c5d7c        0x0 c:/_ndsdev/devkitPro/PAlib/lib\libpa9.a(PA_Keyboard.o)
 .data          0x020c5d7c        0x0 c:/_ndsdev/devkitPro/PAlib/lib\libpa9.a(PA_PaletteEx.o)
 .data          0x020c5d7c        0x0 c:/_ndsdev/devkitPro/PAlib/lib\libpa9.a(keyboard.map.o)
 .data          0x020c5d7c        0x0 c:/_ndsdev/devkitPro/PAlib/lib\libpa9.a(keyboard.pal.o)
 .data          0x020c5d7c        0x0 c:/_ndsdev/devkitPro/PAlib/lib\libpa9.a(keyboard.raw.o)
 .data          0x020c5d7c       0x60 c:/_ndsdev/devkitPro/libnds/lib\libnds9.a(background.o)
                0x020c5d7c                bgScrollTable
                0x020c5d9c                bgTransform
                0x020c5dbc                bgControl
 .data          0x020c5ddc        0xc c:/_ndsdev/devkitPro/libnds/lib\libnds9.a(decompress.o)
                0x020c5ddc                decomStream
 .data          0x020c5de8        0x3 c:/_ndsdev/devkitPro/libnds/lib\libnds9.a(keys.o)
 .data          0x020c5deb        0x0 c:/_ndsdev/devkitPro/libnds/lib\libnds9.a(system.o)
 .data          0x020c5deb        0x0 c:/_ndsdev/devkitPro/libnds/lib\libnds9.a(touch.o)
 .data          0x020c5deb        0x0 c:/_ndsdev/devkitPro/libnds/lib\libnds9.a(trig.o)
 .data          0x020c5deb        0x0 c:/_ndsdev/devkitPro/libnds/lib\libnds9.a(video.o)
 .data          0x020c5deb        0x0 c:/_ndsdev/devkitPro/libnds/lib\libnds9.a(initSystem.o)
 *fill*         0x020c5deb        0x1 ff
 .data          0x020c5dec       0x10 c:/_ndsdev/devkitPro/libnds/lib\libnds9.a(fifosystem.o)
                0x020c5dec                fifo_freewords
                0x020c5df0                fifo_buffer_free
                0x020c5df4                fifo_send_queue
                0x020c5df8                fifo_receive_queue
 .data          0x020c5dfc        0x0 c:/_ndsdev/devkitPro/libnds/lib\libnds9.a(interrupts.o)
 .data          0x020c5dfc        0x0 c:/_ndsdev/devkitPro/libnds/lib\libnds9.a(libnds_exit.o)
 .data          0x020c5dfc        0x0 c:/_ndsdev/devkitPro/libnds/lib\libnds9.a(syscalls.o)
 .data          0x020c5dfc        0x0 c:/_ndsdev/devkitPro/libnds/lib\libnds9.a(dcache.o)
 .data          0x020c5dfc        0x0 c:/_ndsdev/devkitPro/libnds/lib\libnds9.a(mpu_setup.o)
 .data          0x020c5dfc        0x0 c:/_ndsdev/devkitPro/libnds/lib\libnds9.a(biosCalls.o)
 .data          0x020c5dfc        0x0 c:/_ndsdev/devkitPro/libnds/lib\libnds9.a(interruptDispatcher.o)
 .data          0x020c5dfc        0x0 c:/_ndsdev/devkitPro/libnds/lib\libnds9.a(swiSoftReset.o)
 .data          0x020c5dfc        0x0 c:/_ndsdev/devkitpro/devkitarm/bin/../lib/gcc/arm-eabi/4.6.1/thumb\libgcc.a(_udivsi3.o)
 .data          0x020c5dfc        0x0 c:/_ndsdev/devkitpro/devkitarm/bin/../lib/gcc/arm-eabi/4.6.1/thumb\libgcc.a(_divsi3.o)
 .data          0x020c5dfc        0x0 c:/_ndsdev/devkitpro/devkitarm/bin/../lib/gcc/arm-eabi/4.6.1/thumb\libgcc.a(_dvmd_tls.o)
 .data          0x020c5dfc        0x0 c:/_ndsdev/devkitpro/devkitarm/bin/../lib/gcc/arm-eabi/4.6.1/thumb\libgcc.a(_arm_addsubdf3.o)
 .data          0x020c5dfc        0x0 c:/_ndsdev/devkitpro/devkitarm/bin/../lib/gcc/arm-eabi/4.6.1/thumb\libgcc.a(_arm_muldivdf3.o)
 .data          0x020c5dfc        0x0 c:/_ndsdev/devkitpro/devkitarm/bin/../lib/gcc/arm-eabi/4.6.1/thumb\libgcc.a(_arm_cmpdf2.o)
 .data          0x020c5dfc        0x0 c:/_ndsdev/devkitpro/devkitarm/bin/../lib/gcc/arm-eabi/4.6.1/thumb\libgcc.a(_arm_fixdfsi.o)
 .data          0x020c5dfc        0x0 c:/_ndsdev/devkitpro/devkitarm/bin/../lib/gcc/arm-eabi/4.6.1/thumb\libgcc.a(_muldi3.o)
 .data          0x020c5dfc        0x0 c:/_ndsdev/devkitpro/devkitarm/bin/../lib/gcc/arm-eabi/4.6.1/../../../../arm-eabi/lib/thumb\libg.a(lib_a-bsearch.o)
 .data          0x020c5dfc        0x0 c:/_ndsdev/devkitpro/devkitarm/bin/../lib/gcc/arm-eabi/4.6.1/../../../../arm-eabi/lib/thumb\libg.a(lib_a-gmtime.o)
 .data          0x020c5dfc        0x0 c:/_ndsdev/devkitpro/devkitarm/bin/../lib/gcc/arm-eabi/4.6.1/../../../../arm-eabi/lib/thumb\libg.a(lib_a-gmtime_r.o)
 *fill*         0x020c5dfc        0x4 ff
 .data          0x020c5e00      0x430 c:/_ndsdev/devkitpro/devkitarm/bin/../lib/gcc/arm-eabi/4.6.1/../../../../arm-eabi/lib/thumb\libg.a(lib_a-impure.o)
                0x020c5e00                _impure_ptr