Archive member included because of file (symbol)

/home/hansung/ndsdev/devkitPro/libnds/lib/libnds9.a(background.o)
                              sevencore_io.o (bgInit_call)
/home/hansung/ndsdev/devkitPro/libnds/lib/libnds9.a(console.o)
                              sevencore_io.o (consoleSelect)
/home/hansung/ndsdev/devkitPro/libnds/lib/libnds9.a(decompress.o)
                              sevencore_io.o (decompress)
/home/hansung/ndsdev/devkitPro/libnds/lib/libnds9.a(exceptions.o)
                              gdbStub.o (setExceptionHandler)
/home/hansung/ndsdev/devkitPro/libnds/lib/libnds9.a(keys.o)
                              gdbStub.o (scanKeys)
/home/hansung/ndsdev/devkitPro/libnds/lib/libnds9.a(sassert.o)
                              sevencore_io.o (__sassert)
/home/hansung/ndsdev/devkitPro/libnds/lib/libnds9.a(touch.o)
                              sevencore_io.o (touchRead)
/home/hansung/ndsdev/devkitPro/libnds/lib/libnds9.a(trig.o)
                              /home/hansung/ndsdev/devkitPro/libnds/lib/libnds9.a(background.o) (sinLerp)
/home/hansung/ndsdev/devkitPro/libnds/lib/libnds9.a(videoGL.o)
                              card_spi.o (glGlobalData)
/home/hansung/ndsdev/devkitPro/libnds/lib/libnds9.a(initSystem.o)
                              /home/hansung/ndsdev/devkitPro/devkitARM/bin/../lib/gcc/arm-none-eabi/4.7.1/../../../../arm-none-eabi/lib/thumb/ds_arm9_crt0.o (initSystem)
/home/hansung/ndsdev/devkitPro/libnds/lib/libnds9.a(fifosystem.o)
                              /home/hansung/ndsdev/devkitPro/libnds/lib/libnds9.a(initSystem.o) (fifoSendValue32)
/home/hansung/ndsdev/devkitPro/libnds/lib/libnds9.a(interrupts.o)
                              card_spi.o (irqSet)
/home/hansung/ndsdev/devkitPro/libnds/lib/libnds9.a(libnds_exit.arm.o)
                              /home/hansung/ndsdev/devkitPro/devkitARM/bin/../lib/gcc/arm-none-eabi/4.7.1/../../../../arm-none-eabi/lib/thumb/ds_arm9_crt0.o (__libnds_exit)
/home/hansung/ndsdev/devkitPro/libnds/lib/libnds9.a(syscalls.o)
                              /home/hansung/ndsdev/devkitPro/libnds/lib/libnds9.a(decompress.o) (swiDecompressLZSSVram)
/home/hansung/ndsdev/devkitPro/libnds/lib/libnds9.a(exceptionHandler.o)
                              gdbStub.o (getCPSR)
/home/hansung/ndsdev/devkitPro/libnds/lib/libnds9.a(mpu_setup.o)
                              /home/hansung/ndsdev/devkitPro/devkitARM/bin/../lib/gcc/arm-none-eabi/4.7.1/../../../../arm-none-eabi/lib/thumb/ds_arm9_crt0.o (__libnds_mpu_setup)
/home/hansung/ndsdev/devkitPro/libnds/lib/libnds9.a(biosCalls.o)
                              card_spi.o (swiDelay)
/home/hansung/ndsdev/devkitPro/libnds/lib/libnds9.a(debugprint.o)
                              /home/hansung/ndsdev/devkitPro/libnds/lib/libnds9.a(console.o) (nocashWrite)
/home/hansung/ndsdev/devkitPro/libnds/lib/libnds9.a(interruptDispatcher.o)
                              /home/hansung/ndsdev/devkitPro/libnds/lib/libnds9.a(interrupts.o) (IntrMain)
/home/hansung/ndsdev/devkitPro/libnds/lib/libnds9.a(swiSoftReset.o)
                              /home/hansung/ndsdev/devkitPro/libnds/lib/libnds9.a(fifosystem.o) (swiSoftReset)
/home/hansung/ndsdev/devkitPro/libnds/lib/libnds9.a(default_font.bin.o)
                              /home/hansung/ndsdev/devkitPro/libnds/lib/libnds9.a(console.o) (default_font_bin)
/home/hansung/ndsdev/devkitPro/libnds/lib/libnds9.a(dynamicArray.o)
                              /home/hansung/ndsdev/devkitPro/libnds/lib/libnds9.a(videoGL.o) (DynamicArrayInit)
/home/hansung/ndsdev/devkitPro/libnds/lib/libnds9.a(system.o)
                              /home/hansung/ndsdev/devkitPro/libnds/lib/libnds9.a(initSystem.o) (systemMsgHandler)
/home/hansung/ndsdev/devkitPro/libnds/lib/libnds9.a(video.o)
                              /home/hansung/ndsdev/devkitPro/libnds/lib/libnds9.a(videoGL.o) (vramSetPrimaryBanks)
/home/hansung/ndsdev/devkitPro/devkitARM/bin/../lib/gcc/arm-none-eabi/4.7.1/thumb/libgcc.a(_udivsi3.o)
                              sevencore_io.o (__aeabi_uidiv)
/home/hansung/ndsdev/devkitPro/devkitARM/bin/../lib/gcc/arm-none-eabi/4.7.1/thumb/libgcc.a(_divsi3.o)
                              /home/hansung/ndsdev/devkitPro/libnds/lib/libnds9.a(console.o) (__aeabi_idivmod)
/home/hansung/ndsdev/devkitPro/devkitARM/bin/../lib/gcc/arm-none-eabi/4.7.1/thumb/libgcc.a(_dvmd_tls.o)
                              /home/hansung/ndsdev/devkitPro/devkitARM/bin/../lib/gcc/arm-none-eabi/4.7.1/thumb/libgcc.a(_udivsi3.o) (__aeabi_idiv0)
/home/hansung/ndsdev/devkitPro/devkitARM/bin/../lib/gcc/arm-none-eabi/4.7.1/thumb/libgcc.a(_muldi3.o)
                              /home/hansung/ndsdev/devkitPro/libnds/lib/libnds9.a(videoGL.o) (__aeabi_lmul)
/home/hansung/ndsdev/devkitPro/devkitARM/bin/../lib/gcc/arm-none-eabi/4.7.1/../../../../arm-none-eabi/lib/thumb/libg.a(lib_a-bsearch.o)
                              /home/hansung/ndsdev/devkitPro/libnds/lib/libnds9.a(trig.o) (bsearch)
[...]
Memory Configuration

Name             Origin             Length             Attributes
rom              0x08000000         0x02000000
ewram            0x02000000         0x003ff000
dtcm             0x0b000000         0x00004000
vectors          0x01000000         0x00000100
itcm             0x01000100         0x00007f00
*default*        0x00000000         0xffffffff

Linker script and memory map

                0x01000000                __vectors_start = ORIGIN (vectors)
                0x01000100                __itcm_start = ORIGIN (itcm)
                0x023ff000                __ewram_end = (ORIGIN (ewram) + 0x3ff000)
                0x023ff000                __eheap_end = (ORIGIN (ewram) + 0x3ff000)
                0x0b000000                __dtcm_start = ORIGIN (dtcm)
                0x0b004000                __dtcm_top = (ORIGIN (dtcm) + 0x4000)
                0x0b003ff8                __irq_flags = (__dtcm_top - 0x8)
                0x0b003ffc                __irq_vector = (__dtcm_top - 0x4)
                0x0b003f00                __sp_svc = (__dtcm_top - 0x100)
                0x0b003e00                __sp_irq = (__sp_svc - 0x100)
                0x0b003d00                __sp_usr = (__sp_irq - 0x100)

.init           0x02000000      0x23c
                0x02000000                __text_start = .
 *(.init)
 .init          0x02000000      0x230 /home/hansung/ndsdev/devkitPro/devkitARM/bin/../lib/gcc/arm-none-eabi/4.7.1/../../../../arm-none-eabi/lib/thumb/ds_arm9_crt0.o
                0x02000000                _start
 .init          0x02000230        0x4 /home/hansung/ndsdev/devkitPro/devkitARM/bin/../lib/gcc/arm-none-eabi/4.7.1/thumb/crti.o
                0x02000230                _init
 .init          0x02000234        0x8 /home/hansung/ndsdev/devkitPro/devkitARM/bin/../lib/gcc/arm-none-eabi/4.7.1/thumb/crtn.o
                0x0200023c                . = ALIGN (0x4)

.plt
 *(.plt)

.text           0x02000240    0x14360
 *(EXCLUDE_FILE(*.itcm*) .text)
 .text          0x02000240        0x0 /home/hansung/ndsdev/devkitPro/devkitARM/bin/../lib/gcc/arm-none-eabi/4.7.1/../../../../arm-none-eabi/lib/thumb/ds_arm9_crt0.o
 .text          0x02000240        0x0 /home/hansung/ndsdev/devkitPro/devkitARM/bin/../lib/gcc/arm-none-eabi/4.7.1/thumb/crti.o
 .text          0x02000240       0xd0 /home/hansung/ndsdev/devkitPro/devkitARM/bin/../lib/gcc/arm-none-eabi/4.7.1/thumb/crtbegin.o
 .text          0x02000310        0x0 down.o
 .text          0x02000310        0x0 up.o
 .text          0x02000310      0x42c croutine.o
                0x02000310                xCoRoutineCreate
                0x020003d8                vCoRoutineAddToDelayedList
                0x020005d8                vCoRoutineSchedule
                0x020006e0                xCoRoutineRemoveFromEventList
 .text          0x0200073c      0x138 list.o
                0x0200073c                vListInitialise
                0x02000770                vListInitialiseItem
                0x02000780                vListInsertEnd
                0x020007c4                vListInsert
                0x0200082c                vListRemove
 .text          0x02000874      0x6e8 queue.o
                0x02000874                xQueueCreate
                0x02000928                xQueueCreateMutex
                0x020009a0                xQueueGenericSend
                0x02000aa8                xQueueGenericSendFromISR
                0x02000b18                xQueueGenericReceive
                0x02000c80                xQueueReceiveFromISR
                0x02000cf0                uxQueueMessagesWaiting
                0x02000d0c                uxQueueMessagesWaitingFromISR
                0x02000d20                vQueueDelete
                0x02000ef4                xQueueIsQueueEmptyFromISR
                0x02000f3c                xQueueIsQueueFullFromISR
 .text          0x02000f5c     0x119c tasks.o
                0x02000f5c                xTaskGenericCreate
                0x020010c4                vTaskDelete
                0x02001158                vTaskDelayUntil
                0x02001228                vTaskDelay
                0x020012b0                uxTaskPriorityGet
                0x020012e0                vTaskPrioritySet
                0x020013d4                vTaskSuspend
                0x02001468                xTaskIsTaskSuspended
                0x020014a8                vTaskResume
                0x02001534                xTaskResumeFromISR
                0x020015d4                vTaskStartScheduler
                0x02001630                vTaskEndScheduler
                0x02001648                vTaskSuspendAll
                0x02001658                xTaskResumeAll
                0x02001750                xTaskGetTickCount
                0x02001770                xTaskGetTickCountFromISR
                0x0200177c                uxTaskGetNumberOfTasks
                0x02001788                vTaskList
                0x0200187c                vTaskStartTrace
                0x020018c0                ulTaskEndTrace
                0x020018f4                vTaskIncrementTick
                0x020019c8                vTaskSwitchContext
                0x02001ac8                vTaskPlaceOnEventList
                0x02001b60                xTaskRemoveFromEventList
                0x02001c0c                vTaskSetTimeOutState
                0x02001c2c                xTaskCheckForTimeOut
                0x02001cb0                vTaskMissedYield
                0x02001fcc                xTaskGetCurrentTaskHandle
                0x02001fe0                vTaskPriorityInherit
                0x02002080                vTaskPriorityDisinherit
 .text          0x020020f8      0x4a8 card_spi.o
                0x02002148                cardLineIrqHandler
                0x0200214c                initSpi
                0x02002158                cardSpiBusy
                0x02002178                cardSpiStart
                0x020021c0                cardSpiStop
                0x020021e0                cardSpiInit
                0x02002210                cardSpiSetHandler
                0x0200224c                cardSpiEnable
                0x0200226c                cardSpiDisable
                0x02002288                cardSpiTransfer
                0x020022d0                cardSpiWriteBuffer
                0x02002390                cardSpiTransferBuffer
                0x02002474                poll_spi
                0x020024b4                getDebugChar
                0x02002540                putDebugChar
 .text          0x020025a0     0x15ec gdbStub.o
                0x02002a04                getRegister
                0x02002a7c                putRegister
                0x02002ad0                getRegisterAsBytes
                0x02002b34                putRegisterAsBytes
                0x02003944                initDebug
                0x02003b68                waitInput
 .text          0x02003b8c       0x44 heap_3.o
                0x02003b8c                pvPortMalloc
                0x02003bb0                vPortFree
 .text          0x02003bd0      0x16c port.o
                0x02003bd0                pxPortInitialiseStack
                0x02003cec                xPortStartScheduler
                0x02003d00                vPortEndScheduler
 .text          0x02003d3c       0x48 portISR.o
                0x02003d3c                vPortISRStartFirstTask
                0x02003d44                vPortEnterCritical
                0x02003d5c                vPortExitCritical
 .text          0x02003d84      0x99c sevencore_io.o
                0x0200420c                draw7SEGMENT
                0x02004500                init_virtual_io
                0x020045c0                init_printf
                0x0200461c                readb_virtual_io
                0x02004670                writeb_virtual_io
                0x0200471c                close_virtual_io
 .text          0x02004720      0x5f8 main.o
                0x020048c8                main
                0x020048e0                InitDebug
                0x020048e4                draw_my_box
                0x02004958                vStartExpTasks
 *fill*         0x02004d18        0x8 ff
 .text          0x02004d20       0xf0 gdbStubAsm.o
                0x02004d20                BreakPoint
                0x02004d28                ICInvalidateAll
                0x02004d34                DCFlushAll
                0x02004d60                enable_IRQs
                0x02004d6c                disable_IRQs
                0x02004d78                getSPSR
                0x02004d80                setBankedReg
                0x02004da4                setRegs
                0x02004dac                getPC
                0x02004db4                test_func
                0x02004dd8                v5T_semantics_asm
                0x02004de0                add
                0x02004df0                mul
 .text          0x02004e10      0x140 port_asm.o
                0x02004e10                vPortDisableInterruptsFromThumb
                0x02004e28                vPortEnableInterruptsFromThumb
                0x02004e40                portRESTORE_CONTEXT_FIRST
                0x02004e58                portRESTORE_CONTEXT
                0x02004e90                vPreemptiveTick
                0x02004eec                vPortYIELD
 .text          0x02004f50      0x2e8 /home/hansung/ndsdev/devkitPro/libnds/lib/libnds9.a(background.o)
                0x02004f50                bgIsText
                0x02004f5c                checkIfText
                0x02004fb4                bgUpdate
                0x020050a8                bgInit_call
                0x0200516c                bgInitSub_call
 .text          0x02005238      0xa4c /home/hansung/ndsdev/devkitPro/libnds/lib/libnds9.a(console.o)
                0x020052d8                nocash_write
                0x020052e8                consoleGetDefault
                0x020052f4                consoleSelect
                0x02005304                consoleDebugInit
                0x02005354                consolePrintChar
                0x02005520                consoleLoadFont
                0x020057a8                consoleSetFont
                0x020057c8                consoleInit
                0x02005930                consoleDemoInit
                0x02005974                con_write
                0x02005c50                consoleClear
                0x02005c60                consoleSetWindow
 .text          0x02005c84       0x84 /home/hansung/ndsdev/devkitPro/libnds/lib/libnds9.a(decompress.o)
                0x02005c84                getHeader
                0x02005c88                readByte
                0x02005c8c                decompress
                0x02005ccc                decompressStream
 .text          0x02005d08       0x28 /home/hansung/ndsdev/devkitPro/libnds/lib/libnds9.a(exceptions.o)
                0x02005d08                setExceptionHandler
 .text          0x02005d30       0xf4 /home/hansung/ndsdev/devkitPro/libnds/lib/libnds9.a(keys.o)
                0x02005d30                scanKeys
                0x02005d9c                keysHeld
                0x02005da8                keysDown
                0x02005db8                keysDownRepeat
                0x02005dc8                keysSetRepeat
                0x02005de0                keysUp
                0x02005df0                keysCurrent
 .text          0x02005e24       0x24 /home/hansung/ndsdev/devkitPro/libnds/lib/libnds9.a(sassert.o)
                0x02005e24                __sassert
 .text          0x02005e48       0x4c /home/hansung/ndsdev/devkitPro/libnds/lib/libnds9.a(touch.o)
                0x02005e48                touchRead
                0x02005e70                touchReadXY
 .text          0x02005e94      0x244 /home/hansung/ndsdev/devkitPro/libnds/lib/libnds9.a(trig.o)
                0x02005e94                asinComp
                0x02005ebc                sinLutLookup
                0x02005ef8                sinLerp
                0x02005f30                cosLerp
                0x02005f44                tanLutLookup
                0x02005f7c                tanLerp
                0x02006020                asinLerp
                0x0200609c                acosLerp
                0x020060b0                atanComp
 .text          0x020060d8     0x15cc /home/hansung/ndsdev/devkitPro/libnds/lib/libnds9.a(videoGL.o)
                0x020060d8                glGetGlobals
                0x020060e0                glRotatef32i
                0x020063b4                glMaterialf
                0x02006420                glTexCoord2f32
                0x02006494                vramBlock_init
                0x02006500                vramBlock_Construct
                0x02006528                vramBlock_terminate
                0x02006550                vramBlock_Deconstruct
                0x02006564                vramBlock__allocateBlock
                0x020066d0                vramBlock__deallocateBlock
                0x0200682c                vramBlock_examineSpecial
                0x02006a4c                vramBlock_allocateSpecial
                0x02006ab8                vramBlock_allocateBlock
                0x02006aec                vramBlock_deallocateBlock
                0x02006b2c                vramBlock_deallocateAll
                0x02006b3c                vramBlock_getAddr
                0x02006b50                vramBlock_getSize
                0x02006b64                glInit_C
                0x02006d0c                glResetTextures
                0x02006d94                removePaletteFromTexture
                0x02006e04                glGenTextures
                0x02006ea0                glDeleteTextures
                0x02006f70                vramGetBank
                0x02007030                glBindTexture
                0x02007090                glColorTableEXT
                0x02007210                glColorSubTableEXT
                0x02007260                glGetColorTableEXT
                0x0200729c                glAssignColorTable
                0x02007310                glTexParameter
                0x02007348                glGetTexturePointer
                0x02007368                glGetTexParameter
                0x02007388                glGetColorTableParameterEXT
                0x020073c0                glTexImage2D
 .text          0x020076a4      0x140 /home/hansung/ndsdev/devkitPro/libnds/lib/libnds9.a(initSystem.o)
                0x020076a4                initSystem
 .text          0x020077e4      0xc58 /home/hansung/ndsdev/devkitPro/libnds/lib/libnds9.a(fifosystem.o)
                0x02007a38                fifoSendAddress
                0x02007a64                fifoSendValue32
                0x02007aa4                fifoSendDatamsg
                0x02007b14                fifoGetAddress
                0x02007b8c                fifoSetAddressHandler
                0x02007c00                fifoGetValue32
                0x02007c74                fifoSetValue32Handler
                0x02007ce8                fifoGetDatamsg
                0x0200816c                fifoSetDatamsgHandler
                0x02008204                fifoCheckAddress
                0x02008228                fifoCheckDatamsg
                0x0200824c                fifoCheckValue32
                0x02008270                fifoInit
 .text          0x0200843c      0x1ec /home/hansung/ndsdev/devkitPro/libnds/lib/libnds9.a(interrupts.o)
                0x0200843c                irqDummy
                0x02008440                irqSet
                0x020084ac                irqInit
                0x020084f8                irqInitHandler
                0x02008528                irqEnable
                0x0200858c                irqDisable
                0x020085f0                irqClear
 .text          0x02008628       0x58 /home/hansung/ndsdev/devkitPro/libnds/lib/libnds9.a(libnds_exit.arm.o)
                0x02008628                systemErrorExit
                0x0200862c                __libnds_exit
 .text          0x02008680       0x1c /home/hansung/ndsdev/devkitPro/libnds/lib/libnds9.a(syscalls.o)
                0x02008680                swiDecompressLZSSVram
 .text          0x0200869c       0xdc /home/hansung/ndsdev/devkitPro/libnds/lib/libnds9.a(exceptionHandler.o)
                0x0200869c                getCPSR
                0x020086a4                enterException
                0x02008718                exceptionC
                0x0200871c                exceptionStack
                0x02008720                exceptionRegisters
 .text          0x02008778      0x1b4 /home/hansung/ndsdev/devkitPro/libnds/lib/libnds9.a(mpu_setup.o)
                0x02008778                __libnds_mpu_setup
                0x020088b8                memCached
                0x020088d0                memUncached
 *fill*         0x0200892c        0x4 ff
 .text          0x02008930       0x70 /home/hansung/ndsdev/devkitPro/libnds/lib/libnds9.a(biosCalls.o)
                0x02008930                swiDelay
                0x02008934                swiIntrWait
                0x02008938                swiWaitForVBlank
                0x0200893c                swiSleep
                0x02008940                swiChangeSoundBias
                0x02008944                swiDivide
                0x02008948                swiRemainder
                0x0200894e                swiDivMod
                0x0200895a                swiCopy
                0x0200895e                swiFastCopy
                0x02008962                swiSqrt
                0x02008966                swiCRC16
                0x0200896a                swiIsDebugger
                0x0200896e                swiUnpackBits
                0x02008972                swiDecompressLZSSWram
                0x02008976                swiDecompressLZSSVramNTR
                0x0200897a                swiDecompressLZSSVramTWL
                0x0200897e                swiDecompressHuffman
                0x02008982                swiDecompressRLEWram
                0x02008986                swiDecompressRLEVram
                0x0200898a                swiWaitForIRQ
                0x0200898e                swiDecodeDelta8
                0x02008992                swiDecodeDelta16
                0x02008996                swiSetHaltCR
 .text          0x020089a0       0xa4 /home/hansung/ndsdev/devkitPro/libnds/lib/libnds9.a(debugprint.o)
                0x020089a0                nocashWrite
                0x020089a2                nocashMessage
 .text          0x02008a44        0x0 /home/hansung/ndsdev/devkitPro/libnds/lib/libnds9.a(interruptDispatcher.o)
 *fill*         0x02008a44        0xc ff
 .text          0x02008a50       0x30 /home/hansung/ndsdev/devkitPro/libnds/lib/libnds9.a(swiSoftReset.o)
                0x02008a50                swiSoftReset
 .text          0x02008a80        0x0 /home/hansung/ndsdev/devkitPro/libnds/lib/libnds9.a(default_font.bin.o)
 .text          0x02008a80       0x8c /home/hansung/ndsdev/devkitPro/libnds/lib/libnds9.a(dynamicArray.o)
                0x02008a80                DynamicArrayInit
                0x02008a98                DynamicArrayDelete
                0x02008aac                DynamicArrayGet
                0x02008ac4                DynamicArraySet
 .text          0x02008b0c      0x128 /home/hansung/ndsdev/devkitPro/libnds/lib/libnds9.a(system.o)
                0x02008b0c                setSDcallback
                0x02008b18                systemMsgHandler
                0x02008b5c                systemSleep
                0x02008b74                systemValueHandler
                0x02008bb0                powerOn
                0x02008bdc                powerOff
                0x02008c04                ledBlink
                0x02008c14                getBatteryLevel
 .text          0x02008c34      0x1f8 /home/hansung/ndsdev/devkitPro/libnds/lib/libnds9.a(video.o)
                0x02008c34                vramSetPrimaryBanks
                0x02008c78                vramSetMainBanks
                0x02008cbc                vramSetBanks_EFG
                0x02008cf4                vramRestorePrimaryBanks
                0x02008d00                vramRestoreMainBanks
                0x02008d0c                vramRestoreBanks_EFG
                0x02008d18                setBrightness
                0x02008d58                vramDefault
 .text          0x02008e2c      0x11c /home/hansung/ndsdev/devkitPro/devkitARM/bin/../lib/gcc/arm-none-eabi/4.7.1/thumb/libgcc.a(_udivsi3.o)
                0x02008e2c                __udivsi3
                0x02008e2c                __aeabi_uidiv
                0x02008f28                __aeabi_uidivmod
 .text          0x02008f48      0x150 /home/hansung/ndsdev/devkitPro/devkitARM/bin/../lib/gcc/arm-none-eabi/4.7.1/thumb/libgcc.a(_divsi3.o)
                0x02008f48                __aeabi_idiv
                0x02008f48                __divsi3
                0x02009078                __aeabi_idivmod
 .text          0x02009098        0x4 /home/hansung/ndsdev/devkitPro/devkitARM/bin/../lib/gcc/arm-none-eabi/4.7.1/thumb/libgcc.a(_dvmd_tls.o)
                0x02009098                __aeabi_ldiv0
                0x02009098                __aeabi_idiv0
 .text          0x0200909c       0x4c /home/hansung/ndsdev/devkitPro/devkitARM/bin/../lib/gcc/arm-none-eabi/4.7.1/thumb/libgcc.a(_muldi3.o)
                0x0200909c                __aeabi_lmul
                0x0200909c                __muldi3
 .text          0x020090e8       0x64 /home/hansung/ndsdev/devkitPro/devkitARM/bin/../lib/gcc/arm-none-eabi/4.7.1/../../../../arm-none-eabi/lib/thumb/libg.a(lib_a-bsearch.o)
                0x020090e8                bsearch
 .text          0x0200914c        0x0 /home/hansung/ndsdev/devkitPro/devkitARM/bin/../lib/gcc/arm-none-eabi/4.7.1/../../../../arm-none-eabi/lib/thumb/libg.a(lib_a-impure.o)
 .text          0x0200914c       0x54 /home/hansung/ndsdev/devkitPro/devkitARM/bin/../lib/gcc/arm-none-eabi/4.7.1/../../../../arm-none-eabi/lib/thumb/libg.a(lib_a-init.o)
                0x0200914c                __libc_init_array
 .text          0x020091a0       0x40 /home/hansung/ndsdev/devkitPro/devkitARM/bin/../lib/gcc/arm-none-eabi/4.7.1/../../../../arm-none-eabi/lib/thumb/libg.a(lib_a-iprintf.o)
                0x020091a0                iprintf
                0x020091c4                _iprintf_r
 .text          0x020091e0       0x30 /home/hansung/ndsdev/devkitPro/devkitARM/bin/../lib/gcc/arm-none-eabi/4.7.1/../../../../arm-none-eabi/lib/thumb/libg.a(lib_a-malloc.o)
                0x020091e0                malloc
                0x020091f8                free
 .text          0x02009210      0x51c /home/hansung/ndsdev/devkitPro/devkitARM/bin/../lib/gcc/arm-none-eabi/4.7.1/../../../../arm-none-eabi/lib/thumb/libg.a(lib_a-mallocr.o)
                0x02009210                _malloc_r
 .text          0x0200972c       0x90 /home/hansung/ndsdev/devkitPro/devkitARM/bin/../lib/gcc/arm-none-eabi/4.7.1/../../../../arm-none-eabi/lib/thumb/libg.a(lib_a-memcpy-stub.o)
                0x0200972c                memcpy
 .text          0x020097bc       0x98 /home/hansung/ndsdev/devkitPro/devkitARM/bin/../lib/gcc/arm-none-eabi/4.7.1/../../../../arm-none-eabi/lib/thumb/libg.a(lib_a-memset.o)
                0x020097bc                memset
 .text          0x02009854        0x8 /home/hansung/ndsdev/devkitPro/devkitARM/bin/../lib/gcc/arm-none-eabi/4.7.1/../../../../arm-none-eabi/lib/thumb/libg.a(lib_a-mlock.o)
                0x02009854                __malloc_lock
                0x02009858                __malloc_unlock
 .text          0x0200985c       0x1c /home/hansung/ndsdev/devkitPro/devkitARM/bin/../lib/gcc/arm-none-eabi/4.7.1/../../../../arm-none-eabi/lib/thumb/libg.a(lib_a-realloc.o)
                0x0200985c                realloc
 .text          0x02009878      0x3e8 /home/hansung/ndsdev/devkitPro/devkitARM/bin/../lib/gcc/arm-none-eabi/4.7.1/../../../../arm-none-eabi/lib/thumb/libg.a(lib_a-reallocr.o)
                0x02009878                _realloc_r
 .text          0x02009c60      0x120 /home/hansung/ndsdev/devkitPro/devkitARM/bin/../lib/gcc/arm-none-eabi/4.7.1/../../../../arm-none-eabi/lib/thumb/libg.a(lib_a-setvbuf.o)
                0x02009c60                setvbuf
 .text          0x02009d80       0xa0 /home/hansung/ndsdev/devkitPro/devkitARM/bin/../lib/gcc/arm-none-eabi/4.7.1/../../../../arm-none-eabi/lib/thumb/libg.a(lib_a-siscanf.o)
                0x02009d80                siscanf
                0x02009dd0                _siscanf_r
 .text          0x02009e20       0x84 /home/hansung/ndsdev/devkitPro/devkitARM/bin/../lib/gcc/arm-none-eabi/4.7.1/../../../../arm-none-eabi/lib/thumb/libg.a(lib_a-sprintf.o)
                0x02009e20                _sprintf_r
                0x02009e60                sprintf
 .text          0x02009ea4       0xac /home/hansung/ndsdev/devkitPro/devkitARM/bin/../lib/gcc/arm-none-eabi/4.7.1/../../../../arm-none-eabi/lib/thumb/libg.a(lib_a-stdio.o)
                0x02009ea4                __sread
                0x02009ed0                __seofread
                0x02009ed4                __swrite
                0x02009f10                __sseek
                0x02009f40                __sclose
 .text          0x02009f50       0x50 /home/hansung/ndsdev/devkitPro/devkitARM/bin/../lib/gcc/arm-none-eabi/4.7.1/../../../../arm-none-eabi/lib/thumb/libg.a(lib_a-strcat.o)
                0x02009f50                strcat
 .text          0x02009fa0       0x10 /home/hansung/ndsdev/devkitPro/devkitARM/bin/../lib/gcc/arm-none-eabi/4.7.1/../../../../arm-none-eabi/lib/thumb/libg.a(lib_a-strcpy.o)
                0x02009fa0                strcpy
 .text          0x02009fb0       0x10 /home/hansung/ndsdev/devkitPro/devkitARM/bin/../lib/gcc/arm-none-eabi/4.7.1/../../../../arm-none-eabi/lib/thumb/libg.a(lib_a-strlen.o)
                0x02009fb0                strlen
 .text          0x02009fc0       0x60 /home/hansung/ndsdev/devkitPro/devkitARM/bin/../lib/gcc/arm-none-eabi/4.7.1/../../../../arm-none-eabi/lib/thumb/libg.a(lib_a-strncpy.o)
                0x02009fc0                strncpy
 .text          0x0200a020      0xa98 /home/hansung/ndsdev/devkitPro/devkitARM/bin/../lib/gcc/arm-none-eabi/4.7.1/../../../../arm-none-eabi/lib/thumb/libg.a(lib_a-svfiscanf.o)
                0x0200a020                _sungetc_r
                0x0200a0a8                __ssrefill_r
                0x0200a0ec                _sfread_r
                0x0200a178                __ssvfiscanf_r
 .text          0x0200aab8     0x1728 /home/hansung/ndsdev/devkitPro/devkitARM/bin/../lib/gcc/arm-none-eabi/4.7.1/../../../../arm-none-eabi/lib/thumb/libg.a(lib_a-svfprintf.o)
                0x0200aab8                _svfprintf_r
 .text          0x0200c1e0      0x188 /home/hansung/ndsdev/devkitPro/devkitARM/bin/../lib/gcc/arm-none-eabi/4.7.1/../../../../arm-none-eabi/lib/thumb/libg.a(lib_a-ungetc.o)
                0x0200c1e0                __submore
                0x0200c268                _ungetc_r
                0x0200c34c                ungetc
 .text          0x0200c368      0xed4 /home/hansung/ndsdev/devkitPro/devkitARM/bin/../lib/gcc/arm-none-eabi/4.7.1/../../../../arm-none-eabi/lib/thumb/libg.a(lib_a-vfiprintf.o)
                0x0200c368                __sprint_r
                0x0200c3ec                _vfiprintf_r
                0x0200d218                vfiprintf
 .text          0x0200d23c       0xe8 /home/hansung/ndsdev/devkitPro/devkitARM/bin/../lib/gcc/arm-none-eabi/4.7.1/../../../../arm-none-eabi/lib/thumb/libg.a(lib_a-wcrtomb.o)
                0x0200d23c                _wcrtomb_r
                0x0200d2a4                wcrtomb
 .text          0x0200d324       0x40 /home/hansung/ndsdev/devkitPro/devkitARM/bin/../lib/gcc/arm-none-eabi/4.7.1/../../../../arm-none-eabi/lib/thumb/libg.a(lib_a-wcsrtombs.o)
                0x0200d324                _wcsrtombs_r
                0x0200d33c                wcsrtombs
 .text          0x0200d364      0x2a4 /home/hansung/ndsdev/devkitPro/devkitARM/bin/../lib/gcc/arm-none-eabi/4.7.1/../../../../arm-none-eabi/lib/thumb/libg.a(lib_a-wctomb_r.o)
                0x0200d364                __utf8_wctomb
                0x0200d418                _wctomb_r
                0x0200d450                __ascii_wctomb
                0x0200d470                __sjis_wctomb
                0x0200d4ec                __eucjp_wctomb
                0x0200d588                __jis_wctomb
 .text          0x0200d608       0xd0 /home/hansung/ndsdev/devkitPro/devkitARM/bin/../lib/gcc/arm-none-eabi/4.7.1/../../../../arm-none-eabi/lib/thumb/libg.a(lib_a-wsetup.o)
                0x0200d608                __swsetup_r
 .text          0x0200d6d8       0x10 /home/hansung/ndsdev/devkitPro/devkitARM/bin/../lib/gcc/arm-none-eabi/4.7.1/../../../../arm-none-eabi/lib/thumb/libg.a(lib_a-ctype_.o)
                0x0200d6d8                __set_ctype
 .text          0x0200d6e8     0x10a0 /home/hansung/ndsdev/devkitPro/devkitARM/bin/../lib/gcc/arm-none-eabi/4.7.1/../../../../arm-none-eabi/lib/thumb/libg.a(lib_a-dtoa.o)
                0x0200d840                _dtoa_r
 .text          0x0200e788      0x1b8 /home/hansung/ndsdev/devkitPro/devkitARM/bin/../lib/gcc/arm-none-eabi/4.7.1/../../../../arm-none-eabi/lib/thumb/libg.a(lib_a-fflush.o)
                0x0200e788                __sflush_r
                0x0200e8e0                _fflush_r
                0x0200e910                fflush
 .text          0x0200e940      0x1d8 /home/hansung/ndsdev/devkitPro/devkitARM/bin/../lib/gcc/arm-none-eabi/4.7.1/../../../../arm-none-eabi/lib/thumb/libg.a(lib_a-findfp.o)
                0x0200e948                _cleanup_r
                0x0200e9a8                __sfmoreglue
                0x0200e9d8                _cleanup
                0x0200e9ec                __sinit
                0x0200ea40                __sfp
                0x0200ead0                __sfp_lock_acquire
                0x0200ead4                __sfp_lock_release
                0x0200ead8                __sinit_lock_acquire
                0x0200eadc                __sinit_lock_release
                0x0200eae0                __fp_lock_all
                0x0200eafc                __fp_unlock_all
 .text          0x0200eb18      0x104 /home/hansung/ndsdev/devkitPro/devkitARM/bin/../lib/gcc/arm-none-eabi/4.7.1/../../../../arm-none-eabi/lib/thumb/libg.a(lib_a-fputwc.o)
                0x0200eb18                _fputwc_r
                0x0200ebf0                fputwc
 .text          0x0200ec1c      0x238 /home/hansung/ndsdev/devkitPro/devkitARM/bin/../lib/gcc/arm-none-eabi/4.7.1/../../../../arm-none-eabi/lib/thumb/libg.a(lib_a-freer.o)
                0x0200ec1c                _malloc_trim_r
                0x0200ecc0                _free_r
 .text          0x0200ee54      0x2fc /home/hansung/ndsdev/devkitPro/devkitARM/bin/../lib/gcc/arm-none-eabi/4.7.1/../../../../arm-none-eabi/lib/thumb/libg.a(lib_a-fvwrite.o)
                0x0200ee54                __sfvwrite_r
 .text          0x0200f150       0xb4 /home/hansung/ndsdev/devkitPro/devkitARM/bin/../lib/gcc/arm-none-eabi/4.7.1/../../../../arm-none-eabi/lib/thumb/libg.a(lib_a-fwalk.o)
                0x0200f150                _fwalk
                0x0200f1a4                _fwalk_reent
 .text          0x0200f204       0x78 /home/hansung/ndsdev/devkitPro/devkitARM/bin/../lib/gcc/arm-none-eabi/4.7.1/../../../../arm-none-eabi/lib/thumb/libg.a(lib_a-iswspace.o)
                0x0200f204                iswspace
 .text          0x0200f27c      0x1f0 /home/hansung/ndsdev/devkitPro/devkitARM/bin/../lib/gcc/arm-none-eabi/4.7.1/../../../../arm-none-eabi/lib/thumb/libg.a(lib_a-jp2uc.o)
                0x0200f408                _jp2uc
 .text          0x0200f46c      0x950 /home/hansung/ndsdev/devkitPro/devkitARM/bin/../lib/gcc/arm-none-eabi/4.7.1/../../../../arm-none-eabi/lib/thumb/libg.a(lib_a-locale.o)
                0x0200fb60                _setlocale_r
                0x0200fd5c                __locale_charset
                0x0200fd64                __locale_mb_cur_max
                0x0200fd70                __locale_msgcharset
                0x0200fd7c                __locale_cjk_lang
                0x0200fd88                _localeconv_r
                0x0200fd94                setlocale
                0x0200fdb0                localeconv
 .text          0x0200fdbc       0xe0 /home/hansung/ndsdev/devkitPro/devkitARM/bin/../lib/gcc/arm-none-eabi/4.7.1/../../../../arm-none-eabi/lib/thumb/libg.a(lib_a-makebuf.o)
                0x0200fdbc                __smakebuf_r
 .text          0x0200fe9c      0x104 /home/hansung/ndsdev/devkitPro/devkitARM/bin/../lib/gcc/arm-none-eabi/4.7.1/../../../../arm-none-eabi/lib/thumb/libg.a(lib_a-mbrtowc.o)
                0x0200fe9c                _mbrtowc_r
                0x0200ff14                mbrtowc
 .text          0x0200ffa0      0x584 /home/hansung/ndsdev/devkitPro/devkitARM/bin/../lib/gcc/arm-none-eabi/4.7.1/../../../../arm-none-eabi/lib/thumb/libg.a(lib_a-mbtowc_r.o)
                0x0200ffa0                __utf8_mbtowc
                0x02010200                _mbtowc_r
                0x0201023c                __ascii_mbtowc
                0x0201026c                __sjis_mbtowc
                0x0201032c                __eucjp_mbtowc
                0x020103f4                __jis_mbtowc
 .text          0x02010524       0x98 /home/hansung/ndsdev/devkitPro/devkitARM/bin/../lib/gcc/arm-none-eabi/4.7.1/../../../../arm-none-eabi/lib/thumb/libg.a(lib_a-memchr-stub.o)
                0x02010524                memchr
 .text          0x020105bc       0xb0 /home/hansung/ndsdev/devkitPro/devkitARM/bin/../lib/gcc/arm-none-eabi/4.7.1/../../../../arm-none-eabi/lib/thumb/libg.a(lib_a-memmove.o)
                0x020105bc                memmove
 *fill*         0x0201066c        0x4 ff
 .text          0x02010670      0x978 /home/hansung/ndsdev/devkitPro/devkitARM/bin/../lib/gcc/arm-none-eabi/4.7.1/../../../../arm-none-eabi/lib/thumb/libg.a(lib_a-mprec.o)
                0x02010670                _Balloc
                0x020106c4                _Bfree
                0x020106dc                __multadd
                0x02010788                __s2b
                0x02010824                __hi0bits
                0x0201085c                __lo0bits
                0x020108bc                __i2b
                0x020108d4                __multiply
                0x02010a38                __pow5mult
                0x02010ae8                __lshift
                0x02010bb8                __mcmp
                0x02010bf4                __mdiff
                0x02010ce4                __ulp
                0x02010d2c                __b2d
                0x02010dd0                __d2b
                0x02010e88                __ratio
                0x02010f04                _mprec_log10
                0x02010f44                __copybits
                0x02010f8c                __any_on
 .text          0x02010fe8       0x7c /home/hansung/ndsdev/devkitPro/devkitARM/bin/../lib/gcc/arm-none-eabi/4.7.1/../../../../arm-none-eabi/lib/thumb/libg.a(lib_a-sccl.o)
                0x02010fe8                __sccl
 .text          0x02011064       0x5c /home/hansung/ndsdev/devkitPro/devkitARM/bin/../lib/gcc/arm-none-eabi/4.7.1/../../../../arm-none-eabi/lib/thumb/libg.a(lib_a-s_fpclassify.o)
                0x02011064                __fpclassifyd
 .text          0x020110c0       0x50 /home/hansung/ndsdev/devkitPro/devkitARM/bin/../lib/gcc/arm-none-eabi/4.7.1/../../../../arm-none-eabi/lib/thumb/libg.a(lib_a-strcasecmp.o)
                0x020110c0                strcasecmp
 .text          0x02011110       0xd4 /home/hansung/ndsdev/devkitPro/devkitARM/bin/../lib/gcc/arm-none-eabi/4.7.1/../../../../arm-none-eabi/lib/thumb/libg.a(lib_a-strchr.o)
                0x02011110                strchr
 .text          0x020111e4       0x14 /home/hansung/ndsdev/devkitPro/devkitARM/bin/../lib/gcc/arm-none-eabi/4.7.1/../../../../arm-none-eabi/lib/thumb/libg.a(lib_a-strcmp.o)
                0x020111e4                strcmp
 .text          0x020111f8       0x48 /home/hansung/ndsdev/devkitPro/devkitARM/bin/../lib/gcc/arm-none-eabi/4.7.1/../../../../arm-none-eabi/lib/thumb/libg.a(lib_a-strlcpy.o)
                0x020111f8                strlcpy
 .text          0x02011240       0x60 /home/hansung/ndsdev/devkitPro/devkitARM/bin/../lib/gcc/arm-none-eabi/4.7.1/../../../../arm-none-eabi/lib/thumb/libg.a(lib_a-strncasecmp.o)
                0x02011240                strncasecmp
 .text          0x020112a0       0xbc /home/hansung/ndsdev/devkitPro/devkitARM/bin/../lib/gcc/arm-none-eabi/4.7.1/../../../../arm-none-eabi/lib/thumb/libg.a(lib_a-strncmp.o)
                0x020112a0                strncmp
 *fill*         0x0201135c        0x4 ff
 .text          0x02011360      0x208 /home/hansung/ndsdev/devkitPro/devkitARM/bin/../lib/gcc/arm-none-eabi/4.7.1/../../../../arm-none-eabi/lib/thumb/libg.a(lib_a-strtoll_r.o)
                0x02011360                _strtoll_r
 .text          0x02011568      0x190 /home/hansung/ndsdev/devkitPro/devkitARM/bin/../lib/gcc/arm-none-eabi/4.7.1/../../../../arm-none-eabi/lib/thumb/libg.a(lib_a-strtol.o)
                0x02011568                _strtol_r
                0x020116d8                strtol
 .text          0x020116f8      0x238 /home/hansung/ndsdev/devkitPro/devkitARM/bin/../lib/gcc/arm-none-eabi/4.7.1/../../../../arm-none-eabi/lib/thumb/libg.a(lib_a-strtoull_r.o)
                0x020116f8                _strtoull_r
 .text          0x02011930      0x198 /home/hansung/ndsdev/devkitPro/devkitARM/bin/../lib/gcc/arm-none-eabi/4.7.1/../../../../arm-none-eabi/lib/thumb/libg.a(lib_a-strtoul.o)
                0x02011930                _strtoul_r
                0x02011aa8                strtoul
 .text          0x02011ac8      0xeb4 /home/hansung/ndsdev/devkitPro/devkitARM/bin/../lib/gcc/arm-none-eabi/4.7.1/../../../../arm-none-eabi/lib/thumb/libg.a(lib_a-svfiprintf.o)
                0x02011ac8                __ssprint_r
                0x02011bf8                _svfiprintf_r
 .text          0x0201297c       0xd0 /home/hansung/ndsdev/devkitPro/devkitARM/bin/../lib/gcc/arm-none-eabi/4.7.1/../../../../arm-none-eabi/lib/thumb/libg.a(lib_a-wbuf.o)
                0x0201297c                __swbuf_r
                0x02012a30                __swbuf
 .text          0x02012a4c      0x150 /home/hansung/ndsdev/devkitPro/devkitARM/bin/../lib/gcc/arm-none-eabi/4.7.1/../../../../arm-none-eabi/lib/thumb/libg.a(lib_a-wcsnrtombs.o)
                0x02012a4c                _wcsnrtombs_r
                0x02012b6c                wcsnrtombs
 .text          0x02012b9c       0x64 /home/hansung/ndsdev/devkitPro/devkitARM/bin/../lib/gcc/arm-none-eabi/4.7.1/../../../../arm-none-eabi/lib/thumb/libg.a(lib_a-callocr.o)
                0x02012b9c                _calloc_r
 .text          0x02012c00       0xb0 /home/hansung/ndsdev/devkitPro/devkitARM/bin/../lib/gcc/arm-none-eabi/4.7.1/../../../../arm-none-eabi/lib/thumb/libg.a(lib_a-fclose.o)
                0x02012c00                _fclose_r
                0x02012c94                fclose
 .text          0x02012cb0       0xa8 /home/hansung/ndsdev/devkitPro/devkitARM/bin/../lib/gcc/arm-none-eabi/4.7.1/../../../../arm-none-eabi/lib/thumb/libg.a(lib_a-getenv_r.o)
                0x02012cb0                _findenv_r
                0x02012d48                _getenv_r
 .text          0x02012d58        0x0 /home/hansung/ndsdev/devkitPro/devkitARM/bin/../lib/gcc/arm-none-eabi/4.7.1/../../../../arm-none-eabi/lib/thumb/libg.a(lib_a-environ.o)
 .text          0x02012d58        0x8 /home/hansung/ndsdev/devkitPro/devkitARM/bin/../lib/gcc/arm-none-eabi/4.7.1/../../../../arm-none-eabi/lib/thumb/libg.a(lib_a-envlock.o)
                0x02012d58                __env_lock
                0x02012d5c                __env_unlock
 .text          0x02012d60      0x144 /home/hansung/ndsdev/devkitPro/devkitARM/bin/../lib/gcc/arm-none-eabi/4.7.1/../../../../arm-none-eabi/lib/thumb/libsysbase.a(iosupport.o)
                0x02012d60                setDefaultDevice
                0x02012d74                FindDevice
                0x02012de4                RemoveDevice
                0x02012e08                AddDevice
                0x02012e84                GetDeviceOpTab
 .text          0x02012ea4       0x50 /home/hansung/ndsdev/devkitPro/devkitARM/bin/../lib/gcc/arm-none-eabi/4.7.1/../../../../arm-none-eabi/lib/thumb/libsysbase.a(close.o)
                0x02012ea4                _close_r
 .text          0x02012ef4       0x50 /home/hansung/ndsdev/devkitPro/devkitARM/bin/../lib/gcc/arm-none-eabi/4.7.1/../../../../arm-none-eabi/lib/thumb/libsysbase.a(fstat.o)
                0x02012ef4                _fstat_r
 .text          0x02012f44        0x4 /home/hansung/ndsdev/devkitPro/devkitARM/bin/../lib/gcc/arm-none-eabi/4.7.1/../../../../arm-none-eabi/lib/thumb/libsysbase.a(isatty.o)
                0x02012f44                _isatty_r
 .text          0x02012f48       0x50 /home/hansung/ndsdev/devkitPro/devkitARM/bin/../lib/gcc/arm-none-eabi/4.7.1/../../../../arm-none-eabi/lib/thumb/libsysbase.a(lseek.o)
                0x02012f48                _lseek_r
 .text          0x02012f98       0x50 /home/hansung/ndsdev/devkitPro/devkitARM/bin/../lib/gcc/arm-none-eabi/4.7.1/../../../../arm-none-eabi/lib/thumb/libsysbase.a(read.o)
                0x02012f98                _read_r
 .text          0x02012fe8       0x54 /home/hansung/ndsdev/devkitPro/devkitARM/bin/../lib/gcc/arm-none-eabi/4.7.1/../../../../arm-none-eabi/lib/thumb/libsysbase.a(sbrk.o)
                0x02012fe8                _sbrk_r
 .text          0x0201303c       0x44 /home/hansung/ndsdev/devkitPro/devkitARM/bin/../lib/gcc/arm-none-eabi/4.7.1/../../../../arm-none-eabi/lib/thumb/libsysbase.a(times.o)
                0x0201303c                _times
                0x02013050                _times_r
                0x02013058                _gettimeofday_r
 .text          0x02013080       0x58 /home/hansung/ndsdev/devkitPro/devkitARM/bin/../lib/gcc/arm-none-eabi/4.7.1/../../../../arm-none-eabi/lib/thumb/libsysbase.a(write.o)
                0x02013080                _write_r
 .text          0x020130d8        0x0 /home/hansung/ndsdev/devkitPro/devkitARM/bin/../lib/gcc/arm-none-eabi/4.7.1/../../../../arm-none-eabi/lib/thumb/libsysbase.a(malloc_vars.o)
 .text          0x020130d8       0x4c /home/hansung/ndsdev/devkitPro/devkitARM/bin/../lib/gcc/arm-none-eabi/4.7.1/../../../../arm-none-eabi/lib/thumb/libsysbase.a(build_argv.o)
                0x020130d8                build_argv
 .text          0x02013124        0x0 /home/hansung/ndsdev/devkitPro/devkitARM/bin/../lib/gcc/arm-none-eabi/4.7.1/../../../../arm-none-eabi/lib/thumb/libsysbase.a(syscall_support.o)
 .text          0x02013124       0x84 /home/hansung/ndsdev/devkitPro/devkitARM/bin/../lib/gcc/arm-none-eabi/4.7.1/../../../../arm-none-eabi/lib/thumb/libsysbase.a(handle_manager.o)
                0x02013124                __release_handle
                0x02013150                __alloc_handle
                0x02013188                __get_handle
 .text          0x020131a8      0x41c /home/hansung/ndsdev/devkitPro/devkitARM/bin/../lib/gcc/arm-none-eabi/4.7.1/thumb/libgcc.a(_arm_addsubdf3.o)
                0x020131a8                __aeabi_drsub
                0x020131b0                __aeabi_dsub
                0x020131b0                __subdf3
                0x020131b4                __adddf3
                0x020131b4                __aeabi_dadd
                0x020134c4                __aeabi_ui2d
                0x020134c4                __floatunsidf
                0x020134e8                __floatsidf
                0x020134e8                __aeabi_i2d
                0x02013510                __extendsfdf2
                0x02013510                __aeabi_f2d
                0x02013550                __aeabi_ul2d
                0x02013550                __floatundidf
                0x02013564                __floatdidf
                0x02013564                __aeabi_l2d
 .text          0x020135c4      0x49c /home/hansung/ndsdev/devkitPro/devkitARM/bin/../lib/gcc/arm-none-eabi/4.7.1/thumb/libgcc.a(_arm_muldivdf3.o)
                0x020135c4                __aeabi_dmul
                0x020135c4                __muldf3
                0x02013854                __aeabi_ddiv
                0x02013854                __divdf3
 .text          0x02013a60      0x144 /home/hansung/ndsdev/devkitPro/devkitARM/bin/../lib/gcc/arm-none-eabi/4.7.1/thumb/libgcc.a(_arm_cmpdf2.o)
                0x02013a60                __gtdf2
                0x02013a60                __gedf2
                0x02013a68                __ltdf2
                0x02013a68                __ledf2
                0x02013a70                __cmpdf2
                0x02013a70                __eqdf2
                0x02013a70                __nedf2
                0x02013af8                __aeabi_cdrcmple
                0x02013b14                __aeabi_cdcmple
                0x02013b14                __aeabi_cdcmpeq
                0x02013b2c                __aeabi_dcmpeq
                0x02013b44                __aeabi_dcmplt
                0x02013b5c                __aeabi_dcmple
                0x02013b74                __aeabi_dcmpge
                0x02013b8c                __aeabi_dcmpgt
 .text          0x02013ba4       0x5c /home/hansung/ndsdev/devkitPro/devkitARM/bin/../lib/gcc/arm-none-eabi/4.7.1/thumb/libgcc.a(_arm_fixdfsi.o)
                0x02013ba4                __fixdfsi
                0x02013ba4                __aeabi_d2iz
 .text          0x02013c00       0x3c /home/hansung/ndsdev/devkitPro/devkitARM/bin/../lib/gcc/arm-none-eabi/4.7.1/thumb/libgcc.a(_aeabi_uldivmod.o)
                0x02013c00                __aeabi_uldivmod
 .text          0x02013c3c       0x7c /home/hansung/ndsdev/devkitPro/devkitARM/bin/../lib/gcc/arm-none-eabi/4.7.1/thumb/libgcc.a(bpabi.o)
                0x02013c3c                __gnu_ldivmod_helper
                0x02013c7c                __gnu_uldivmod_helper
 .text          0x02013cb8      0x3d4 /home/hansung/ndsdev/devkitPro/devkitARM/bin/../lib/gcc/arm-none-eabi/4.7.1/thumb/libgcc.a(_divdi3.o)
                0x02013cb8                __divdi3
 .text          0x0201408c      0x3a0 /home/hansung/ndsdev/devkitPro/devkitARM/bin/../lib/gcc/arm-none-eabi/4.7.1/thumb/libgcc.a(_udivdi3.o)
                0x0201408c                __udivdi3
 .text          0x0201442c       0x48 /home/hansung/ndsdev/devkitPro/devkitARM/bin/../lib/gcc/arm-none-eabi/4.7.1/thumb/libgcc.a(_clzsi2.o)
                0x0201442c                __clzsi2
 .text          0x02014474        0xc /home/hansung/ndsdev/devkitPro/devkitARM/bin/../lib/gcc/arm-none-eabi/4.7.1/../../../../arm-none-eabi/lib/thumb/libg.a(lib_a-errno.o)
                0x02014474                __errno
 .text          0x02014480        0x0 /home/hansung/ndsdev/devkitPro/devkitARM/bin/../lib/gcc/arm-none-eabi/4.7.1/thumb/crtend.o
 .text          0x02014480        0x0 /home/hansung/ndsdev/devkitPro/devkitARM/bin/../lib/gcc/arm-none-eabi/4.7.1/thumb/crtn.o
 .text.stub     0x02014480      0x108 linker stubs
 *(.text.*)
 *(.stub)
 *(.gnu.warning)
 *(.gnu.linkonce.t*)
 *(.glue_7)
 .glue_7        0x00000000        0x0 linker stubs
 *(.glue_7t)
 .glue_7t       0x00000000        0x0 linker stubs
                0x02014588                . = ALIGN (0x4)

.vfp11_veneer   0x020145a0        0x0
 .vfp11_veneer  0x00000000        0x0 linker stubs

.v4_bx          0x020145a0        0x0
 .v4_bx         0x00000000        0x0 linker stubs

.iplt           0x020145a0        0x0
 .iplt          0x00000000        0x0 /home/hansung/ndsdev/devkitPro/devkitARM/bin/../lib/gcc/arm-none-eabi/4.7.1/../../../../arm-none-eabi/lib/thumb/ds_arm9_crt0.o

.fini           0x020145a0        0xc
 *(.fini)
 .fini          0x020145a0        0x4 /home/hansung/ndsdev/devkitPro/devkitARM/bin/../lib/gcc/arm-none-eabi/4.7.1/thumb/crti.o
                0x020145a0                _fini
 .fini          0x020145a4        0x8 /home/hansung/ndsdev/devkitPro/devkitARM/bin/../lib/gcc/arm-none-eabi/4.7.1/thumb/crtn.o
                0x020145ac                __text_end = .

.rodata         0x020145b0     0xcf90
 *(.rodata)
 .rodata        0x020145b0     0x3038 down.o
                0x020145b0                downBitmap
 .rodata        0x020175e8     0x2eac up.o
                0x020175e8                upBitmap
 .rodata        0x0201a494       0x20 tasks.o
 .rodata        0x0201a4b4      0x1b8 gdbStub.o
 .rodata        0x0201a66c      0x354 sevencore_io.o
 .rodata        0x0201a9c0      0x2d0 main.o
 .rodata        0x0201ac90      0x200 /home/hansung/ndsdev/devkitPro/libnds/lib/libnds9.a(console.o)
 .rodata        0x0201ae90       0x14 /home/hansung/ndsdev/devkitPro/libnds/lib/libnds9.a(decompress.o)
 .rodata        0x0201aea4      0x308 /home/hansung/ndsdev/devkitPro/libnds/lib/libnds9.a(trig.o)
                0x0201aea4                SIN_LUT
                0x0201afa8                TAN_LUT
 .rodata        0x0201b1ac       0x8c /home/hansung/ndsdev/devkitPro/libnds/lib/libnds9.a(videoGL.o)
 .rodata        0x0201b238     0x2004 /home/hansung/ndsdev/devkitPro/libnds/lib/libnds9.a(default_font.bin.o)
                0x0201b238                default_font_bin
                0x0201d238                default_font_bin_end
                0x0201d238                default_font_bin_size
 .rodata        0x0201d23c        0x4 /home/hansung/ndsdev/devkitPro/devkitARM/bin/../lib/gcc/arm-none-eabi/4.7.1/../../../../arm-none-eabi/lib/thumb/libg.a(lib_a-impure.o)
                0x0201d23c                _global_impure_ptr
 .rodata        0x0201d240      0x340 /home/hansung/ndsdev/devkitPro/devkitARM/bin/../lib/gcc/arm-none-eabi/4.7.1/../../../../arm-none-eabi/lib/thumb/libg.a(lib_a-svfiscanf.o)
 .rodata        0x0201d580      0x184 /home/hansung/ndsdev/devkitPro/devkitARM/bin/../lib/gcc/arm-none-eabi/4.7.1/../../../../arm-none-eabi/lib/thumb/libg.a(lib_a-svfprintf.o)
 .rodata        0x0201d704      0x184 /home/hansung/ndsdev/devkitPro/devkitARM/bin/../lib/gcc/arm-none-eabi/4.7.1/../../../../arm-none-eabi/lib/thumb/libg.a(lib_a-vfiprintf.o)
 .rodata        0x0201d888      0x104 /home/hansung/ndsdev/devkitPro/devkitARM/bin/../lib/gcc/arm-none-eabi/4.7.1/../../../../arm-none-eabi/lib/thumb/libg.a(lib_a-ctype_.o)
                0x0201d888                _ctype_
 .rodata        0x0201d98c     0x34f0 /home/hansung/ndsdev/devkitPro/devkitARM/bin/../lib/gcc/arm-none-eabi/4.7.1/../../../../arm-none-eabi/lib/thumb/libg.a(lib_a-jp2uc.o)
 .rodata        0x02020e7c       0xf0 /home/hansung/ndsdev/devkitPro/devkitARM/bin/../lib/gcc/arm-none-eabi/4.7.1/../../../../arm-none-eabi/lib/thumb/libg.a(lib_a-locale.o)
 .rodata        0x02020f6c       0xa8 /home/hansung/ndsdev/devkitPro/devkitARM/bin/../lib/gcc/arm-none-eabi/4.7.1/../../../../arm-none-eabi/lib/thumb/libg.a(lib_a-mbtowc_r.o)
 *fill*         0x02021014        0x4 ff
 .rodata        0x02021018      0x128 /home/hansung/ndsdev/devkitPro/devkitARM/bin/../lib/gcc/arm-none-eabi/4.7.1/../../../../arm-none-eabi/lib/thumb/libg.a(lib_a-mprec.o)
                0x02021028                __mprec_tens
                0x020210f0                __mprec_tinytens
                0x02021118                __mprec_bigtens
 .rodata        0x02021140      0x184 /home/hansung/ndsdev/devkitPro/devkitARM/bin/../lib/gcc/arm-none-eabi/4.7.1/../../../../arm-none-eabi/lib/thumb/libg.a(lib_a-svfiprintf.o)
 .rodata        0x020212c4       0x64 /home/hansung/ndsdev/devkitPro/devkitARM/bin/../lib/gcc/arm-none-eabi/4.7.1/../../../../arm-none-eabi/lib/thumb/libsysbase.a(iosupport.o)
                0x020212c4                dotab_stdnull
 *all.rodata*(*)
 *(.roda)
 *(.rodata.*)
 .rodata.str1.4
                0x02021328       0x49 /home/hansung/ndsdev/devkitPro/libnds/lib/libnds9.a(console.o)
                                 0x4c (size before relaxing)
 *fill*         0x02021371        0x3 ff
 .rodata.str1.4
                0x02021374       0x44 /home/hansung/ndsdev/devkitPro/libnds/lib/libnds9.a(sassert.o)
 .rodata.str1.4
                0x020213b8        0x2 /home/hansung/ndsdev/devkitPro/devkitARM/bin/../lib/gcc/arm-none-eabi/4.7.1/../../../../arm-none-eabi/lib/thumb/libg.a(lib_a-impure.o)
                                  0x4 (size before relaxing)
 *fill*         0x020213ba        0x2 ff
 .rodata.str1.4
                0x020213bc       0x42 /home/hansung/ndsdev/devkitPro/devkitARM/bin/../lib/gcc/arm-none-eabi/4.7.1/../../../../arm-none-eabi/lib/thumb/libg.a(lib_a-svfprintf.o)
                                 0x44 (size before relaxing)
 .rodata.str1.4
                0x00000000       0x30 /home/hansung/ndsdev/devkitPro/devkitARM/bin/../lib/gcc/arm-none-eabi/4.7.1/../../../../arm-none-eabi/lib/thumb/libg.a(lib_a-vfiprintf.o)
 *fill*         0x020213fe        0x2 ff
 .rodata.str1.4
                0x02021400       0x10 /home/hansung/ndsdev/devkitPro/devkitARM/bin/../lib/gcc/arm-none-eabi/4.7.1/../../../../arm-none-eabi/lib/thumb/libg.a(lib_a-dtoa.o)
                                 0x14 (size before relaxing)
 .rodata.str1.4
                0x02021410       0x12 /home/hansung/ndsdev/devkitPro/devkitARM/bin/../lib/gcc/arm-none-eabi/4.7.1/../../../../arm-none-eabi/lib/thumb/libg.a(lib_a-jp2uc.o)
                                 0x14 (size before relaxing)
 *fill*         0x02021422        0x2 ff
 .rodata.str1.4
                0x02021424      0x112 /home/hansung/ndsdev/devkitPro/devkitARM/bin/../lib/gcc/arm-none-eabi/4.7.1/../../../../arm-none-eabi/lib/thumb/libg.a(lib_a-locale.o)
                                0x130 (size before relaxing)
 .rodata.str1.4
                0x00000000        0x4 /home/hansung/ndsdev/devkitPro/devkitARM/bin/../lib/gcc/arm-none-eabi/4.7.1/../../../../arm-none-eabi/lib/thumb/libg.a(lib_a-mbrtowc.o)
 .rodata.str1.4
                0x00000000       0x30 /home/hansung/ndsdev/devkitPro/devkitARM/bin/../lib/gcc/arm-none-eabi/4.7.1/../../../../arm-none-eabi/lib/thumb/libg.a(lib_a-svfiprintf.o)
 *fill*         0x02021536        0x2 ff
 .rodata.str1.4
                0x02021538        0x8 /home/hansung/ndsdev/devkitPro/devkitARM/bin/../lib/gcc/arm-none-eabi/4.7.1/../../../../arm-none-eabi/lib/thumb/libsysbase.a(iosupport.o)
 *(.gnu.linkonce.r*)
                0x02021540                . = ALIGN (0x4)

.rel.dyn        0x02021540        0x0
 .rel.iplt      0x00000000        0x0 /home/hansung/ndsdev/devkitPro/devkitARM/bin/../lib/gcc/arm-none-eabi/4.7.1/../../../../arm-none-eabi/lib/thumb/ds_arm9_crt0.o

.ARM.extab
 *(.ARM.extab* .gnu.linkonce.armextab.*)
                0x02021540                __exidx_start = .

ARM.exidx
 *(.ARM.exidx* .gnu.linkonce.armexidx.*)
                0x02021540                __exidx_end = .
                0x02021540                . = ALIGN (0x4)
                0x02021540                PROVIDE (__preinit_array_start, .)

.preinit_array
 *(.preinit_array)
                0x02021540                PROVIDE (__preinit_array_end, .)
                0x02021540                PROVIDE (__init_array_start, .)

.init_array     0x02021540        0x4
 *(SORT(.init_array.*))
 *(.init_array)
 .init_array    0x02021540        0x4 /home/hansung/ndsdev/devkitPro/devkitARM/bin/../lib/gcc/arm-none-eabi/4.7.1/thumb/crtbegin.o
                0x02021544                PROVIDE (__init_array_end, .)
                0x02021544                PROVIDE (__fini_array_start, .)

.fini_array     0x02021544        0x4
 *(.fini_array)
 .fini_array    0x02021544        0x4 /home/hansung/ndsdev/devkitPro/devkitARM/bin/../lib/gcc/arm-none-eabi/4.7.1/thumb/crtbegin.o
 *(SORT(.fini_array.*))
                0x02021548                PROVIDE (__fini_array_end, .)

.ctors          0x02021548        0x0
 *crtbegin.o(.ctors)
 *(EXCLUDE_FILE(*crtend.o) .ctors)
 *(SORT(.ctors.*))
 *(.ctors)
                0x02021548                . = ALIGN (0x4)

.dtors          0x02021548        0x0
 *crtbegin.o(.dtors)
 *(EXCLUDE_FILE(*crtend.o) .dtors)
 *(SORT(.dtors.*))
 *(.dtors)
                0x02021548                . = ALIGN (0x4)

.eh_frame       0x02021548        0x4
 *(.eh_frame)
 .eh_frame      0x02021548        0x0 /home/hansung/ndsdev/devkitPro/devkitARM/bin/../lib/gcc/arm-none-eabi/4.7.1/thumb/crtbegin.o
 .eh_frame      0x02021548        0x4 /home/hansung/ndsdev/devkitPro/devkitARM/bin/../lib/gcc/arm-none-eabi/4.7.1/thumb/crtend.o
                0x0202154c                . = ALIGN (0x4)

.gcc_except_table
                0x0202154c        0x0
 *(.gcc_except_table)
                0x0202154c                . = ALIGN (0x4)

.jcr            0x0202154c        0x4
 *(.jcr)
 .jcr           0x0202154c        0x0 /home/hansung/ndsdev/devkitPro/devkitARM/bin/../lib/gcc/arm-none-eabi/4.7.1/thumb/crtbegin.o
 .jcr           0x0202154c        0x4 /home/hansung/ndsdev/devkitPro/devkitARM/bin/../lib/gcc/arm-none-eabi/4.7.1/thumb/crtend.o

.got
 *(.got.plt)
 *(.got)
 *(.rel.got)

.ewram          0x02021550        0x0
                0x02021550                __ewram_start = ABSOLUTE (.)
 *(.ewram)
 *ewram.*(.text)
                0x02021550                . = ALIGN (0x4)

.data           0x02021550      0xbc8
                0x02021550                __data_start = ABSOLUTE (.)
 *(.data)
 .data          0x02021550        0x0 /home/hansung/ndsdev/devkitPro/devkitARM/bin/../lib/gcc/arm-none-eabi/4.7.1/../../../../arm-none-eabi/lib/thumb/ds_arm9_crt0.o
 .data          0x02021550        0x0 /home/hansung/ndsdev/devkitPro/devkitARM/bin/../lib/gcc/arm-none-eabi/4.7.1/thumb/crti.o
 .data          0x02021550        0x4 /home/hansung/ndsdev/devkitPro/devkitARM/bin/../lib/gcc/arm-none-eabi/4.7.1/thumb/crtbegin.o
                0x02021550                __dso_handle
 .data          0x02021554        0x0 down.o
 .data          0x02021554        0x0 up.o
 .data          0x02021554        0x0 croutine.o
 .data          0x02021554        0x0 list.o
 .data          0x02021554        0x0 queue.o
 .data          0x02021554        0x4 tasks.o
 .data          0x02021558        0x4 card_spi.o
 .data          0x0202155c        0x8 gdbStub.o
                0x02021560                pRegisters
 .data          0x02021564        0x0 heap_3.o
 .data          0x02021564        0x4 port.o
 .data          0x02021568        0x4 portISR.o
                0x02021568                ulCriticalNesting
 .data          0x0202156c       0x34 sevencore_io.o
 .data          0x020215a0       0x7c main.o
                0x020215a4                Param
 .data          0x0202161c        0x0 gdbStubAsm.o
 .data          0x0202161c        0x0 port_asm.o
 .data          0x0202161c       0x60 /home/hansung/ndsdev/devkitPro/libnds/lib/libnds9.a(background.o)
                0x0202161c                bgScrollTable
                0x0202163c                bgTransform
                0x0202165c                bgControl
 .data          0x0202167c       0x64 /home/hansung/ndsdev/devkitPro/libnds/lib/libnds9.a(console.o)
                0x0202167c                currentConsole
                0x02021680                defaultConsole
 .data          0x020216e0        0xc /home/hansung/ndsdev/devkitPro/libnds/lib/libnds9.a(decompress.o)
                0x020216e0                decomStream
 .data          0x020216ec        0x0 /home/hansung/ndsdev/devkitPro/libnds/lib/libnds9.a(exceptions.o)
 .data          0x020216ec        0x3 /home/hansung/ndsdev/devkitPro/libnds/lib/libnds9.a(keys.o)
 .data          0x020216ef        0x0 /home/hansung/ndsdev/devkitPro/libnds/lib/libnds9.a(sassert.o)
 .data          0x020216ef        0x0 /home/hansung/ndsdev/devkitPro/libnds/lib/libnds9.a(touch.o)
 .data          0x020216ef        0x0 /home/hansung/ndsdev/devkitPro/libnds/lib/libnds9.a(trig.o)
 *fill*         0x020216ef        0x1 ff
 .data          0x020216f0        0x4 /home/hansung/ndsdev/devkitPro/libnds/lib/libnds9.a(videoGL.o)
 .data          0x020216f4        0x0 /home/hansung/ndsdev/devkitPro/libnds/lib/libnds9.a(initSystem.o)
 .data          0x020216f4       0x10 /home/hansung/ndsdev/devkitPro/libnds/lib/libnds9.a(fifosystem.o)
                0x020216f4                fifo_buffer_free
                0x020216f8                fifo_freewords
                0x020216fc                fifo_send_queue
                0x02021700                fifo_receive_queue
 .data          0x02021704        0x0 /home/hansung/ndsdev/devkitPro/libnds/lib/libnds9.a(interrupts.o)
 .data          0x02021704        0x0 /home/hansung/ndsdev/devkitPro/libnds/lib/libnds9.a(libnds_exit.arm.o)
 .data          0x02021704        0x0 /home/hansung/ndsdev/devkitPro/libnds/lib/libnds9.a(syscalls.o)
 .data          0x02021704        0x0 /home/hansung/ndsdev/devkitPro/libnds/lib/libnds9.a(exceptionHandler.o)
 .data          0x02021704        0x0 /home/hansung/ndsdev/devkitPro/libnds/lib/libnds9.a(mpu_setup.o)
 .data          0x02021704        0x0 /home/hansung/ndsdev/devkitPro/libnds/lib/libnds9.a(biosCalls.o)
 .data          0x02021704        0x0 /home/hansung/ndsdev/devkitPro/libnds/lib/libnds9.a(debugprint.o)
 .data          0x02021704        0x0 /home/hansung/ndsdev/devkitPro/libnds/lib/libnds9.a(interruptDispatcher.o)
 .data          0x02021704        0x0 /home/hansung/ndsdev/devkitPro/libnds/lib/libnds9.a(swiSoftReset.o)
 .data          0x02021704        0x0 /home/hansung/ndsdev/devkitPro/libnds/lib/libnds9.a(default_font.bin.o)
 .data          0x02021704        0x0 /home/hansung/ndsdev/devkitPro/libnds/lib/libnds9.a(dynamicArray.o)
 .data          0x02021704        0x0 /home/hansung/ndsdev/devkitPro/libnds/lib/libnds9.a(system.o)
 .data          0x02021704        0x0 /home/hansung/ndsdev/devkitPro/libnds/lib/libnds9.a(video.o)
 .data          0x02021704        0x0 /home/hansung/ndsdev/devkitPro/devkitARM/bin/../lib/gcc/arm-none-eabi/4.7.1/thumb/libgcc.a(_udivsi3.o)
 .data          0x02021704        0x0 /home/hansung/ndsdev/devkitPro/devkitARM/bin/../lib/gcc/arm-none-eabi/4.7.1/thumb/libgcc.a(_divsi3.o)
 .data          0x02021704        0x0 /home/hansung/ndsdev/devkitPro/devkitARM/bin/../lib/gcc/arm-none-eabi/4.7.1/thumb/libgcc.a(_dvmd_tls.o)
 .data          0x02021704        0x0 /home/hansung/ndsdev/devkitPro/devkitARM/bin/../lib/gcc/arm-none-eabi/4.7.1/thumb/libgcc.a(_muldi3.o)
 .data          0x02021704        0x0 /home/hansung/ndsdev/devkitPro/devkitARM/bin/../lib/gcc/arm-none-eabi/4.7.1/../../../../arm-none-eabi/lib/thumb/libg.a(lib_a-bsearch.o)
 *fill*         0x02021704        0x4 ff
 .data          0x02021708      0x430 /home/hansung/ndsdev/devkitPro/devkitARM/bin/../lib/gcc/arm-none-eabi/4.7.1/../../../../arm-none-eabi/lib/thumb/libg.a(lib_a-impure.o)
                0x02021708                _impure_ptr
 .data          0x02021b38        0x0 /home/hansung/ndsdev/devkitPro/devkitARM/bin/../lib/gcc/arm-none-eabi/4.7.1/../../../../arm-none-eabi/lib/thumb/libg.a(lib_a-init.o)
 .data          0x02021b38        0x0 /home/hansung/ndsdev/devkitPro/devkitARM/bin/../lib/gcc/arm-none-eabi/4.7.1/../../../../arm-none-eabi/lib/thumb/libg.a(lib_a-iprintf.o)
 .data          0x02021b38        0x0 /home/hansung/ndsdev/devkitPro/devkitARM/bin/../lib/gcc/arm-none-eabi/4.7.1/../../../../arm-none-eabi/lib/thumb/libg.a(lib_a-malloc.o)
 .data          0x02021b38      0x410 /home/hansung/ndsdev/devkitPro/devkitARM/bin/../lib/gcc/arm-none-eabi/4.7.1/../../../../arm-none-eabi/lib/thumb/libg.a(lib_a-mallocr.o)
                0x02021b38                __malloc_av_
                0x02021f40                __malloc_sbrk_base
                0x02021f44                __malloc_trim_threshold
 .data          0x02021f48        0x0 /home/hansung/ndsdev/devkitPro/devkitARM/bin/../lib/gcc/arm-none-eabi/4.7.1/../../../../arm-none-eabi/lib/thumb/libg.a(lib_a-memcpy-stub.o)
 .data          0x02021f48        0x0 /home/hansung/ndsdev/devkitPro/devkitARM/bin/../lib/gcc/arm-none-eabi/4.7.1/../../../../arm-none-eabi/lib/thumb/libg.a(lib_a-memset.o)
 .data          0x02021f48        0x0 /home/hansung/ndsdev/devkitPro/devkitARM/bin/../lib/gcc/arm-none-eabi/4.7.1/../../../../arm-none-eabi/lib/thumb/libg.a(lib_a-mlock.o)
 .data          0x02021f48        0x0 /home/hansung/ndsdev/devkitPro/devkitARM/bin/../lib/gcc/arm-none-eabi/4.7.1/../../../../arm-none-eabi/lib/thumb/libg.a(lib_a-realloc.o)
 .data          0x02021f48        0x0 /home/hansung/ndsdev/devkitPro/devkitARM/bin/../lib/gcc/arm-none-eabi/4.7.1/../../../../arm-none-eabi/lib/thumb/libg.a(lib_a-reallocr.o)
 .data          0x02021f48        0x0 /home/hansung/ndsdev/devkitPro/devkitARM/bin/../lib/gcc/arm-none-eabi/4.7.1/../../../../arm-none-eabi/lib/thumb/libg.a(lib_a-setvbuf.o)
 .data          0x02021f48        0x0 /home/hansung/ndsdev/devkitPro/devkitARM/bin/../lib/gcc/arm-none-eabi/4.7.1/../../../../arm-none-eabi/lib/thumb/libg.a(lib_a-siscanf.o)
 .data          0x02021f48        0x0 /home/hansung/ndsdev/devkitPro/devkitARM/bin/../lib/gcc/arm-none-eabi/4.7.1/../../../../arm-none-eabi/lib/thumb/libg.a(lib_a-sprintf.o)
 .data          0x02021f48        0x0 /home/hansung/ndsdev/devkitPro/devkitARM/bin/../lib/gcc/arm-none-eabi/4.7.1/../../../../arm-none-eabi/lib/thumb/libg.a(lib_a-stdio.o)
 .data          0x02021f48        0x0 /home/hansung/ndsdev/devkitPro/devkitARM/bin/../lib/gcc/arm-none-eabi/4.7.1/../../../../arm-none-eabi/lib/thumb/libg.a(lib_a-strcat.o)
 .data          0x02021f48        0x0 /home/hansung/ndsdev/devkitPro/devkitARM/bin/../lib/gcc/arm-none-eabi/4.7.1/../../../../arm-none-eabi/lib/thumb/libg.a(lib_a-strcpy.o)
 .data          0x02021f48        0x0 /home/hansung/ndsdev/devkitPro/devkitARM/bin/../lib/gcc/arm-none-eabi/4.7.1/../../../../arm-none-eabi/lib/thumb/libg.a(lib_a-strlen.o)
 .data          0x02021f48        0x0 /home/hansung/ndsdev/devkitPro/devkitARM/bin/../lib/gcc/arm-none-eabi/4.7.1/../../../../arm-none-eabi/lib/thumb/libg.a(lib_a-strncpy.o)
 .data          0x02021f48        0x0 /home/hansung/ndsdev/devkitPro/devkitARM/bin/../lib/gcc/arm-none-eabi/4.7.1/../../../../arm-none-eabi/lib/thumb/libg.a(lib_a-svfiscanf.o)
 .data          0x02021f48        0x0 /home/hansung/ndsdev/devkitPro/devkitARM/bin/../lib/gcc/arm-none-eabi/4.7.1/../../../../arm-none-eabi/lib/thumb/libg.a(lib_a-svfprintf.o)
 .data          0x02021f48        0x0 /home/hansung/ndsdev/devkitPro/devkitARM/bin/../lib/gcc/arm-none-eabi/4.7.1/../../../../arm-none-eabi/lib/thumb/libg.a(lib_a-ungetc.o)
 .data          0x02021f48        0x0 /home/hansung/ndsdev/devkitPro/devkitARM/bin/../lib/gcc/arm-none-eabi/4.7.1/../../../../arm-none-eabi/lib/thumb/libg.a(lib_a-vfiprintf.o)
 .data          0x02021f48        0x0 /home/hansung/ndsdev/devkitPro/devkitARM/bin/../lib/gcc/arm-none-eabi/4.7.1/../../../../arm-none-eabi/lib/thumb/libg.a(lib_a-wcrtomb.o)
 .data          0x02021f48        0x0 /home/hansung/ndsdev/devkitPro/devkitARM/bin/../lib/gcc/arm-none-eabi/4.7.1/../../../../arm-none-eabi/lib/thumb/libg.a(lib_a-wcsrtombs.o)
 .data          0x02021f48        0x4 /home/hansung/ndsdev/devkitPro/devkitARM/bin/../lib/gcc/arm-none-eabi/4.7.1/../../../../arm-none-eabi/lib/thumb/libg.a(lib_a-wctomb_r.o)
                0x02021f48                __wctomb
 .data          0x02021f4c        0x0 /home/hansung/ndsdev/devkitPro/devkitARM/bin/../lib/gcc/arm-none-eabi/4.7.1/../../../../arm-none-eabi/lib/thumb/libg.a(lib_a-wsetup.o)
 .data          0x02021f4c        0x4 /home/hansung/ndsdev/devkitPro/devkitARM/bin/../lib/gcc/arm-none-eabi/4.7.1/../../../../arm-none-eabi/lib/thumb/libg.a(lib_a-ctype_.o)
                0x02021f4c                __ctype_ptr__
 .data          0x02021f50        0x0 /home/hansung/ndsdev/devkitPro/devkitARM/bin/../lib/gcc/arm-none-eabi/4.7.1/../../../../arm-none-eabi/lib/thumb/libg.a(lib_a-dtoa.o)
 .data          0x02021f50        0x0 /home/hansung/ndsdev/devkitPro/devkitARM/bin/../lib/gcc/arm-none-eabi/4.7.1/../../../../arm-none-eabi/lib/thumb/libg.a(lib_a-fflush.o)
 .data          0x02021f50        0x0 /home/hansung/ndsdev/devkitPro/devkitARM/bin/../lib/gcc/arm-none-eabi/4.7.1/../../../../arm-none-eabi/lib/thumb/libg.a(lib_a-findfp.o)
 .data          0x02021f50        0x0 /home/hansung/ndsdev/devkitPro/devkitARM/bin/../lib/gcc/arm-none-eabi/4.7.1/../../../../arm-none-eabi/lib/thumb/libg.a(lib_a-fputwc.o)
 .data          0x02021f50        0x0 /home/hansung/ndsdev/devkitPro/devkitARM/bin/../lib/gcc/arm-none-eabi/4.7.1/../../../../arm-none-eabi/lib/thumb/libg.a(lib_a-freer.o)
 .data          0x02021f50        0x0 /home/hansung/ndsdev/devkitPro/devkitARM/bin/../lib/gcc/arm-none-eabi/4.7.1/../../../../arm-none-eabi/lib/thumb/libg.a(lib_a-fvwrite.o)
 .data          0x02021f50        0x0 /home/hansung/ndsdev/devkitPro/devkitARM/bin/../lib/gcc/arm-none-eabi/4.7.1/../../../../arm-none-eabi/lib/thumb/libg.a(lib_a-fwalk.o)
 .data          0x02021f50        0x0 /home/hansung/ndsdev/devkitPro/devkitARM/bin/../lib/gcc/arm-none-eabi/4.7.1/../../../../arm-none-eabi/lib/thumb/libg.a(lib_a-iswspace.o)
 .data          0x02021f50        0x0 /home/hansung/ndsdev/devkitPro/devkitARM/bin/../lib/gcc/arm-none-eabi/4.7.1/../../../../arm-none-eabi/lib/thumb/libg.a(lib_a-jp2uc.o)
 .data          0x02021f50      0x17c /home/hansung/ndsdev/devkitPro/devkitARM/bin/../lib/gcc/arm-none-eabi/4.7.1/../../../../arm-none-eabi/lib/thumb/libg.a(lib_a-locale.o)
                0x02021f50                __default_locale
                0x02022070                __mb_cur_max
 .data          0x020220cc        0x0 /home/hansung/ndsdev/devkitPro/devkitARM/bin/../lib/gcc/arm-none-eabi/4.7.1/../../../../arm-none-eabi/lib/thumb/libg.a(lib_a-makebuf.o)
 .data          0x020220cc        0x0 /home/hansung/ndsdev/devkitPro/devkitARM/bin/../lib/gcc/arm-none-eabi/4.7.1/../../../../arm-none-eabi/lib/thumb/libg.a(lib_a-mbrtowc.o)
 .data          0x020220cc        0x4 /home/hansung/ndsdev/devkitPro/devkitARM/bin/../lib/gcc/arm-none-eabi/4.7.1/../../../../arm-none-eabi/lib/thumb/libg.a(lib_a-mbtowc_r.o)
                0x020220cc                __mbtowc
 .data          0x020220d0        0x0 /home/hansung/ndsdev/devkitPro/devkitARM/bin/../lib/gcc/arm-none-eabi/4.7.1/../../../../arm-none-eabi/lib/thumb/libg.a(lib_a-memchr-stub.o)
 .data          0x020220d0        0x0 /home/hansung/ndsdev/devkitPro/devkitARM/bin/../lib/gcc/arm-none-eabi/4.7.1/../../../../arm-none-eabi/lib/thumb/libg.a(lib_a-memmove.o)
 .data          0x020220d0        0x0 /home/hansung/ndsdev/devkitPro/devkitARM/bin/../lib/gcc/arm-none-eabi/4.7.1/../../../../arm-none-eabi/lib/thumb/libg.a(lib_a-mprec.o)
 .data          0x020220d0        0x0 /home/hansung/ndsdev/devkitPro/devkitARM/bin/../lib/gcc/arm-none-eabi/4.7.1/../../../../arm-none-eabi/lib/thumb/libg.a(lib_a-sccl.o)
 .data          0x020220d0        0x0 /home/hansung/ndsdev/devkitPro/devkitARM/bin/../lib/gcc/arm-none-eabi/4.7.1/../../../../arm-none-eabi/lib/thumb/libg.a(lib_a-s_fpclassify.o)
 .data          0x020220d0        0x0 /home/hansung/ndsdev/devkitPro/devkitARM/bin/../lib/gcc/arm-none-eabi/4.7.1/../../../../arm-none-eabi/lib/thumb/libg.a(lib_a-strcasecmp.o)
 .data          0x020220d0        0x0 /home/hansung/ndsdev/devkitPro/devkitARM/bin/../lib/gcc/arm-none-eabi/4.7.1/../../../../arm-none-eabi/lib/thumb/libg.a(lib_a-strchr.o)
 .data          0x020220d0        0x0 /home/hansung/ndsdev/devkitPro/devkitARM/bin/../lib/gcc/arm-none-eabi/4.7.1/../../../../arm-none-eabi/lib/thumb/libg.a(lib_a-strcmp.o)
 .data          0x020220d0        0x0 /home/hansung/ndsdev/devkitPro/devkitARM/bin/../lib/gcc/arm-none-eabi/4.7.1/../../../../arm-none-eabi/lib/thumb/libg.a(lib_a-strlcpy.o)
 .data          0x020220d0        0x0 /home/hansung/ndsdev/devkitPro/devkitARM/bin/../lib/gcc/arm-none-eabi/4.7.1/../../../../arm-none-eabi/lib/thumb/libg.a(lib_a-strncasecmp.o)
 .data          0x020220d0        0x0 /home/hansung/ndsdev/devkitPro/devkitARM/bin/../lib/gcc/arm-none-eabi/4.7.1/../../../../arm-none-eabi/lib/thumb/libg.a(lib_a-strncmp.o)
 .data          0x020220d0        0x0 /home/hansung/ndsdev/devkitPro/devkitARM/bin/../lib/gcc/arm-none-eabi/4.7.1/../../../../arm-none-eabi/lib/thumb/libg.a(lib_a-strtoll_r.o)
 .data          0x020220d0        0x0 /home/hansung/ndsdev/devkitPro/devkitARM/bin/../lib/gcc/arm-none-eabi/4.7.1/../../../../arm-none-eabi/lib/thumb/libg.a(lib_a-strtol.o)
 .data          0x020220d0        0x0 /home/hansung/ndsdev/devkitPro/devkitARM/bin/../lib/gcc/arm-none-eabi/4.7.1/../../../../arm-none-eabi/lib/thumb/libg.a(lib_a-strtoull_r.o)
 .data          0x020220d0        0x0 /home/hansung/ndsdev/devkitPro/devkitARM/bin/../lib/gcc/arm-none-eabi/4.7.1/../../../../arm-none-eabi/lib/thumb/libg.a(lib_a-strtoul.o)
 .data          0x020220d0        0x0 /home/hansung/ndsdev/devkitPro/devkitARM/bin/../lib/gcc/arm-none-eabi/4.7.1/../../../../arm-none-eabi/lib/thumb/libg.a(lib_a-svfiprintf.o)
 .data          0x020220d0        0x0 /home/hansung/ndsdev/devkitPro/devkitARM/bin/../lib/gcc/arm-none-eabi/4.7.1/../../../../arm-none-eabi/lib/thumb/libg.a(lib_a-wbuf.o)
 .data          0x020220d0        0x0 /home/hansung/ndsdev/devkitPro/devkitARM/bin/../lib/gcc/arm-none-eabi/4.7.1/../../../../arm-none-eabi/lib/thumb/libg.a(lib_a-wcsnrtombs.o)
 .data          0x020220d0        0x0 /home/hansung/ndsdev/devkitPro/devkitARM/bin/../lib/gcc/arm-none-eabi/4.7.1/../../../../arm-none-eabi/lib/thumb/libg.a(lib_a-callocr.o)
 .data          0x020220d0        0x0 /home/hansung/ndsdev/devkitPro/devkitARM/bin/../lib/gcc/arm-none-eabi/4.7.1/../../../../arm-none-eabi/lib/thumb/libg.a(lib_a-fclose.o)
 .data          0x020220d0        0x0 /home/hansung/ndsdev/devkitPro/devkitARM/bin/../lib/gcc/arm-none-eabi/4.7.1/../../../../arm-none-eabi/lib/thumb/libg.a(lib_a-getenv_r.o)
 .data          0x020220d0        0x4 /home/hansung/ndsdev/devkitPro/devkitARM/bin/../lib/gcc/arm-none-eabi/4.7.1/../../../../arm-none-eabi/lib/thumb/libg.a(lib_a-environ.o)
                0x020220d0                environ
 .data          0x020220d4        0x0 /home/hansung/ndsdev/devkitPro/devkitARM/bin/../lib/gcc/arm-none-eabi/4.7.1/../../../../arm-none-eabi/lib/thumb/libg.a(lib_a-envlock.o)
 .data          0x020220d4       0x44 /home/hansung/ndsdev/devkitPro/devkitARM/bin/../lib/gcc/arm-none-eabi/4.7.1/../../../../arm-none-eabi/lib/thumb/libsysbase.a(iosupport.o)
                0x020220d8                devoptab_list
 .data          0x02022118        0x0 /home/hansung/ndsdev/devkitPro/devkitARM/bin/../lib/gcc/arm-none-eabi/4.7.1/../../../../arm-none-eabi/lib/thumb/libsysbase.a(close.o)
 .data          0x02022118        0x0 /home/hansung/ndsdev/devkitPro/devkitARM/bin/../lib/gcc/arm-none-eabi/4.7.1/../../../../arm-none-eabi/lib/thumb/libsysbase.a(fstat.o)
 .data          0x02022118        0x0 /home/hansung/ndsdev/devkitPro/devkitARM/bin/../lib/gcc/arm-none-eabi/4.7.1/../../../../arm-none-eabi/lib/thumb/libsysbase.a(isatty.o)
 .data          0x02022118        0x0 /home/hansung/ndsdev/devkitPro/devkitARM/bin/../lib/gcc/arm-none-eabi/4.7.1/../../../../arm-none-eabi/lib/thumb/libsysbase.a(lseek.o)
 .data          0x02022118        0x0 /home/hansung/ndsdev/devkitPro/devkitARM/bin/../lib/gcc/arm-none-eabi/4.7.1/../../../../arm-none-eabi/lib/thumb/libsysbase.a(read.o)
 .data          0x02022118        0x0 /home/hansung/ndsdev/devkitPro/devkitARM/bin/../lib/gcc/arm-none-eabi/4.7.1/../../../../arm-none-eabi/lib/thumb/libsysbase.a(sbrk.o)
 .data          0x02022118        0x0 /home/hansung/ndsdev/devkitPro/devkitARM/bin/../lib/gcc/arm-none-eabi/4.7.1/../../../../arm-none-eabi/lib/thumb/libsysbase.a(times.o)
 .data          0x02022118        0x0 /home/hansung/ndsdev/devkitPro/devkitARM/bin/../lib/gcc/arm-none-eabi/4.7.1/../../../../arm-none-eabi/lib/thumb/libsysbase.a(write.o)
 .data          0x02022118        0x0 /home/hansung/ndsdev/devkitPro/devkitARM/bin/../lib/gcc/arm-none-eabi/4.7.1/../../../../arm-none-eabi/lib/thumb/libsysbase.a(malloc_vars.o)
 .data          0x02022118        0x0 /home/hansung/ndsdev/devkitPro/devkitARM/bin/../lib/gcc/arm-none-eabi/4.7.1/../../../../arm-none-eabi/lib/thumb/libsysbase.a(build_argv.o)
 .data          0x02022118        0x0 /home/hansung/ndsdev/devkitPro/devkitARM/bin/../lib/gcc/arm-none-eabi/4.7.1/../../../../arm-none-eabi/lib/thumb/libsysbase.a(syscall_support.o)
 .data          0x02022118        0x0 /home/hansung/ndsdev/devkitPro/devkitARM/bin/../lib/gcc/arm-none-eabi/4.7.1/../../../../arm-none-eabi/lib/thumb/libsysbase.a(handle_manager.o)
 .data          0x02022118        0x0 /home/hansung/ndsdev/devkitPro/devkitARM/bin/../lib/gcc/arm-none-eabi/4.7.1/thumb/libgcc.a(_arm_addsubdf3.o)
 .data          0x02022118        0x0 /home/hansung/ndsdev/devkitPro/devkitARM/bin/../lib/gcc/arm-none-eabi/4.7.1/thumb/libgcc.a(_arm_muldivdf3.o)
 .data          0x02022118        0x0 /home/hansung/ndsdev/devkitPro/devkitARM/bin/../lib/gcc/arm-none-eabi/4.7.1/thumb/libgcc.a(_arm_cmpdf2.o)
 .data          0x02022118        0x0 /home/hansung/ndsdev/devkitPro/devkitARM/bin/../lib/gcc/arm-none-eabi/4.7.1/thumb/libgcc.a(_arm_fixdfsi.o)
 .data          0x02022118        0x0 /home/hansung/ndsdev/devkitPro/devkitARM/bin/../lib/gcc/arm-none-eabi/4.7.1/thumb/libgcc.a(_aeabi_uldivmod.o)
 .data          0x02022118        0x0 /home/hansung/ndsdev/devkitPro/devkitARM/bin/../lib/gcc/arm-none-eabi/4.7.1/thumb/libgcc.a(bpabi.o)
 .data          0x02022118        0x0 /home/hansung/ndsdev/devkitPro/devkitARM/bin/../lib/gcc/arm-none-eabi/4.7.1/thumb/libgcc.a(_divdi3.o)
 .data          0x02022118        0x0 /home/hansung/ndsdev/devkitPro/devkitARM/bin/../lib/gcc/arm-none-eabi/4.7.1/thumb/libgcc.a(_udivdi3.o)
 .data          0x02022118        0x0 /home/hansung/ndsdev/devkitPro/devkitARM/bin/../lib/gcc/arm-none-eabi/4.7.1/thumb/libgcc.a(_clzsi2.o)
 .data          0x02022118        0x0 /home/hansung/ndsdev/devkitPro/devkitARM/bin/../lib/gcc/arm-none-eabi/4.7.1/../../../../arm-none-eabi/lib/thumb/libg.a(lib_a-errno.o)
 .data          0x02022118        0x0 /home/hansung/ndsdev/devkitPro/devkitARM/bin/../lib/gcc/arm-none-eabi/4.7.1/thumb/crtend.o
 .data          0x02022118        0x0 /home/hansung/ndsdev/devkitPro/devkitARM/bin/../lib/gcc/arm-none-eabi/4.7.1/thumb/crtn.o
 *(.data.*)
 *(.gnu.linkonce.d*)
                0x02022118                . = ALIGN (0x4)
                0x02022118                __data_end = ABSOLUTE (.)
                0x02022118                __dtcm_lma = .
                0x02022118                __bss_vma = .

.igot.plt       0x02022118        0x0
 .igot.plt      0x00000000        0x0 /home/hansung/ndsdev/devkitPro/devkitARM/bin/../lib/gcc/arm-none-eabi/4.7.1/../../../../arm-none-eabi/lib/thumb/ds_arm9_crt0.o

.tm_clone_table
                0x02022118        0x0
 .tm_clone_table
                0x02022118        0x0 /home/hansung/ndsdev/devkitPro/devkitARM/bin/../lib/gcc/arm-none-eabi/4.7.1/thumb/crtbegin.o
 .tm_clone_table
                0x02022118        0x0 /home/hansung/ndsdev/devkitPro/devkitARM/bin/../lib/gcc/arm-none-eabi/4.7.1/thumb/crtend.o

.dtcm           0x0b000000        0x0 load address 0x02022118
 *(.dtcm)
 *(.dtcm.*)
                0x0b000000                . = ALIGN (0x4)
                0x0b000000                __dtcm_end = ABSOLUTE (.)
                0x02022118                __itcm_lma = (__dtcm_lma + SIZEOF (.dtcm))

.itcm           0x01000100      0x194 load address 0x02022118
 *(.itcm)
 .itcm          0x01000100       0xc8 /home/hansung/ndsdev/devkitPro/libnds/lib/libnds9.a(interrupts.o)
                0x01000100                irqTable
 .itcm          0x010001c8       0xcc /home/hansung/ndsdev/devkitPro/libnds/lib/libnds9.a(interruptDispatcher.o)
                0x010001c8                IntrMain
 *itcm.*(.text)
                0x01000294                . = ALIGN (0x4)
                0x01000294                __itcm_end = ABSOLUTE (.)
                0x020222ac                __vectors_lma = (__itcm_lma + SIZEOF (.itcm))

.vectors        0x01000000        0x0 load address 0x020222ac
 *(.vectors)
 *vectors.*(.text)
                0x01000000                . = ALIGN (0x4)
                0x01000000                __vectors_end = ABSOLUTE (.)

.sbss           0x0b000000        0x0
                0x0b000000                __sbss_start = ABSOLUTE (.)
                0x0b000000                __sbss_start__ = ABSOLUTE (.)
 *(.sbss)
                0x0b000000                . = ALIGN (0x4)
                0x0b000000                __sbss_end = ABSOLUTE (.)

.bss            0x02022118     0x4680
                0x02022118                __bss_start = ABSOLUTE (.)
                0x02022118                __bss_start__ = ABSOLUTE (.)
 *(.dynbss)
 *(.gnu.linkonce.b*)
 *(.bss*)
 .bss           0x02022118        0x0 /home/hansung/ndsdev/devkitPro/devkitARM/bin/../lib/gcc/arm-none-eabi/4.7.1/../../../../arm-none-eabi/lib/thumb/ds_arm9_crt0.o
 .bss           0x02022118        0x0 /home/hansung/ndsdev/devkitPro/devkitARM/bin/../lib/gcc/arm-none-eabi/4.7.1/thumb/crti.o
 .bss           0x02022118       0x1c /home/hansung/ndsdev/devkitPro/devkitARM/bin/../lib/gcc/arm-none-eabi/4.7.1/thumb/crtbegin.o
 .bss           0x02022134        0x0 down.o
 .bss           0x02022134        0x0 up.o
 .bss           0x02022134       0x80 croutine.o
                0x020221a0                pxCurrentCoRoutine
 .bss           0x020221b4        0x0 list.o
 .bss           0x020221b4        0x0 queue.o
 .bss           0x020221b4     0x14cc tasks.o
                0x020221b4                pxCurrentTCB
 .bss           0x02023680        0x8 card_spi.o
 .bss           0x02023688     0x1050 gdbStub.o
                0x02024688                regMem
 .bss           0x020246d8        0x0 heap_3.o
 .bss           0x020246d8        0x0 port.o
 .bss           0x020246d8        0x0 portISR.o
 .bss           0x020246d8       0x70 sevencore_io.o
 .bss           0x02024748        0x0 main.o
 .bss           0x02024748        0x0 gdbStubAsm.o
 .bss           0x02024748        0x0 port_asm.o
 .bss           0x02024748        0x0 /home/hansung/ndsdev/devkitPro/libnds/lib/libnds9.a(background.o)
 .bss           0x02024748        0x0 /home/hansung/ndsdev/devkitPro/libnds/lib/libnds9.a(console.o)
 .bss           0x02024748        0x0 /home/hansung/ndsdev/devkitPro/libnds/lib/libnds9.a(decompress.o)
 .bss           0x02024748        0x0 /home/hansung/ndsdev/devkitPro/libnds/lib/libnds9.a(exceptions.o)
 .bss           0x02024748        0x6 /home/hansung/ndsdev/devkitPro/libnds/lib/libnds9.a(keys.o)
 .bss           0x0202474e        0x0 /home/hansung/ndsdev/devkitPro/libnds/lib/libnds9.a(sassert.o)
 .bss           0x0202474e        0x0 /home/hansung/ndsdev/devkitPro/libnds/lib/libnds9.a(touch.o)
 .bss           0x0202474e        0x0 /home/hansung/ndsdev/devkitPro/libnds/lib/libnds9.a(trig.o)
 *fill*         0x0202474e        0x2 00
 .bss           0x02024750        0x8 /home/hansung/ndsdev/devkitPro/libnds/lib/libnds9.a(videoGL.o)
 .bss           0x02024758        0x0 /home/hansung/ndsdev/devkitPro/libnds/lib/libnds9.a(initSystem.o)
 .bss           0x02024758        0x8 /home/hansung/ndsdev/devkitPro/libnds/lib/libnds9.a(fifosystem.o)
                0x0202475c                processing
 .bss           0x02024760        0x0 /home/hansung/ndsdev/devkitPro/libnds/lib/libnds9.a(interrupts.o)
 .bss           0x02024760        0x0 /home/hansung/ndsdev/devkitPro/libnds/lib/libnds9.a(libnds_exit.arm.o)
 .bss           0x02024760        0x0 /home/hansung/ndsdev/devkitPro/libnds/lib/libnds9.a(syscalls.o)
 .bss           0x02024760        0x0 /home/hansung/ndsdev/devkitPro/libnds/lib/libnds9.a(exceptionHandler.o)
 .bss           0x02024760        0x0 /home/hansung/ndsdev/devkitPro/libnds/lib/libnds9.a(mpu_setup.o)
 .bss           0x02024760        0x0 /home/hansung/ndsdev/devkitPro/libnds/lib/libnds9.a(biosCalls.o)
 .bss           0x02024760        0x0 /home/hansung/ndsdev/devkitPro/libnds/lib/libnds9.a(debugprint.o)
 .bss           0x02024760        0x0 /home/hansung/ndsdev/devkitPro/libnds/lib/libnds9.a(interruptDispatcher.o)
 .bss           0x02024760        0x0 /home/hansung/ndsdev/devkitPro/libnds/lib/libnds9.a(swiSoftReset.o)
 .bss           0x02024760        0x0 /home/hansung/ndsdev/devkitPro/libnds/lib/libnds9.a(default_font.bin.o)
 .bss           0x02024760        0x0 /home/hansung/ndsdev/devkitPro/libnds/lib/libnds9.a(dynamicArray.o)
 .bss           0x02024760        0x4 /home/hansung/ndsdev/devkitPro/libnds/lib/libnds9.a(system.o)
 .bss           0x02024764        0x0 /home/hansung/ndsdev/devkitPro/libnds/lib/libnds9.a(video.o)
 .bss           0x02024764        0x0 /home/hansung/ndsdev/devkitPro/devkitARM/bin/../lib/gcc/arm-none-eabi/4.7.1/thumb/libgcc.a(_udivsi3.o)
 .bss           0x02024764        0x0 /home/hansung/ndsdev/devkitPro/devkitARM/bin/../lib/gcc/arm-none-eabi/4.7.1/thumb/libgcc.a(_divsi3.o)
 .bss           0x02024764        0x0 /home/hansung/ndsdev/devkitPro/devkitARM/bin/../lib/gcc/arm-none-eabi/4.7.1/thumb/libgcc.a(_dvmd_tls.o)
 .bss           0x02024764        0x0 /home/hansung/ndsdev/devkitPro/devkitARM/bin/../lib/gcc/arm-none-eabi/4.7.1/thumb/libgcc.a(_muldi3.o)
 .bss           0x02024764        0x0 /home/hansung/ndsdev/devkitPro/devkitARM/bin/../lib/gcc/arm-none-eabi/4.7.1/../../../../arm-none-eabi/lib/thumb/libg.a(lib_a-bsearch.o)
 .bss           0x02024764        0x0 /home/hansung/ndsdev/devkitPro/devkitARM/bin/../lib/gcc/arm-none-eabi/4.7.1/../../../../arm-none-eabi/lib/thumb/libg.a(lib_a-impure.o)
 .bss           0x02024764        0x0 /home/hansung/ndsdev/devkitPro/devkitARM/bin/../lib/gcc/arm-none-eabi/4.7.1/../../../../arm-none-eabi/lib/thumb/libg.a(lib_a-init.o)
 .bss           0x02024764        0x0 /home/hansung/ndsdev/devkitPro/devkitARM/bin/../lib/gcc/arm-none-eabi/4.7.1/../../../../arm-none-eabi/lib/thumb/libg.a(lib_a-iprintf.o)
 .bss           0x02024764        0x0 /home/hansung/ndsdev/devkitPro/devkitARM/bin/../lib/gcc/arm-none-eabi/4.7.1/../../../../arm-none-eabi/lib/thumb/libg.a(lib_a-malloc.o)
 .bss           0x02024764       0x34 /home/hansung/ndsdev/devkitPro/devkitARM/bin/../lib/gcc/arm-none-eabi/4.7.1/../../../../arm-none-eabi/lib/thumb/libg.a(lib_a-mallocr.o)
                0x02024764                __malloc_top_pad
                0x02024768                __malloc_current_mallinfo
                0x02024790                __malloc_max_sbrked_mem
                0x02024794                __malloc_max_total_mem
 .bss           0x02024798        0x0 /home/hansung/ndsdev/devkitPro/devkitARM/bin/../lib/gcc/arm-none-eabi/4.7.1/../../../../arm-none-eabi/lib/thumb/libg.a(lib_a-memcpy-stub.o)
 .bss           0x02024798        0x0 /home/hansung/ndsdev/devkitPro/devkitARM/bin/../lib/gcc/arm-none-eabi/4.7.1/../../../../arm-none-eabi/lib/thumb/libg.a(lib_a-memset.o)
 .bss           0x02024798        0x0 /home/hansung/ndsdev/devkitPro/devkitARM/bin/../lib/gcc/arm-none-eabi/4.7.1/../../../../arm-none-eabi/lib/thumb/libg.a(lib_a-mlock.o)
 .bss           0x02024798        0x0 /home/hansung/ndsdev/devkitPro/devkitARM/bin/../lib/gcc/arm-none-eabi/4.7.1/../../../../arm-none-eabi/lib/thumb/libg.a(lib_a-realloc.o)
 .bss           0x02024798        0x0 /home/hansung/ndsdev/devkitPro/devkitARM/bin/../lib/gcc/arm-none-eabi/4.7.1/../../../../arm-none-eabi/lib/thumb/libg.a(lib_a-reallocr.o)
 .bss           0x02024798        0x0 /home/hansung/ndsdev/devkitPro/devkitARM/bin/../lib/gcc/arm-none-eabi/4.7.1/../../../../arm-none-eabi/lib/thumb/libg.a(lib_a-setvbuf.o)
 .bss           0x02024798        0x0 /home/hansung/ndsdev/devkitPro/devkitARM/bin/../lib/gcc/arm-none-eabi/4.7.1/../../../../arm-none-eabi/lib/thumb/libg.a(lib_a-siscanf.o)
 .bss           0x02024798        0x0 /home/hansung/ndsdev/devkitPro/devkitARM/bin/../lib/gcc/arm-none-eabi/4.7.1/../../../../arm-none-eabi/lib/thumb/libg.a(lib_a-sprintf.o)
 .bss           0x02024798        0x0 /home/hansung/ndsdev/devkitPro/devkitARM/bin/../lib/gcc/arm-none-eabi/4.7.1/../../../../arm-none-eabi/lib/thumb/libg.a(lib_a-stdio.o)
 .bss           0x02024798        0x0 /home/hansung/ndsdev/devkitPro/devkitARM/bin/../lib/gcc/arm-none-eabi/4.7.1/../../../../arm-none-eabi/lib/thumb/libg.a(lib_a-strcat.o)
 .bss           0x02024798        0x0 /home/hansung/ndsdev/devkitPro/devkitARM/bin/../lib/gcc/arm-none-eabi/4.7.1/../../../../arm-none-eabi/lib/thumb/libg.a(lib_a-strcpy.o)
 .bss           0x02024798        0x0 /home/hansung/ndsdev/devkitPro/devkitARM/bin/../lib/gcc/arm-none-eabi/4.7.1/../../../../arm-none-eabi/lib/thumb/libg.a(lib_a-strlen.o)
 .bss           0x02024798        0x0 /home/hansung/ndsdev/devkitPro/devkitARM/bin/../lib/gcc/arm-none-eabi/4.7.1/../../../../arm-none-eabi/lib/thumb/libg.a(lib_a-strncpy.o)
 .bss           0x02024798        0x0 /home/hansung/ndsdev/devkitPro/devkitARM/bin/../lib/gcc/arm-none-eabi/4.7.1/../../../../arm-none-eabi/lib/thumb/libg.a(lib_a-svfiscanf.o)
 .bss           0x02024798        0x0 /home/hansung/ndsdev/devkitPro/devkitARM/bin/../lib/gcc/arm-none-eabi/4.7.1/../../../../arm-none-eabi/lib/thumb/libg.a(lib_a-svfprintf.o)
 .bss           0x02024798        0x0 /home/hansung/ndsdev/devkitPro/devkitARM/bin/../lib/gcc/arm-none-eabi/4.7.1/../../../../arm-none-eabi/lib/thumb/libg.a(lib_a-ungetc.o)
 .bss           0x02024798        0x0 /home/hansung/ndsdev/devkitPro/devkitARM/bin/../lib/gcc/arm-none-eabi/4.7.1/../../../../arm-none-eabi/lib/thumb/libg.a(lib_a-vfiprintf.o)
 .bss           0x02024798        0x0 /home/hansung/ndsdev/devkitPro/devkitARM/bin/../lib/gcc/arm-none-eabi/4.7.1/../../../../arm-none-eabi/lib/thumb/libg.a(lib_a-wcrtomb.o)
 .bss           0x02024798        0x0 /home/hansung/ndsdev/devkitPro/devkitARM/bin/../lib/gcc/arm-none-eabi/4.7.1/../../../../arm-none-eabi/lib/thumb/libg.a(lib_a-wcsrtombs.o)
 .bss           0x02024798        0x0 /home/hansung/ndsdev/devkitPro/devkitARM/bin/../lib/gcc/arm-none-eabi/4.7.1/../../../../arm-none-eabi/lib/thumb/libg.a(lib_a-wctomb_r.o)
 .bss           0x02024798        0x0 /home/hansung/ndsdev/devkitPro/devkitARM/bin/../lib/gcc/arm-none-eabi/4.7.1/../../../../arm-none-eabi/lib/thumb/libg.a(lib_a-wsetup.o)
 .bss           0x02024798        0x0 /home/hansung/ndsdev/devkitPro/devkitARM/bin/../lib/gcc/arm-none-eabi/4.7.1/../../../../arm-none-eabi/lib/thumb/libg.a(lib_a-ctype_.o)
 .bss           0x02024798        0x0 /home/hansung/ndsdev/devkitPro/devkitARM/bin/../lib/gcc/arm-none-eabi/4.7.1/../../../../arm-none-eabi/lib/thumb/libg.a(lib_a-dtoa.o)
 .bss           0x02024798        0x0 /home/hansung/ndsdev/devkitPro/devkitARM/bin/../lib/gcc/arm-none-eabi/4.7.1/../../../../arm-none-eabi/lib/thumb/libg.a(lib_a-fflush.o)
 .bss           0x02024798        0x0 /home/hansung/ndsdev/devkitPro/devkitARM/bin/../lib/gcc/arm-none-eabi/4.7.1/../../../../arm-none-eabi/lib/thumb/libg.a(lib_a-findfp.o)
 .bss           0x02024798        0x0 /home/hansung/ndsdev/devkitPro/devkitARM/bin/../lib/gcc/arm-none-eabi/4.7.1/../../../../arm-none-eabi/lib/thumb/libg.a(lib_a-fputwc.o)
 .bss           0x02024798        0x0 /home/hansung/ndsdev/devkitPro/devkitARM/bin/../lib/gcc/arm-none-eabi/4.7.1/../../../../arm-none-eabi/lib/thumb/libg.a(lib_a-freer.o)
 .bss           0x02024798        0x0 /home/hansung/ndsdev/devkitPro/devkitARM/bin/../lib/gcc/arm-none-eabi/4.7.1/../../../../arm-none-eabi/lib/thumb/libg.a(lib_a-fvwrite.o)
 .bss           0x02024798        0x0 /home/hansung/ndsdev/devkitPro/devkitARM/bin/../lib/gcc/arm-none-eabi/4.7.1/../../../../arm-none-eabi/lib/thumb/libg.a(lib_a-fwalk.o)
 .bss           0x02024798        0x0 /home/hansung/ndsdev/devkitPro/devkitARM/bin/../lib/gcc/arm-none-eabi/4.7.1/../../../../arm-none-eabi/lib/thumb/libg.a(lib_a-iswspace.o)
 .bss           0x02024798        0x0 /home/hansung/ndsdev/devkitPro/devkitARM/bin/../lib/gcc/arm-none-eabi/4.7.1/../../../../arm-none-eabi/lib/thumb/libg.a(lib_a-jp2uc.o)
 .bss           0x02024798      0x2b8 /home/hansung/ndsdev/devkitPro/devkitARM/bin/../lib/gcc/arm-none-eabi/4.7.1/../../../../arm-none-eabi/lib/thumb/libg.a(lib_a-locale.o)
                0x02024a44                _PathLocale
                0x02024a48                __mlocale_changed
                0x02024a4c                __nlocale_changed
 .bss           0x02024a50        0x0 /home/hansung/ndsdev/devkitPro/devkitARM/bin/../lib/gcc/arm-none-eabi/4.7.1/../../../../arm-none-eabi/lib/thumb/libg.a(lib_a-makebuf.o)
 .bss           0x02024a50        0x0 /home/hansung/ndsdev/devkitPro/devkitARM/bin/../lib/gcc/arm-none-eabi/4.7.1/../../../../arm-none-eabi/lib/thumb/libg.a(lib_a-mbrtowc.o)
 .bss           0x02024a50        0x0 /home/hansung/ndsdev/devkitPro/devkitARM/bin/../lib/gcc/arm-none-eabi/4.7.1/../../../../arm-none-eabi/lib/thumb/libg.a(lib_a-mbtowc_r.o)
 .bss           0x02024a50        0x0 /home/hansung/ndsdev/devkitPro/devkitARM/bin/../lib/gcc/arm-none-eabi/4.7.1/../../../../arm-none-eabi/lib/thumb/libg.a(lib_a-memchr-stub.o)
 .bss           0x02024a50        0x0 /home/hansung/ndsdev/devkitPro/devkitARM/bin/../lib/gcc/arm-none-eabi/4.7.1/../../../../arm-none-eabi/lib/thumb/libg.a(lib_a-memmove.o)
 .bss           0x02024a50        0x0 /home/hansung/ndsdev/devkitPro/devkitARM/bin/../lib/gcc/arm-none-eabi/4.7.1/../../../../arm-none-eabi/lib/thumb/libg.a(lib_a-mprec.o)
 .bss           0x02024a50        0x0 /home/hansung/ndsdev/devkitPro/devkitARM/bin/../lib/gcc/arm-none-eabi/4.7.1/../../../../arm-none-eabi/lib/thumb/libg.a(lib_a-sccl.o)
 .bss           0x02024a50        0x0 /home/hansung/ndsdev/devkitPro/devkitARM/bin/../lib/gcc/arm-none-eabi/4.7.1/../../../../arm-none-eabi/lib/thumb/libg.a(lib_a-s_fpclassify.o)
 .bss           0x02024a50        0x0 /home/hansung/ndsdev/devkitPro/devkitARM/bin/../lib/gcc/arm-none-eabi/4.7.1/../../../../arm-none-eabi/lib/thumb/libg.a(lib_a-strcasecmp.o)
 .bss           0x02024a50        0x0 /home/hansung/ndsdev/devkitPro/devkitARM/bin/../lib/gcc/arm-none-eabi/4.7.1/../../../../arm-none-eabi/lib/thumb/libg.a(lib_a-strchr.o)
 .bss           0x02024a50        0x0 /home/hansung/ndsdev/devkitPro/devkitARM/bin/../lib/gcc/arm-none-eabi/4.7.1/../../../../arm-none-eabi/lib/thumb/libg.a(lib_a-strcmp.o)
 .bss           0x02024a50        0x0 /home/hansung/ndsdev/devkitPro/devkitARM/bin/../lib/gcc/arm-none-eabi/4.7.1/../../../../arm-none-eabi/lib/thumb/libg.a(lib_a-strlcpy.o)