Archive member included because of file (symbol)

/home/hansung/ndsdev/devkitPro/libnds/lib/libnds9.a(background.o)
                              sevencore_io.o (bgInit_call)
/home/hansung/ndsdev/devkitPro/libnds/lib/libnds9.a(console.o)
                              sevencore_io.o (consoleSelect)
/home/hansung/ndsdev/devkitPro/libnds/lib/libnds9.a(decompress.o)
                              sevencore_io.o (decompress)
/home/hansung/ndsdev/devkitPro/libnds/lib/libnds9.a(exceptions.o)
                              gdbStub.o (setExceptionHandler)
/home/hansung/ndsdev/devkitPro/libnds/lib/libnds9.a(keys.o)
                              gdbStub.o (scanKeys)
/home/hansung/ndsdev/devkitPro/libnds/lib/libnds9.a(sassert.o)
                              sevencore_io.o (__sassert)
/home/hansung/ndsdev/devkitPro/libnds/lib/libnds9.a(touch.o)
                              sevencore_io.o (touchRead)
/home/hansung/ndsdev/devkitPro/libnds/lib/libnds9.a(trig.o)
                              /home/hansung/ndsdev/devkitPro/libnds/lib/libnds9.a(background.o) (sinLerp)
/home/hansung/ndsdev/devkitPro/libnds/lib/libnds9.a(videoGL.o)
                              card_spi.o (glGlobalData)
/home/hansung/ndsdev/devkitPro/libnds/lib/libnds9.a(initSystem.o)
                              /home/hansung/ndsdev/devkitPro/devkitARM/bin/../lib/gcc/arm-none-eabi/4.7.1/../../../../arm-none-eabi/lib/thumb/ds_arm9_crt0.o (initSystem)
/home/hansung/ndsdev/devkitPro/libnds/lib/libnds9.a(fifosystem.o)
                              /home/hansung/ndsdev/devkitPro/libnds/lib/libnds9.a(initSystem.o) (fifoSendValue32)
/home/hansung/ndsdev/devkitPro/libnds/lib/libnds9.a(interrupts.o)
                              card_spi.o (irqSet)
/home/hansung/ndsdev/devkitPro/libnds/lib/libnds9.a(libnds_exit.arm.o)
                              /home/hansung/ndsdev/devkitPro/devkitARM/bin/../lib/gcc/arm-none-eabi/4.7.1/../../../../arm-none-eabi/lib/thumb/ds_arm9_crt0.o (__libnds_exit)
/home/hansung/ndsdev/devkitPro/libnds/lib/libnds9.a(syscalls.o)
                              /home/hansung/ndsdev/devkitPro/libnds/lib/libnds9.a(decompress.o) (swiDecompressLZSSVram)
/home/hansung/ndsdev/devkitPro/libnds/lib/libnds9.a(exceptionHandler.o)
                              gdbStub.o (getCPSR)
/home/hansung/ndsdev/devkitPro/libnds/lib/libnds9.a(mpu_setup.o)
                              /home/hansung/ndsdev/devkitPro/devkitARM/bin/../lib/gcc/arm-none-eabi/4.7.1/../../../../arm-none-eabi/lib/thumb/ds_arm9_crt0.o (__libnds_mpu_setup)
/home/hansung/ndsdev/devkitPro/libnds/lib/libnds9.a(biosCalls.o)
                              card_spi.o (swiDelay)
/home/hansung/ndsdev/devkitPro/libnds/lib/libnds9.a(debugprint.o)
                              /home/hansung/ndsdev/devkitPro/libnds/lib/libnds9.a(console.o) (nocashWrite)
/home/hansung/ndsdev/devkitPro/libnds/lib/libnds9.a(interruptDispatcher.o)
                              /home/hansung/ndsdev/devkitPro/libnds/lib/libnds9.a(interrupts.o) (IntrMain)
/home/hansung/ndsdev/devkitPro/libnds/lib/libnds9.a(swiSoftReset.o)
                              /home/hansung/ndsdev/devkitPro/libnds/lib/libnds9.a(fifosystem.o) (swiSoftReset)
/home/hansung/ndsdev/devkitPro/libnds/lib/libnds9.a(default_font.bin.o)
                              /home/hansung/ndsdev/devkitPro/libnds/lib/libnds9.a(console.o) (default_font_bin)
/home/hansung/ndsdev/devkitPro/libnds/lib/libnds9.a(dynamicArray.o)
                              /home/hansung/ndsdev/devkitPro/libnds/lib/libnds9.a(videoGL.o) (DynamicArrayInit)
/home/hansung/ndsdev/devkitPro/libnds/lib/libnds9.a(system.o)
                              /home/hansung/ndsdev/devkitPro/libnds/lib/libnds9.a(initSystem.o) (systemMsgHandler)
/home/hansung/ndsdev/devkitPro/libnds/lib/libnds9.a(video.o)
                              /home/hansung/ndsdev/devkitPro/libnds/lib/libnds9.a(videoGL.o) (vramSetPrimaryBanks)
/home/hansung/ndsdev/devkitPro/devkitARM/bin/../lib/gcc/arm-none-eabi/4.7.1/thumb/libgcc.a(_udivsi3.o)
                              sevencore_io.o (__aeabi_uidiv)
/home/hansung/ndsdev/devkitPro/devkitARM/bin/../lib/gcc/arm-none-eabi/4.7.1/thumb/libgcc.a(_divsi3.o)
                              /home/hansung/ndsdev/devkitPro/libnds/lib/libnds9.a(console.o) (__aeabi_idivmod)
/home/hansung/ndsdev/devkitPro/devkitARM/bin/../lib/gcc/arm-none-eabi/4.7.1/thumb/libgcc.a(_dvmd_tls.o)
                              /home/hansung/ndsdev/devkitPro/devkitARM/bin/../lib/gcc/arm-none-eabi/4.7.1/thumb/libgcc.a(_udivsi3.o) (__aeabi_idiv0)
/home/hansung/ndsdev/devkitPro/devkitARM/bin/../lib/gcc/arm-none-eabi/4.7.1/thumb/libgcc.a(_muldi3.o)
                              /home/hansung/ndsdev/devkitPro/libnds/lib/libnds9.a(videoGL.o) (__aeabi_lmul)
/home/hansung/ndsdev/devkitPro/devkitARM/bin/../lib/gcc/arm-none-eabi/4.7.1/../../../../arm-none-eabi/lib/thumb/libg.a(lib_a-bsearch.o)
                              /home/hansung/ndsdev/devkitPro/libnds/lib/libnds9.a(trig.o) (bsearch)
[...]
Memory Configuration

Name             Origin             Length             Attributes
rom              0x08000000         0x02000000
ewram            0x02000000         0x003ff000
dtcm             0x0b000000         0x00004000
vectors          0x01000000         0x00000100
itcm             0x01000100         0x00007f00
*default*        0x00000000         0xffffffff

Linker script and memory map

                0x01000000                __vectors_start = ORIGIN (vectors)
                0x01000100                __itcm_start = ORIGIN (itcm)
                0x023ff000                __ewram_end = (ORIGIN (ewram) + 0x3ff000)
                0x023ff000                __eheap_end = (ORIGIN (ewram) + 0x3ff000)
                0x0b000000                __dtcm_start = ORIGIN (dtcm)
                0x0b004000                __dtcm_top = (ORIGIN (dtcm) + 0x4000)
                0x0b003ff8                __irq_flags = (__dtcm_top - 0x8)
                0x0b003ffc                __irq_vector = (__dtcm_top - 0x4)
                0x0b003f00                __sp_svc = (__dtcm_top - 0x100)
                0x0b003e00                __sp_irq = (__sp_svc - 0x100)
                0x0b003d00                __sp_usr = (__sp_irq - 0x100)

.init           0x02000000      0x23c
                0x02000000                __text_start = .
 *(.init)
 .init          0x02000000      0x230 /home/hansung/ndsdev/devkitPro/devkitARM/bin/../lib/gcc/arm-none-eabi/4.7.1/../../../../arm-none-eabi/lib/thumb/ds_arm9_crt0.o
                0x02000000                _start
 .init          0x02000230        0x4 /home/hansung/ndsdev/devkitPro/devkitARM/bin/../lib/gcc/arm-none-eabi/4.7.1/thumb/crti.o
                0x02000230                _init
 .init          0x02000234        0x8 /home/hansung/ndsdev/devkitPro/devkitARM/bin/../lib/gcc/arm-none-eabi/4.7.1/thumb/crtn.o
                0x0200023c                . = ALIGN (0x4)

.plt
 *(.plt)

.text           0x02000240    0x144b0
 *(EXCLUDE_FILE(*.itcm*) .text)
 .text          0x02000240        0x0 /home/hansung/ndsdev/devkitPro/devkitARM/bin/../lib/gcc/arm-none-eabi/4.7.1/../../../../arm-none-eabi/lib/thumb/ds_arm9_crt0.o
 .text          0x02000240        0x0 /home/hansung/ndsdev/devkitPro/devkitARM/bin/../lib/gcc/arm-none-eabi/4.7.1/thumb/crti.o
 .text          0x02000240       0xd0 /home/hansung/ndsdev/devkitPro/devkitARM/bin/../lib/gcc/arm-none-eabi/4.7.1/thumb/crtbegin.o
 .text          0x02000310        0x0 down.o
 .text          0x02000310        0x0 up.o
 .text          0x02000310      0x42c croutine.o
                0x02000310                xCoRoutineCreate
                0x020003d8                vCoRoutineAddToDelayedList
                0x020005d8                vCoRoutineSchedule
                0x020006e0                xCoRoutineRemoveFromEventList
 .text          0x0200073c      0x138 list.o
                0x0200073c                vListInitialise
                0x02000770                vListInitialiseItem
                0x02000780                vListInsertEnd
                0x020007c4                vListInsert
                0x0200082c                vListRemove
 .text          0x02000874      0x6e8 queue.o
                0x02000874                xQueueCreate
                0x02000928                xQueueCreateMutex
                0x020009a0                xQueueGenericSend
                0x02000aa8                xQueueGenericSendFromISR
                0x02000b18                xQueueGenericReceive
                0x02000c80                xQueueReceiveFromISR
                0x02000cf0                uxQueueMessagesWaiting
                0x02000d0c                uxQueueMessagesWaitingFromISR
                0x02000d20                vQueueDelete
                0x02000ef4                xQueueIsQueueEmptyFromISR
                0x02000f3c                xQueueIsQueueFullFromISR
 .text          0x02000f5c     0x119c tasks.o
                0x02000f5c                xTaskGenericCreate
                0x020010c4                vTaskDelete
                0x02001158                vTaskDelayUntil
                0x02001228                vTaskDelay
                0x020012b0                uxTaskPriorityGet
                0x020012e0                vTaskPrioritySet
                0x020013d4                vTaskSuspend
                0x02001468                xTaskIsTaskSuspended
                0x020014a8                vTaskResume
                0x02001534                xTaskResumeFromISR
                0x020015d4                vTaskStartScheduler
                0x02001630                vTaskEndScheduler
                0x02001648                vTaskSuspendAll
                0x02001658                xTaskResumeAll
                0x02001750                xTaskGetTickCount
                0x02001770                xTaskGetTickCountFromISR
                0x0200177c                uxTaskGetNumberOfTasks
                0x02001788                vTaskList
                0x0200187c                vTaskStartTrace
                0x020018c0                ulTaskEndTrace
                0x020018f4                vTaskIncrementTick
                0x020019c8                vTaskSwitchContext
                0x02001ac8                vTaskPlaceOnEventList
                0x02001b60                xTaskRemoveFromEventList
                0x02001c0c                vTaskSetTimeOutState
                0x02001c2c                xTaskCheckForTimeOut
                0x02001cb0                vTaskMissedYield
                0x02001fcc                xTaskGetCurrentTaskHandle
                0x02001fe0                vTaskPriorityInherit
                0x02002080                vTaskPriorityDisinherit
 .text          0x020020f8      0x4a8 card_spi.o
                0x02002148                cardLineIrqHandler
                0x0200214c                initSpi
                0x02002158                cardSpiBusy
                0x02002178                cardSpiStart
                0x020021c0                cardSpiStop
                0x020021e0                cardSpiInit
                0x02002210                cardSpiSetHandler
                0x0200224c                cardSpiEnable
                0x0200226c                cardSpiDisable
                0x02002288                cardSpiTransfer
                0x020022d0                cardSpiWriteBuffer
                0x02002390                cardSpiTransferBuffer
                0x02002474                poll_spi
                0x020024b4                getDebugChar
                0x02002540                putDebugChar
 .text          0x020025a0     0x15ec gdbStub.o
                0x02002a04                getRegister
                0x02002a7c                putRegister
                0x02002ad0                getRegisterAsBytes
                0x02002b34                putRegisterAsBytes
                0x02003944                initDebug
                0x02003b68                waitInput
 .text          0x02003b8c       0x44 heap_3.o
                0x02003b8c                pvPortMalloc
                0x02003bb0                vPortFree
 .text          0x02003bd0      0x16c port.o
                0x02003bd0                pxPortInitialiseStack
                0x02003cec                xPortStartScheduler
                0x02003d00                vPortEndScheduler
 .text          0x02003d3c       0x48 portISR.o
                0x02003d3c                vPortISRStartFirstTask
                0x02003d44                vPortEnterCritical
                0x02003d5c                vPortExitCritical
 .text          0x02003d84      0x99c sevencore_io.o
                0x0200420c                draw7SEGMENT
                0x02004500                init_virtual_io
                0x020045c0                init_printf
                0x0200461c                readb_virtual_io
                0x02004670                writeb_virtual_io
                0x0200471c                close_virtual_io
 .text          0x02004720      0x35c Exp_Homework.o
                0x0200498c                Exp_3_Homework
 .text          0x02004a7c      0x388 Exp_Sample.o
                0x02004a7c                Exp_3_Sample_A
                0x02004ba4                Exp_3_Sample_B
                0x02004d14                Exp_3_Sample_C
 .text          0x02004e04       0x6c main.o
                0x02004e04                main
                0x02004e48                InitDebug
 .text          0x02004e70       0xf0 gdbStubAsm.o
                0x02004e70                BreakPoint
                0x02004e78                ICInvalidateAll
                0x02004e84                DCFlushAll
                0x02004eb0                enable_IRQs
                0x02004ebc                disable_IRQs
                0x02004ec8                getSPSR
                0x02004ed0                setBankedReg
                0x02004ef4                setRegs
                0x02004efc                getPC
                0x02004f04                test_func
                0x02004f28                v5T_semantics_asm
                0x02004f30                add
                0x02004f40                mul
 .text          0x02004f60      0x140 port_asm.o
                0x02004f60                vPortDisableInterruptsFromThumb
                0x02004f78                vPortEnableInterruptsFromThumb
                0x02004f90                portRESTORE_CONTEXT_FIRST
                0x02004fa8                portRESTORE_CONTEXT
                0x02004fe0                vPreemptiveTick
                0x0200503c                vPortYIELD
 .text          0x020050a0      0x2e8 /home/hansung/ndsdev/devkitPro/libnds/lib/libnds9.a(background.o)
                0x020050a0                bgIsText
                0x020050ac                checkIfText
                0x02005104                bgUpdate
                0x020051f8                bgInit_call
                0x020052bc                bgInitSub_call
 .text          0x02005388      0xa4c /home/hansung/ndsdev/devkitPro/libnds/lib/libnds9.a(console.o)
                0x02005428                nocash_write
                0x02005438                consoleGetDefault
                0x02005444                consoleSelect
                0x02005454                consoleDebugInit
                0x020054a4                consolePrintChar
                0x02005670                consoleLoadFont
                0x020058f8                consoleSetFont
                0x02005918                consoleInit
                0x02005a80                consoleDemoInit
                0x02005ac4                con_write
                0x02005da0                consoleClear
                0x02005db0                consoleSetWindow
 .text          0x02005dd4       0x84 /home/hansung/ndsdev/devkitPro/libnds/lib/libnds9.a(decompress.o)
                0x02005dd4                getHeader
                0x02005dd8                readByte
                0x02005ddc                decompress
                0x02005e1c                decompressStream
 .text          0x02005e58       0x28 /home/hansung/ndsdev/devkitPro/libnds/lib/libnds9.a(exceptions.o)
                0x02005e58                setExceptionHandler
 .text          0x02005e80       0xf4 /home/hansung/ndsdev/devkitPro/libnds/lib/libnds9.a(keys.o)
                0x02005e80                scanKeys
                0x02005eec                keysHeld
                0x02005ef8                keysDown
                0x02005f08                keysDownRepeat
                0x02005f18                keysSetRepeat
                0x02005f30                keysUp
                0x02005f40                keysCurrent
 .text          0x02005f74       0x24 /home/hansung/ndsdev/devkitPro/libnds/lib/libnds9.a(sassert.o)
                0x02005f74                __sassert
 .text          0x02005f98       0x4c /home/hansung/ndsdev/devkitPro/libnds/lib/libnds9.a(touch.o)
                0x02005f98                touchRead
                0x02005fc0                touchReadXY
 .text          0x02005fe4      0x244 /home/hansung/ndsdev/devkitPro/libnds/lib/libnds9.a(trig.o)
                0x02005fe4                asinComp
                0x0200600c                sinLutLookup
                0x02006048                sinLerp
                0x02006080                cosLerp
                0x02006094                tanLutLookup
                0x020060cc                tanLerp
                0x02006170                asinLerp
                0x020061ec                acosLerp
                0x02006200                atanComp
 .text          0x02006228     0x15cc /home/hansung/ndsdev/devkitPro/libnds/lib/libnds9.a(videoGL.o)
                0x02006228                glGetGlobals
                0x02006230                glRotatef32i
                0x02006504                glMaterialf
                0x02006570                glTexCoord2f32
                0x020065e4                vramBlock_init
                0x02006650                vramBlock_Construct
                0x02006678                vramBlock_terminate
                0x020066a0                vramBlock_Deconstruct
                0x020066b4                vramBlock__allocateBlock
                0x02006820                vramBlock__deallocateBlock
                0x0200697c                vramBlock_examineSpecial
                0x02006b9c                vramBlock_allocateSpecial
                0x02006c08                vramBlock_allocateBlock
                0x02006c3c                vramBlock_deallocateBlock
                0x02006c7c                vramBlock_deallocateAll
                0x02006c8c                vramBlock_getAddr
                0x02006ca0                vramBlock_getSize
                0x02006cb4                glInit_C
                0x02006e5c                glResetTextures
                0x02006ee4                removePaletteFromTexture
                0x02006f54                glGenTextures
                0x02006ff0                glDeleteTextures
                0x020070c0                vramGetBank
                0x02007180                glBindTexture
                0x020071e0                glColorTableEXT
                0x02007360                glColorSubTableEXT
                0x020073b0                glGetColorTableEXT
                0x020073ec                glAssignColorTable
                0x02007460                glTexParameter
                0x02007498                glGetTexturePointer
                0x020074b8                glGetTexParameter
                0x020074d8                glGetColorTableParameterEXT
                0x02007510                glTexImage2D
 .text          0x020077f4      0x140 /home/hansung/ndsdev/devkitPro/libnds/lib/libnds9.a(initSystem.o)
                0x020077f4                initSystem
 .text          0x02007934      0xc58 /home/hansung/ndsdev/devkitPro/libnds/lib/libnds9.a(fifosystem.o)
                0x02007b88                fifoSendAddress
                0x02007bb4                fifoSendValue32
                0x02007bf4                fifoSendDatamsg
                0x02007c64                fifoGetAddress
                0x02007cdc                fifoSetAddressHandler
                0x02007d50                fifoGetValue32
                0x02007dc4                fifoSetValue32Handler
                0x02007e38                fifoGetDatamsg
                0x020082bc                fifoSetDatamsgHandler
                0x02008354                fifoCheckAddress
                0x02008378                fifoCheckDatamsg
                0x0200839c                fifoCheckValue32
                0x020083c0                fifoInit
 .text          0x0200858c      0x1ec /home/hansung/ndsdev/devkitPro/libnds/lib/libnds9.a(interrupts.o)
                0x0200858c                irqDummy
                0x02008590                irqSet
                0x020085fc                irqInit
                0x02008648                irqInitHandler
                0x02008678                irqEnable
                0x020086dc                irqDisable
                0x02008740                irqClear
 .text          0x02008778       0x58 /home/hansung/ndsdev/devkitPro/libnds/lib/libnds9.a(libnds_exit.arm.o)
                0x02008778                systemErrorExit
                0x0200877c                __libnds_exit
 .text          0x020087d0       0x1c /home/hansung/ndsdev/devkitPro/libnds/lib/libnds9.a(syscalls.o)
                0x020087d0                swiDecompressLZSSVram
 .text          0x020087ec       0xdc /home/hansung/ndsdev/devkitPro/libnds/lib/libnds9.a(exceptionHandler.o)
                0x020087ec                getCPSR
                0x020087f4                enterException
                0x02008868                exceptionC
                0x0200886c                exceptionStack
                0x02008870                exceptionRegisters
 .text          0x020088c8      0x1b4 /home/hansung/ndsdev/devkitPro/libnds/lib/libnds9.a(mpu_setup.o)
                0x020088c8                __libnds_mpu_setup
                0x02008a08                memCached
                0x02008a20                memUncached
 *fill*         0x02008a7c        0x4 ff
 .text          0x02008a80       0x70 /home/hansung/ndsdev/devkitPro/libnds/lib/libnds9.a(biosCalls.o)
                0x02008a80                swiDelay
                0x02008a84                swiIntrWait
                0x02008a88                swiWaitForVBlank
                0x02008a8c                swiSleep
                0x02008a90                swiChangeSoundBias
                0x02008a94                swiDivide
                0x02008a98                swiRemainder
                0x02008a9e                swiDivMod
                0x02008aaa                swiCopy
                0x02008aae                swiFastCopy
                0x02008ab2                swiSqrt
                0x02008ab6                swiCRC16
                0x02008aba                swiIsDebugger
                0x02008abe                swiUnpackBits
                0x02008ac2                swiDecompressLZSSWram
                0x02008ac6                swiDecompressLZSSVramNTR
                0x02008aca                swiDecompressLZSSVramTWL
                0x02008ace                swiDecompressHuffman
                0x02008ad2                swiDecompressRLEWram
                0x02008ad6                swiDecompressRLEVram
                0x02008ada                swiWaitForIRQ
                0x02008ade                swiDecodeDelta8
                0x02008ae2                swiDecodeDelta16
                0x02008ae6                swiSetHaltCR
 .text          0x02008af0       0xa4 /home/hansung/ndsdev/devkitPro/libnds/lib/libnds9.a(debugprint.o)
                0x02008af0                nocashWrite
                0x02008af2                nocashMessage
 .text          0x02008b94        0x0 /home/hansung/ndsdev/devkitPro/libnds/lib/libnds9.a(interruptDispatcher.o)
 *fill*         0x02008b94        0xc ff
 .text          0x02008ba0       0x30 /home/hansung/ndsdev/devkitPro/libnds/lib/libnds9.a(swiSoftReset.o)
                0x02008ba0                swiSoftReset
 .text          0x02008bd0        0x0 /home/hansung/ndsdev/devkitPro/libnds/lib/libnds9.a(default_font.bin.o)
 .text          0x02008bd0       0x8c /home/hansung/ndsdev/devkitPro/libnds/lib/libnds9.a(dynamicArray.o)
                0x02008bd0                DynamicArrayInit
                0x02008be8                DynamicArrayDelete
                0x02008bfc                DynamicArrayGet
                0x02008c14                DynamicArraySet
 .text          0x02008c5c      0x128 /home/hansung/ndsdev/devkitPro/libnds/lib/libnds9.a(system.o)
                0x02008c5c                setSDcallback
                0x02008c68                systemMsgHandler
                0x02008cac                systemSleep
                0x02008cc4                systemValueHandler
                0x02008d00                powerOn
                0x02008d2c                powerOff
                0x02008d54                ledBlink
                0x02008d64                getBatteryLevel
 .text          0x02008d84      0x1f8 /home/hansung/ndsdev/devkitPro/libnds/lib/libnds9.a(video.o)
                0x02008d84                vramSetPrimaryBanks
                0x02008dc8                vramSetMainBanks
                0x02008e0c                vramSetBanks_EFG
                0x02008e44                vramRestorePrimaryBanks
                0x02008e50                vramRestoreMainBanks
                0x02008e5c                vramRestoreBanks_EFG
                0x02008e68                setBrightness
                0x02008ea8                vramDefault
 .text          0x02008f7c      0x11c /home/hansung/ndsdev/devkitPro/devkitARM/bin/../lib/gcc/arm-none-eabi/4.7.1/thumb/libgcc.a(_udivsi3.o)
                0x02008f7c                __udivsi3
                0x02008f7c                __aeabi_uidiv
                0x02009078                __aeabi_uidivmod
 .text          0x02009098      0x150 /home/hansung/ndsdev/devkitPro/devkitARM/bin/../lib/gcc/arm-none-eabi/4.7.1/thumb/libgcc.a(_divsi3.o)
                0x02009098                __aeabi_idiv
                0x02009098                __divsi3
                0x020091c8                __aeabi_idivmod
 .text          0x020091e8        0x4 /home/hansung/ndsdev/devkitPro/devkitARM/bin/../lib/gcc/arm-none-eabi/4.7.1/thumb/libgcc.a(_dvmd_tls.o)
                0x020091e8                __aeabi_ldiv0
                0x020091e8                __aeabi_idiv0
 .text          0x020091ec       0x4c /home/hansung/ndsdev/devkitPro/devkitARM/bin/../lib/gcc/arm-none-eabi/4.7.1/thumb/libgcc.a(_muldi3.o)
                0x020091ec                __aeabi_lmul
                0x020091ec                __muldi3
 .text          0x02009238       0x64 /home/hansung/ndsdev/devkitPro/devkitARM/bin/../lib/gcc/arm-none-eabi/4.7.1/../../../../arm-none-eabi/lib/thumb/libg.a(lib_a-bsearch.o)
                0x02009238                bsearch
 .text          0x0200929c        0x0 /home/hansung/ndsdev/devkitPro/devkitARM/bin/../lib/gcc/arm-none-eabi/4.7.1/../../../../arm-none-eabi/lib/thumb/libg.a(lib_a-impure.o)
 .text          0x0200929c       0x54 /home/hansung/ndsdev/devkitPro/devkitARM/bin/../lib/gcc/arm-none-eabi/4.7.1/../../../../arm-none-eabi/lib/thumb/libg.a(lib_a-init.o)
                0x0200929c                __libc_init_array
 .text          0x020092f0       0x40 /home/hansung/ndsdev/devkitPro/devkitARM/bin/../lib/gcc/arm-none-eabi/4.7.1/../../../../arm-none-eabi/lib/thumb/libg.a(lib_a-iprintf.o)
                0x020092f0                iprintf
                0x02009314                _iprintf_r
 .text          0x02009330       0x30 /home/hansung/ndsdev/devkitPro/devkitARM/bin/../lib/gcc/arm-none-eabi/4.7.1/../../../../arm-none-eabi/lib/thumb/libg.a(lib_a-malloc.o)
                0x02009330                malloc
                0x02009348                free
 .text          0x02009360      0x51c /home/hansung/ndsdev/devkitPro/devkitARM/bin/../lib/gcc/arm-none-eabi/4.7.1/../../../../arm-none-eabi/lib/thumb/libg.a(lib_a-mallocr.o)
                0x02009360                _malloc_r
 .text          0x0200987c       0x90 /home/hansung/ndsdev/devkitPro/devkitARM/bin/../lib/gcc/arm-none-eabi/4.7.1/../../../../arm-none-eabi/lib/thumb/libg.a(lib_a-memcpy-stub.o)
                0x0200987c                memcpy
 .text          0x0200990c       0x98 /home/hansung/ndsdev/devkitPro/devkitARM/bin/../lib/gcc/arm-none-eabi/4.7.1/../../../../arm-none-eabi/lib/thumb/libg.a(lib_a-memset.o)
                0x0200990c                memset
 .text          0x020099a4        0x8 /home/hansung/ndsdev/devkitPro/devkitARM/bin/../lib/gcc/arm-none-eabi/4.7.1/../../../../arm-none-eabi/lib/thumb/libg.a(lib_a-mlock.o)
                0x020099a4                __malloc_lock
                0x020099a8                __malloc_unlock
 .text          0x020099ac       0x1c /home/hansung/ndsdev/devkitPro/devkitARM/bin/../lib/gcc/arm-none-eabi/4.7.1/../../../../arm-none-eabi/lib/thumb/libg.a(lib_a-realloc.o)
                0x020099ac                realloc
 .text          0x020099c8      0x3e8 /home/hansung/ndsdev/devkitPro/devkitARM/bin/../lib/gcc/arm-none-eabi/4.7.1/../../../../arm-none-eabi/lib/thumb/libg.a(lib_a-reallocr.o)
                0x020099c8                _realloc_r
 .text          0x02009db0      0x120 /home/hansung/ndsdev/devkitPro/devkitARM/bin/../lib/gcc/arm-none-eabi/4.7.1/../../../../arm-none-eabi/lib/thumb/libg.a(lib_a-setvbuf.o)
                0x02009db0                setvbuf
 .text          0x02009ed0       0xa0 /home/hansung/ndsdev/devkitPro/devkitARM/bin/../lib/gcc/arm-none-eabi/4.7.1/../../../../arm-none-eabi/lib/thumb/libg.a(lib_a-siscanf.o)
                0x02009ed0                siscanf
                0x02009f20                _siscanf_r
 .text          0x02009f70       0x84 /home/hansung/ndsdev/devkitPro/devkitARM/bin/../lib/gcc/arm-none-eabi/4.7.1/../../../../arm-none-eabi/lib/thumb/libg.a(lib_a-sprintf.o)
                0x02009f70                _sprintf_r
                0x02009fb0                sprintf
 .text          0x02009ff4       0xac /home/hansung/ndsdev/devkitPro/devkitARM/bin/../lib/gcc/arm-none-eabi/4.7.1/../../../../arm-none-eabi/lib/thumb/libg.a(lib_a-stdio.o)
                0x02009ff4                __sread
                0x0200a020                __seofread
                0x0200a024                __swrite
                0x0200a060                __sseek
                0x0200a090                __sclose
 .text          0x0200a0a0       0x50 /home/hansung/ndsdev/devkitPro/devkitARM/bin/../lib/gcc/arm-none-eabi/4.7.1/../../../../arm-none-eabi/lib/thumb/libg.a(lib_a-strcat.o)
                0x0200a0a0                strcat
 .text          0x0200a0f0       0x10 /home/hansung/ndsdev/devkitPro/devkitARM/bin/../lib/gcc/arm-none-eabi/4.7.1/../../../../arm-none-eabi/lib/thumb/libg.a(lib_a-strcpy.o)
                0x0200a0f0                strcpy
 .text          0x0200a100       0x10 /home/hansung/ndsdev/devkitPro/devkitARM/bin/../lib/gcc/arm-none-eabi/4.7.1/../../../../arm-none-eabi/lib/thumb/libg.a(lib_a-strlen.o)
                0x0200a100                strlen
 .text          0x0200a110       0x60 /home/hansung/ndsdev/devkitPro/devkitARM/bin/../lib/gcc/arm-none-eabi/4.7.1/../../../../arm-none-eabi/lib/thumb/libg.a(lib_a-strncpy.o)
                0x0200a110                strncpy
 .text          0x0200a170      0xa98 /home/hansung/ndsdev/devkitPro/devkitARM/bin/../lib/gcc/arm-none-eabi/4.7.1/../../../../arm-none-eabi/lib/thumb/libg.a(lib_a-svfiscanf.o)
                0x0200a170                _sungetc_r
                0x0200a1f8                __ssrefill_r
                0x0200a23c                _sfread_r
                0x0200a2c8                __ssvfiscanf_r
 .text          0x0200ac08     0x1728 /home/hansung/ndsdev/devkitPro/devkitARM/bin/../lib/gcc/arm-none-eabi/4.7.1/../../../../arm-none-eabi/lib/thumb/libg.a(lib_a-svfprintf.o)
                0x0200ac08                _svfprintf_r
 .text          0x0200c330      0x188 /home/hansung/ndsdev/devkitPro/devkitARM/bin/../lib/gcc/arm-none-eabi/4.7.1/../../../../arm-none-eabi/lib/thumb/libg.a(lib_a-ungetc.o)
                0x0200c330                __submore
                0x0200c3b8                _ungetc_r
                0x0200c49c                ungetc
 .text          0x0200c4b8      0xed4 /home/hansung/ndsdev/devkitPro/devkitARM/bin/../lib/gcc/arm-none-eabi/4.7.1/../../../../arm-none-eabi/lib/thumb/libg.a(lib_a-vfiprintf.o)
                0x0200c4b8                __sprint_r
                0x0200c53c                _vfiprintf_r
                0x0200d368                vfiprintf
 .text          0x0200d38c       0xe8 /home/hansung/ndsdev/devkitPro/devkitARM/bin/../lib/gcc/arm-none-eabi/4.7.1/../../../../arm-none-eabi/lib/thumb/libg.a(lib_a-wcrtomb.o)
                0x0200d38c                _wcrtomb_r
                0x0200d3f4                wcrtomb
 .text          0x0200d474       0x40 /home/hansung/ndsdev/devkitPro/devkitARM/bin/../lib/gcc/arm-none-eabi/4.7.1/../../../../arm-none-eabi/lib/thumb/libg.a(lib_a-wcsrtombs.o)
                0x0200d474                _wcsrtombs_r
                0x0200d48c                wcsrtombs
 .text          0x0200d4b4      0x2a4 /home/hansung/ndsdev/devkitPro/devkitARM/bin/../lib/gcc/arm-none-eabi/4.7.1/../../../../arm-none-eabi/lib/thumb/libg.a(lib_a-wctomb_r.o)
                0x0200d4b4                __utf8_wctomb
                0x0200d568                _wctomb_r
                0x0200d5a0                __ascii_wctomb
                0x0200d5c0                __sjis_wctomb
                0x0200d63c                __eucjp_wctomb
                0x0200d6d8                __jis_wctomb
 .text          0x0200d758       0xd0 /home/hansung/ndsdev/devkitPro/devkitARM/bin/../lib/gcc/arm-none-eabi/4.7.1/../../../../arm-none-eabi/lib/thumb/libg.a(lib_a-wsetup.o)
                0x0200d758                __swsetup_r
 .text          0x0200d828       0x10 /home/hansung/ndsdev/devkitPro/devkitARM/bin/../lib/gcc/arm-none-eabi/4.7.1/../../../../arm-none-eabi/lib/thumb/libg.a(lib_a-ctype_.o)
                0x0200d828                __set_ctype
 .text          0x0200d838     0x10a0 /home/hansung/ndsdev/devkitPro/devkitARM/bin/../lib/gcc/arm-none-eabi/4.7.1/../../../../arm-none-eabi/lib/thumb/libg.a(lib_a-dtoa.o)
                0x0200d990                _dtoa_r
 .text          0x0200e8d8      0x1b8 /home/hansung/ndsdev/devkitPro/devkitARM/bin/../lib/gcc/arm-none-eabi/4.7.1/../../../../arm-none-eabi/lib/thumb/libg.a(lib_a-fflush.o)
                0x0200e8d8                __sflush_r
                0x0200ea30                _fflush_r
                0x0200ea60                fflush
 .text          0x0200ea90      0x1d8 /home/hansung/ndsdev/devkitPro/devkitARM/bin/../lib/gcc/arm-none-eabi/4.7.1/../../../../arm-none-eabi/lib/thumb/libg.a(lib_a-findfp.o)
                0x0200ea98                _cleanup_r
                0x0200eaf8                __sfmoreglue
                0x0200eb28                _cleanup
                0x0200eb3c                __sinit
                0x0200eb90                __sfp
                0x0200ec20                __sfp_lock_acquire
                0x0200ec24                __sfp_lock_release
                0x0200ec28                __sinit_lock_acquire
                0x0200ec2c                __sinit_lock_release
                0x0200ec30                __fp_lock_all
                0x0200ec4c                __fp_unlock_all
 .text          0x0200ec68      0x104 /home/hansung/ndsdev/devkitPro/devkitARM/bin/../lib/gcc/arm-none-eabi/4.7.1/../../../../arm-none-eabi/lib/thumb/libg.a(lib_a-fputwc.o)
                0x0200ec68                _fputwc_r
                0x0200ed40                fputwc
 .text          0x0200ed6c      0x238 /home/hansung/ndsdev/devkitPro/devkitARM/bin/../lib/gcc/arm-none-eabi/4.7.1/../../../../arm-none-eabi/lib/thumb/libg.a(lib_a-freer.o)
                0x0200ed6c                _malloc_trim_r
                0x0200ee10                _free_r
 .text          0x0200efa4      0x2fc /home/hansung/ndsdev/devkitPro/devkitARM/bin/../lib/gcc/arm-none-eabi/4.7.1/../../../../arm-none-eabi/lib/thumb/libg.a(lib_a-fvwrite.o)
                0x0200efa4                __sfvwrite_r
 .text          0x0200f2a0       0xb4 /home/hansung/ndsdev/devkitPro/devkitARM/bin/../lib/gcc/arm-none-eabi/4.7.1/../../../../arm-none-eabi/lib/thumb/libg.a(lib_a-fwalk.o)
                0x0200f2a0                _fwalk
                0x0200f2f4                _fwalk_reent
 .text          0x0200f354       0x78 /home/hansung/ndsdev/devkitPro/devkitARM/bin/../lib/gcc/arm-none-eabi/4.7.1/../../../../arm-none-eabi/lib/thumb/libg.a(lib_a-iswspace.o)
                0x0200f354                iswspace
 .text          0x0200f3cc      0x1f0 /home/hansung/ndsdev/devkitPro/devkitARM/bin/../lib/gcc/arm-none-eabi/4.7.1/../../../../arm-none-eabi/lib/thumb/libg.a(lib_a-jp2uc.o)
                0x0200f558                _jp2uc
 .text          0x0200f5bc      0x950 /home/hansung/ndsdev/devkitPro/devkitARM/bin/../lib/gcc/arm-none-eabi/4.7.1/../../../../arm-none-eabi/lib/thumb/libg.a(lib_a-locale.o)
                0x0200fcb0                _setlocale_r
                0x0200feac                __locale_charset
                0x0200feb4                __locale_mb_cur_max
                0x0200fec0                __locale_msgcharset
                0x0200fecc                __locale_cjk_lang
                0x0200fed8                _localeconv_r
                0x0200fee4                setlocale
                0x0200ff00                localeconv
 .text          0x0200ff0c       0xe0 /home/hansung/ndsdev/devkitPro/devkitARM/bin/../lib/gcc/arm-none-eabi/4.7.1/../../../../arm-none-eabi/lib/thumb/libg.a(lib_a-makebuf.o)
                0x0200ff0c                __smakebuf_r
 .text          0x0200ffec      0x104 /home/hansung/ndsdev/devkitPro/devkitARM/bin/../lib/gcc/arm-none-eabi/4.7.1/../../../../arm-none-eabi/lib/thumb/libg.a(lib_a-mbrtowc.o)
                0x0200ffec                _mbrtowc_r
                0x02010064                mbrtowc
 .text          0x020100f0      0x584 /home/hansung/ndsdev/devkitPro/devkitARM/bin/../lib/gcc/arm-none-eabi/4.7.1/../../../../arm-none-eabi/lib/thumb/libg.a(lib_a-mbtowc_r.o)
                0x020100f0                __utf8_mbtowc
                0x02010350                _mbtowc_r
                0x0201038c                __ascii_mbtowc
                0x020103bc                __sjis_mbtowc
                0x0201047c                __eucjp_mbtowc
                0x02010544                __jis_mbtowc
 .text          0x02010674       0x98 /home/hansung/ndsdev/devkitPro/devkitARM/bin/../lib/gcc/arm-none-eabi/4.7.1/../../../../arm-none-eabi/lib/thumb/libg.a(lib_a-memchr-stub.o)
                0x02010674                memchr
 .text          0x0201070c       0xb0 /home/hansung/ndsdev/devkitPro/devkitARM/bin/../lib/gcc/arm-none-eabi/4.7.1/../../../../arm-none-eabi/lib/thumb/libg.a(lib_a-memmove.o)
                0x0201070c                memmove
 *fill*         0x020107bc        0x4 ff
 .text          0x020107c0      0x978 /home/hansung/ndsdev/devkitPro/devkitARM/bin/../lib/gcc/arm-none-eabi/4.7.1/../../../../arm-none-eabi/lib/thumb/libg.a(lib_a-mprec.o)
                0x020107c0                _Balloc
                0x02010814                _Bfree
                0x0201082c                __multadd
                0x020108d8                __s2b
                0x02010974                __hi0bits
                0x020109ac                __lo0bits
                0x02010a0c                __i2b
                0x02010a24                __multiply
                0x02010b88                __pow5mult
                0x02010c38                __lshift
                0x02010d08                __mcmp
                0x02010d44                __mdiff
                0x02010e34                __ulp
                0x02010e7c                __b2d
                0x02010f20                __d2b
                0x02010fd8                __ratio
                0x02011054                _mprec_log10
                0x02011094                __copybits
                0x020110dc                __any_on
 .text          0x02011138       0x7c /home/hansung/ndsdev/devkitPro/devkitARM/bin/../lib/gcc/arm-none-eabi/4.7.1/../../../../arm-none-eabi/lib/thumb/libg.a(lib_a-sccl.o)
                0x02011138                __sccl
 .text          0x020111b4       0x5c /home/hansung/ndsdev/devkitPro/devkitARM/bin/../lib/gcc/arm-none-eabi/4.7.1/../../../../arm-none-eabi/lib/thumb/libg.a(lib_a-s_fpclassify.o)
                0x020111b4                __fpclassifyd
 .text          0x02011210       0x50 /home/hansung/ndsdev/devkitPro/devkitARM/bin/../lib/gcc/arm-none-eabi/4.7.1/../../../../arm-none-eabi/lib/thumb/libg.a(lib_a-strcasecmp.o)
                0x02011210                strcasecmp
 .text          0x02011260       0xd4 /home/hansung/ndsdev/devkitPro/devkitARM/bin/../lib/gcc/arm-none-eabi/4.7.1/../../../../arm-none-eabi/lib/thumb/libg.a(lib_a-strchr.o)
                0x02011260                strchr
 .text          0x02011334       0x14 /home/hansung/ndsdev/devkitPro/devkitARM/bin/../lib/gcc/arm-none-eabi/4.7.1/../../../../arm-none-eabi/lib/thumb/libg.a(lib_a-strcmp.o)
                0x02011334                strcmp
 .text          0x02011348       0x48 /home/hansung/ndsdev/devkitPro/devkitARM/bin/../lib/gcc/arm-none-eabi/4.7.1/../../../../arm-none-eabi/lib/thumb/libg.a(lib_a-strlcpy.o)
                0x02011348                strlcpy
 .text          0x02011390       0x60 /home/hansung/ndsdev/devkitPro/devkitARM/bin/../lib/gcc/arm-none-eabi/4.7.1/../../../../arm-none-eabi/lib/thumb/libg.a(lib_a-strncasecmp.o)
                0x02011390                strncasecmp
 .text          0x020113f0       0xbc /home/hansung/ndsdev/devkitPro/devkitARM/bin/../lib/gcc/arm-none-eabi/4.7.1/../../../../arm-none-eabi/lib/thumb/libg.a(lib_a-strncmp.o)
                0x020113f0                strncmp
 *fill*         0x020114ac        0x4 ff
 .text          0x020114b0      0x208 /home/hansung/ndsdev/devkitPro/devkitARM/bin/../lib/gcc/arm-none-eabi/4.7.1/../../../../arm-none-eabi/lib/thumb/libg.a(lib_a-strtoll_r.o)
                0x020114b0                _strtoll_r
 .text          0x020116b8      0x190 /home/hansung/ndsdev/devkitPro/devkitARM/bin/../lib/gcc/arm-none-eabi/4.7.1/../../../../arm-none-eabi/lib/thumb/libg.a(lib_a-strtol.o)
                0x020116b8                _strtol_r
                0x02011828                strtol
 .text          0x02011848      0x238 /home/hansung/ndsdev/devkitPro/devkitARM/bin/../lib/gcc/arm-none-eabi/4.7.1/../../../../arm-none-eabi/lib/thumb/libg.a(lib_a-strtoull_r.o)
                0x02011848                _strtoull_r
 .text          0x02011a80      0x198 /home/hansung/ndsdev/devkitPro/devkitARM/bin/../lib/gcc/arm-none-eabi/4.7.1/../../../../arm-none-eabi/lib/thumb/libg.a(lib_a-strtoul.o)
                0x02011a80                _strtoul_r
                0x02011bf8                strtoul
 .text          0x02011c18      0xeb4 /home/hansung/ndsdev/devkitPro/devkitARM/bin/../lib/gcc/arm-none-eabi/4.7.1/../../../../arm-none-eabi/lib/thumb/libg.a(lib_a-svfiprintf.o)
                0x02011c18                __ssprint_r
                0x02011d48                _svfiprintf_r
 .text          0x02012acc       0xd0 /home/hansung/ndsdev/devkitPro/devkitARM/bin/../lib/gcc/arm-none-eabi/4.7.1/../../../../arm-none-eabi/lib/thumb/libg.a(lib_a-wbuf.o)
                0x02012acc                __swbuf_r
                0x02012b80                __swbuf
 .text          0x02012b9c      0x150 /home/hansung/ndsdev/devkitPro/devkitARM/bin/../lib/gcc/arm-none-eabi/4.7.1/../../../../arm-none-eabi/lib/thumb/libg.a(lib_a-wcsnrtombs.o)
                0x02012b9c                _wcsnrtombs_r
                0x02012cbc                wcsnrtombs
 .text          0x02012cec       0x64 /home/hansung/ndsdev/devkitPro/devkitARM/bin/../lib/gcc/arm-none-eabi/4.7.1/../../../../arm-none-eabi/lib/thumb/libg.a(lib_a-callocr.o)
                0x02012cec                _calloc_r
 .text          0x02012d50       0xb0 /home/hansung/ndsdev/devkitPro/devkitARM/bin/../lib/gcc/arm-none-eabi/4.7.1/../../../../arm-none-eabi/lib/thumb/libg.a(lib_a-fclose.o)
                0x02012d50                _fclose_r
                0x02012de4                fclose
 .text          0x02012e00       0xa8 /home/hansung/ndsdev/devkitPro/devkitARM/bin/../lib/gcc/arm-none-eabi/4.7.1/../../../../arm-none-eabi/lib/thumb/libg.a(lib_a-getenv_r.o)
                0x02012e00                _findenv_r
                0x02012e98                _getenv_r
 .text          0x02012ea8        0x0 /home/hansung/ndsdev/devkitPro/devkitARM/bin/../lib/gcc/arm-none-eabi/4.7.1/../../../../arm-none-eabi/lib/thumb/libg.a(lib_a-environ.o)
 .text          0x02012ea8        0x8 /home/hansung/ndsdev/devkitPro/devkitARM/bin/../lib/gcc/arm-none-eabi/4.7.1/../../../../arm-none-eabi/lib/thumb/libg.a(lib_a-envlock.o)
                0x02012ea8                __env_lock
                0x02012eac                __env_unlock
 .text          0x02012eb0      0x144 /home/hansung/ndsdev/devkitPro/devkitARM/bin/../lib/gcc/arm-none-eabi/4.7.1/../../../../arm-none-eabi/lib/thumb/libsysbase.a(iosupport.o)
                0x02012eb0                setDefaultDevice
                0x02012ec4                FindDevice
                0x02012f34                RemoveDevice
                0x02012f58                AddDevice
                0x02012fd4                GetDeviceOpTab
 .text          0x02012ff4       0x50 /home/hansung/ndsdev/devkitPro/devkitARM/bin/../lib/gcc/arm-none-eabi/4.7.1/../../../../arm-none-eabi/lib/thumb/libsysbase.a(close.o)
                0x02012ff4                _close_r
 .text          0x02013044       0x50 /home/hansung/ndsdev/devkitPro/devkitARM/bin/../lib/gcc/arm-none-eabi/4.7.1/../../../../arm-none-eabi/lib/thumb/libsysbase.a(fstat.o)
                0x02013044                _fstat_r
 .text          0x02013094        0x4 /home/hansung/ndsdev/devkitPro/devkitARM/bin/../lib/gcc/arm-none-eabi/4.7.1/../../../../arm-none-eabi/lib/thumb/libsysbase.a(isatty.o)
                0x02013094                _isatty_r
 .text          0x02013098       0x50 /home/hansung/ndsdev/devkitPro/devkitARM/bin/../lib/gcc/arm-none-eabi/4.7.1/../../../../arm-none-eabi/lib/thumb/libsysbase.a(lseek.o)
                0x02013098                _lseek_r
 .text          0x020130e8       0x50 /home/hansung/ndsdev/devkitPro/devkitARM/bin/../lib/gcc/arm-none-eabi/4.7.1/../../../../arm-none-eabi/lib/thumb/libsysbase.a(read.o)
                0x020130e8                _read_r
 .text          0x02013138       0x54 /home/hansung/ndsdev/devkitPro/devkitARM/bin/../lib/gcc/arm-none-eabi/4.7.1/../../../../arm-none-eabi/lib/thumb/libsysbase.a(sbrk.o)
                0x02013138                _sbrk_r
 .text          0x0201318c       0x44 /home/hansung/ndsdev/devkitPro/devkitARM/bin/../lib/gcc/arm-none-eabi/4.7.1/../../../../arm-none-eabi/lib/thumb/libsysbase.a(times.o)
                0x0201318c                _times
                0x020131a0                _times_r
                0x020131a8                _gettimeofday_r
 .text          0x020131d0       0x58 /home/hansung/ndsdev/devkitPro/devkitARM/bin/../lib/gcc/arm-none-eabi/4.7.1/../../../../arm-none-eabi/lib/thumb/libsysbase.a(write.o)
                0x020131d0                _write_r
 .text          0x02013228        0x0 /home/hansung/ndsdev/devkitPro/devkitARM/bin/../lib/gcc/arm-none-eabi/4.7.1/../../../../arm-none-eabi/lib/thumb/libsysbase.a(malloc_vars.o)
 .text          0x02013228       0x4c /home/hansung/ndsdev/devkitPro/devkitARM/bin/../lib/gcc/arm-none-eabi/4.7.1/../../../../arm-none-eabi/lib/thumb/libsysbase.a(build_argv.o)
                0x02013228                build_argv
 .text          0x02013274        0x0 /home/hansung/ndsdev/devkitPro/devkitARM/bin/../lib/gcc/arm-none-eabi/4.7.1/../../../../arm-none-eabi/lib/thumb/libsysbase.a(syscall_support.o)
 .text          0x02013274       0x84 /home/hansung/ndsdev/devkitPro/devkitARM/bin/../lib/gcc/arm-none-eabi/4.7.1/../../../../arm-none-eabi/lib/thumb/libsysbase.a(handle_manager.o)
                0x02013274                __release_handle
                0x020132a0                __alloc_handle
                0x020132d8                __get_handle
 .text          0x020132f8      0x41c /home/hansung/ndsdev/devkitPro/devkitARM/bin/../lib/gcc/arm-none-eabi/4.7.1/thumb/libgcc.a(_arm_addsubdf3.o)
                0x020132f8                __aeabi_drsub
                0x02013300                __aeabi_dsub
                0x02013300                __subdf3
                0x02013304                __adddf3
                0x02013304                __aeabi_dadd
                0x02013614                __aeabi_ui2d
                0x02013614                __floatunsidf
                0x02013638                __floatsidf
                0x02013638                __aeabi_i2d
                0x02013660                __extendsfdf2
                0x02013660                __aeabi_f2d
                0x020136a0                __aeabi_ul2d
                0x020136a0                __floatundidf
                0x020136b4                __floatdidf
                0x020136b4                __aeabi_l2d
 .text          0x02013714      0x49c /home/hansung/ndsdev/devkitPro/devkitARM/bin/../lib/gcc/arm-none-eabi/4.7.1/thumb/libgcc.a(_arm_muldivdf3.o)
                0x02013714                __aeabi_dmul
                0x02013714                __muldf3
                0x020139a4                __aeabi_ddiv
                0x020139a4                __divdf3
 .text          0x02013bb0      0x144 /home/hansung/ndsdev/devkitPro/devkitARM/bin/../lib/gcc/arm-none-eabi/4.7.1/thumb/libgcc.a(_arm_cmpdf2.o)
                0x02013bb0                __gtdf2
                0x02013bb0                __gedf2
                0x02013bb8                __ltdf2
                0x02013bb8                __ledf2
                0x02013bc0                __cmpdf2
                0x02013bc0                __eqdf2
                0x02013bc0                __nedf2
                0x02013c48                __aeabi_cdrcmple
                0x02013c64                __aeabi_cdcmple
                0x02013c64                __aeabi_cdcmpeq
                0x02013c7c                __aeabi_dcmpeq
                0x02013c94                __aeabi_dcmplt
                0x02013cac                __aeabi_dcmple
                0x02013cc4                __aeabi_dcmpge
                0x02013cdc                __aeabi_dcmpgt
 .text          0x02013cf4       0x5c /home/hansung/ndsdev/devkitPro/devkitARM/bin/../lib/gcc/arm-none-eabi/4.7.1/thumb/libgcc.a(_arm_fixdfsi.o)
                0x02013cf4                __fixdfsi
                0x02013cf4                __aeabi_d2iz
 .text          0x02013d50       0x3c /home/hansung/ndsdev/devkitPro/devkitARM/bin/../lib/gcc/arm-none-eabi/4.7.1/thumb/libgcc.a(_aeabi_uldivmod.o)
                0x02013d50                __aeabi_uldivmod
 .text          0x02013d8c       0x7c /home/hansung/ndsdev/devkitPro/devkitARM/bin/../lib/gcc/arm-none-eabi/4.7.1/thumb/libgcc.a(bpabi.o)
                0x02013d8c                __gnu_ldivmod_helper
                0x02013dcc                __gnu_uldivmod_helper
 .text          0x02013e08      0x3d4 /home/hansung/ndsdev/devkitPro/devkitARM/bin/../lib/gcc/arm-none-eabi/4.7.1/thumb/libgcc.a(_divdi3.o)
                0x02013e08                __divdi3
 .text          0x020141dc      0x3a0 /home/hansung/ndsdev/devkitPro/devkitARM/bin/../lib/gcc/arm-none-eabi/4.7.1/thumb/libgcc.a(_udivdi3.o)
                0x020141dc                __udivdi3
 .text          0x0201457c       0x48 /home/hansung/ndsdev/devkitPro/devkitARM/bin/../lib/gcc/arm-none-eabi/4.7.1/thumb/libgcc.a(_clzsi2.o)
                0x0201457c                __clzsi2
 .text          0x020145c4        0xc /home/hansung/ndsdev/devkitPro/devkitARM/bin/../lib/gcc/arm-none-eabi/4.7.1/../../../../arm-none-eabi/lib/thumb/libg.a(lib_a-errno.o)
                0x020145c4                __errno
 .text          0x020145d0        0x0 /home/hansung/ndsdev/devkitPro/devkitARM/bin/../lib/gcc/arm-none-eabi/4.7.1/thumb/crtend.o
 .text          0x020145d0        0x0 /home/hansung/ndsdev/devkitPro/devkitARM/bin/../lib/gcc/arm-none-eabi/4.7.1/thumb/crtn.o
 .text.stub     0x020145d0      0x108 linker stubs
 *(.text.*)
 *(.stub)
 *(.gnu.warning)
 *(.gnu.linkonce.t*)
 *(.glue_7)
 .glue_7        0x00000000        0x0 linker stubs
 *(.glue_7t)
 .glue_7t       0x00000000        0x0 linker stubs
                0x020146d8                . = ALIGN (0x4)

.vfp11_veneer   0x020146f0        0x0
 .vfp11_veneer  0x00000000        0x0 linker stubs

.v4_bx          0x020146f0        0x0
 .v4_bx         0x00000000        0x0 linker stubs

.iplt           0x020146f0        0x0
 .iplt          0x00000000        0x0 /home/hansung/ndsdev/devkitPro/devkitARM/bin/../lib/gcc/arm-none-eabi/4.7.1/../../../../arm-none-eabi/lib/thumb/ds_arm9_crt0.o

.fini           0x020146f0        0xc
 *(.fini)
 .fini          0x020146f0        0x4 /home/hansung/ndsdev/devkitPro/devkitARM/bin/../lib/gcc/arm-none-eabi/4.7.1/thumb/crti.o
                0x020146f0                _fini
 .fini          0x020146f4        0x8 /home/hansung/ndsdev/devkitPro/devkitARM/bin/../lib/gcc/arm-none-eabi/4.7.1/thumb/crtn.o
                0x020146fc                __text_end = .

.rodata         0x02014700     0xcd58
 *(.rodata)
 .rodata        0x02014700     0x3038 down.o
                0x02014700                downBitmap
 .rodata        0x02017738     0x2eac up.o
                0x02017738                upBitmap
 .rodata        0x0201a5e4       0x20 tasks.o
 .rodata        0x0201a604      0x1b8 gdbStub.o
 .rodata        0x0201a7bc      0x354 sevencore_io.o
 .rodata        0x0201ab10       0x40 Exp_Homework.o
 .rodata        0x0201ab50       0x30 Exp_Sample.o
 .rodata        0x0201ab80       0x28 main.o
 .rodata        0x0201aba8      0x200 /home/hansung/ndsdev/devkitPro/libnds/lib/libnds9.a(console.o)
 .rodata        0x0201ada8       0x14 /home/hansung/ndsdev/devkitPro/libnds/lib/libnds9.a(decompress.o)
 .rodata        0x0201adbc      0x308 /home/hansung/ndsdev/devkitPro/libnds/lib/libnds9.a(trig.o)
                0x0201adbc                SIN_LUT
                0x0201aec0                TAN_LUT
 .rodata        0x0201b0c4       0x8c /home/hansung/ndsdev/devkitPro/libnds/lib/libnds9.a(videoGL.o)
 .rodata        0x0201b150     0x2004 /home/hansung/ndsdev/devkitPro/libnds/lib/libnds9.a(default_font.bin.o)
                0x0201b150                default_font_bin
                0x0201d150                default_font_bin_end
                0x0201d150                default_font_bin_size
 .rodata        0x0201d154        0x4 /home/hansung/ndsdev/devkitPro/devkitARM/bin/../lib/gcc/arm-none-eabi/4.7.1/../../../../arm-none-eabi/lib/thumb/libg.a(lib_a-impure.o)
                0x0201d154                _global_impure_ptr
 .rodata        0x0201d158      0x340 /home/hansung/ndsdev/devkitPro/devkitARM/bin/../lib/gcc/arm-none-eabi/4.7.1/../../../../arm-none-eabi/lib/thumb/libg.a(lib_a-svfiscanf.o)
 .rodata        0x0201d498      0x184 /home/hansung/ndsdev/devkitPro/devkitARM/bin/../lib/gcc/arm-none-eabi/4.7.1/../../../../arm-none-eabi/lib/thumb/libg.a(lib_a-svfprintf.o)
 .rodata        0x0201d61c      0x184 /home/hansung/ndsdev/devkitPro/devkitARM/bin/../lib/gcc/arm-none-eabi/4.7.1/../../../../arm-none-eabi/lib/thumb/libg.a(lib_a-vfiprintf.o)
 .rodata        0x0201d7a0      0x104 /home/hansung/ndsdev/devkitPro/devkitARM/bin/../lib/gcc/arm-none-eabi/4.7.1/../../../../arm-none-eabi/lib/thumb/libg.a(lib_a-ctype_.o)
                0x0201d7a0                _ctype_
 .rodata        0x0201d8a4     0x34f0 /home/hansung/ndsdev/devkitPro/devkitARM/bin/../lib/gcc/arm-none-eabi/4.7.1/../../../../arm-none-eabi/lib/thumb/libg.a(lib_a-jp2uc.o)
 .rodata        0x02020d94       0xf0 /home/hansung/ndsdev/devkitPro/devkitARM/bin/../lib/gcc/arm-none-eabi/4.7.1/../../../../arm-none-eabi/lib/thumb/libg.a(lib_a-locale.o)
 .rodata        0x02020e84       0xa8 /home/hansung/ndsdev/devkitPro/devkitARM/bin/../lib/gcc/arm-none-eabi/4.7.1/../../../../arm-none-eabi/lib/thumb/libg.a(lib_a-mbtowc_r.o)
 *fill*         0x02020f2c        0x4 ff
 .rodata        0x02020f30      0x128 /home/hansung/ndsdev/devkitPro/devkitARM/bin/../lib/gcc/arm-none-eabi/4.7.1/../../../../arm-none-eabi/lib/thumb/libg.a(lib_a-mprec.o)
                0x02020f40                __mprec_tens
                0x02021008                __mprec_tinytens
                0x02021030                __mprec_bigtens
 .rodata        0x02021058      0x184 /home/hansung/ndsdev/devkitPro/devkitARM/bin/../lib/gcc/arm-none-eabi/4.7.1/../../../../arm-none-eabi/lib/thumb/libg.a(lib_a-svfiprintf.o)
 .rodata        0x020211dc       0x64 /home/hansung/ndsdev/devkitPro/devkitARM/bin/../lib/gcc/arm-none-eabi/4.7.1/../../../../arm-none-eabi/lib/thumb/libsysbase.a(iosupport.o)
                0x020211dc                dotab_stdnull
 *all.rodata*(*)
 *(.roda)
 *(.rodata.*)
 .rodata.str1.4
                0x02021240       0x49 /home/hansung/ndsdev/devkitPro/libnds/lib/libnds9.a(console.o)
                                 0x4c (size before relaxing)
 *fill*         0x02021289        0x3 ff
 .rodata.str1.4
                0x0202128c       0x44 /home/hansung/ndsdev/devkitPro/libnds/lib/libnds9.a(sassert.o)
 .rodata.str1.4
                0x020212d0        0x2 /home/hansung/ndsdev/devkitPro/devkitARM/bin/../lib/gcc/arm-none-eabi/4.7.1/../../../../arm-none-eabi/lib/thumb/libg.a(lib_a-impure.o)
                                  0x4 (size before relaxing)
 *fill*         0x020212d2        0x2 ff
 .rodata.str1.4
                0x020212d4       0x42 /home/hansung/ndsdev/devkitPro/devkitARM/bin/../lib/gcc/arm-none-eabi/4.7.1/../../../../arm-none-eabi/lib/thumb/libg.a(lib_a-svfprintf.o)
                                 0x44 (size before relaxing)
 .rodata.str1.4
                0x00000000       0x30 /home/hansung/ndsdev/devkitPro/devkitARM/bin/../lib/gcc/arm-none-eabi/4.7.1/../../../../arm-none-eabi/lib/thumb/libg.a(lib_a-vfiprintf.o)
 *fill*         0x02021316        0x2 ff
 .rodata.str1.4
                0x02021318       0x10 /home/hansung/ndsdev/devkitPro/devkitARM/bin/../lib/gcc/arm-none-eabi/4.7.1/../../../../arm-none-eabi/lib/thumb/libg.a(lib_a-dtoa.o)
                                 0x14 (size before relaxing)
 .rodata.str1.4
                0x02021328       0x12 /home/hansung/ndsdev/devkitPro/devkitARM/bin/../lib/gcc/arm-none-eabi/4.7.1/../../../../arm-none-eabi/lib/thumb/libg.a(lib_a-jp2uc.o)
                                 0x14 (size before relaxing)
 *fill*         0x0202133a        0x2 ff
 .rodata.str1.4
                0x0202133c      0x112 /home/hansung/ndsdev/devkitPro/devkitARM/bin/../lib/gcc/arm-none-eabi/4.7.1/../../../../arm-none-eabi/lib/thumb/libg.a(lib_a-locale.o)
                                0x130 (size before relaxing)
 .rodata.str1.4
                0x00000000        0x4 /home/hansung/ndsdev/devkitPro/devkitARM/bin/../lib/gcc/arm-none-eabi/4.7.1/../../../../arm-none-eabi/lib/thumb/libg.a(lib_a-mbrtowc.o)
 .rodata.str1.4
                0x00000000       0x30 /home/hansung/ndsdev/devkitPro/devkitARM/bin/../lib/gcc/arm-none-eabi/4.7.1/../../../../arm-none-eabi/lib/thumb/libg.a(lib_a-svfiprintf.o)
 *fill*         0x0202144e        0x2 ff
 .rodata.str1.4
                0x02021450        0x8 /home/hansung/ndsdev/devkitPro/devkitARM/bin/../lib/gcc/arm-none-eabi/4.7.1/../../../../arm-none-eabi/lib/thumb/libsysbase.a(iosupport.o)
 *(.gnu.linkonce.r*)
                0x02021458                . = ALIGN (0x4)

.rel.dyn        0x02021458        0x0
 .rel.iplt      0x00000000        0x0 /home/hansung/ndsdev/devkitPro/devkitARM/bin/../lib/gcc/arm-none-eabi/4.7.1/../../../../arm-none-eabi/lib/thumb/ds_arm9_crt0.o

.ARM.extab
 *(.ARM.extab* .gnu.linkonce.armextab.*)
                0x02021458                __exidx_start = .

ARM.exidx
 *(.ARM.exidx* .gnu.linkonce.armexidx.*)
                0x02021458                __exidx_end = .
                0x02021458                . = ALIGN (0x4)
                0x02021458                PROVIDE (__preinit_array_start, .)

.preinit_array
 *(.preinit_array)
                0x02021458                PROVIDE (__preinit_array_end, .)
                0x02021458                PROVIDE (__init_array_start, .)

.init_array     0x02021458        0x4
 *(SORT(.init_array.*))
 *(.init_array)
 .init_array    0x02021458        0x4 /home/hansung/ndsdev/devkitPro/devkitARM/bin/../lib/gcc/arm-none-eabi/4.7.1/thumb/crtbegin.o
                0x0202145c                PROVIDE (__init_array_end, .)
                0x0202145c                PROVIDE (__fini_array_start, .)

.fini_array     0x0202145c        0x4
 *(.fini_array)
 .fini_array    0x0202145c        0x4 /home/hansung/ndsdev/devkitPro/devkitARM/bin/../lib/gcc/arm-none-eabi/4.7.1/thumb/crtbegin.o
 *(SORT(.fini_array.*))
                0x02021460                PROVIDE (__fini_array_end, .)

.ctors          0x02021460        0x0
 *crtbegin.o(.ctors)
 *(EXCLUDE_FILE(*crtend.o) .ctors)
 *(SORT(.ctors.*))
 *(.ctors)
                0x02021460                . = ALIGN (0x4)

.dtors          0x02021460        0x0
 *crtbegin.o(.dtors)
 *(EXCLUDE_FILE(*crtend.o) .dtors)
 *(SORT(.dtors.*))
 *(.dtors)
                0x02021460                . = ALIGN (0x4)

.eh_frame       0x02021460        0x4
 *(.eh_frame)
 .eh_frame      0x02021460        0x0 /home/hansung/ndsdev/devkitPro/devkitARM/bin/../lib/gcc/arm-none-eabi/4.7.1/thumb/crtbegin.o
 .eh_frame      0x02021460        0x4 /home/hansung/ndsdev/devkitPro/devkitARM/bin/../lib/gcc/arm-none-eabi/4.7.1/thumb/crtend.o
                0x02021464                . = ALIGN (0x4)

.gcc_except_table
                0x02021464        0x0
 *(.gcc_except_table)
                0x02021464                . = ALIGN (0x4)

.jcr            0x02021464        0x4
 *(.jcr)
 .jcr           0x02021464        0x0 /home/hansung/ndsdev/devkitPro/devkitARM/bin/../lib/gcc/arm-none-eabi/4.7.1/thumb/crtbegin.o
 .jcr           0x02021464        0x4 /home/hansung/ndsdev/devkitPro/devkitARM/bin/../lib/gcc/arm-none-eabi/4.7.1/thumb/crtend.o

.got
 *(.got.plt)
 *(.got)
 *(.rel.got)

.ewram          0x02021468        0x0
                0x02021468                __ewram_start = ABSOLUTE (.)
 *(.ewram)
 *ewram.*(.text)
                0x02021468                . = ALIGN (0x4)

.data           0x02021468      0xcf0
                0x02021468                __data_start = ABSOLUTE (.)
 *(.data)
 .data          0x02021468        0x0 /home/hansung/ndsdev/devkitPro/devkitARM/bin/../lib/gcc/arm-none-eabi/4.7.1/../../../../arm-none-eabi/lib/thumb/ds_arm9_crt0.o
 .data          0x02021468        0x0 /home/hansung/ndsdev/devkitPro/devkitARM/bin/../lib/gcc/arm-none-eabi/4.7.1/thumb/crti.o
 .data          0x02021468        0x4 /home/hansung/ndsdev/devkitPro/devkitARM/bin/../lib/gcc/arm-none-eabi/4.7.1/thumb/crtbegin.o
                0x02021468                __dso_handle
 .data          0x0202146c        0x0 down.o
 .data          0x0202146c        0x0 up.o
 .data          0x0202146c        0x0 croutine.o
 .data          0x0202146c        0x0 list.o
 .data          0x0202146c        0x0 queue.o
 .data          0x0202146c        0x4 tasks.o
 .data          0x02021470        0x4 card_spi.o
 .data          0x02021474        0x8 gdbStub.o
                0x02021478                pRegisters
 .data          0x0202147c        0x0 heap_3.o
 .data          0x0202147c        0x4 port.o
 .data          0x02021480        0x4 portISR.o
                0x02021480                ulCriticalNesting
 .data          0x02021484       0x34 sevencore_io.o
 .data          0x020214b8      0x100 Exp_Homework.o
                0x020214bc                SM
 .data          0x020215b8       0xa0 Exp_Sample.o
                0x020215bc                Exam_SM_B
                0x02021604                Exam_SM_C
 .data          0x02021658        0x4 main.o
 .data          0x0202165c        0x0 gdbStubAsm.o
 .data          0x0202165c        0x0 port_asm.o
 .data          0x0202165c       0x60 /home/hansung/ndsdev/devkitPro/libnds/lib/libnds9.a(background.o)
                0x0202165c                bgScrollTable
                0x0202167c                bgTransform
                0x0202169c                bgControl
 .data          0x020216bc       0x64 /home/hansung/ndsdev/devkitPro/libnds/lib/libnds9.a(console.o)
                0x020216bc                currentConsole
                0x020216c0                defaultConsole
 .data          0x02021720        0xc /home/hansung/ndsdev/devkitPro/libnds/lib/libnds9.a(decompress.o)
                0x02021720                decomStream
 .data          0x0202172c        0x0 /home/hansung/ndsdev/devkitPro/libnds/lib/libnds9.a(exceptions.o)
 .data          0x0202172c        0x3 /home/hansung/ndsdev/devkitPro/libnds/lib/libnds9.a(keys.o)
 .data          0x0202172f        0x0 /home/hansung/ndsdev/devkitPro/libnds/lib/libnds9.a(sassert.o)
 .data          0x0202172f        0x0 /home/hansung/ndsdev/devkitPro/libnds/lib/libnds9.a(touch.o)
 .data          0x0202172f        0x0 /home/hansung/ndsdev/devkitPro/libnds/lib/libnds9.a(trig.o)
 *fill*         0x0202172f        0x1 ff
 .data          0x02021730        0x4 /home/hansung/ndsdev/devkitPro/libnds/lib/libnds9.a(videoGL.o)
 .data          0x02021734        0x0 /home/hansung/ndsdev/devkitPro/libnds/lib/libnds9.a(initSystem.o)
 .data          0x02021734       0x10 /home/hansung/ndsdev/devkitPro/libnds/lib/libnds9.a(fifosystem.o)
                0x02021734                fifo_buffer_free
                0x02021738                fifo_freewords
                0x0202173c                fifo_send_queue
                0x02021740                fifo_receive_queue
 .data          0x02021744        0x0 /home/hansung/ndsdev/devkitPro/libnds/lib/libnds9.a(interrupts.o)
 .data          0x02021744        0x0 /home/hansung/ndsdev/devkitPro/libnds/lib/libnds9.a(libnds_exit.arm.o)
 .data          0x02021744        0x0 /home/hansung/ndsdev/devkitPro/libnds/lib/libnds9.a(syscalls.o)
 .data          0x02021744        0x0 /home/hansung/ndsdev/devkitPro/libnds/lib/libnds9.a(exceptionHandler.o)
 .data          0x02021744        0x0 /home/hansung/ndsdev/devkitPro/libnds/lib/libnds9.a(mpu_setup.o)
 .data          0x02021744        0x0 /home/hansung/ndsdev/devkitPro/libnds/lib/libnds9.a(biosCalls.o)
 .data          0x02021744        0x0 /home/hansung/ndsdev/devkitPro/libnds/lib/libnds9.a(debugprint.o)
 .data          0x02021744        0x0 /home/hansung/ndsdev/devkitPro/libnds/lib/libnds9.a(interruptDispatcher.o)
 .data          0x02021744        0x0 /home/hansung/ndsdev/devkitPro/libnds/lib/libnds9.a(swiSoftReset.o)
 .data          0x02021744        0x0 /home/hansung/ndsdev/devkitPro/libnds/lib/libnds9.a(default_font.bin.o)
 .data          0x02021744        0x0 /home/hansung/ndsdev/devkitPro/libnds/lib/libnds9.a(dynamicArray.o)
 .data          0x02021744        0x0 /home/hansung/ndsdev/devkitPro/libnds/lib/libnds9.a(system.o)
 .data          0x02021744        0x0 /home/hansung/ndsdev/devkitPro/libnds/lib/libnds9.a(video.o)
 .data          0x02021744        0x0 /home/hansung/ndsdev/devkitPro/devkitARM/bin/../lib/gcc/arm-none-eabi/4.7.1/thumb/libgcc.a(_udivsi3.o)
 .data          0x02021744        0x0 /home/hansung/ndsdev/devkitPro/devkitARM/bin/../lib/gcc/arm-none-eabi/4.7.1/thumb/libgcc.a(_divsi3.o)
 .data          0x02021744        0x0 /home/hansung/ndsdev/devkitPro/devkitARM/bin/../lib/gcc/arm-none-eabi/4.7.1/thumb/libgcc.a(_dvmd_tls.o)
 .data          0x02021744        0x0 /home/hansung/ndsdev/devkitPro/devkitARM/bin/../lib/gcc/arm-none-eabi/4.7.1/thumb/libgcc.a(_muldi3.o)
 .data          0x02021744        0x0 /home/hansung/ndsdev/devkitPro/devkitARM/bin/../lib/gcc/arm-none-eabi/4.7.1/../../../../arm-none-eabi/lib/thumb/libg.a(lib_a-bsearch.o)
 *fill*         0x02021744        0x4 ff
 .data          0x02021748      0x430 /home/hansung/ndsdev/devkitPro/devkitARM/bin/../lib/gcc/arm-none-eabi/4.7.1/../../../../arm-none-eabi/lib/thumb/libg.a(lib_a-impure.o)
                0x02021748                _impure_ptr
 .data          0x02021b78        0x0 /home/hansung/ndsdev/devkitPro/devkitARM/bin/../lib/gcc/arm-none-eabi/4.7.1/../../../../arm-none-eabi/lib/thumb/libg.a(lib_a-init.o)
 .data          0x02021b78        0x0 /home/hansung/ndsdev/devkitPro/devkitARM/bin/../lib/gcc/arm-none-eabi/4.7.1/../../../../arm-none-eabi/lib/thumb/libg.a(lib_a-iprintf.o)
 .data          0x02021b78        0x0 /home/hansung/ndsdev/devkitPro/devkitARM/bin/../lib/gcc/arm-none-eabi/4.7.1/../../../../arm-none-eabi/lib/thumb/libg.a(lib_a-malloc.o)
 .data          0x02021b78      0x410 /home/hansung/ndsdev/devkitPro/devkitARM/bin/../lib/gcc/arm-none-eabi/4.7.1/../../../../arm-none-eabi/lib/thumb/libg.a(lib_a-mallocr.o)
                0x02021b78                __malloc_av_
                0x02021f80                __malloc_sbrk_base
                0x02021f84                __malloc_trim_threshold
 .data          0x02021f88        0x0 /home/hansung/ndsdev/devkitPro/devkitARM/bin/../lib/gcc/arm-none-eabi/4.7.1/../../../../arm-none-eabi/lib/thumb/libg.a(lib_a-memcpy-stub.o)
 .data          0x02021f88        0x0 /home/hansung/ndsdev/devkitPro/devkitARM/bin/../lib/gcc/arm-none-eabi/4.7.1/../../../../arm-none-eabi/lib/thumb/libg.a(lib_a-memset.o)
 .data          0x02021f88        0x0 /home/hansung/ndsdev/devkitPro/devkitARM/bin/../lib/gcc/arm-none-eabi/4.7.1/../../../../arm-none-eabi/lib/thumb/libg.a(lib_a-mlock.o)
 .data          0x02021f88        0x0 /home/hansung/ndsdev/devkitPro/devkitARM/bin/../lib/gcc/arm-none-eabi/4.7.1/../../../../arm-none-eabi/lib/thumb/libg.a(lib_a-realloc.o)
 .data          0x02021f88        0x0 /home/hansung/ndsdev/devkitPro/devkitARM/bin/../lib/gcc/arm-none-eabi/4.7.1/../../../../arm-none-eabi/lib/thumb/libg.a(lib_a-reallocr.o)
 .data          0x02021f88        0x0 /home/hansung/ndsdev/devkitPro/devkitARM/bin/../lib/gcc/arm-none-eabi/4.7.1/../../../../arm-none-eabi/lib/thumb/libg.a(lib_a-setvbuf.o)
 .data          0x02021f88        0x0 /home/hansung/ndsdev/devkitPro/devkitARM/bin/../lib/gcc/arm-none-eabi/4.7.1/../../../../arm-none-eabi/lib/thumb/libg.a(lib_a-siscanf.o)
 .data          0x02021f88        0x0 /home/hansung/ndsdev/devkitPro/devkitARM/bin/../lib/gcc/arm-none-eabi/4.7.1/../../../../arm-none-eabi/lib/thumb/libg.a(lib_a-sprintf.o)
 .data          0x02021f88        0x0 /home/hansung/ndsdev/devkitPro/devkitARM/bin/../lib/gcc/arm-none-eabi/4.7.1/../../../../arm-none-eabi/lib/thumb/libg.a(lib_a-stdio.o)
 .data          0x02021f88        0x0 /home/hansung/ndsdev/devkitPro/devkitARM/bin/../lib/gcc/arm-none-eabi/4.7.1/../../../../arm-none-eabi/lib/thumb/libg.a(lib_a-strcat.o)
 .data          0x02021f88        0x0 /home/hansung/ndsdev/devkitPro/devkitARM/bin/../lib/gcc/arm-none-eabi/4.7.1/../../../../arm-none-eabi/lib/thumb/libg.a(lib_a-strcpy.o)
 .data          0x02021f88        0x0 /home/hansung/ndsdev/devkitPro/devkitARM/bin/../lib/gcc/arm-none-eabi/4.7.1/../../../../arm-none-eabi/lib/thumb/libg.a(lib_a-strlen.o)
 .data          0x02021f88        0x0 /home/hansung/ndsdev/devkitPro/devkitARM/bin/../lib/gcc/arm-none-eabi/4.7.1/../../../../arm-none-eabi/lib/thumb/libg.a(lib_a-strncpy.o)
 .data          0x02021f88        0x0 /home/hansung/ndsdev/devkitPro/devkitARM/bin/../lib/gcc/arm-none-eabi/4.7.1/../../../../arm-none-eabi/lib/thumb/libg.a(lib_a-svfiscanf.o)
 .data          0x02021f88        0x0 /home/hansung/ndsdev/devkitPro/devkitARM/bin/../lib/gcc/arm-none-eabi/4.7.1/../../../../arm-none-eabi/lib/thumb/libg.a(lib_a-svfprintf.o)
 .data          0x02021f88        0x0 /home/hansung/ndsdev/devkitPro/devkitARM/bin/../lib/gcc/arm-none-eabi/4.7.1/../../../../arm-none-eabi/lib/thumb/libg.a(lib_a-ungetc.o)
 .data          0x02021f88        0x0 /home/hansung/ndsdev/devkitPro/devkitARM/bin/../lib/gcc/arm-none-eabi/4.7.1/../../../../arm-none-eabi/lib/thumb/libg.a(lib_a-vfiprintf.o)
 .data          0x02021f88        0x0 /home/hansung/ndsdev/devkitPro/devkitARM/bin/../lib/gcc/arm-none-eabi/4.7.1/../../../../arm-none-eabi/lib/thumb/libg.a(lib_a-wcrtomb.o)
 .data          0x02021f88        0x0 /home/hansung/ndsdev/devkitPro/devkitARM/bin/../lib/gcc/arm-none-eabi/4.7.1/../../../../arm-none-eabi/lib/thumb/libg.a(lib_a-wcsrtombs.o)
 .data          0x02021f88        0x4 /home/hansung/ndsdev/devkitPro/devkitARM/bin/../lib/gcc/arm-none-eabi/4.7.1/../../../../arm-none-eabi/lib/thumb/libg.a(lib_a-wctomb_r.o)
                0x02021f88                __wctomb
 .data          0x02021f8c        0x0 /home/hansung/ndsdev/devkitPro/devkitARM/bin/../lib/gcc/arm-none-eabi/4.7.1/../../../../arm-none-eabi/lib/thumb/libg.a(lib_a-wsetup.o)
 .data          0x02021f8c        0x4 /home/hansung/ndsdev/devkitPro/devkitARM/bin/../lib/gcc/arm-none-eabi/4.7.1/../../../../arm-none-eabi/lib/thumb/libg.a(lib_a-ctype_.o)
                0x02021f8c                __ctype_ptr__
 .data          0x02021f90        0x0 /home/hansung/ndsdev/devkitPro/devkitARM/bin/../lib/gcc/arm-none-eabi/4.7.1/../../../../arm-none-eabi/lib/thumb/libg.a(lib_a-dtoa.o)
 .data          0x02021f90        0x0 /home/hansung/ndsdev/devkitPro/devkitARM/bin/../lib/gcc/arm-none-eabi/4.7.1/../../../../arm-none-eabi/lib/thumb/libg.a(lib_a-fflush.o)
 .data          0x02021f90        0x0 /home/hansung/ndsdev/devkitPro/devkitARM/bin/../lib/gcc/arm-none-eabi/4.7.1/../../../../arm-none-eabi/lib/thumb/libg.a(lib_a-findfp.o)
 .data          0x02021f90        0x0 /home/hansung/ndsdev/devkitPro/devkitARM/bin/../lib/gcc/arm-none-eabi/4.7.1/../../../../arm-none-eabi/lib/thumb/libg.a(lib_a-fputwc.o)
 .data          0x02021f90        0x0 /home/hansung/ndsdev/devkitPro/devkitARM/bin/../lib/gcc/arm-none-eabi/4.7.1/../../../../arm-none-eabi/lib/thumb/libg.a(lib_a-freer.o)
 .data          0x02021f90        0x0 /home/hansung/ndsdev/devkitPro/devkitARM/bin/../lib/gcc/arm-none-eabi/4.7.1/../../../../arm-none-eabi/lib/thumb/libg.a(lib_a-fvwrite.o)
 .data          0x02021f90        0x0 /home/hansung/ndsdev/devkitPro/devkitARM/bin/../lib/gcc/arm-none-eabi/4.7.1/../../../../arm-none-eabi/lib/thumb/libg.a(lib_a-fwalk.o)
 .data          0x02021f90        0x0 /home/hansung/ndsdev/devkitPro/devkitARM/bin/../lib/gcc/arm-none-eabi/4.7.1/../../../../arm-none-eabi/lib/thumb/libg.a(lib_a-iswspace.o)
 .data          0x02021f90        0x0 /home/hansung/ndsdev/devkitPro/devkitARM/bin/../lib/gcc/arm-none-eabi/4.7.1/../../../../arm-none-eabi/lib/thumb/libg.a(lib_a-jp2uc.o)
 .data          0x02021f90      0x17c /home/hansung/ndsdev/devkitPro/devkitARM/bin/../lib/gcc/arm-none-eabi/4.7.1/../../../../arm-none-eabi/lib/thumb/libg.a(lib_a-locale.o)
                0x02021f90                __default_locale
                0x020220b0                __mb_cur_max
 .data          0x0202210c        0x0 /home/hansung/ndsdev/devkitPro/devkitARM/bin/../lib/gcc/arm-none-eabi/4.7.1/../../../../arm-none-eabi/lib/thumb/libg.a(lib_a-makebuf.o)
 .data          0x0202210c        0x0 /home/hansung/ndsdev/devkitPro/devkitARM/bin/../lib/gcc/arm-none-eabi/4.7.1/../../../../arm-none-eabi/lib/thumb/libg.a(lib_a-mbrtowc.o)
 .data          0x0202210c        0x4 /home/hansung/ndsdev/devkitPro/devkitARM/bin/../lib/gcc/arm-none-eabi/4.7.1/../../../../arm-none-eabi/lib/thumb/libg.a(lib_a-mbtowc_r.o)
                0x0202210c                __mbtowc
 .data          0x02022110        0x0 /home/hansung/ndsdev/devkitPro/devkitARM/bin/../lib/gcc/arm-none-eabi/4.7.1/../../../../arm-none-eabi/lib/thumb/libg.a(lib_a-memchr-stub.o)
 .data          0x02022110        0x0 /home/hansung/ndsdev/devkitPro/devkitARM/bin/../lib/gcc/arm-none-eabi/4.7.1/../../../../arm-none-eabi/lib/thumb/libg.a(lib_a-memmove.o)
 .data          0x02022110        0x0 /home/hansung/ndsdev/devkitPro/devkitARM/bin/../lib/gcc/arm-none-eabi/4.7.1/../../../../arm-none-eabi/lib/thumb/libg.a(lib_a-mprec.o)
 .data          0x02022110        0x0 /home/hansung/ndsdev/devkitPro/devkitARM/bin/../lib/gcc/arm-none-eabi/4.7.1/../../../../arm-none-eabi/lib/thumb/libg.a(lib_a-sccl.o)
 .data          0x02022110        0x0 /home/hansung/ndsdev/devkitPro/devkitARM/bin/../lib/gcc/arm-none-eabi/4.7.1/../../../../arm-none-eabi/lib/thumb/libg.a(lib_a-s_fpclassify.o)
 .data          0x02022110        0x0 /home/hansung/ndsdev/devkitPro/devkitARM/bin/../lib/gcc/arm-none-eabi/4.7.1/../../../../arm-none-eabi/lib/thumb/libg.a(lib_a-strcasecmp.o)
 .data          0x02022110        0x0 /home/hansung/ndsdev/devkitPro/devkitARM/bin/../lib/gcc/arm-none-eabi/4.7.1/../../../../arm-none-eabi/lib/thumb/libg.a(lib_a-strchr.o)
 .data          0x02022110        0x0 /home/hansung/ndsdev/devkitPro/devkitARM/bin/../lib/gcc/arm-none-eabi/4.7.1/../../../../arm-none-eabi/lib/thumb/libg.a(lib_a-strcmp.o)
 .data          0x02022110        0x0 /home/hansung/ndsdev/devkitPro/devkitARM/bin/../lib/gcc/arm-none-eabi/4.7.1/../../../../arm-none-eabi/lib/thumb/libg.a(lib_a-strlcpy.o)
 .data          0x02022110        0x0 /home/hansung/ndsdev/devkitPro/devkitARM/bin/../lib/gcc/arm-none-eabi/4.7.1/../../../../arm-none-eabi/lib/thumb/libg.a(lib_a-strncasecmp.o)
 .data          0x02022110        0x0 /home/hansung/ndsdev/devkitPro/devkitARM/bin/../lib/gcc/arm-none-eabi/4.7.1/../../../../arm-none-eabi/lib/thumb/libg.a(lib_a-strncmp.o)
 .data          0x02022110        0x0 /home/hansung/ndsdev/devkitPro/devkitARM/bin/../lib/gcc/arm-none-eabi/4.7.1/../../../../arm-none-eabi/lib/thumb/libg.a(lib_a-strtoll_r.o)
 .data          0x02022110        0x0 /home/hansung/ndsdev/devkitPro/devkitARM/bin/../lib/gcc/arm-none-eabi/4.7.1/../../../../arm-none-eabi/lib/thumb/libg.a(lib_a-strtol.o)
 .data          0x02022110        0x0 /home/hansung/ndsdev/devkitPro/devkitARM/bin/../lib/gcc/arm-none-eabi/4.7.1/../../../../arm-none-eabi/lib/thumb/libg.a(lib_a-strtoull_r.o)
 .data          0x02022110        0x0 /home/hansung/ndsdev/devkitPro/devkitARM/bin/../lib/gcc/arm-none-eabi/4.7.1/../../../../arm-none-eabi/lib/thumb/libg.a(lib_a-strtoul.o)
 .data          0x02022110        0x0 /home/hansung/ndsdev/devkitPro/devkitARM/bin/../lib/gcc/arm-none-eabi/4.7.1/../../../../arm-none-eabi/lib/thumb/libg.a(lib_a-svfiprintf.o)
 .data          0x02022110        0x0 /home/hansung/ndsdev/devkitPro/devkitARM/bin/../lib/gcc/arm-none-eabi/4.7.1/../../../../arm-none-eabi/lib/thumb/libg.a(lib_a-wbuf.o)
 .data          0x02022110        0x0 /home/hansung/ndsdev/devkitPro/devkitARM/bin/../lib/gcc/arm-none-eabi/4.7.1/../../../../arm-none-eabi/lib/thumb/libg.a(lib_a-wcsnrtombs.o)
 .data          0x02022110        0x0 /home/hansung/ndsdev/devkitPro/devkitARM/bin/../lib/gcc/arm-none-eabi/4.7.1/../../../../arm-none-eabi/lib/thumb/libg.a(lib_a-callocr.o)
 .data          0x02022110        0x0 /home/hansung/ndsdev/devkitPro/devkitARM/bin/../lib/gcc/arm-none-eabi/4.7.1/../../../../arm-none-eabi/lib/thumb/libg.a(lib_a-fclose.o)
 .data          0x02022110        0x0 /home/hansung/ndsdev/devkitPro/devkitARM/bin/../lib/gcc/arm-none-eabi/4.7.1/../../../../arm-none-eabi/lib/thumb/libg.a(lib_a-getenv_r.o)
 .data          0x02022110        0x4 /home/hansung/ndsdev/devkitPro/devkitARM/bin/../lib/gcc/arm-none-eabi/4.7.1/../../../../arm-none-eabi/lib/thumb/libg.a(lib_a-environ.o)
                0x02022110                environ
 .data          0x02022114        0x0 /home/hansung/ndsdev/devkitPro/devkitARM/bin/../lib/gcc/arm-none-eabi/4.7.1/../../../../arm-none-eabi/lib/thumb/libg.a(lib_a-envlock.o)
 .data          0x02022114       0x44 /home/hansung/ndsdev/devkitPro/devkitARM/bin/../lib/gcc/arm-none-eabi/4.7.1/../../../../arm-none-eabi/lib/thumb/libsysbase.a(iosupport.o)
                0x02022118                devoptab_list
 .data          0x02022158        0x0 /home/hansung/ndsdev/devkitPro/devkitARM/bin/../lib/gcc/arm-none-eabi/4.7.1/../../../../arm-none-eabi/lib/thumb/libsysbase.a(close.o)
 .data          0x02022158        0x0 /home/hansung/ndsdev/devkitPro/devkitARM/bin/../lib/gcc/arm-none-eabi/4.7.1/../../../../arm-none-eabi/lib/thumb/libsysbase.a(fstat.o)
 .data          0x02022158        0x0 /home/hansung/ndsdev/devkitPro/devkitARM/bin/../lib/gcc/arm-none-eabi/4.7.1/../../../../arm-none-eabi/lib/thumb/libsysbase.a(isatty.o)
 .data          0x02022158        0x0 /home/hansung/ndsdev/devkitPro/devkitARM/bin/../lib/gcc/arm-none-eabi/4.7.1/../../../../arm-none-eabi/lib/thumb/libsysbase.a(lseek.o)
 .data          0x02022158        0x0 /home/hansung/ndsdev/devkitPro/devkitARM/bin/../lib/gcc/arm-none-eabi/4.7.1/../../../../arm-none-eabi/lib/thumb/libsysbase.a(read.o)
 .data          0x02022158        0x0 /home/hansung/ndsdev/devkitPro/devkitARM/bin/../lib/gcc/arm-none-eabi/4.7.1/../../../../arm-none-eabi/lib/thumb/libsysbase.a(sbrk.o)
 .data          0x02022158        0x0 /home/hansung/ndsdev/devkitPro/devkitARM/bin/../lib/gcc/arm-none-eabi/4.7.1/../../../../arm-none-eabi/lib/thumb/libsysbase.a(times.o)
 .data          0x02022158        0x0 /home/hansung/ndsdev/devkitPro/devkitARM/bin/../lib/gcc/arm-none-eabi/4.7.1/../../../../arm-none-eabi/lib/thumb/libsysbase.a(write.o)
 .data          0x02022158        0x0 /home/hansung/ndsdev/devkitPro/devkitARM/bin/../lib/gcc/arm-none-eabi/4.7.1/../../../../arm-none-eabi/lib/thumb/libsysbase.a(malloc_vars.o)
 .data          0x02022158        0x0 /home/hansung/ndsdev/devkitPro/devkitARM/bin/../lib/gcc/arm-none-eabi/4.7.1/../../../../arm-none-eabi/lib/thumb/libsysbase.a(build_argv.o)
 .data          0x02022158        0x0 /home/hansung/ndsdev/devkitPro/devkitARM/bin/../lib/gcc/arm-none-eabi/4.7.1/../../../../arm-none-eabi/lib/thumb/libsysbase.a(syscall_support.o)
 .data          0x02022158        0x0 /home/hansung/ndsdev/devkitPro/devkitARM/bin/../lib/gcc/arm-none-eabi/4.7.1/../../../../arm-none-eabi/lib/thumb/libsysbase.a(handle_manager.o)
 .data          0x02022158        0x0 /home/hansung/ndsdev/devkitPro/devkitARM/bin/../lib/gcc/arm-none-eabi/4.7.1/thumb/libgcc.a(_arm_addsubdf3.o)
 .data          0x02022158        0x0 /home/hansung/ndsdev/devkitPro/devkitARM/bin/../lib/gcc/arm-none-eabi/4.7.1/thumb/libgcc.a(_arm_muldivdf3.o)
 .data          0x02022158        0x0 /home/hansung/ndsdev/devkitPro/devkitARM/bin/../lib/gcc/arm-none-eabi/4.7.1/thumb/libgcc.a(_arm_cmpdf2.o)
 .data          0x02022158        0x0 /home/hansung/ndsdev/devkitPro/devkitARM/bin/../lib/gcc/arm-none-eabi/4.7.1/thumb/libgcc.a(_arm_fixdfsi.o)
 .data          0x02022158        0x0 /home/hansung/ndsdev/devkitPro/devkitARM/bin/../lib/gcc/arm-none-eabi/4.7.1/thumb/libgcc.a(_aeabi_uldivmod.o)
 .data          0x02022158        0x0 /home/hansung/ndsdev/devkitPro/devkitARM/bin/../lib/gcc/arm-none-eabi/4.7.1/thumb/libgcc.a(bpabi.o)
 .data          0x02022158        0x0 /home/hansung/ndsdev/devkitPro/devkitARM/bin/../lib/gcc/arm-none-eabi/4.7.1/thumb/libgcc.a(_divdi3.o)
 .data          0x02022158        0x0 /home/hansung/ndsdev/devkitPro/devkitARM/bin/../lib/gcc/arm-none-eabi/4.7.1/thumb/libgcc.a(_udivdi3.o)
 .data          0x02022158        0x0 /home/hansung/ndsdev/devkitPro/devkitARM/bin/../lib/gcc/arm-none-eabi/4.7.1/thumb/libgcc.a(_clzsi2.o)
 .data          0x02022158        0x0 /home/hansung/ndsdev/devkitPro/devkitARM/bin/../lib/gcc/arm-none-eabi/4.7.1/../../../../arm-none-eabi/lib/thumb/libg.a(lib_a-errno.o)
 .data          0x02022158        0x0 /home/hansung/ndsdev/devkitPro/devkitARM/bin/../lib/gcc/arm-none-eabi/4.7.1/thumb/crtend.o
 .data          0x02022158        0x0 /home/hansung/ndsdev/devkitPro/devkitARM/bin/../lib/gcc/arm-none-eabi/4.7.1/thumb/crtn.o
 *(.data.*)
 *(.gnu.linkonce.d*)
                0x02022158                . = ALIGN (0x4)
                0x02022158                __data_end = ABSOLUTE (.)
                0x02022158                __dtcm_lma = .
                0x02022158                __bss_vma = .

.igot.plt       0x02022158        0x0
 .igot.plt      0x00000000        0x0 /home/hansung/ndsdev/devkitPro/devkitARM/bin/../lib/gcc/arm-none-eabi/4.7.1/../../../../arm-none-eabi/lib/thumb/ds_arm9_crt0.o

.tm_clone_table
                0x02022158        0x0
 .tm_clone_table
                0x02022158        0x0 /home/hansung/ndsdev/devkitPro/devkitARM/bin/../lib/gcc/arm-none-eabi/4.7.1/thumb/crtbegin.o
 .tm_clone_table
                0x02022158        0x0 /home/hansung/ndsdev/devkitPro/devkitARM/bin/../lib/gcc/arm-none-eabi/4.7.1/thumb/crtend.o

.dtcm           0x0b000000        0x0 load address 0x02022158
 *(.dtcm)
 *(.dtcm.*)
                0x0b000000                . = ALIGN (0x4)
                0x0b000000                __dtcm_end = ABSOLUTE (.)
                0x02022158                __itcm_lma = (__dtcm_lma + SIZEOF (.dtcm))

.itcm           0x01000100      0x194 load address 0x02022158
 *(.itcm)
 .itcm          0x01000100       0xc8 /home/hansung/ndsdev/devkitPro/libnds/lib/libnds9.a(interrupts.o)
                0x01000100                irqTable
 .itcm          0x010001c8       0xcc /home/hansung/ndsdev/devkitPro/libnds/lib/libnds9.a(interruptDispatcher.o)
                0x010001c8                IntrMain
 *itcm.*(.text)
                0x01000294                . = ALIGN (0x4)
                0x01000294                __itcm_end = ABSOLUTE (.)
                0x020222ec                __vectors_lma = (__itcm_lma + SIZEOF (.itcm))

.vectors        0x01000000        0x0 load address 0x020222ec
 *(.vectors)
 *vectors.*(.text)
                0x01000000                . = ALIGN (0x4)
                0x01000000                __vectors_end = ABSOLUTE (.)

.sbss           0x0b000000        0x0
                0x0b000000                __sbss_start = ABSOLUTE (.)
                0x0b000000                __sbss_start__ = ABSOLUTE (.)
 *(.sbss)
                0x0b000000                . = ALIGN (0x4)
                0x0b000000                __sbss_end = ABSOLUTE (.)

.bss            0x02022158     0x466c
                0x02022158                __bss_start = ABSOLUTE (.)
                0x02022158                __bss_start__ = ABSOLUTE (.)
 *(.dynbss)
 *(.gnu.linkonce.b*)
 *(.bss*)
 .bss           0x02022158        0x0 /home/hansung/ndsdev/devkitPro/devkitARM/bin/../lib/gcc/arm-none-eabi/4.7.1/../../../../arm-none-eabi/lib/thumb/ds_arm9_crt0.o
 .bss           0x02022158        0x0 /home/hansung/ndsdev/devkitPro/devkitARM/bin/../lib/gcc/arm-none-eabi/4.7.1/thumb/crti.o
 .bss           0x02022158       0x1c /home/hansung/ndsdev/devkitPro/devkitARM/bin/../lib/gcc/arm-none-eabi/4.7.1/thumb/crtbegin.o
 .bss           0x02022174        0x0 down.o
 .bss           0x02022174        0x0 up.o
 .bss           0x02022174       0x80 croutine.o
                0x020221e0                pxCurrentCoRoutine
 .bss           0x020221f4        0x0 list.o
 .bss           0x020221f4        0x0 queue.o
 .bss           0x020221f4     0x14cc tasks.o
                0x020221f4                pxCurrentTCB
 .bss           0x020236c0        0x8 card_spi.o
 .bss           0x020236c8     0x1050 gdbStub.o
                0x020246c8                regMem
 .bss           0x02024718        0x0 heap_3.o
 .bss           0x02024718        0x0 port.o
 .bss           0x02024718        0x0 portISR.o
 .bss           0x02024718       0x70 sevencore_io.o
 .bss           0x02024788        0x8 Exp_Homework.o
                0x02024788                start_time
                0x0202478c                led_state1
                0x0202478d                led_state2
 .bss           0x02024790        0x4 Exp_Sample.o
                0x02024790                start_time_c
 .bss           0x02024794        0x0 main.o
 .bss           0x02024794        0x0 gdbStubAsm.o
 .bss           0x02024794        0x0 port_asm.o
 .bss           0x02024794        0x0 /home/hansung/ndsdev/devkitPro/libnds/lib/libnds9.a(background.o)
 .bss           0x02024794        0x0 /home/hansung/ndsdev/devkitPro/libnds/lib/libnds9.a(console.o)
 .bss           0x02024794        0x0 /home/hansung/ndsdev/devkitPro/libnds/lib/libnds9.a(decompress.o)
 .bss           0x02024794        0x0 /home/hansung/ndsdev/devkitPro/libnds/lib/libnds9.a(exceptions.o)
 .bss           0x02024794        0x6 /home/hansung/ndsdev/devkitPro/libnds/lib/libnds9.a(keys.o)
 .bss           0x0202479a        0x0 /home/hansung/ndsdev/devkitPro/libnds/lib/libnds9.a(sassert.o)
 .bss           0x0202479a        0x0 /home/hansung/ndsdev/devkitPro/libnds/lib/libnds9.a(touch.o)
 .bss           0x0202479a        0x0 /home/hansung/ndsdev/devkitPro/libnds/lib/libnds9.a(trig.o)
 *fill*         0x0202479a        0x2 00
 .bss           0x0202479c        0x8 /home/hansung/ndsdev/devkitPro/libnds/lib/libnds9.a(videoGL.o)
 .bss           0x020247a4        0x0 /home/hansung/ndsdev/devkitPro/libnds/lib/libnds9.a(initSystem.o)
 .bss           0x020247a4        0x8 /home/hansung/ndsdev/devkitPro/libnds/lib/libnds9.a(fifosystem.o)
                0x020247a8                processing
 .bss           0x020247ac        0x0 /home/hansung/ndsdev/devkitPro/libnds/lib/libnds9.a(interrupts.o)
 .bss           0x020247ac        0x0 /home/hansung/ndsdev/devkitPro/libnds/lib/libnds9.a(libnds_exit.arm.o)
 .bss           0x020247ac        0x0 /home/hansung/ndsdev/devkitPro/libnds/lib/libnds9.a(syscalls.o)
 .bss           0x020247ac        0x0 /home/hansung/ndsdev/devkitPro/libnds/lib/libnds9.a(exceptionHandler.o)
 .bss           0x020247ac        0x0 /home/hansung/ndsdev/devkitPro/libnds/lib/libnds9.a(mpu_setup.o)
 .bss           0x020247ac        0x0 /home/hansung/ndsdev/devkitPro/libnds/lib/libnds9.a(biosCalls.o)
 .bss           0x020247ac        0x0 /home/hansung/ndsdev/devkitPro/libnds/lib/libnds9.a(debugprint.o)
 .bss           0x020247ac        0x0 /home/hansung/ndsdev/devkitPro/libnds/lib/libnds9.a(interruptDispatcher.o)
 .bss           0x020247ac        0x0 /home/hansung/ndsdev/devkitPro/libnds/lib/libnds9.a(swiSoftReset.o)
 .bss           0x020247ac        0x0 /home/hansung/ndsdev/devkitPro/libnds/lib/libnds9.a(default_font.bin.o)
 .bss           0x020247ac        0x0 /home/hansung/ndsdev/devkitPro/libnds/lib/libnds9.a(dynamicArray.o)
 .bss           0x020247ac        0x4 /home/hansung/ndsdev/devkitPro/libnds/lib/libnds9.a(system.o)
 .bss           0x020247b0        0x0 /home/hansung/ndsdev/devkitPro/libnds/lib/libnds9.a(video.o)
 .bss           0x020247b0        0x0 /home/hansung/ndsdev/devkitPro/devkitARM/bin/../lib/gcc/arm-none-eabi/4.7.1/thumb/libgcc.a(_udivsi3.o)
 .bss           0x020247b0        0x0 /home/hansung/ndsdev/devkitPro/devkitARM/bin/../lib/gcc/arm-none-eabi/4.7.1/thumb/libgcc.a(_divsi3.o)
 .bss           0x020247b0        0x0 /home/hansung/ndsdev/devkitPro/devkitARM/bin/../lib/gcc/arm-none-eabi/4.7.1/thumb/libgcc.a(_dvmd_tls.o)
 .bss           0x020247b0        0x0 /home/hansung/ndsdev/devkitPro/devkitARM/bin/../lib/gcc/arm-none-eabi/4.7.1/thumb/libgcc.a(_muldi3.o)
 .bss           0x020247b0        0x0 /home/hansung/ndsdev/devkitPro/devkitARM/bin/../lib/gcc/arm-none-eabi/4.7.1/../../../../arm-none-eabi/lib/thumb/libg.a(lib_a-bsearch.o)
 .bss           0x020247b0        0x0 /home/hansung/ndsdev/devkitPro/devkitARM/bin/../lib/gcc/arm-none-eabi/4.7.1/../../../../arm-none-eabi/lib/thumb/libg.a(lib_a-impure.o)
 .bss           0x020247b0        0x0 /home/hansung/ndsdev/devkitPro/devkitARM/bin/../lib/gcc/arm-none-eabi/4.7.1/../../../../arm-none-eabi/lib/thumb/libg.a(lib_a-init.o)
 .bss           0x020247b0        0x0 /home/hansung/ndsdev/devkitPro/devkitARM/bin/../lib/gcc/arm-none-eabi/4.7.1/../../../../arm-none-eabi/lib/thumb/libg.a(lib_a-iprintf.o)
 .bss           0x020247b0        0x0 /home/hansung/ndsdev/devkitPro/devkitARM/bin/../lib/gcc/arm-none-eabi/4.7.1/../../../../arm-none-eabi/lib/thumb/libg.a(lib_a-malloc.o)
 .bss           0x020247b0       0x34 /home/hansung/ndsdev/devkitPro/devkitARM/bin/../lib/gcc/arm-none-eabi/4.7.1/../../../../arm-none-eabi/lib/thumb/libg.a(lib_a-mallocr.o)
                0x020247b0                __malloc_top_pad
                0x020247b4                __malloc_current_mallinfo
                0x020247dc                __malloc_max_sbrked_mem
                0x020247e0                __malloc_max_total_mem
 .bss           0x020247e4        0x0 /home/hansung/ndsdev/devkitPro/devkitARM/bin/../lib/gcc/arm-none-eabi/4.7.1/../../../../arm-none-eabi/lib/thumb/libg.a(lib_a-memcpy-stub.o)
 .bss           0x020247e4        0x0 /home/hansung/ndsdev/devkitPro/devkitARM/bin/../lib/gcc/arm-none-eabi/4.7.1/../../../../arm-none-eabi/lib/thumb/libg.a(lib_a-memset.o)
 .bss           0x020247e4        0x0 /home/hansung/ndsdev/devkitPro/devkitARM/bin/../lib/gcc/arm-none-eabi/4.7.1/../../../../arm-none-eabi/lib/thumb/libg.a(lib_a-mlock.o)
 .bss           0x020247e4        0x0 /home/hansung/ndsdev/devkitPro/devkitARM/bin/../lib/gcc/arm-none-eabi/4.7.1/../../../../arm-none-eabi/lib/thumb/libg.a(lib_a-realloc.o)
 .bss           0x020247e4        0x0 /home/hansung/ndsdev/devkitPro/devkitARM/bin/../lib/gcc/arm-none-eabi/4.7.1/../../../../arm-none-eabi/lib/thumb/libg.a(lib_a-reallocr.o)
 .bss           0x020247e4        0x0 /home/hansung/ndsdev/devkitPro/devkitARM/bin/../lib/gcc/arm-none-eabi/4.7.1/../../../../arm-none-eabi/lib/thumb/libg.a(lib_a-setvbuf.o)
 .bss           0x020247e4        0x0 /home/hansung/ndsdev/devkitPro/devkitARM/bin/../lib/gcc/arm-none-eabi/4.7.1/../../../../arm-none-eabi/lib/thumb/libg.a(lib_a-siscanf.o)
 .bss           0x020247e4        0x0 /home/hansung/ndsdev/devkitPro/devkitARM/bin/../lib/gcc/arm-none-eabi/4.7.1/../../../../arm-none-eabi/lib/thumb/libg.a(lib_a-sprintf.o)
 .bss           0x020247e4        0x0 /home/hansung/ndsdev/devkitPro/devkitARM/bin/../lib/gcc/arm-none-eabi/4.7.1/../../../../arm-none-eabi/lib/thumb/libg.a(lib_a-stdio.o)
 .bss           0x020247e4        0x0 /home/hansung/ndsdev/devkitPro/devkitARM/bin/../lib/gcc/arm-none-eabi/4.7.1/../../../../arm-none-eabi/lib/thumb/libg.a(lib_a-strcat.o)
 .bss           0x020247e4        0x0 /home/hansung/ndsdev/devkitPro/devkitARM/bin/../lib/gcc/arm-none-eabi/4.7.1/../../../../arm-none-eabi/lib/thumb/libg.a(lib_a-strcpy.o)
 .bss           0x020247e4        0x0 /home/hansung/ndsdev/devkitPro/devkitARM/bin/../lib/gcc/arm-none-eabi/4.7.1/../../../../arm-none-eabi/lib/thumb/libg.a(lib_a-strlen.o)
 .bss           0x020247e4        0x0 /home/hansung/ndsdev/devkitPro/devkitARM/bin/../lib/gcc/arm-none-eabi/4.7.1/../../../../arm-none-eabi/lib/thumb/libg.a(lib_a-strncpy.o)
 .bss           0x020247e4        0x0 /home/hansung/ndsdev/devkitPro/devkitARM/bin/../lib/gcc/arm-none-eabi/4.7.1/../../../../arm-none-eabi/lib/thumb/libg.a(lib_a-svfiscanf.o)
 .bss           0x020247e4        0x0 /home/hansung/ndsdev/devkitPro/devkitARM/bin/../lib/gcc/arm-none-eabi/4.7.1/../../../../arm-none-eabi/lib/thumb/libg.a(lib_a-svfprintf.o)
 .bss           0x020247e4        0x0 /home/hansung/ndsdev/devkitPro/devkitARM/bin/../lib/gcc/arm-none-eabi/4.7.1/../../../../arm-none-eabi/lib/thumb/libg.a(lib_a-ungetc.o)
 .bss           0x020247e4        0x0 /home/hansung/ndsdev/devkitPro/devkitARM/bin/../lib/gcc/arm-none-eabi/4.7.1/../../../../arm-none-eabi/lib/thumb/libg.a(lib_a-vfiprintf.o)
 .bss           0x020247e4        0x0 /home/hansung/ndsdev/devkitPro/devkitARM/bin/../lib/gcc/arm-none-eabi/4.7.1/../../../../arm-none-eabi/lib/thumb/libg.a(lib_a-wcrtomb.o)
 .bss           0x020247e4        0x0 /home/hansung/ndsdev/devkitPro/devkitARM/bin/../lib/gcc/arm-none-eabi/4.7.1/../../../../arm-none-eabi/lib/thumb/libg.a(lib_a-wcsrtombs.o)
 .bss           0x020247e4        0x0 /home/hansung/ndsdev/devkitPro/devkitARM/bin/../lib/gcc/arm-none-eabi/4.7.1/../../../../arm-none-eabi/lib/thumb/libg.a(lib_a-wctomb_r.o)
 .bss           0x020247e4        0x0 /home/hansung/ndsdev/devkitPro/devkitARM/bin/../lib/gcc/arm-none-eabi/4.7.1/../../../../arm-none-eabi/lib/thumb/libg.a(lib_a-wsetup.o)
 .bss           0x020247e4        0x0 /home/hansung/ndsdev/devkitPro/devkitARM/bin/../lib/gcc/arm-none-eabi/4.7.1/../../../../arm-none-eabi/lib/thumb/libg.a(lib_a-ctype_.o)
 .bss           0x020247e4        0x0 /home/hansung/ndsdev/devkitPro/devkitARM/bin/../lib/gcc/arm-none-eabi/4.7.1/../../../../arm-none-eabi/lib/thumb/libg.a(lib_a-dtoa.o)
 .bss           0x020247e4        0x0 /home/hansung/ndsdev/devkitPro/devkitARM/bin/../lib/gcc/arm-none-eabi/4.7.1/../../../../arm-none-eabi/lib/thumb/libg.a(lib_a-fflush.o)
 .bss           0x020247e4        0x0 /home/hansung/ndsdev/devkitPro/devkitARM/bin/../lib/gcc/arm-none-eabi/4.7.1/../../../../arm-none-eabi/lib/thumb/libg.a(lib_a-findfp.o)
 .bss           0x020247e4        0x0 /home/hansung/ndsdev/devkitPro/devkitARM/bin/../lib/gcc/arm-none-eabi/4.7.1/../../../../arm-none-eabi/lib/thumb/libg.a(lib_a-fputwc.o)
 .bss           0x020247e4        0x0 /home/hansung/ndsdev/devkitPro/devkitARM/bin/../lib/gcc/arm-none-eabi/4.7.1/../../../../arm-none-eabi/lib/thumb/libg.a(lib_a-freer.o)
 .bss           0x020247e4        0x0 /home/hansung/ndsdev/devkitPro/devkitARM/bin/../lib/gcc/arm-none-eabi/4.7.1/../../../../arm-none-eabi/lib/thumb/libg.a(lib_a-fvwrite.o)
 .bss           0x020247e4        0x0 /home/hansung/ndsdev/devkitPro/devkitARM/bin/../lib/gcc/arm-none-eabi/4.7.1/../../../../arm-none-eabi/lib/thumb/libg.a(lib_a-fwalk.o)
 .bss           0x020247e4        0x0 /home/hansung/ndsdev/devkitPro/devkitARM/bin/../lib/gcc/arm-none-eabi/4.7.1/../../../../arm-none-eabi/lib/thumb/libg.a(lib_a-iswspace.o)
 .bss           0x020247e4        0x0 /home/hansung/ndsdev/devkitPro/devkitARM/bin/../lib/gcc/arm-none-eabi/4.7.1/../../../../arm-none-eabi/lib/thumb/libg.a(lib_a-jp2uc.o)
 .bss           0x020247e4      0x2b8 /home/hansung/ndsdev/devkitPro/devkitARM/bin/../lib/gcc/arm-none-eabi/4.7.1/../../../../arm-none-eabi/lib/thumb/libg.a(lib_a-locale.o)
                0x02024a90                _PathLocale
                0x02024a94                __mlocale_changed
                0x02024a98                __nlocale_changed
 .bss           0x02024a9c        0x0 /home/hansung/ndsdev/devkitPro/devkitARM/bin/../lib/gcc/arm-none-eabi/4.7.1/../../../../arm-none-eabi/lib/thumb/libg.a(lib_a-makebuf.o)
 .bss           0x02024a9c        0x0 /home/hansung/ndsdev/devkitPro/devkitARM/bin/../lib/gcc/arm-none-eabi/4.7.1/../../../../arm-none-eabi/lib/thumb/libg.a(lib_a-mbrtowc.o)
 .bss           0x02024a9c        0x0 /home/hansung/ndsdev/devkitPro/devkitARM/bin/../lib/gcc/arm-none-eabi/4.7.1/../../../../arm-none-eabi/lib/thumb/libg.a(lib_a-mbtowc_r.o)
 .bss           0x02024a9c        0x0 /home/hansung/ndsdev/devkitPro/devkitARM/bin/../lib/gcc/arm-none-eabi/4.7.1/../../../../arm-none-eabi/lib/thumb/libg.a(lib_a-memchr-stub.o)
 .bss           0x02024a9c        0x0 /home/hansung/ndsdev/devkitPro/devkitARM/bin/../lib/gcc/arm-none-eabi/4.7.1/../../../../arm-none-eabi/lib/thumb/libg.a(lib_a-memmove.o)
 .bss           0x02024a9c        0x0 /home/hansung/ndsdev/devkitPro/devkitARM/bin/../lib/gcc/arm-none-eabi/4.7.1/../../../../arm-none-eabi/lib/thumb/libg.a(lib_a-mprec.o)
 .bss           0x02024a9c        0x0 /home/hansung/ndsdev/devkitPro/devkitARM/bin/../lib/gcc/arm-none-eabi/4.7.1/../../../../arm-none-eabi/lib/thumb/libg.a(lib_a-sccl.o)
 .bss           0x02024a9c        0x0 /home/hansung/ndsdev/devkitPro/devkitARM/bin/../lib/gcc/arm-none-eabi/4.7.1/../../../../arm-none-eabi/lib/thumb/libg.a(lib_a-s_fpclassify.o)