Archive member included because of file (symbol)

/home/woo/ndsdev/devkitPro/libnds/lib/libdswifi9.a(sgIP_DNS.o)
                              wifi.o (inet_addr)
/home/woo/ndsdev/devkitPro/libnds/lib/libdswifi9.a(sgIP_Hub.o)
                              /home/woo/ndsdev/devkitPro/libnds/lib/libdswifi9.a(sgIP_DNS.o) (sgIP_Hub_GetDefaultInterface)
/home/woo/ndsdev/devkitPro/libnds/lib/libdswifi9.a(sgIP_memblock.o)
                              /home/woo/ndsdev/devkitPro/libnds/lib/libdswifi9.a(sgIP_Hub.o) (sgIP_memblock_free)
/home/woo/ndsdev/devkitPro/libnds/lib/libdswifi9.a(sgIP_sockets.o)
                              wifi.o (socket)
/home/woo/ndsdev/devkitPro/libnds/lib/libdswifi9.a(wifi_arm9.o)
                              /home/woo/ndsdev/devkitPro/libnds/lib/libdswifi9.a(sgIP_DNS.o) (sgIP_IntrWaitEvent)
/home/woo/ndsdev/devkitPro/libnds/lib/libdswifi9.a(spinlock.o)
                              /home/woo/ndsdev/devkitPro/libnds/lib/libdswifi9.a(wifi_arm9.o) (SLasm_Acquire)
/home/woo/ndsdev/devkitPro/libnds/lib/libdswifi9.a(sgIP.o)
                              /home/woo/ndsdev/devkitPro/libnds/lib/libdswifi9.a(wifi_arm9.o) (sgIP_Init)
/home/woo/ndsdev/devkitPro/libnds/lib/libdswifi9.a(sgIP_ARP.o)
                              /home/woo/ndsdev/devkitPro/libnds/lib/libdswifi9.a(sgIP.o) (sgIP_ARP_Init)
/home/woo/ndsdev/devkitPro/libnds/lib/libdswifi9.a(sgIP_DHCP.o)
                              /home/woo/ndsdev/devkitPro/libnds/lib/libdswifi9.a(sgIP.o) (sgIP_DHCP_Init)
/home/woo/ndsdev/devkitPro/libnds/lib/libdswifi9.a(sgIP_IP.o)
                              /home/woo/ndsdev/devkitPro/libnds/lib/libdswifi9.a(sgIP.o) (sgIP_IP_ReceivePacket)
/home/woo/ndsdev/devkitPro/libnds/lib/libdswifi9.a(sgIP_TCP.o)
                              /home/woo/ndsdev/devkitPro/libnds/lib/libdswifi9.a(sgIP.o) (sgIP_TCP_Init)
/home/woo/ndsdev/devkitPro/libnds/lib/libdswifi9.a(sgIP_UDP.o)
                              /home/woo/ndsdev/devkitPro/libnds/lib/libdswifi9.a(sgIP.o) (sgIP_UDP_Init)
/home/woo/ndsdev/devkitPro/libnds/lib/libdswifi9.a(sgIP_ICMP.o)
                              /home/woo/ndsdev/devkitPro/libnds/lib/libdswifi9.a(sgIP_IP.o) (sgIP_ICMP_ReceivePacket)
/home/woo/ndsdev/devkitPro/libnds/lib/libfat.a(libfat.o)
                              main.o (fatInitDefault)
/home/woo/ndsdev/devkitPro/libnds/lib/libfat.a(partition.o)
                              /home/woo/ndsdev/devkitPro/libnds/lib/libfat.a(libfat.o) (_FAT_partition_constructor)
/home/woo/ndsdev/devkitPro/libnds/lib/libfat.a(cache.o)
                              /home/woo/ndsdev/devkitPro/libnds/lib/libfat.a(partition.o) (_FAT_cache_constructor)
/home/woo/ndsdev/devkitPro/libnds/lib/libfat.a(directory.o)
                              /home/woo/ndsdev/devkitPro/libnds/lib/libfat.a(libfat.o) (_FAT_directory_getVolumeLabel)
/home/woo/ndsdev/devkitPro/libnds/lib/libfat.a(disc.o)
                              /home/woo/ndsdev/devkitPro/libnds/lib/libfat.a(libfat.o) (_FAT_disc_interfaces)
/home/woo/ndsdev/devkitPro/libnds/lib/libfat.a(fatdir.o)
                              /home/woo/ndsdev/devkitPro/libnds/lib/libfat.a(libfat.o) (_FAT_stat_r)
/home/woo/ndsdev/devkitPro/libnds/lib/libfat.a(fatfile.o)
                              /home/woo/ndsdev/devkitPro/libnds/lib/libfat.a(libfat.o) (_FAT_open_r)
/home/woo/ndsdev/devkitPro/libnds/lib/libfat.a(file_allocation_table.o)
                              /home/woo/ndsdev/devkitPro/libnds/lib/libfat.a(directory.o) (_FAT_fat_nextCluster)
/home/woo/ndsdev/devkitPro/libnds/lib/libfat.a(filetime.o)
                              /home/woo/ndsdev/devkitPro/libnds/lib/libfat.a(fatdir.o) (_FAT_filetime_getTimeFromRTC)
/home/woo/ndsdev/devkitPro/libnds/lib/libfat.a(lock.o)
                              /home/woo/ndsdev/devkitPro/libnds/lib/libfat.a(partition.o) (_FAT_lock_init)
/home/woo/ndsdev/devkitPro/libnds/lib/libnds9.a(console.o)
                              main.o (consoleDemoInit)
/home/woo/ndsdev/devkitPro/libnds/lib/libnds9.a(keys.o)
                              download.o (keysCurrent)
/home/woo/ndsdev/devkitPro/libnds/lib/libnds9.a(dldi.o)
                              /home/woo/ndsdev/devkitPro/libnds/lib/libfat.a(disc.o) (dldiGetInternal)
/home/woo/ndsdev/devkitPro/libnds/lib/libnds9.a(dsi_sd.o)
                              /home/woo/ndsdev/devkitPro/libnds/lib/libfat.a(disc.o) (__io_dsisd)
/home/woo/ndsdev/devkitPro/libnds/lib/libnds9.a(initSystem.o)
                              /home/woo/ndsdev/devkitPro/devkitARM/bin/../lib/gcc/arm-eabi/4.6.2/../../../../arm-eabi/lib/thumb/ds_arm9_crt0.o (initSystem)
/home/woo/ndsdev/devkitPro/libnds/lib/libnds9.a(fifosystem.o)
                              /home/woo/ndsdev/devkitPro/libnds/lib/libdswifi9.a(wifi_arm9.o) (fifoSendAddress)
/home/woo/ndsdev/devkitPro/libnds/lib/libnds9.a(interrupts.o)
                              /home/woo/ndsdev/devkitPro/libnds/lib/libdswifi9.a(wifi_arm9.o) (irqSet)
/home/woo/ndsdev/devkitPro/libnds/lib/libnds9.a(libnds_exit.o)
[...]
Memory Configuration

Name             Origin             Length             Attributes
rom              0x08000000         0x02000000
ewram            0x02000000         0x003ff000
dtcm             0x0b000000         0x00004000
vectors          0x01000000         0x00000100
itcm             0x01000100         0x00007f00
*default*        0x00000000         0xffffffff

Linker script and memory map

                0x01000000                __vectors_start = ORIGIN (vectors)
                0x01000100                __itcm_start = ORIGIN (itcm)
                0x023ff000                __ewram_end = (ORIGIN (ewram) + 0x3ff000)
                0x023ff000                __eheap_end = (ORIGIN (ewram) + 0x3ff000)
                0x0b000000                __dtcm_start = ORIGIN (dtcm)
                0x0b004000                __dtcm_top = (ORIGIN (dtcm) + 0x4000)
                0x0b003ff8                __irq_flags = (__dtcm_top - 0x8)
                0x0b003ffc                __irq_vector = (__dtcm_top - 0x4)
                0x0b003f00                __sp_svc = (__dtcm_top - 0x100)
                0x0b003e00                __sp_irq = (__sp_svc - 0x100)
                0x0b003d00                __sp_usr = (__sp_irq - 0x100)

.init           0x02000000      0x23c
                0x02000000                __text_start = .
 *(.init)
 .init          0x02000000      0x230 /home/woo/ndsdev/devkitPro/devkitARM/bin/../lib/gcc/arm-eabi/4.6.2/../../../../arm-eabi/lib/thumb/ds_arm9_crt0.o
                0x02000000                _start
 .init          0x02000230        0x4 /home/woo/ndsdev/devkitPro/devkitARM/bin/../lib/gcc/arm-eabi/4.6.2/thumb/crti.o
                0x02000230                _init
 .init          0x02000234        0x8 /home/woo/ndsdev/devkitPro/devkitARM/bin/../lib/gcc/arm-eabi/4.6.2/thumb/crtn.o
                0x0200023c                . = ALIGN (0x4)

.plt
 *(.plt)

.text           0x02000240    0x27030
 *(EXCLUDE_FILE(*.itcm*) .text)
 .text          0x02000240        0x0 /home/woo/ndsdev/devkitPro/devkitARM/bin/../lib/gcc/arm-eabi/4.6.2/../../../../arm-eabi/lib/thumb/ds_arm9_crt0.o
 .text          0x02000240        0x0 /home/woo/ndsdev/devkitPro/devkitARM/bin/../lib/gcc/arm-eabi/4.6.2/thumb/crti.o
 .text          0x02000240       0x6c /home/woo/ndsdev/devkitPro/devkitARM/bin/../lib/gcc/arm-eabi/4.6.2/thumb/crtbegin.o
 .text          0x020002ac      0x6dc download.o
                0x020003a0                download
 .text          0x02000988       0x30 main.o
                0x02000988                check_abort
                0x0200098c                confirm_error
                0x0200099c                channel_name
 .text          0x020009b8      0x464 wifi.o
                0x02000b60                wifi_init
 *fill*         0x02000e1c        0x4 ff
 .text          0x02000e20       0x50 jump.o
                0x02000e20                _copy_bin_and_jump
 .text          0x02000e70      0xa48 /home/woo/ndsdev/devkitPro/libnds/lib/libdswifi9.a(sgIP_DNS.o)
                0x02000f1c                sgIP_DNS_Init
                0x02000f54                sgIP_DNS_Timer1000ms
                0x02000fa4                sgIP_DNS_isipaddress
                0x020011b0                sgIP_DNS_FindDNSRecord
                0x020012b8                sgIP_DNS_GetUnusedRecord
                0x02001340                sgIP_DNS_GenerateHostent
                0x020013fc                sgIP_DNS_CopyAliasAt
                0x02001470                sgIP_DNS_gethostbyname
                0x0200186c                inet_addr
                0x02001888                inet_aton
                0x020018a8                inet_ntoa
 .text          0x020018b8      0x1ec /home/woo/ndsdev/devkitPro/libnds/lib/libdswifi9.a(sgIP_Hub.o)
                0x020018b8                sgIP_Hub_Init
                0x020018cc                sgIP_Hub_AddProtocolInterface
                0x02001908                sgIP_Hub_AddHardwareInterface
                0x02001944                sgIP_Hub_RemoveProtocolInterface
                0x02001964                sgIP_Hub_RemoveHardwareInterface
                0x02001984                sgIP_Hub_ReceiveHardwarePacket
                0x020019e0                sgIP_Hub_SendProtocolPacket
                0x02001a28                sgIP_Hub_SendRawPacket
                0x02001a50                sgIP_Hub_IPMaxMessageSize
                0x02001a58                sgIP_Hub_GetCompatibleIP
                0x02001a6c                sgIP_Hub_GetDefaultInterface
                0x02001a80                htons
                0x02001a8c                htonl
 .text          0x02001aa4      0x25c /home/woo/ndsdev/devkitPro/libnds/lib/libdswifi9.a(sgIP_memblock.o)
                0x02001aa4                sgIP_memblock_Init
                0x02001aa8                sgIP_memblock_allocHW
                0x02001acc                sgIP_memblock_alloc
                0x02001ad8                sgIP_memblock_free
                0x02001b00                sgIP_memblock_exposeheader
                0x02001b28                sgIP_memblock_trimsize
                0x02001b58                sgIP_memblock_IPChecksum
                0x02001c04                sgIP_memblock_CopyToLinear
                0x02001c80                sgIP_memblock_CopyFromLinear
                0x02001cfc                sgIP_memblock_CopyBlock
 .text          0x02001d00      0xd4c /home/woo/ndsdev/devkitPro/libnds/lib/libdswifi9.a(sgIP_sockets.o)
                0x02001d00                sgIP_sockets_Init
                0x02001d1c                spawn_socket
                0x02001d70                kill_socket
                0x02001da8                socket
                0x02001e38                forceclosesocket
                0x02001e8c                sgIP_sockets_Timer1000ms
                0x02001ef4                bind
                0x02001f70                connect
                0x0200207c                send
                0x02002130                recv
                0x020021e4                sendto
                0x0200226c                recvfrom
                0x02002340                listen
                0x020023b0                accept
                0x020024a8                shutdown
                0x02002508                closesocket
                0x02002590                ioctl
                0x02002640                setsockopt
                0x02002644                getsockopt
                0x02002648                getpeername
                0x020026ec                getsockname
                0x02002794                gethostbyname
                0x0200279c                select
 .text          0x02002a4c     0x14bc /home/woo/ndsdev/devkitPro/libnds/lib/libdswifi9.a(wifi_arm9.o)
                0x02002a4c                Wifi_Interface_Init
                0x02002a94                arm9_synctoarm7
                0x02002aa0                Wifi_TransmitFunction
                0x02002dec                sgIP_IntrWaitEvent
                0x02002df0                wHeapAllocInit
                0x02002e1c                wHeapAlloc
                0x02002ed4                wHeapFree
                0x02002ef4                sgIP_malloc
                0x02002efc                sgIP_free
                0x02002f1c                ethhdr_print
                0x02002f20                erasemem
                0x02002f34                Wifi_CopyMacAddr
                0x02002f44                Wifi_CmpMacAddr
                0x02002f68                Wifi_TxBufferWordsAvailable
                0x02002f90                Wifi_TxBufferWrite
                0x02002ff4                Wifi_RxRawReadPacket
                0x02003064                Wifi_RxReadOffset
                0x02003090                Wifi_RawTxFrame
                0x020031f4                Wifi_RawSetPacketHandler
                0x02003200                Wifi_SetSyncHandler
                0x0200320c                Wifi_DisableWifi
                0x02003224                Wifi_EnableWifi
                0x02003238                Wifi_SetPromiscuousMode
                0x0200325c                Wifi_ScanMode
                0x02003274                Wifi_SetChannel
                0x0200329c                Wifi_GetNumAP
                0x020032c4                Wifi_GetAPData
                0x02003364                Wifi_FindMatchingAP
                0x02003498                Wifi_ConnectAP
                0x020035a8                Wifi_AutoConnect
                0x020035d0                Wifi_DisconnectAP
                0x020035f4                Wifi_Init
                0x02003688                Wifi_CheckInit
                0x020036ac                Wifi_Update
                0x020039a4                Wifi_Timer
                0x020039b4                Timer_50ms
                0x020039c0                Wifi_GetIP
                0x020039d8                Wifi_GetIPInfo
                0x02003a10                Wifi_SetIP
                0x02003a34                Wifi_AssocStatus
                0x02003d90                Wifi_SetDHCP
                0x02003d94                Wifi_GetData
                0x02003e08                Wifi_GetStats
                0x02003e2c                Wifi_Sync
                0x02003e48                wifiValue32Handler
                0x02003e54                Wifi_InitDefault
 .text          0x02003f08       0x5c /home/woo/ndsdev/devkitPro/libnds/lib/libdswifi9.a(spinlock.o)
                0x02003f08                SLasm_Acquire
                0x02003f3c                SLasm_Release
 .text          0x02003f64       0xb0 /home/woo/ndsdev/devkitPro/libnds/lib/libdswifi9.a(sgIP.o)
                0x02003f64                sgIP_Init
                0x02003fa0                sgIP_Timer
 .text          0x02004014      0x668 /home/woo/ndsdev/devkitPro/libnds/lib/libdswifi9.a(sgIP_ARP.o)
                0x02004014                sgIP_FindArpSlot
                0x02004050                sgIP_GetArpSlot
                0x0200409c                sgIP_is_broadcast_address
                0x020040ac                sgIP_ARP_Check_isok
                0x020040b0                sgIP_ARP_Init
                0x020040d0                sgIP_ARP_FlushInterface
                0x02004104                sgIP_ARP_ProcessIPFrame
                0x02004108                sgIP_ARP_SendARPResponse
                0x020041e8                sgIP_ARP_SendGratARP
                0x020042c4                sgIP_ARP_SendARPRequest
                0x020043a4                sgIP_ARP_SendProtocolFrame
                0x020044d0                sgIP_ARP_ProcessARPFrame
                0x020045f0                sgIP_ARP_Timer100ms
 .text          0x0200467c      0x8c0 /home/woo/ndsdev/devkitPro/libnds/lib/libdswifi9.a(sgIP_DHCP.o)
                0x0200467c                sgIP_DHCP_Init
                0x020046c4                sgIP_DHCP_SetHostName
                0x020046e0                sgIP_DHCP_IsDhcpIp
                0x020046f0                sgIP_DHCP_SendDgram
                0x02004760                sgIP_DHCP_BeginDgram
                0x02004954                sgIP_DHCP_Terminate
                0x0200498c                sgIP_DHCP_Update
                0x02004d90                sgIP_DHCP_Release
                0x02004dc4                sgIP_DHCP_Start
                0x02004e84                gethostname
                0x02004ec4                sethostname
 .text          0x02004f3c      0x138 /home/woo/ndsdev/devkitPro/libnds/lib/libdswifi9.a(sgIP_IP.o)
                0x02004f3c                sgIP_IP_ReceivePacket
                0x02004fd0                sgIP_IP_MaxContentsSize
                0x02004fdc                sgIP_IP_RequiredHeaderSize
                0x02004fe0                sgIP_IP_SendViaIP
                0x02005064                sgIP_IP_GetLocalBindAddr
 .text          0x02005074     0x11b8 /home/woo/ndsdev/devkitPro/libnds/lib/libdswifi9.a(sgIP_TCP.o)
                0x02005074                sgIP_TCP_Init
                0x020050a8                sgIP_TCP_support_seqhash
                0x020050fc                sgIP_TCP_GetUnusedOutgoingPort
                0x02005164                sgIP_TCP_CalcChecksum
                0x020051c0                sgIP_TCP_GenHeader
                0x0200526c                sgIP_TCP_FixChecksum
                0x020052d0                sgIP_TCP_SendPacket
                0x020053b8                sgIP_TCP_SendSynReply
                0x02005468                sgIP_TCP_Timer
                0x020056c0                sgIP_TCP_AllocRecord
                0x0200570c                sgIP_TCP_ReceivePacket
                0x02005d60                sgIP_TCP_FreeRecord
                0x02005e60                sgIP_TCP_Bind
                0x02005e8c                sgIP_TCP_Listen
                0x02005ee4                sgIP_TCP_Accept
                0x02005f5c                sgIP_TCP_Close
                0x02005f90                sgIP_TCP_Connect
                0x0200601c                sgIP_TCP_Send
                0x02006128                sgIP_TCP_Recv
 .text          0x0200622c      0x474 /home/woo/ndsdev/devkitPro/libnds/lib/libdswifi9.a(sgIP_UDP.o)
                0x0200622c                sgIP_UDP_Init
                0x02006248                sgIP_UDP_GetUnusedOutgoingPort
                0x020062ac                sgIP_UDP_CalcChecksum
                0x02006314                sgIP_UDP_ReceivePacket
                0x020063c8                sgIP_UDP_SendPacket
                0x020064c0                sgIP_UDP_AllocRecord
                0x020064f8                sgIP_UDP_FreeRecord
                0x02006550                sgIP_UDP_Bind
                0x0200658c                sgIP_UDP_RecvFrom
                0x0200668c                sgIP_UDP_SendTo
 .text          0x020066a0       0x64 /home/woo/ndsdev/devkitPro/libnds/lib/libdswifi9.a(sgIP_ICMP.o)
                0x020066a0                sgIP_ICMP_Init
                0x020066a4                sgIP_ICMP_ReceivePacket
 .text          0x02006704      0x340 /home/woo/ndsdev/devkitPro/libnds/lib/libfat.a(libfat.o)
                0x02006704                fatMount
                0x020067b8                fatMountSimple
                0x020067cc                fatUnmount
                0x02006804                fatInit
                0x0200695c                fatInitDefault
                0x02006968                fatGetVolumeLabel
 .text          0x02006a44      0x754 /home/woo/ndsdev/devkitPro/libnds/lib/libfat.a(partition.o)
                0x02006a44                FindFirstValidPartition_buf
                0x02006be8                FindFirstValidPartition
                0x02006c10                _FAT_partition_getPartitionFromPath
                0x02006c24                _FAT_partition_createFSinfo
                0x02006ce4                _FAT_partition_readFSinfo
                0x02006da4                _FAT_partition_constructor_buf
                0x0200705c                _FAT_partition_constructor
                0x020070a0                _FAT_partition_writeFSinfo
                0x02007158                _FAT_partition_destructor
 .text          0x02007198      0x4d0 /home/woo/ndsdev/devkitPro/libnds/lib/libfat.a(cache.o)
                0x02007290                _FAT_cache_constructor
                0x0200732c                _FAT_cache_readSectors
                0x02007388                _FAT_cache_readPartialSector
                0x020073d4                _FAT_cache_readLittleEndianValue
                0x02007434                _FAT_cache_writePartialSector
                0x0200748c                _FAT_cache_writeLittleEndianValue
                0x020074d4                _FAT_cache_eraseWritePartialSector
                0x0200753c                _FAT_cache_writeSectors
                0x020075a4                _FAT_cache_flush
                0x02007608                _FAT_cache_destructor
                0x0200763c                _FAT_cache_invalidate
 .text          0x02007668     0x13b4 /home/woo/ndsdev/devkitPro/libnds/lib/libfat.a(directory.o)
                0x020078e0                _FAT_directory_entryGetCluster
                0x02007908                _FAT_directory_getNextEntry
                0x02007af0                _FAT_directory_getFirstEntry
                0x02007ba0                _FAT_directory_getRootEntry
                0x02007bfc                _FAT_directory_getVolumeLabel
                0x02007cac                _FAT_directory_entryFromPosition
                0x02007de0                _FAT_directory_entryFromPath
                0x02007fc4                _FAT_directory_removeEntry
                0x02008098                _FAT_directory_addEntry
                0x02008918                _FAT_directory_chdir
                0x02008954                _FAT_directory_entryStat
 .text          0x02008a1c        0x8 /home/woo/ndsdev/devkitPro/libnds/lib/libfat.a(disc.o)
 .text          0x02008a24      0x904 /home/woo/ndsdev/devkitPro/libnds/lib/libfat.a(fatdir.o)
                0x02008a24                _FAT_stat_r
                0x02008ab8                _FAT_link_r
                0x02008ac4                _FAT_unlink_r
                0x02008c38                _FAT_chdir_r
                0x02008ca8                _FAT_rename_r
                0x02008e74                _FAT_mkdir_r
                0x020090ec                _FAT_statvfs_r
                0x02009178                _FAT_diropen_r
                0x02009238                _FAT_dirreset_r
                0x02009284                _FAT_dirnext_r
                0x02009308                _FAT_dirclose_r
 .text          0x02009328     0x131c /home/woo/ndsdev/devkitPro/libnds/lib/libfat.a(fatfile.o)
                0x020095b0                _FAT_findEntry
                0x020095ec                FAT_getAttr
                0x02009614                FAT_setAttr
                0x02009634                _FAT_open_r
                0x0200995c                _FAT_syncToDisc
                0x02009a3c                _FAT_close_r
                0x02009aa8                _FAT_read_r
                0x02009e10                _FAT_write_r
                0x0200a2a8                _FAT_seek_r
                0x0200a3f8                _FAT_fstat_r
                0x0200a494                _FAT_ftruncate_r
                0x0200a604                _FAT_fsync_r
 .text          0x0200a644      0x4b0 /home/woo/ndsdev/devkitPro/libnds/lib/libfat.a(file_allocation_table.o)
                0x0200a794                _FAT_fat_nextCluster
                0x0200a8b0                _FAT_fat_linkFreeCluster
                0x0200a948                _FAT_fat_linkFreeClusterCleared
                0x0200a9b8                _FAT_fat_clearLinks
                0x0200aa14                _FAT_fat_trimChain
                0x0200aa98                _FAT_fat_lastCluster
                0x0200aacc                _FAT_fat_freeClusterCount
 .text          0x0200aaf4       0xb8 /home/woo/ndsdev/devkitPro/libnds/lib/libfat.a(filetime.o)
                0x0200aaf4                _FAT_filetime_getTimeFromRTC
                0x0200ab34                _FAT_filetime_getDateFromRTC
                0x0200ab74                _FAT_filetime_to_time_t
 .text          0x0200abac       0x10 /home/woo/ndsdev/devkitPro/libnds/lib/libfat.a(lock.o)
                0x0200abac                _FAT_lock_init
                0x0200abb0                _FAT_lock_deinit
                0x0200abb4                _FAT_lock
                0x0200abb8                _FAT_unlock
 .text          0x0200abbc      0xa34 /home/woo/ndsdev/devkitPro/libnds/lib/libnds9.a(console.o)
                0x0200abbc                nocash_write
                0x0200ac7c                consoleGetDefault
                0x0200ac88                consoleSelect
                0x0200ac98                consoleDebugInit
                0x0200ace8                consolePrintChar
                0x0200ae9c                consoleLoadFont
                0x0200b134                consoleSetFont
                0x0200b154                consoleInit
                0x0200b2b8                consoleDemoInit
                0x0200b2fc                con_write
                0x0200b5bc                consoleClear
                0x0200b5cc                consoleSetWindow
 .text          0x0200b5f0       0xf4 /home/woo/ndsdev/devkitPro/libnds/lib/libnds9.a(keys.o)
                0x0200b5f0                scanKeys
                0x0200b65c                keysHeld
                0x0200b668                keysDown
                0x0200b678                keysDownRepeat
                0x0200b688                keysSetRepeat
                0x0200b6a0                keysUp
                0x0200b6b0                keysCurrent
 .text          0x0200b6e4      0x23c /home/woo/ndsdev/devkitPro/libnds/lib/libnds9.a(dldi.o)
                0x0200b6e4                dldiGetInternal
                0x0200b71c                dldiIsValid
                0x0200b754                dldiFixDriverAddresses
                0x0200b82c                dldiLoadFromFile
                0x0200b914                dldiFree
 .text          0x0200b920      0x14c /home/woo/ndsdev/devkitPro/libnds/lib/libnds9.a(dsi_sd.o)
                0x0200b920                sdio_ClearStatus
                0x0200b930                sdio_Shutdown
                0x0200b940                sdio_WriteSectors
                0x0200b994                sdio_ReadSectors
                0x0200b9e8                sdio_IsInserted
                0x0200ba1c                sdio_Startup
 .text          0x0200ba6c      0x19c /home/woo/ndsdev/devkitPro/libnds/lib/libnds9.a(initSystem.o)
                0x0200ba6c                initSystem
 .text          0x0200bc08      0xc8c /home/woo/ndsdev/devkitPro/libnds/lib/libnds9.a(fifosystem.o)
                0x0200be68                fifoSendAddress
                0x0200be94                fifoSendValue32
                0x0200bed4                fifoSendDatamsg
                0x0200bf44                fifoGetAddress
                0x0200bfb8                fifoSetAddressHandler
                0x0200c02c                fifoGetValue32
                0x0200c0a0                fifoSetValue32Handler
                0x0200c114                fifoGetDatamsg
                0x0200c5bc                fifoSetDatamsgHandler
                0x0200c654                fifoCheckAddress
                0x0200c678                fifoCheckDatamsg
                0x0200c69c                fifoCheckValue32
                0x0200c6c0                fifoInit
 .text          0x0200c894      0x1f4 /home/woo/ndsdev/devkitPro/libnds/lib/libnds9.a(interrupts.o)
                0x0200c894                irqDummy
                0x0200c898                irqSet
                0x0200c908                irqInit
                0x0200c954                irqInitHandler
                0x0200c984                irqEnable
                0x0200c9e8                irqDisable
                0x0200ca4c                irqClear
 .text          0x0200ca88       0x40 /home/woo/ndsdev/devkitPro/libnds/lib/libnds9.a(libnds_exit.o)
                0x0200ca88                systemErrorExit
                0x0200ca8c                __libnds_exit
 .text          0x0200cac8       0x70 /home/woo/ndsdev/devkitPro/libnds/lib/libnds9.a(dcache.o)
                0x0200cac8                DC_FlushAll
                0x0200caf4                DC_FlushRange
                0x0200cb10                DC_InvalidateAll
                0x0200cb1c                DC_InvalidateRange
 *fill*         0x0200cb38        0x8 ff
 .text          0x0200cb40     0x8000 /home/woo/ndsdev/devkitPro/libnds/lib/libnds9.a(dldi_stub.o)
                0x0200cb40                _io_dldi_stub
 .text          0x02014b40      0x1b4 /home/woo/ndsdev/devkitPro/libnds/lib/libnds9.a(mpu_setup.o)
                0x02014b40                __libnds_mpu_setup
                0x02014c80                memCached
                0x02014c98                memUncached
 *fill*         0x02014cf4        0xc ff
 .text          0x02014d00       0x70 /home/woo/ndsdev/devkitPro/libnds/lib/libnds9.a(biosCalls.o)
                0x02014d00                swiDelay
                0x02014d04                swiIntrWait
                0x02014d08                swiWaitForVBlank
                0x02014d0c                swiSleep
                0x02014d10                swiChangeSoundBias
                0x02014d14                swiDivide
                0x02014d18                swiRemainder
                0x02014d1e                swiDivMod
                0x02014d2a                swiCopy
                0x02014d2e                swiFastCopy
                0x02014d32                swiSqrt
                0x02014d36                swiCRC16
                0x02014d3a                swiIsDebugger
                0x02014d3e                swiUnpackBits
                0x02014d42                swiDecompressLZSSWram
                0x02014d46                swiDecompressLZSSVramNTR
                0x02014d4a                swiDecompressLZSSVramTWL
                0x02014d4e                swiDecompressHuffman
                0x02014d52                swiDecompressRLEWram
                0x02014d56                swiDecompressRLEVram
                0x02014d5a                swiWaitForIRQ
                0x02014d5e                swiDecodeDelta8
                0x02014d62                swiDecodeDelta16
                0x02014d66                swiSetHaltCR
 .text          0x02014d70       0xa4 /home/woo/ndsdev/devkitPro/libnds/lib/libnds9.a(debugprint.o)
                0x02014d70                nocashWrite
                0x02014d72                nocashMessage
 .text          0x02014e14        0x0 /home/woo/ndsdev/devkitPro/libnds/lib/libnds9.a(interruptDispatcher.o)
 *fill*         0x02014e14        0xc ff
 .text          0x02014e20       0x30 /home/woo/ndsdev/devkitPro/libnds/lib/libnds9.a(swiSoftReset.o)
                0x02014e20                swiSoftReset
 .text          0x02014e50        0x0 /home/woo/ndsdev/devkitPro/libnds/lib/libnds9.a(default_font.bin.o)
 .text          0x02014e50      0x314 /home/woo/ndsdev/devkitPro/libnds/lib/libnds9.a(background.o)
                0x02014e50                bgIsText
                0x02014e5c                checkIfText
                0x02014ebc                bgUpdate
                0x02014fcc                bgInit_call
                0x02015090                bgInitSub_call
 .text          0x02015164       0xf0 /home/woo/ndsdev/devkitPro/libnds/lib/libnds9.a(system.o)
                0x02015164                systemMsgHandler
                0x020151a8                systemSleep
                0x020151c0                powerValueHandler
                0x020151d0                powerOn
                0x020151fc                powerOff
                0x02015224                ledBlink
                0x02015234                getBatteryLevel
 .text          0x02015254      0x248 /home/woo/ndsdev/devkitPro/libnds/lib/libnds9.a(trig.o)
                0x02015254                asinComp
                0x02015278                sinLutLookup
                0x020152b4                sinLerp
                0x020152ec                cosLerp
                0x02015300                tanLutLookup
                0x02015338                tanLerp
                0x020153e8                asinLerp
                0x02015464                acosLerp
                0x02015478                atanComp
 .text          0x0201549c      0x1f8 /home/woo/ndsdev/devkitPro/libnds/lib/libnds9.a(video.o)
                0x0201549c                vramSetPrimaryBanks
                0x020154e0                vramSetMainBanks
                0x02015524                vramSetBanks_EFG
                0x0201555c                vramRestorePrimaryBanks
                0x02015568                vramRestoreMainBanks
                0x02015574                vramRestoreBanks_EFG
                0x02015580                setBrightness
                0x020155c0                vramDefault
 .text          0x02015694      0x11c /home/woo/ndsdev/devkitPro/devkitARM/bin/../lib/gcc/arm-eabi/4.6.2/thumb/libgcc.a(_udivsi3.o)
                0x02015694                __udivsi3
                0x02015694                __aeabi_uidiv
                0x02015790                __aeabi_uidivmod
 .text          0x020157b0      0x150 /home/woo/ndsdev/devkitPro/devkitARM/bin/../lib/gcc/arm-eabi/4.6.2/thumb/libgcc.a(_divsi3.o)
                0x020157b0                __aeabi_idiv
                0x020157b0                __divsi3
                0x020158e0                __aeabi_idivmod
 .text          0x02015900        0x4 /home/woo/ndsdev/devkitPro/devkitARM/bin/../lib/gcc/arm-eabi/4.6.2/thumb/libgcc.a(_dvmd_tls.o)
                0x02015900                __aeabi_ldiv0
                0x02015900                __aeabi_idiv0
 .text          0x02015904       0x4c /home/woo/ndsdev/devkitPro/devkitARM/bin/../lib/gcc/arm-eabi/4.6.2/thumb/libgcc.a(_muldi3.o)
                0x02015904                __aeabi_lmul
                0x02015904                __muldi3
 .text          0x02015950       0x20 /home/woo/ndsdev/devkitPro/devkitARM/bin/../lib/gcc/arm-eabi/4.6.2/../../../../arm-eabi/lib/thumb/libg.a(lib_a-atoi.o)
                0x02015950                atoi
                0x02015960                _atoi_r
 .text          0x02015970       0x64 /home/woo/ndsdev/devkitPro/devkitARM/bin/../lib/gcc/arm-eabi/4.6.2/../../../../arm-eabi/lib/thumb/libg.a(lib_a-bsearch.o)
                0x02015970                bsearch
 .text          0x020159d4       0x10 /home/woo/ndsdev/devkitPro/devkitARM/bin/../lib/gcc/arm-eabi/4.6.2/../../../../arm-eabi/lib/thumb/libg.a(lib_a-ctype_.o)
                0x020159d4                __set_ctype
 .text          0x020159e4        0xc /home/woo/ndsdev/devkitPro/devkitARM/bin/../lib/gcc/arm-eabi/4.6.2/../../../../arm-eabi/lib/thumb/libg.a(lib_a-errno.o)
                0x020159e4                __errno
 .text          0x020159f0       0xb4 /home/woo/ndsdev/devkitPro/devkitARM/bin/../lib/gcc/arm-eabi/4.6.2/../../../../arm-eabi/lib/thumb/libg.a(lib_a-fclose.o)
                0x020159f0                _fclose_r
                0x02015a88                fclose
 .text          0x02015aa4      0x1a4 /home/woo/ndsdev/devkitPro/devkitARM/bin/../lib/gcc/arm-eabi/4.6.2/../../../../arm-eabi/lib/thumb/libg.a(lib_a-fflush.o)
                0x02015aa4                __sflush_r
                0x02015be8                _fflush_r
                0x02015c18                fflush
 .text          0x02015c48       0xd8 /home/woo/ndsdev/devkitPro/devkitARM/bin/../lib/gcc/arm-eabi/4.6.2/../../../../arm-eabi/lib/thumb/libg.a(lib_a-fgets.o)
                0x02015c48                _fgets_r
                0x02015d00                fgets
 .text          0x02015d20      0x1ec /home/woo/ndsdev/devkitPro/devkitARM/bin/../lib/gcc/arm-eabi/4.6.2/../../../../arm-eabi/lib/thumb/libg.a(lib_a-findfp.o)
                0x02015d28                _cleanup_r
                0x02015d88                __sfmoreglue
                0x02015db8                _cleanup
                0x02015dcc                __sinit
                0x02015e20                __sfp
                0x02015ec4                __sfp_lock_acquire
                0x02015ec8                __sfp_lock_release
                0x02015ecc                __sinit_lock_acquire
                0x02015ed0                __sinit_lock_release
                0x02015ed4                __fp_lock_all
                0x02015ef0                __fp_unlock_all
 .text          0x02015f0c       0xb0 /home/woo/ndsdev/devkitPro/devkitARM/bin/../lib/gcc/arm-eabi/4.6.2/../../../../arm-eabi/lib/thumb/libg.a(lib_a-fopen.o)
                0x02015f0c                _fopen_r
                0x02015fa0                fopen
 .text          0x02015fbc      0x248 /home/woo/ndsdev/devkitPro/devkitARM/bin/../lib/gcc/arm-eabi/4.6.2/../../../../arm-eabi/lib/thumb/libg.a(lib_a-freer.o)
                0x02015fbc                _malloc_trim_r
                0x02016068                _free_r
 .text          0x02016204      0x31c /home/woo/ndsdev/devkitPro/devkitARM/bin/../lib/gcc/arm-eabi/4.6.2/../../../../arm-eabi/lib/thumb/libg.a(lib_a-fseek.o)
                0x02016204                _fseek_r
                0x020164fc                fseek
 .text          0x02016520       0xb4 /home/woo/ndsdev/devkitPro/devkitARM/bin/../lib/gcc/arm-eabi/4.6.2/../../../../arm-eabi/lib/thumb/libg.a(lib_a-fwalk.o)
                0x02016520                _fwalk
                0x02016574                _fwalk_reent
 .text          0x020165d4       0x9c /home/woo/ndsdev/devkitPro/devkitARM/bin/../lib/gcc/arm-eabi/4.6.2/../../../../arm-eabi/lib/thumb/libg.a(lib_a-fwrite.o)
                0x020165d4                _fwrite_r
                0x02016648                fwrite
 .text          0x02016670        0x0 /home/woo/ndsdev/devkitPro/devkitARM/bin/../lib/gcc/arm-eabi/4.6.2/../../../../arm-eabi/lib/thumb/libg.a(lib_a-impure.o)
 .text          0x02016670       0x50 /home/woo/ndsdev/devkitPro/devkitARM/bin/../lib/gcc/arm-eabi/4.6.2/../../../../arm-eabi/lib/thumb/libg.a(lib_a-init.o)
                0x02016670                __libc_init_array
 .text          0x020166c0       0x40 /home/woo/ndsdev/devkitPro/devkitARM/bin/../lib/gcc/arm-eabi/4.6.2/../../../../arm-eabi/lib/thumb/libg.a(lib_a-iprintf.o)
                0x020166c0                iprintf
                0x020166e4                _iprintf_r
 .text          0x02016700       0x10 /home/woo/ndsdev/devkitPro/devkitARM/bin/../lib/gcc/arm-eabi/4.6.2/../../../../arm-eabi/lib/thumb/libg.a(lib_a-lcltime_r.o)
                0x02016700                localtime_r
 .text          0x02016710      0x93c /home/woo/ndsdev/devkitPro/devkitARM/bin/../lib/gcc/arm-eabi/4.6.2/../../../../arm-eabi/lib/thumb/libg.a(lib_a-locale.o)
                0x02016dd0                _setlocale_r
                0x02016fec                __locale_charset
                0x02016ff4                __locale_mb_cur_max
                0x02017000                __locale_msgcharset
                0x0201700c                __locale_cjk_lang
                0x02017018                _localeconv_r
                0x02017024                setlocale
                0x02017040                localeconv
 .text          0x0201704c       0xe4 /home/woo/ndsdev/devkitPro/devkitARM/bin/../lib/gcc/arm-eabi/4.6.2/../../../../arm-eabi/lib/thumb/libg.a(lib_a-makebuf.o)
                0x0201704c                __smakebuf_r
 .text          0x02017130       0x30 /home/woo/ndsdev/devkitPro/devkitARM/bin/../lib/gcc/arm-eabi/4.6.2/../../../../arm-eabi/lib/thumb/libg.a(lib_a-malloc.o)
                0x02017130                malloc
                0x02017148                free
 .text          0x02017160      0x514 /home/woo/ndsdev/devkitPro/devkitARM/bin/../lib/gcc/arm-eabi/4.6.2/../../../../arm-eabi/lib/thumb/libg.a(lib_a-mallocr.o)
                0x02017160                _malloc_r
 .text          0x02017674       0xfc /home/woo/ndsdev/devkitPro/devkitARM/bin/../lib/gcc/arm-eabi/4.6.2/../../../../arm-eabi/lib/thumb/libg.a(lib_a-mbrtowc.o)
                0x02017674                _mbrtowc_r
                0x020176e8                mbrtowc
 .text          0x02017770       0x40 /home/woo/ndsdev/devkitPro/devkitARM/bin/../lib/gcc/arm-eabi/4.6.2/../../../../arm-eabi/lib/thumb/libg.a(lib_a-mbsrtowcs.o)
                0x02017770                _mbsrtowcs_r
                0x02017788                mbsrtowcs
 .text          0x020177b0      0x5f8 /home/woo/ndsdev/devkitPro/devkitARM/bin/../lib/gcc/arm-eabi/4.6.2/../../../../arm-eabi/lib/thumb/libg.a(lib_a-mbtowc_r.o)
                0x020177b0                __utf8_mbtowc
                0x02017a78                _mbtowc_r
                0x02017ab4                __ascii_mbtowc
                0x02017ae0                __sjis_mbtowc
                0x02017b9c                __eucjp_mbtowc
                0x02017c7c                __jis_mbtowc
 .text          0x02017da8       0x94 /home/woo/ndsdev/devkitPro/devkitARM/bin/../lib/gcc/arm-eabi/4.6.2/../../../../arm-eabi/lib/thumb/libg.a(lib_a-memchr-stub.o)
                0x02017da8                memchr
 .text          0x02017e3c       0x64 /home/woo/ndsdev/devkitPro/devkitARM/bin/../lib/gcc/arm-eabi/4.6.2/../../../../arm-eabi/lib/thumb/libg.a(lib_a-memcmp.o)
                0x02017e3c                memcmp
 .text          0x02017ea0       0x80 /home/woo/ndsdev/devkitPro/devkitARM/bin/../lib/gcc/arm-eabi/4.6.2/../../../../arm-eabi/lib/thumb/libg.a(lib_a-memcpy-stub.o)
                0x02017ea0                memcpy
 .text          0x02017f20       0xa8 /home/woo/ndsdev/devkitPro/devkitARM/bin/../lib/gcc/arm-eabi/4.6.2/../../../../arm-eabi/lib/thumb/libg.a(lib_a-memmove.o)
                0x02017f20                memmove
 .text          0x02017fc8       0x98 /home/woo/ndsdev/devkitPro/devkitARM/bin/../lib/gcc/arm-eabi/4.6.2/../../../../arm-eabi/lib/thumb/libg.a(lib_a-memset.o)
                0x02017fc8                memset
 .text          0x02018060      0x544 /home/woo/ndsdev/devkitPro/devkitARM/bin/../lib/gcc/arm-eabi/4.6.2/../../../../arm-eabi/lib/thumb/libg.a(lib_a-mktime.o)
                0x02018240                mktime
 .text          0x020185a4      0x49c /home/woo/ndsdev/devkitPro/devkitARM/bin/../lib/gcc/arm-eabi/4.6.2/../../../../arm-eabi/lib/thumb/libg.a(lib_a-mktm_r.o)
                0x020185a4                __tzcalc_limits
                0x02018740                _mktm_r
 .text          0x02018a40        0x8 /home/woo/ndsdev/devkitPro/devkitARM/bin/../lib/gcc/arm-eabi/4.6.2/../../../../arm-eabi/lib/thumb/libg.a(lib_a-mlock.o)
                0x02018a40                __malloc_lock
                0x02018a44                __malloc_unlock
 .text          0x02018a48       0x40 /home/woo/ndsdev/devkitPro/devkitARM/bin/../lib/gcc/arm-eabi/4.6.2/../../../../arm-eabi/lib/thumb/libg.a(lib_a-printf.o)
                0x02018a48                _printf_r
                0x02018a64                printf
 .text          0x02018a88      0x150 /home/woo/ndsdev/devkitPro/devkitARM/bin/../lib/gcc/arm-eabi/4.6.2/../../../../arm-eabi/lib/thumb/libg.a(lib_a-refill.o)
                0x02018aa8                __srefill_r
 .text          0x02018bd8      0x118 /home/woo/ndsdev/devkitPro/devkitARM/bin/../lib/gcc/arm-eabi/4.6.2/../../../../arm-eabi/lib/thumb/libg.a(lib_a-setvbuf.o)
                0x02018bd8                setvbuf
 .text          0x02018cf0       0xa0 /home/woo/ndsdev/devkitPro/devkitARM/bin/../lib/gcc/arm-eabi/4.6.2/../../../../arm-eabi/lib/thumb/libg.a(lib_a-siscanf.o)
                0x02018cf0                siscanf
                0x02018d40                _siscanf_r
 .text          0x02018d90       0x84 /home/woo/ndsdev/devkitPro/devkitARM/bin/../lib/gcc/arm-eabi/4.6.2/../../../../arm-eabi/lib/thumb/libg.a(lib_a-sprintf.o)
                0x02018d90                _sprintf_r
                0x02018dd0                sprintf
 .text          0x02018e14       0xa0 /home/woo/ndsdev/devkitPro/devkitARM/bin/../lib/gcc/arm-eabi/4.6.2/../../../../arm-eabi/lib/thumb/libg.a(lib_a-sscanf.o)
                0x02018e14                sscanf
                0x02018e64                _sscanf_r
 .text          0x02018eb4       0xac /home/woo/ndsdev/devkitPro/devkitARM/bin/../lib/gcc/arm-eabi/4.6.2/../../../../arm-eabi/lib/thumb/libg.a(lib_a-stdio.o)
                0x02018eb4                __sread
                0x02018ee0                __seofread
                0x02018ee4                __swrite
                0x02018f20                __sseek
                0x02018f50                __sclose
 .text          0x02018f60       0x50 /home/woo/ndsdev/devkitPro/devkitARM/bin/../lib/gcc/arm-eabi/4.6.2/../../../../arm-eabi/lib/thumb/libg.a(lib_a-strcasecmp.o)
                0x02018f60                strcasecmp
 .text          0x02018fb0       0x58 /home/woo/ndsdev/devkitPro/devkitARM/bin/../lib/gcc/arm-eabi/4.6.2/../../../../arm-eabi/lib/thumb/libg.a(lib_a-strcat.o)
                0x02018fb0                strcat
 .text          0x02019008       0xe4 /home/woo/ndsdev/devkitPro/devkitARM/bin/../lib/gcc/arm-eabi/4.6.2/../../../../arm-eabi/lib/thumb/libg.a(lib_a-strchr.o)
                0x02019008                strchr
 .text          0x020190ec       0x14 /home/woo/ndsdev/devkitPro/devkitARM/bin/../lib/gcc/arm-eabi/4.6.2/../../../../arm-eabi/lib/thumb/libg.a(lib_a-strcmp.o)
                0x020190ec                strcmp
 .text          0x02019100       0x10 /home/woo/ndsdev/devkitPro/devkitARM/bin/../lib/gcc/arm-eabi/4.6.2/../../../../arm-eabi/lib/thumb/libg.a(lib_a-strcpy.o)
                0x02019100                strcpy
 .text          0x02019110       0x4c /home/woo/ndsdev/devkitPro/devkitARM/bin/../lib/gcc/arm-eabi/4.6.2/../../../../arm-eabi/lib/thumb/libg.a(lib_a-strlcpy.o)
                0x02019110                strlcpy
 .text          0x0201915c       0x10 /home/woo/ndsdev/devkitPro/devkitARM/bin/../lib/gcc/arm-eabi/4.6.2/../../../../arm-eabi/lib/thumb/libg.a(lib_a-strlen.o)
                0x0201915c                strlen
 .text          0x0201916c       0x60 /home/woo/ndsdev/devkitPro/devkitARM/bin/../lib/gcc/arm-eabi/4.6.2/../../../../arm-eabi/lib/thumb/libg.a(lib_a-strncasecmp.o)
                0x0201916c                strncasecmp
 .text          0x020191cc       0xc0 /home/woo/ndsdev/devkitPro/devkitARM/bin/../lib/gcc/arm-eabi/4.6.2/../../../../arm-eabi/lib/thumb/libg.a(lib_a-strncmp.o)
                0x020191cc                strncmp
 .text          0x0201928c       0x78 /home/woo/ndsdev/devkitPro/devkitARM/bin/../lib/gcc/arm-eabi/4.6.2/../../../../arm-eabi/lib/thumb/libg.a(lib_a-strncpy.o)
                0x0201928c                strncpy
 .text          0x02019304       0x30 /home/woo/ndsdev/devkitPro/devkitARM/bin/../lib/gcc/arm-eabi/4.6.2/../../../../arm-eabi/lib/thumb/libg.a(lib_a-strnlen.o)
                0x02019304                strnlen
 .text          0x02019334       0x50 /home/woo/ndsdev/devkitPro/devkitARM/bin/../lib/gcc/arm-eabi/4.6.2/../../../../arm-eabi/lib/thumb/libg.a(lib_a-strpbrk.o)
                0x02019334                strpbrk
 .text          0x02019384       0x2c /home/woo/ndsdev/devkitPro/devkitARM/bin/../lib/gcc/arm-eabi/4.6.2/../../../../arm-eabi/lib/thumb/libg.a(lib_a-strrchr.o)
                0x02019384                strrchr
 .text          0x020193b0      0x184 /home/woo/ndsdev/devkitPro/devkitARM/bin/../lib/gcc/arm-eabi/4.6.2/../../../../arm-eabi/lib/thumb/libg.a(lib_a-strtol.o)
                0x020193b0                _strtol_r
                0x02019514                strtol
 .text          0x02019534      0xa90 /home/woo/ndsdev/devkitPro/devkitARM/bin/../lib/gcc/arm-eabi/4.6.2/../../../../arm-eabi/lib/thumb/libg.a(lib_a-svfiscanf.o)
                0x02019534                _sungetc_r
                0x020195bc                __ssrefill_r
                0x02019600                _sfread_r
                0x0201968c                __ssvfiscanf_r
 *fill*         0x02019fc4        0x4 ff
 .text          0x02019fc8     0x1678 /home/woo/ndsdev/devkitPro/devkitARM/bin/../lib/gcc/arm-eabi/4.6.2/../../../../arm-eabi/lib/thumb/libg.a(lib_a-svfprintf.o)
                0x02019fc8                _svfprintf_r
 .text          0x0201b640      0xda8 /home/woo/ndsdev/devkitPro/devkitARM/bin/../lib/gcc/arm-eabi/4.6.2/../../../../arm-eabi/lib/thumb/libg.a(lib_a-svfscanf.o)
                0x0201b640                __ssvfscanf_r
 .text          0x0201c3e8       0x18 /home/woo/ndsdev/devkitPro/devkitARM/bin/../lib/gcc/arm-eabi/4.6.2/../../../../arm-eabi/lib/thumb/libg.a(lib_a-sysclose.o)
                0x0201c3e8                close
 .text          0x0201c400       0x20 /home/woo/ndsdev/devkitPro/devkitARM/bin/../lib/gcc/arm-eabi/4.6.2/../../../../arm-eabi/lib/thumb/libg.a(lib_a-syslseek.o)
                0x0201c400                lseek
 .text          0x0201c420       0x28 /home/woo/ndsdev/devkitPro/devkitARM/bin/../lib/gcc/arm-eabi/4.6.2/../../../../arm-eabi/lib/thumb/libg.a(lib_a-sysopen.o)
                0x0201c420                open
 .text          0x0201c448       0x20 /home/woo/ndsdev/devkitPro/devkitARM/bin/../lib/gcc/arm-eabi/4.6.2/../../../../arm-eabi/lib/thumb/libg.a(lib_a-sysread.o)
                0x0201c448                read
 .text          0x0201c468       0x30 /home/woo/ndsdev/devkitPro/devkitARM/bin/../lib/gcc/arm-eabi/4.6.2/../../../../arm-eabi/lib/thumb/libg.a(lib_a-time.o)
                0x0201c468                time
 .text          0x0201c498      0x728 /home/woo/ndsdev/devkitPro/devkitARM/bin/../lib/gcc/arm-eabi/4.6.2/../../../../arm-eabi/lib/thumb/libg.a(lib_a-towlower.o)
                0x0201c498                towlower
 .text          0x0201cbc0      0x9ec /home/woo/ndsdev/devkitPro/devkitARM/bin/../lib/gcc/arm-eabi/4.6.2/../../../../arm-eabi/lib/thumb/libg.a(lib_a-towupper.o)
                0x0201cbc0                towupper
 .text          0x0201d5ac        0x8 /home/woo/ndsdev/devkitPro/devkitARM/bin/../lib/gcc/arm-eabi/4.6.2/../../../../arm-eabi/lib/thumb/libg.a(lib_a-tzlock.o)
                0x0201d5ac                __tz_lock
                0x0201d5b0                __tz_unlock
 .text          0x0201d5b4        0x0 /home/woo/ndsdev/devkitPro/devkitARM/bin/../lib/gcc/arm-eabi/4.6.2/../../../../arm-eabi/lib/thumb/libg.a(lib_a-tzvars.o)
 .text          0x0201d5b4      0x180 /home/woo/ndsdev/devkitPro/devkitARM/bin/../lib/gcc/arm-eabi/4.6.2/../../../../arm-eabi/lib/thumb/libg.a(lib_a-ungetc.o)
                0x0201d5b4                __submore
                0x0201d63c                _ungetc_r
                0x0201d718                ungetc
 .text          0x0201d734      0xea8 /home/woo/ndsdev/devkitPro/devkitARM/bin/../lib/gcc/arm-eabi/4.6.2/../../../../arm-eabi/lib/thumb/libg.a(lib_a-vfiprintf.o)
                0x0201d734                __sprint_r
                0x0201d7b8                _vfiprintf_r
                0x0201e5b8                vfiprintf
 *fill*         0x0201e5dc        0x4 ff
 .text          0x0201e5e0     0x1898 /home/woo/ndsdev/devkitPro/devkitARM/bin/../lib/gcc/arm-eabi/4.6.2/../../../../arm-eabi/lib/thumb/libg.a(lib_a-vfprintf.o)
                0x0201e5e0                _vfprintf_r
                0x0201fe54                vfprintf
 .text          0x0201fe78       0xdc /home/woo/ndsdev/devkitPro/devkitARM/bin/../lib/gcc/arm-eabi/4.6.2/../../../../arm-eabi/lib/thumb/libg.a(lib_a-wcrtomb.o)
                0x0201fe78                _wcrtomb_r
                0x0201fedc                wcrtomb
 .text          0x0201ff54       0x40 /home/woo/ndsdev/devkitPro/devkitARM/bin/../lib/gcc/arm-eabi/4.6.2/../../../../arm-eabi/lib/thumb/libg.a(lib_a-wcsrtombs.o)
                0x0201ff54                _wcsrtombs_r
                0x0201ff6c                wcsrtombs
 .text          0x0201ff94       0x54 /home/woo/ndsdev/devkitPro/devkitARM/bin/../lib/gcc/arm-eabi/4.6.2/../../../../arm-eabi/lib/thumb/libg.a(lib_a-wctob.o)
                0x0201ff94                wctob
 .text          0x0201ffe8      0x27c /home/woo/ndsdev/devkitPro/devkitARM/bin/../lib/gcc/arm-eabi/4.6.2/../../../../arm-eabi/lib/thumb/libg.a(lib_a-wctomb_r.o)
                0x0201ffe8                __utf8_wctomb
                0x020200a8                _wctomb_r
                0x020200e0                __ascii_wctomb
                0x02020100                __sjis_wctomb
                0x0202016c                __eucjp_wctomb
                0x020201e8                __jis_wctomb
 .text          0x02020264       0xd0 /home/woo/ndsdev/devkitPro/devkitARM/bin/../lib/gcc/arm-eabi/4.6.2/../../../../arm-eabi/lib/thumb/libg.a(lib_a-wsetup.o)
                0x02020264                __swsetup_r
 .text          0x02020334       0x40 /home/woo/ndsdev/devkitPro/devkitARM/bin/../lib/gcc/arm-eabi/4.6.2/../../../../arm-eabi/lib/thumb/libg.a(lib_a-div.o)
                0x02020334                div
 *fill*         0x02020374        0x4 ff
 .text          0x02020378     0x1010 /home/woo/ndsdev/devkitPro/devkitARM/bin/../lib/gcc/arm-eabi/4.6.2/../../../../arm-eabi/lib/thumb/libg.a(lib_a-dtoa.o)
                0x020204d4                _dtoa_r
 .text          0x02021388       0x70 /home/woo/ndsdev/devkitPro/devkitARM/bin/../lib/gcc/arm-eabi/4.6.2/../../../../arm-eabi/lib/thumb/libg.a(lib_a-flags.o)
                0x02021388                __sflags
 .text          0x020213f8      0x108 /home/woo/ndsdev/devkitPro/devkitARM/bin/../lib/gcc/arm-eabi/4.6.2/../../../../arm-eabi/lib/thumb/libg.a(lib_a-fputwc.o)
                0x020213f8                _fputwc_r
                0x020214d4                fputwc
 .text          0x02021500      0x308 /home/woo/ndsdev/devkitPro/devkitARM/bin/../lib/gcc/arm-eabi/4.6.2/../../../../arm-eabi/lib/thumb/libg.a(lib_a-fvwrite.o)
                0x02021500                __sfvwrite_r
 .text          0x02021808       0xa8 /home/woo/ndsdev/devkitPro/devkitARM/bin/../lib/gcc/arm-eabi/4.6.2/../../../../arm-eabi/lib/thumb/libg.a(lib_a-getenv_r.o)
                0x02021808                _findenv_r
                0x020218a0                _getenv_r
 .text          0x020218b0        0x8 /home/woo/ndsdev/devkitPro/devkitARM/bin/../lib/gcc/arm-eabi/4.6.2/../../../../arm-eabi/lib/thumb/libg.a(lib_a-gettzinfo.o)
                0x020218b0                __gettzinfo
 .text          0x020218b8       0x84 /home/woo/ndsdev/devkitPro/devkitARM/bin/../lib/gcc/arm-eabi/4.6.2/../../../../arm-eabi/lib/thumb/libg.a(lib_a-iswspace.o)
                0x020218b8                iswspace
 .text          0x0202193c      0x1f4 /home/woo/ndsdev/devkitPro/devkitARM/bin/../lib/gcc/arm-eabi/4.6.2/../../../../arm-eabi/lib/thumb/libg.a(lib_a-jp2uc.o)
                0x02021acc                _jp2uc
 .text          0x02021b30       0xe4 /home/woo/ndsdev/devkitPro/devkitARM/bin/../lib/gcc/arm-eabi/4.6.2/../../../../arm-eabi/lib/thumb/libg.a(lib_a-mbsnrtowcs.o)
                0x02021b30                _mbsnrtowcs_r
                0x02021be8                mbsnrtowcs
 *fill*         0x02021c14        0x4 ff
 .text          0x02021c18      0x988 /home/woo/ndsdev/devkitPro/devkitARM/bin/../lib/gcc/arm-eabi/4.6.2/../../../../arm-eabi/lib/thumb/libg.a(lib_a-mprec.o)
                0x02021c18                _Balloc
                0x02021c6c                _Bfree
                0x02021c84                __multadd
                0x02021d18                __s2b
                0x02021dac                __hi0bits
                0x02021de4                __lo0bits
                0x02021e44                __i2b
                0x02021e5c                __multiply
                0x02021fcc                __pow5mult
                0x0202207c                __lshift
                0x0202214c                __mcmp
                0x02022188                __mdiff
                0x02022274                __ulp
                0x020222bc                __b2d
                0x02022378                __d2b
                0x02022448                __ratio
                0x020224b4                _mprec_log10
                0x020224f4                __copybits
                0x0202253c                __any_on
 .text          0x020225a0      0x3c4 /home/woo/ndsdev/devkitPro/devkitARM/bin/../lib/gcc/arm-eabi/4.6.2/../../../../arm-eabi/lib/thumb/libg.a(lib_a-reallocr.o)
                0x020225a0                _realloc_r
 .text          0x02022964       0x7c /home/woo/ndsdev/devkitPro/devkitARM/bin/../lib/gcc/arm-eabi/4.6.2/../../../../arm-eabi/lib/thumb/libg.a(lib_a-sccl.o)
                0x02022964                __sccl
 .text          0x020229e0        0x8 /home/woo/ndsdev/devkitPro/devkitARM/bin/../lib/gcc/arm-eabi/4.6.2/../../../../arm-eabi/lib/thumb/libg.a(lib_a-sf_nan.o)
                0x020229e0                nanf
 .text          0x020229e8       0x90 /home/woo/ndsdev/devkitPro/devkitARM/bin/../lib/gcc/arm-eabi/4.6.2/../../../../arm-eabi/lib/thumb/libg.a(lib_a-s_fpclassify.o)
                0x020229e8                __fpclassifyd
 .text          0x02022a78      0xe58 /home/woo/ndsdev/devkitPro/devkitARM/bin/../lib/gcc/arm-eabi/4.6.2/../../../../arm-eabi/lib/thumb/libg.a(lib_a-strtod.o)
                0x02022aa8                _strtod_r
                0x0202387c                strtod
                0x02023898                strtof
 .text          0x020238d0      0x210 /home/woo/ndsdev/devkitPro/devkitARM/bin/../lib/gcc/arm-eabi/4.6.2/../../../../arm-eabi/lib/thumb/libg.a(lib_a-strtoll_r.o)
                0x020238d0                _strtoll_r
 .text          0x02023ae0      0x220 /home/woo/ndsdev/devkitPro/devkitARM/bin/../lib/gcc/arm-eabi/4.6.2/../../../../arm-eabi/lib/thumb/libg.a(lib_a-strtoull_r.o)
                0x02023ae0                _strtoull_r
 .text          0x02023d00      0x198 /home/woo/ndsdev/devkitPro/devkitARM/bin/../lib/gcc/arm-eabi/4.6.2/../../../../arm-eabi/lib/thumb/libg.a(lib_a-strtoul.o)
                0x02023d00                _strtoul_r
                0x02023e78                strtoul
 .text          0x02023e98      0xd9c /home/woo/ndsdev/devkitPro/devkitARM/bin/../lib/gcc/arm-eabi/4.6.2/../../../../arm-eabi/lib/thumb/libg.a(lib_a-svfiprintf.o)
                0x02023e98                __ssprint_r
                0x02023fc8                _svfiprintf_r
 .text          0x02024c34       0xd4 /home/woo/ndsdev/devkitPro/devkitARM/bin/../lib/gcc/arm-eabi/4.6.2/../../../../arm-eabi/lib/thumb/libg.a(lib_a-wbuf.o)
                0x02024c34                __swbuf_r
                0x02024cec                __swbuf
 .text          0x02024d08      0x13c /home/woo/ndsdev/devkitPro/devkitARM/bin/../lib/gcc/arm-eabi/4.6.2/../../../../arm-eabi/lib/thumb/libg.a(lib_a-wcsnrtombs.o)
                0x02024d08                _wcsnrtombs_r
                0x02024e14                wcsnrtombs
 .text          0x02024e44       0x64 /home/woo/ndsdev/devkitPro/devkitARM/bin/../lib/gcc/arm-eabi/4.6.2/../../../../arm-eabi/lib/thumb/libg.a(lib_a-callocr.o)
                0x02024e44                _calloc_r
 .text          0x02024ea8        0x0 /home/woo/ndsdev/devkitPro/devkitARM/bin/../lib/gcc/arm-eabi/4.6.2/../../../../arm-eabi/lib/thumb/libg.a(lib_a-environ.o)
 .text          0x02024ea8        0x8 /home/woo/ndsdev/devkitPro/devkitARM/bin/../lib/gcc/arm-eabi/4.6.2/../../../../arm-eabi/lib/thumb/libg.a(lib_a-envlock.o)
                0x02024ea8                __env_lock
                0x02024eac                __env_unlock
 .text          0x02024eb0      0x64c /home/woo/ndsdev/devkitPro/devkitARM/bin/../lib/gcc/arm-eabi/4.6.2/../../../../arm-eabi/lib/thumb/libg.a(lib_a-gdtoa-gethex.o)
                0x02024f70                __hexdig_init
                0x02024fcc                __gethex
 .text          0x020254fc      0x1e0 /home/woo/ndsdev/devkitPro/devkitARM/bin/../lib/gcc/arm-eabi/4.6.2/../../../../arm-eabi/lib/thumb/libg.a(lib_a-gdtoa-hexnan.o)
                0x020254fc                __hexnan
 .text          0x020256dc      0x144 /home/woo/ndsdev/devkitPro/devkitARM/bin/../lib/gcc/arm-eabi/4.6.2/../../../../arm-eabi/lib/thumb/libsysbase.a(iosupport.o)
                0x020256dc                setDefaultDevice
                0x020256f0                FindDevice
                0x02025760                RemoveDevice
                0x02025784                AddDevice
                0x02025800                GetDeviceOpTab
 .text          0x02025820       0x50 /home/woo/ndsdev/devkitPro/devkitARM/bin/../lib/gcc/arm-eabi/4.6.2/../../../../arm-eabi/lib/thumb/libsysbase.a(close.o)
                0x02025820                _close_r
 .text          0x02025870       0x58 /home/woo/ndsdev/devkitPro/devkitARM/bin/../lib/gcc/arm-eabi/4.6.2/../../../../arm-eabi/lib/thumb/libsysbase.a(fstat.o)
                0x02025870                _fstat_r
 .text          0x020258c8        0x4 /home/woo/ndsdev/devkitPro/devkitARM/bin/../lib/gcc/arm-eabi/4.6.2/../../../../arm-eabi/lib/thumb/libsysbase.a(isatty.o)
                0x020258c8                _isatty_r
 .text          0x020258cc       0x54 /home/woo/ndsdev/devkitPro/devkitARM/bin/../lib/gcc/arm-eabi/4.6.2/../../../../arm-eabi/lib/thumb/libsysbase.a(lseek.o)
                0x020258cc                _lseek_r
 .text          0x02025920       0xa0 /home/woo/ndsdev/devkitPro/devkitARM/bin/../lib/gcc/arm-eabi/4.6.2/../../../../arm-eabi/lib/thumb/libsysbase.a(open.o)
                0x02025920                _open_r
 .text          0x020259c0       0x54 /home/woo/ndsdev/devkitPro/devkitARM/bin/../lib/gcc/arm-eabi/4.6.2/../../../../arm-eabi/lib/thumb/libsysbase.a(read.o)
                0x020259c0                _read_r
 .text          0x02025a14       0x54 /home/woo/ndsdev/devkitPro/devkitARM/bin/../lib/gcc/arm-eabi/4.6.2/../../../../arm-eabi/lib/thumb/libsysbase.a(sbrk.o)
                0x02025a14                _sbrk_r
 .text          0x02025a68       0x48 /home/woo/ndsdev/devkitPro/devkitARM/bin/../lib/gcc/arm-eabi/4.6.2/../../../../arm-eabi/lib/thumb/libsysbase.a(times.o)
                0x02025a68                _times
                0x02025a7c                _times_r
                0x02025a84                _gettimeofday_r
 .text          0x02025ab0       0x54 /home/woo/ndsdev/devkitPro/devkitARM/bin/../lib/gcc/arm-eabi/4.6.2/../../../../arm-eabi/lib/thumb/libsysbase.a(write.o)
                0x02025ab0                _write_r
 .text          0x02025b04        0x0 /home/woo/ndsdev/devkitPro/devkitARM/bin/../lib/gcc/arm-eabi/4.6.2/../../../../arm-eabi/lib/thumb/libsysbase.a(malloc_vars.o)
 .text          0x02025b04      0x248 /home/woo/ndsdev/devkitPro/devkitARM/bin/../lib/gcc/arm-eabi/4.6.2/../../../../arm-eabi/lib/thumb/libsysbase.a(chdir.o)
                0x02025b04                _concatenate_path
                0x02025c1c                chdir
                0x02025cfc                getcwd
 .text          0x02025d4c       0x48 /home/woo/ndsdev/devkitPro/devkitARM/bin/../lib/gcc/arm-eabi/4.6.2/../../../../arm-eabi/lib/thumb/libsysbase.a(build_argv.o)
                0x02025d4c                build_argv
 .text          0x02025d94        0x0 /home/woo/ndsdev/devkitPro/devkitARM/bin/../lib/gcc/arm-eabi/4.6.2/../../../../arm-eabi/lib/thumb/libsysbase.a(syscall_support.o)
 .text          0x02025d94       0x80 /home/woo/ndsdev/devkitPro/devkitARM/bin/../lib/gcc/arm-eabi/4.6.2/../../../../arm-eabi/lib/thumb/libsysbase.a(handle_manager.o)
                0x02025d94                __release_handle
                0x02025dc0                __alloc_handle
                0x02025df8                __get_handle
 .text          0x02025e14      0x41c /home/woo/ndsdev/devkitPro/devkitARM/bin/../lib/gcc/arm-eabi/4.6.2/thumb/libgcc.a(_arm_addsubdf3.o)
                0x02025e14                __aeabi_drsub
                0x02025e1c                __aeabi_dsub
                0x02025e1c                __subdf3
                0x02025e20                __adddf3
                0x02025e20                __aeabi_dadd
                0x02026130                __aeabi_ui2d
                0x02026130                __floatunsidf
                0x02026154                __floatsidf
                0x02026154                __aeabi_i2d
                0x0202617c                __extendsfdf2
                0x0202617c                __aeabi_f2d
                0x020261bc                __aeabi_ul2d
                0x020261bc                __floatundidf
                0x020261d0                __floatdidf
                0x020261d0                __aeabi_l2d
 .text          0x02026230      0x49c /home/woo/ndsdev/devkitPro/devkitARM/bin/../lib/gcc/arm-eabi/4.6.2/thumb/libgcc.a(_arm_muldivdf3.o)
                0x02026230                __aeabi_dmul
                0x02026230                __muldf3
                0x020264c0                __aeabi_ddiv
                0x020264c0                __divdf3
 .text          0x020266cc      0x144 /home/woo/ndsdev/devkitPro/devkitARM/bin/../lib/gcc/arm-eabi/4.6.2/thumb/libgcc.a(_arm_cmpdf2.o)
                0x020266cc                __gtdf2
                0x020266cc                __gedf2
                0x020266d4                __ltdf2
                0x020266d4                __ledf2
                0x020266dc                __cmpdf2
                0x020266dc                __eqdf2
                0x020266dc                __nedf2
                0x02026764                __aeabi_cdrcmple
                0x02026780                __aeabi_cdcmple
                0x02026780                __aeabi_cdcmpeq
                0x02026798                __aeabi_dcmpeq
                0x020267b0                __aeabi_dcmplt
                0x020267c8                __aeabi_dcmple
                0x020267e0                __aeabi_dcmpge
                0x020267f8                __aeabi_dcmpgt
 .text          0x02026810       0x5c /home/woo/ndsdev/devkitPro/devkitARM/bin/../lib/gcc/arm-eabi/4.6.2/thumb/libgcc.a(_arm_fixdfsi.o)
                0x02026810                __fixdfsi
                0x02026810                __aeabi_d2iz
 .text          0x0202686c       0x54 /home/woo/ndsdev/devkitPro/devkitARM/bin/../lib/gcc/arm-eabi/4.6.2/thumb/libgcc.a(_arm_fixunsdfsi.o)
                0x0202686c                __fixunsdfsi
                0x0202686c                __aeabi_d2uiz
 .text          0x020268c0       0xa0 /home/woo/ndsdev/devkitPro/devkitARM/bin/../lib/gcc/arm-eabi/4.6.2/thumb/libgcc.a(_arm_truncdfsf2.o)
                0x020268c0                __aeabi_d2f
                0x020268c0                __truncdfsf2
 .text          0x02026960       0x3c /home/woo/ndsdev/devkitPro/devkitARM/bin/../lib/gcc/arm-eabi/4.6.2/thumb/libgcc.a(_aeabi_uldivmod.o)
                0x02026960                __aeabi_uldivmod
 .text          0x0202699c       0x74 /home/woo/ndsdev/devkitPro/devkitARM/bin/../lib/gcc/arm-eabi/4.6.2/thumb/libgcc.a(bpabi.o)
                0x0202699c                __gnu_ldivmod_helper
                0x020269d8                __gnu_uldivmod_helper
 .text          0x02026a10      0x3c8 /home/woo/ndsdev/devkitPro/devkitARM/bin/../lib/gcc/arm-eabi/4.6.2/thumb/libgcc.a(_divdi3.o)
                0x02026a10                __divdi3
 .text          0x02026dd8      0x370 /home/woo/ndsdev/devkitPro/devkitARM/bin/../lib/gcc/arm-eabi/4.6.2/thumb/libgcc.a(_udivdi3.o)
                0x02026dd8                __udivdi3
 .text          0x02027148       0x48 /home/woo/ndsdev/devkitPro/devkitARM/bin/../lib/gcc/arm-eabi/4.6.2/thumb/libgcc.a(_clzsi2.o)
                0x02027148                __clzsi2
 .text          0x02027190        0x0 /home/woo/ndsdev/devkitPro/devkitARM/bin/../lib/gcc/arm-eabi/4.6.2/thumb/crtend.o
 .text          0x02027190        0x0 /home/woo/ndsdev/devkitPro/devkitARM/bin/../lib/gcc/arm-eabi/4.6.2/thumb/crtn.o
 *(.text.*)
 .text.startup  0x02027190       0xcc main.o
                0x02027190                main
 *fill*         0x0202725c        0x4 ff
 .text.startup.stub
                0x02027260       0x10 linker stubs
 *(.stub)
 *(.gnu.warning)
 *(.gnu.linkonce.t*)
 *(.glue_7)
 .glue_7        0x00000000        0x0 linker stubs
 *(.glue_7t)
 .glue_7t       0x00000000        0x0 linker stubs
                0x02027270                . = ALIGN (0x4)

.vfp11_veneer   0x02027270        0x0
 .vfp11_veneer  0x00000000        0x0 linker stubs

.v4_bx          0x02027270        0x0
 .v4_bx         0x00000000        0x0 linker stubs

.fini           0x02027270        0xc
 *(.fini)
 .fini          0x02027270        0x4 /home/woo/ndsdev/devkitPro/devkitARM/bin/../lib/gcc/arm-eabi/4.6.2/thumb/crti.o
                0x02027270                _fini
 .fini          0x02027274        0x8 /home/woo/ndsdev/devkitPro/devkitARM/bin/../lib/gcc/arm-eabi/4.6.2/thumb/crtn.o
                0x0202727c                __text_end = .

.rodata         0x02027280     0x8168
 *(.rodata)
 .rodata        0x02027280       0x2c download.o
 .rodata        0x020272ac        0xc main.o
 .rodata        0x020272b8       0x20 wifi.o
 .rodata        0x020272d8       0x30 /home/woo/ndsdev/devkitPro/libnds/lib/libdswifi9.a(wifi_arm9.o)
 .rodata        0x02027308       0x54 /home/woo/ndsdev/devkitPro/libnds/lib/libdswifi9.a(sgIP_TCP.o)
 .rodata        0x0202735c       0x64 /home/woo/ndsdev/devkitPro/libnds/lib/libfat.a(libfat.o)
 .rodata        0x020273c0        0xc /home/woo/ndsdev/devkitPro/libnds/lib/libfat.a(partition.o)
 .rodata        0x020273cc       0x54 /home/woo/ndsdev/devkitPro/libnds/lib/libfat.a(directory.o)
 .rodata        0x02027420       0x18 /home/woo/ndsdev/devkitPro/libnds/lib/libfat.a(disc.o)
                0x02027420                _FAT_disc_interfaces
 .rodata        0x02027438      0x200 /home/woo/ndsdev/devkitPro/libnds/lib/libnds9.a(console.o)
 .rodata        0x02027638        0xc /home/woo/ndsdev/devkitPro/libnds/lib/libnds9.a(dldi.o)
                0x02027638                DLDI_MAGIC_STRING_BACKWARDS
                0x02027640                DLDI_MAGIC_NUMBER
 .rodata        0x02027644       0x20 /home/woo/ndsdev/devkitPro/libnds/lib/libnds9.a(dsi_sd.o)
                0x02027644                __io_dsisd
 .rodata        0x02027664     0x2004 /home/woo/ndsdev/devkitPro/libnds/lib/libnds9.a(default_font.bin.o)
                0x02027664                default_font_bin
                0x02029664                default_font_bin_end
                0x02029664                default_font_bin_size
 .rodata        0x02029668      0x308 /home/woo/ndsdev/devkitPro/libnds/lib/libnds9.a(trig.o)
                0x02029668                SIN_LUT
                0x0202976c                TAN_LUT
 .rodata        0x02029970      0x104 /home/woo/ndsdev/devkitPro/devkitARM/bin/../lib/gcc/arm-eabi/4.6.2/../../../../arm-eabi/lib/thumb/libg.a(lib_a-ctype_.o)
                0x02029970                _ctype_
 .rodata        0x02029a74        0x4 /home/woo/ndsdev/devkitPro/devkitARM/bin/../lib/gcc/arm-eabi/4.6.2/../../../../arm-eabi/lib/thumb/libg.a(lib_a-impure.o)
                0x02029a74                _global_impure_ptr
 .rodata        0x02029a78       0xf0 /home/woo/ndsdev/devkitPro/devkitARM/bin/../lib/gcc/arm-eabi/4.6.2/../../../../arm-eabi/lib/thumb/libg.a(lib_a-locale.o)
 .rodata        0x02029b68       0xa8 /home/woo/ndsdev/devkitPro/devkitARM/bin/../lib/gcc/arm-eabi/4.6.2/../../../../arm-eabi/lib/thumb/libg.a(lib_a-mbtowc_r.o)
 .rodata        0x02029c10       0x60 /home/woo/ndsdev/devkitPro/devkitARM/bin/../lib/gcc/arm-eabi/4.6.2/../../../../arm-eabi/lib/thumb/libg.a(lib_a-mktime.o)
 .rodata        0x02029c70       0x68 /home/woo/ndsdev/devkitPro/devkitARM/bin/../lib/gcc/arm-eabi/4.6.2/../../../../arm-eabi/lib/thumb/libg.a(lib_a-mktm_r.o)
 .rodata        0x02029cd8      0x340 /home/woo/ndsdev/devkitPro/devkitARM/bin/../lib/gcc/arm-eabi/4.6.2/../../../../arm-eabi/lib/thumb/libg.a(lib_a-svfiscanf.o)
 .rodata        0x0202a018      0x184 /home/woo/ndsdev/devkitPro/devkitARM/bin/../lib/gcc/arm-eabi/4.6.2/../../../../arm-eabi/lib/thumb/libg.a(lib_a-svfprintf.o)
 .rodata        0x0202a19c      0x47c /home/woo/ndsdev/devkitPro/devkitARM/bin/../lib/gcc/arm-eabi/4.6.2/../../../../arm-eabi/lib/thumb/libg.a(lib_a-svfscanf.o)
 .rodata        0x0202a618      0x580 /home/woo/ndsdev/devkitPro/devkitARM/bin/../lib/gcc/arm-eabi/4.6.2/../../../../arm-eabi/lib/thumb/libg.a(lib_a-towlower.o)
 .rodata        0x0202ab98      0x3e4 /home/woo/ndsdev/devkitPro/devkitARM/bin/../lib/gcc/arm-eabi/4.6.2/../../../../arm-eabi/lib/thumb/libg.a(lib_a-towupper.o)
 .rodata        0x0202af7c      0x184 /home/woo/ndsdev/devkitPro/devkitARM/bin/../lib/gcc/arm-eabi/4.6.2/../../../../arm-eabi/lib/thumb/libg.a(lib_a-vfiprintf.o)
 .rodata        0x0202b100      0x184 /home/woo/ndsdev/devkitPro/devkitARM/bin/../lib/gcc/arm-eabi/4.6.2/../../../../arm-eabi/lib/thumb/libg.a(lib_a-vfprintf.o)
 .rodata        0x0202b284     0x34f0 /home/woo/ndsdev/devkitPro/devkitARM/bin/../lib/gcc/arm-eabi/4.6.2/../../../../arm-eabi/lib/thumb/libg.a(lib_a-jp2uc.o)
 *fill*         0x0202e774        0x4 ff
 .rodata        0x0202e778      0x128 /home/woo/ndsdev/devkitPro/devkitARM/bin/../lib/gcc/arm-eabi/4.6.2/../../../../arm-eabi/lib/thumb/libg.a(lib_a-mprec.o)
                0x0202e788                __mprec_tens
                0x0202e850                __mprec_tinytens
                0x0202e878                __mprec_bigtens
 .rodata        0x0202e8a0      0x100 /home/woo/ndsdev/devkitPro/devkitARM/bin/../lib/gcc/arm-eabi/4.6.2/../../../../arm-eabi/lib/thumb/libg.a(lib_a-strtod.o)
 .rodata        0x0202e9a0      0x184 /home/woo/ndsdev/devkitPro/devkitARM/bin/../lib/gcc/arm-eabi/4.6.2/../../../../arm-eabi/lib/thumb/libg.a(lib_a-svfiprintf.o)
 .rodata        0x0202eb24       0x64 /home/woo/ndsdev/devkitPro/devkitARM/bin/../lib/gcc/arm-eabi/4.6.2/../../../../arm-eabi/lib/thumb/libsysbase.a(iosupport.o)
                0x0202eb24                dotab_stdnull
 .rodata        0x0202eb88        0xc /home/woo/ndsdev/devkitPro/devkitARM/bin/../lib/gcc/arm-eabi/4.6.2/../../../../arm-eabi/lib/thumb/libsysbase.a(chdir.o)
                0x0202eb88                DIRECTORY_PARENT
                0x0202eb8c                DIRECTORY_THIS
                0x0202eb90                DIRECTORY_SEPARATOR
 *all.rodata*(*)
 *(.roda)
 *(.rodata.*)
 .rodata.str1.4
                0x0202eb94      0x341 download.o
                                0x344 (size before relaxing)
 *fill*         0x0202eed5        0x3 ff
 .rodata.str1.4
                0x0202eed8      0x10f main.o
                                0x110 (size before relaxing)
 *fill*         0x0202efe7        0x1 ff
 .rodata.str1.4
                0x0202efe8       0xfe wifi.o
                                0x108 (size before relaxing)
 *fill*         0x0202f0e6        0x2 ff
 .rodata.str1.4
                0x0202f0e8       0xb6 /home/woo/ndsdev/devkitPro/libnds/lib/libdswifi9.a(wifi_arm9.o)
                                 0xb8 (size before relaxing)
 *fill*         0x0202f19e        0x2 ff
 .rodata.str1.4
                0x0202f1a0       0x15 /home/woo/ndsdev/devkitPro/libnds/lib/libdswifi9.a(sgIP_DHCP.o)
                                 0x18 (size before relaxing)
 *fill*         0x0202f1b5        0x3 ff
 .rodata.str1.4
                0x0202f1b8       0x14 /home/woo/ndsdev/devkitPro/libnds/lib/libfat.a(libfat.o)
 .rodata.str1.4
                0x0202f1cc        0x7 /home/woo/ndsdev/devkitPro/libnds/lib/libfat.a(directory.o)
                                  0x8 (size before relaxing)
 *fill*         0x0202f1d3        0x1 ff
 .rodata.str1.4
                0x0202f1d4        0x3 /home/woo/ndsdev/devkitPro/libnds/lib/libfat.a(disc.o)
                                  0x8 (size before relaxing)
 *fill*         0x0202f1d7        0x1 ff
 .rodata.str1.4
                0x0202f1d8        0x5 /home/woo/ndsdev/devkitPro/libnds/lib/libfat.a(fatdir.o)
                                  0x8 (size before relaxing)
 *fill*         0x0202f1dd        0x3 ff
 .rodata.str1.4
                0x0202f1e0       0x49 /home/woo/ndsdev/devkitPro/libnds/lib/libnds9.a(console.o)
                                 0x4c (size before relaxing)
 *fill*         0x0202f229        0x3 ff
 .rodata.str1.4
                0x0202f22c        0x2 /home/woo/ndsdev/devkitPro/devkitARM/bin/../lib/gcc/arm-eabi/4.6.2/../../../../arm-eabi/lib/thumb/libg.a(lib_a-impure.o)
                                  0x4 (size before relaxing)
 *fill*         0x0202f22e        0x2 ff
 .rodata.str1.4
                0x0202f230      0x124 /home/woo/ndsdev/devkitPro/devkitARM/bin/../lib/gcc/arm-eabi/4.6.2/../../../../arm-eabi/lib/thumb/libg.a(lib_a-locale.o)
                                0x130 (size before relaxing)
 .rodata.str1.4
                0x00000000        0x4 /home/woo/ndsdev/devkitPro/devkitARM/bin/../lib/gcc/arm-eabi/4.6.2/../../../../arm-eabi/lib/thumb/libg.a(lib_a-mbrtowc.o)
 .rodata.str1.4
                0x0202f354       0x42 /home/woo/ndsdev/devkitPro/devkitARM/bin/../lib/gcc/arm-eabi/4.6.2/../../../../arm-eabi/lib/thumb/libg.a(lib_a-svfprintf.o)
                                 0x44 (size before relaxing)
 *fill*         0x0202f396        0x2 ff
 .rodata.str1.4
                0x0202f398        0x5 /home/woo/ndsdev/devkitPro/devkitARM/bin/../lib/gcc/arm-eabi/4.6.2/../../../../arm-eabi/lib/thumb/libg.a(lib_a-svfscanf.o)
                                  0x8 (size before relaxing)
 *fill*         0x0202f39d        0x3 ff
 .rodata.str1.4
                0x0202f3a0        0x4 /home/woo/ndsdev/devkitPro/devkitARM/bin/../lib/gcc/arm-eabi/4.6.2/../../../../arm-eabi/lib/thumb/libg.a(lib_a-tzvars.o)
 .rodata.str1.4
                0x00000000       0x30 /home/woo/ndsdev/devkitPro/devkitARM/bin/../lib/gcc/arm-eabi/4.6.2/../../../../arm-eabi/lib/thumb/libg.a(lib_a-vfiprintf.o)
 .rodata.str1.4
                0x00000000       0x44 /home/woo/ndsdev/devkitPro/devkitARM/bin/../lib/gcc/arm-eabi/4.6.2/../../../../arm-eabi/lib/thumb/libg.a(lib_a-vfprintf.o)
 .rodata.str1.4
                0x0202f3a4       0x10 /home/woo/ndsdev/devkitPro/devkitARM/bin/../lib/gcc/arm-eabi/4.6.2/../../../../arm-eabi/lib/thumb/libg.a(lib_a-dtoa.o)
                                 0x14 (size before relaxing)
 .rodata.str1.4
                0x00000000       0x14 /home/woo/ndsdev/devkitPro/devkitARM/bin/../lib/gcc/arm-eabi/4.6.2/../../../../arm-eabi/lib/thumb/libg.a(lib_a-jp2uc.o)
 .rodata.str1.4
                0x0202f3b4        0xf /home/woo/ndsdev/devkitPro/devkitARM/bin/../lib/gcc/arm-eabi/4.6.2/../../../../arm-eabi/lib/thumb/libg.a(lib_a-strtod.o)
                                 0x10 (size before relaxing)
 .rodata.str1.4
                0x00000000       0x30 /home/woo/ndsdev/devkitPro/devkitARM/bin/../lib/gcc/arm-eabi/4.6.2/../../../../arm-eabi/lib/thumb/libg.a(lib_a-svfiprintf.o)
 *fill*         0x0202f3c3        0x1 ff
 .rodata.str1.4
                0x0202f3c4       0x1b /home/woo/ndsdev/devkitPro/devkitARM/bin/../lib/gcc/arm-eabi/4.6.2/../../../../arm-eabi/lib/thumb/libg.a(lib_a-gdtoa-gethex.o)
                                 0x1c (size before relaxing)
 *fill*         0x0202f3df        0x1 ff
 .rodata.str1.4
                0x0202f3e0        0x8 /home/woo/ndsdev/devkitPro/devkitARM/bin/../lib/gcc/arm-eabi/4.6.2/../../../../arm-eabi/lib/thumb/libsysbase.a(iosupport.o)
 *(.gnu.linkonce.r*)
                0x0202f3e8                . = ALIGN (0x4)

.ARM.extab
 *(.ARM.extab* .gnu.linkonce.armextab.*)
                0x0202f3e8                __exidx_start = .

ARM.exidx
 *(.ARM.exidx* .gnu.linkonce.armexidx.*)
                0x0202f3e8                __exidx_end = .
                0x0202f3e8                . = ALIGN (0x4)
                0x0202f3e8                PROVIDE (__preinit_array_start, .)

.preinit_array
 *(.preinit_array)
                0x0202f3e8                PROVIDE (__preinit_array_end, .)
                0x0202f3e8                PROVIDE (__init_array_start, .)

.init_array     0x0202f3e8        0x4
 *(SORT(.init_array.*))
 *(.init_array)
 .init_array    0x0202f3e8        0x4 /home/woo/ndsdev/devkitPro/devkitARM/bin/../lib/gcc/arm-eabi/4.6.2/thumb/crtbegin.o
                0x0202f3ec                PROVIDE (__init_array_end, .)
                0x0202f3ec                PROVIDE (__fini_array_start, .)

.fini_array     0x0202f3ec        0x4
 *(.fini_array)
 .fini_array    0x0202f3ec        0x4 /home/woo/ndsdev/devkitPro/devkitARM/bin/../lib/gcc/arm-eabi/4.6.2/thumb/crtbegin.o
 *(SORT(.fini_array.*))
                0x0202f3f0                PROVIDE (__fini_array_end, .)

.ctors          0x0202f3f0        0x0
 *crtbegin.o(.ctors)
 *(EXCLUDE_FILE(*crtend.o) .ctors)
 *(SORT(.ctors.*))
 *(.ctors)
                0x0202f3f0                . = ALIGN (0x4)

.dtors          0x0202f3f0        0x0
 *crtbegin.o(.dtors)
 *(EXCLUDE_FILE(*crtend.o) .dtors)
 *(SORT(.dtors.*))
 *(.dtors)
                0x0202f3f0                . = ALIGN (0x4)

.eh_frame       0x0202f3f0        0x4
 *(.eh_frame)
 .eh_frame      0x0202f3f0        0x0 /home/woo/ndsdev/devkitPro/devkitARM/bin/../lib/gcc/arm-eabi/4.6.2/thumb/crtbegin.o
 .eh_frame      0x0202f3f0        0x4 /home/woo/ndsdev/devkitPro/devkitARM/bin/../lib/gcc/arm-eabi/4.6.2/thumb/crtend.o
                0x0202f3f4                . = ALIGN (0x4)

.gcc_except_table
                0x0202f3f4        0x0
 *(.gcc_except_table)
                0x0202f3f4                . = ALIGN (0x4)

.jcr            0x0202f3f4        0x4
 *(.jcr)
 .jcr           0x0202f3f4        0x0 /home/woo/ndsdev/devkitPro/devkitARM/bin/../lib/gcc/arm-eabi/4.6.2/thumb/crtbegin.o
 .jcr           0x0202f3f4        0x4 /home/woo/ndsdev/devkitPro/devkitARM/bin/../lib/gcc/arm-eabi/4.6.2/thumb/crtend.o

.got
 *(.got.plt)
 *(.got)
 *(.rel.got)

.ewram          0x0202f3f8        0x0
                0x0202f3f8                __ewram_start = ABSOLUTE (.)
 *(.ewram)
 *ewram.*(.text)
                0x0202f3f8                . = ALIGN (0x4)

.data           0x0202f3f8     0x1014
                0x0202f3f8                __data_start = ABSOLUTE (.)
 *(.data)
 .data          0x0202f3f8        0x0 /home/woo/ndsdev/devkitPro/devkitARM/bin/../lib/gcc/arm-eabi/4.6.2/../../../../arm-eabi/lib/thumb/ds_arm9_crt0.o
 .data          0x0202f3f8        0x0 /home/woo/ndsdev/devkitPro/devkitARM/bin/../lib/gcc/arm-eabi/4.6.2/thumb/crti.o
 .data          0x0202f3f8        0x4 /home/woo/ndsdev/devkitPro/devkitARM/bin/../lib/gcc/arm-eabi/4.6.2/thumb/crtbegin.o
                0x0202f3f8                __dso_handle
 .data          0x0202f3fc        0x0 download.o
 .data          0x0202f3fc       0x94 main.o
                0x0202f3fc                Config
 .data          0x0202f490        0x0 wifi.o
 .data          0x0202f490        0x0 jump.o
 .data          0x0202f490        0x0 /home/woo/ndsdev/devkitPro/libnds/lib/libdswifi9.a(sgIP_DNS.o)
 .data          0x0202f490        0x0 /home/woo/ndsdev/devkitPro/libnds/lib/libdswifi9.a(sgIP_Hub.o)
 .data          0x0202f490        0x0 /home/woo/ndsdev/devkitPro/libnds/lib/libdswifi9.a(sgIP_memblock.o)
 .data          0x0202f490        0x0 /home/woo/ndsdev/devkitPro/libnds/lib/libdswifi9.a(sgIP_sockets.o)
 .data          0x0202f490       0x1c /home/woo/ndsdev/devkitPro/libnds/lib/libdswifi9.a(wifi_arm9.o)
                0x0202f490                ASSOCSTATUS_STRINGS
 .data          0x0202f4ac        0x0 /home/woo/ndsdev/devkitPro/libnds/lib/libdswifi9.a(spinlock.o)
 .data          0x0202f4ac        0x0 /home/woo/ndsdev/devkitPro/libnds/lib/libdswifi9.a(sgIP.o)
 .data          0x0202f4ac        0x0 /home/woo/ndsdev/devkitPro/libnds/lib/libdswifi9.a(sgIP_ARP.o)
 .data          0x0202f4ac        0x0 /home/woo/ndsdev/devkitPro/libnds/lib/libdswifi9.a(sgIP_DHCP.o)
 .data          0x0202f4ac        0x0 /home/woo/ndsdev/devkitPro/libnds/lib/libdswifi9.a(sgIP_IP.o)
 .data          0x0202f4ac        0x0 /home/woo/ndsdev/devkitPro/libnds/lib/libdswifi9.a(sgIP_TCP.o)
 .data          0x0202f4ac        0x0 /home/woo/ndsdev/devkitPro/libnds/lib/libdswifi9.a(sgIP_UDP.o)
 .data          0x0202f4ac        0x0 /home/woo/ndsdev/devkitPro/libnds/lib/libdswifi9.a(sgIP_ICMP.o)
 .data          0x0202f4ac        0x0 /home/woo/ndsdev/devkitPro/libnds/lib/libfat.a(libfat.o)
 .data          0x0202f4ac        0x0 /home/woo/ndsdev/devkitPro/libnds/lib/libfat.a(partition.o)
 .data          0x0202f4ac        0x0 /home/woo/ndsdev/devkitPro/libnds/lib/libfat.a(cache.o)
 .data          0x0202f4ac        0x0 /home/woo/ndsdev/devkitPro/libnds/lib/libfat.a(directory.o)
 .data          0x0202f4ac        0x0 /home/woo/ndsdev/devkitPro/libnds/lib/libfat.a(disc.o)
 .data          0x0202f4ac        0x0 /home/woo/ndsdev/devkitPro/libnds/lib/libfat.a(fatdir.o)
 .data          0x0202f4ac        0x0 /home/woo/ndsdev/devkitPro/libnds/lib/libfat.a(fatfile.o)
 .data          0x0202f4ac        0x0 /home/woo/ndsdev/devkitPro/libnds/lib/libfat.a(file_allocation_table.o)
 .data          0x0202f4ac        0x0 /home/woo/ndsdev/devkitPro/libnds/lib/libfat.a(filetime.o)
 .data          0x0202f4ac        0x0 /home/woo/ndsdev/devkitPro/libnds/lib/libfat.a(lock.o)
 .data          0x0202f4ac       0x64 /home/woo/ndsdev/devkitPro/libnds/lib/libnds9.a(console.o)
                0x0202f4ac                currentConsole
                0x0202f4b0                defaultConsole
 .data          0x0202f510        0x3 /home/woo/ndsdev/devkitPro/libnds/lib/libnds9.a(keys.o)
 *fill*         0x0202f513        0x1 ff
 .data          0x0202f514        0x4 /home/woo/ndsdev/devkitPro/libnds/lib/libnds9.a(dldi.o)
                0x0202f514                io_dldi_data
 .data          0x0202f518        0x0 /home/woo/ndsdev/devkitPro/libnds/lib/libnds9.a(dsi_sd.o)
 .data          0x0202f518        0x0 /home/woo/ndsdev/devkitPro/libnds/lib/libnds9.a(initSystem.o)
 .data          0x0202f518       0x10 /home/woo/ndsdev/devkitPro/libnds/lib/libnds9.a(fifosystem.o)
                0x0202f518                fifo_freewords
                0x0202f51c                fifo_buffer_free
                0x0202f520                fifo_send_queue
                0x0202f524                fifo_receive_queue
 .data          0x0202f528        0x0 /home/woo/ndsdev/devkitPro/libnds/lib/libnds9.a(interrupts.o)
 .data          0x0202f528        0x0 /home/woo/ndsdev/devkitPro/libnds/lib/libnds9.a(libnds_exit.o)
 .data          0x0202f528        0x0 /home/woo/ndsdev/devkitPro/libnds/lib/libnds9.a(dcache.o)
 .data          0x0202f528        0x0 /home/woo/ndsdev/devkitPro/libnds/lib/libnds9.a(dldi_stub.o)
 .data          0x0202f528        0x0 /home/woo/ndsdev/devkitPro/libnds/lib/libnds9.a(mpu_setup.o)
 .data          0x0202f528        0x0 /home/woo/ndsdev/devkitPro/libnds/lib/libnds9.a(biosCalls.o)
 .data          0x0202f528        0x0 /home/woo/ndsdev/devkitPro/libnds/lib/libnds9.a(debugprint.o)
 .data          0x0202f528        0x0 /home/woo/ndsdev/devkitPro/libnds/lib/libnds9.a(interruptDispatcher.o)
 .data          0x0202f528        0x0 /home/woo/ndsdev/devkitPro/libnds/lib/libnds9.a(swiSoftReset.o)
 .data          0x0202f528        0x0 /home/woo/ndsdev/devkitPro/libnds/lib/libnds9.a(default_font.bin.o)
 .data          0x0202f528       0x60 /home/woo/ndsdev/devkitPro/libnds/lib/libnds9.a(background.o)
                0x0202f528                bgScrollTable
                0x0202f548                bgTransform
                0x0202f568                bgControl
 .data          0x0202f588        0x0 /home/woo/ndsdev/devkitPro/libnds/lib/libnds9.a(system.o)
 .data          0x0202f588        0x0 /home/woo/ndsdev/devkitPro/libnds/lib/libnds9.a(trig.o)
 .data          0x0202f588        0x0 /home/woo/ndsdev/devkitPro/libnds/lib/libnds9.a(video.o)
 .data          0x0202f588        0x0 /home/woo/ndsdev/devkitPro/devkitARM/bin/../lib/gcc/arm-eabi/4.6.2/thumb/libgcc.a(_udivsi3.o)
 .data          0x0202f588        0x0 /home/woo/ndsdev/devkitPro/devkitARM/bin/../lib/gcc/arm-eabi/4.6.2/thumb/libgcc.a(_divsi3.o)
 .data          0x0202f588        0x0 /home/woo/ndsdev/devkitPro/devkitARM/bin/../lib/gcc/arm-eabi/4.6.2/thumb/libgcc.a(_dvmd_tls.o)
 .data          0x0202f588        0x0 /home/woo/ndsdev/devkitPro/devkitARM/bin/../lib/gcc/arm-eabi/4.6.2/thumb/libgcc.a(_muldi3.o)
 .data          0x0202f588        0x0 /home/woo/ndsdev/devkitPro/devkitARM/bin/../lib/gcc/arm-eabi/4.6.2/../../../../arm-eabi/lib/thumb/libg.a(lib_a-atoi.o)
 .data          0x0202f588        0x0 /home/woo/ndsdev/devkitPro/devkitARM/bin/../lib/gcc/arm-eabi/4.6.2/../../../../arm-eabi/lib/thumb/libg.a(lib_a-bsearch.o)
 .data          0x0202f588        0x4 /home/woo/ndsdev/devkitPro/devkitARM/bin/../lib/gcc/arm-eabi/4.6.2/../../../../arm-eabi/lib/thumb/libg.a(lib_a-ctype_.o)
                0x0202f588                __ctype_ptr__
 .data          0x0202f58c        0x0 /home/woo/ndsdev/devkitPro/devkitARM/bin/../lib/gcc/arm-eabi/4.6.2/../../../../arm-eabi/lib/thumb/libg.a(lib_a-errno.o)
 .data          0x0202f58c        0x0 /home/woo/ndsdev/devkitPro/devkitARM/bin/../lib/gcc/arm-eabi/4.6.2/../../../../arm-eabi/lib/thumb/libg.a(lib_a-fclose.o)
 .data          0x0202f58c        0x0 /home/woo/ndsdev/devkitPro/devkitARM/bin/../lib/gcc/arm-eabi/4.6.2/../../../../arm-eabi/lib/thumb/libg.a(lib_a-fflush.o)
 .data          0x0202f58c        0x0 /home/woo/ndsdev/devkitPro/devkitARM/bin/../lib/gcc/arm-eabi/4.6.2/../../../../arm-eabi/lib/thumb/libg.a(lib_a-fgets.o)
 .data          0x0202f58c        0x0 /home/woo/ndsdev/devkitPro/devkitARM/bin/../lib/gcc/arm-eabi/4.6.2/../../../../arm-eabi/lib/thumb/libg.a(lib_a-findfp.o)
 .data          0x0202f58c        0x0 /home/woo/ndsdev/devkitPro/devkitARM/bin/../lib/gcc/arm-eabi/4.6.2/../../../../arm-eabi/lib/thumb/libg.a(lib_a-fopen.o)
 .data          0x0202f58c        0x0 /home/woo/ndsdev/devkitPro/devkitARM/bin/../lib/gcc/arm-eabi/4.6.2/../../../../arm-eabi/lib/thumb/libg.a(lib_a-freer.o)
 .data          0x0202f58c        0x0 /home/woo/ndsdev/devkitPro/devkitARM/bin/../lib/gcc/arm-eabi/4.6.2/../../../../arm-eabi/lib/thumb/libg.a(lib_a-fseek.o)
 .data          0x0202f58c        0x0 /home/woo/ndsdev/devkitPro/devkitARM/bin/../lib/gcc/arm-eabi/4.6.2/../../../../arm-eabi/lib/thumb/libg.a(lib_a-fwalk.o)
 .data          0x0202f58c        0x0 /home/woo/ndsdev/devkitPro/devkitARM/bin/../lib/gcc/arm-eabi/4.6.2/../../../../arm-eabi/lib/thumb/libg.a(lib_a-fwrite.o)
 *fill*         0x0202f58c        0x4 ff
 .data          0x0202f590      0x430 /home/woo/ndsdev/devkitPro/devkitARM/bin/../lib/gcc/arm-eabi/4.6.2/../../../../arm-eabi/lib/thumb/libg.a(lib_a-impure.o)
                0x0202f590                _impure_ptr
 .data          0x0202f9c0        0x0 /home/woo/ndsdev/devkitPro/devkitARM/bin/../lib/gcc/arm-eabi/4.6.2/../../../../arm-eabi/lib/thumb/libg.a(lib_a-init.o)
 .data          0x0202f9c0        0x0 /home/woo/ndsdev/devkitPro/devkitARM/bin/../lib/gcc/arm-eabi/4.6.2/../../../../arm-eabi/lib/thumb/libg.a(lib_a-iprintf.o)
 .data          0x0202f9c0        0x0 /home/woo/ndsdev/devkitPro/devkitARM/bin/../lib/gcc/arm-eabi/4.6.2/../../../../arm-eabi/lib/thumb/libg.a(lib_a-lcltime_r.o)
 .data          0x0202f9c0      0x17c /home/woo/ndsdev/devkitPro/devkitARM/bin/../lib/gcc/arm-eabi/4.6.2/../../../../arm-eabi/lib/thumb/libg.a(lib_a-locale.o)
                0x0202f9c0                __default_locale
                0x0202fae0                __mb_cur_max
 .data          0x0202fb3c        0x0 /home/woo/ndsdev/devkitPro/devkitARM/bin/../lib/gcc/arm-eabi/4.6.2/../../../../arm-eabi/lib/thumb/libg.a(lib_a-makebuf.o)
 .data          0x0202fb3c        0x0 /home/woo/ndsdev/devkitPro/devkitARM/bin/../lib/gcc/arm-eabi/4.6.2/../../../../arm-eabi/lib/thumb/libg.a(lib_a-malloc.o)
 .data          0x0202fb3c      0x410 /home/woo/ndsdev/devkitPro/devkitARM/bin/../lib/gcc/arm-eabi/4.6.2/../../../../arm-eabi/lib/thumb/libg.a(lib_a-mallocr.o)
                0x0202fb3c                __malloc_av_
                0x0202ff44                __malloc_sbrk_base
                0x0202ff48                __malloc_trim_threshold
 .data          0x0202ff4c        0x0 /home/woo/ndsdev/devkitPro/devkitARM/bin/../lib/gcc/arm-eabi/4.6.2/../../../../arm-eabi/lib/thumb/libg.a(lib_a-mbrtowc.o)
 .data          0x0202ff4c        0x0 /home/woo/ndsdev/devkitPro/devkitARM/bin/../lib/gcc/arm-eabi/4.6.2/../../../../arm-eabi/lib/thumb/libg.a(lib_a-mbsrtowcs.o)
 .data          0x0202ff4c        0x4 /home/woo/ndsdev/devkitPro/devkitARM/bin/../lib/gcc/arm-eabi/4.6.2/../../../../arm-eabi/lib/thumb/libg.a(lib_a-mbtowc_r.o)
                0x0202ff4c                __mbtowc
 .data          0x0202ff50        0x0 /home/woo/ndsdev/devkitPro/devkitARM/bin/../lib/gcc/arm-eabi/4.6.2/../../../../arm-eabi/lib/thumb/libg.a(lib_a-memchr-stub.o)
 .data          0x0202ff50        0x0 /home/woo/ndsdev/devkitPro/devkitARM/bin/../lib/gcc/arm-eabi/4.6.2/../../../../arm-eabi/lib/thumb/libg.a(lib_a-memcmp.o)
 .data          0x0202ff50        0x0 /home/woo/ndsdev/devkitPro/devkitARM/bin/../lib/gcc/arm-eabi/4.6.2/../../../../arm-eabi/lib/thumb/libg.a(lib_a-memcpy-stub.o)
 .data          0x0202ff50        0x0 /home/woo/ndsdev/devkitPro/devkitARM/bin/../lib/gcc/arm-eabi/4.6.2/../../../../arm-eabi/lib/thumb/libg.a(lib_a-memmove.o)
 .data          0x0202ff50        0x0 /home/woo/ndsdev/devkitPro/devkitARM/bin/../lib/gcc/arm-eabi/4.6.2/../../../../arm-eabi/lib/thumb/libg.a(lib_a-memset.o)
 .data          0x0202ff50        0x0 /home/woo/ndsdev/devkitPro/devkitARM/bin/../lib/gcc/arm-eabi/4.6.2/../../../../arm-eabi/lib/thumb/libg.a(lib_a-mktime.o)
 .data          0x0202ff50        0x0 /home/woo/ndsdev/devkitPro/devkitARM/bin/../lib/gcc/arm-eabi/4.6.2/../../../../arm-eabi/lib/thumb/libg.a(lib_a-mktm_r.o)
 .data          0x0202ff50        0x0 /home/woo/ndsdev/devkitPro/devkitARM/bin/../lib/gcc/arm-eabi/4.6.2/../../../../arm-eabi/lib/thumb/libg.a(lib_a-mlock.o)
 .data          0x0202ff50        0x0 /home/woo/ndsdev/devkitPro/devkitARM/bin/../lib/gcc/arm-eabi/4.6.2/../../../../arm-eabi/lib/thumb/libg.a(lib_a-printf.o)
 .data          0x0202ff50        0x0 /home/woo/ndsdev/devkitPro/devkitARM/bin/../lib/gcc/arm-eabi/4.6.2/../../../../arm-eabi/lib/thumb/libg.a(lib_a-refill.o)
 .data          0x0202ff50        0x0 /home/woo/ndsdev/devkitPro/devkitARM/bin/../lib/gcc/arm-eabi/4.6.2/../../../../arm-eabi/lib/thumb/libg.a(lib_a-setvbuf.o)
 .data          0x0202ff50        0x0 /home/woo/ndsdev/devkitPro/devkitARM/bin/../lib/gcc/arm-eabi/4.6.2/../../../../arm-eabi/lib/thumb/libg.a(lib_a-siscanf.o)
 .data          0x0202ff50        0x0 /home/woo/ndsdev/devkitPro/devkitARM/bin/../lib/gcc/arm-eabi/4.6.2/../../../../arm-eabi/lib/thumb/libg.a(lib_a-sprintf.o)
 .data          0x0202ff50        0x0 /home/woo/ndsdev/devkitPro/devkitARM/bin/../lib/gcc/arm-eabi/4.6.2/../../../../arm-eabi/lib/thumb/libg.a(lib_a-sscanf.o)
 .data          0x0202ff50        0x0 /home/woo/ndsdev/devkitPro/devkitARM/bin/../lib/gcc/arm-eabi/4.6.2/../../../../arm-eabi/lib/thumb/libg.a(lib_a-stdio.o)
 .data          0x0202ff50        0x0 /home/woo/ndsdev/devkitPro/devkitARM/bin/../lib/gcc/arm-eabi/4.6.2/../../../../arm-eabi/lib/thumb/libg.a(lib_a-strcasecmp.o)
 .data          0x0202ff50        0x0 /home/woo/ndsdev/devkitPro/devkitARM/bin/../lib/gcc/arm-eabi/4.6.2/../../../../arm-eabi/lib/thumb/libg.a(lib_a-strcat.o)
 .data          0x0202ff50        0x0 /home/woo/ndsdev/devkitPro/devkitARM/bin/../lib/gcc/arm-eabi/4.6.2/../../../../arm-eabi/lib/thumb/libg.a(lib_a-strchr.o)
 .data          0x0202ff50        0x0 /home/woo/ndsdev/devkitPro/devkitARM/bin/../lib/gcc/arm-eabi/4.6.2/../../../../arm-eabi/lib/thumb/libg.a(lib_a-strcmp.o)
 .data          0x0202ff50        0x0 /home/woo/ndsdev/devkitPro/devkitARM/bin/../lib/gcc/arm-eabi/4.6.2/../../../../arm-eabi/lib/thumb/libg.a(lib_a-strcpy.o)
 .data          0x0202ff50        0x0 /home/woo/ndsdev/devkitPro/devkitARM/bin/../lib/gcc/arm-eabi/4.6.2/../../../../arm-eabi/lib/thumb/libg.a(lib_a-strlcpy.o)
 .data          0x0202ff50        0x0 /home/woo/ndsdev/devkitPro/devkitARM/bin/../lib/gcc/arm-eabi/4.6.2/../../../../arm-eabi/lib/thumb/libg.a(lib_a-strlen.o)
 .data          0x0202ff50        0x0 /home/woo/ndsdev/devkitPro/devkitARM/bin/../lib/gcc/arm-eabi/4.6.2/../../../../arm-eabi/lib/thumb/libg.a(lib_a-strncasecmp.o)
 .data          0x0202ff50        0x0 /home/woo/ndsdev/devkitPro/devkitARM/bin/../lib/gcc/arm-eabi/4.6.2/../../../../arm-eabi/lib/thumb/libg.a(lib_a-strncmp.o)
 .data          0x0202ff50        0x0 /home/woo/ndsdev/devkitPro/devkitARM/bin/../lib/gcc/arm-eabi/4.6.2/../../../../arm-eabi/lib/thumb/libg.a(lib_a-strncpy.o)
 .data          0x0202ff50        0x0 /home/woo/ndsdev/devkitPro/devkitARM/bin/../lib/gcc/arm-eabi/4.6.2/../../../../arm-eabi/lib/thumb/libg.a(lib_a-strnlen.o)
 .data          0x0202ff50        0x0 /home/woo/ndsdev/devkitPro/devkitARM/bin/../lib/gcc/arm-eabi/4.6.2/../../../../arm-eabi/lib/thumb/libg.a(lib_a-strpbrk.o)
 .data          0x0202ff50        0x0 /home/woo/ndsdev/devkitPro/devkitARM/bin/../lib/gcc/arm-eabi/4.6.2/../../../../arm-eabi/lib/thumb/libg.a(lib_a-strrchr.o)
 .data          0x0202ff50        0x0 /home/woo/ndsdev/devkitPro/devkitARM/bin/../lib/gcc/arm-eabi/4.6.2/../../../../arm-eabi/lib/thumb/libg.a(lib_a-strtol.o)
 .data          0x0202ff50        0x0 /home/woo/ndsdev/devkitPro/devkitARM/bin/../lib/gcc/arm-eabi/4.6.2/../../../../arm-eabi/lib/thumb/libg.a(lib_a-svfiscanf.o)
 .data          0x0202ff50        0x0 /home/woo/ndsdev/devkitPro/devkitARM/bin/../lib/gcc/arm-eabi/4.6.2/../../../../arm-eabi/lib/thumb/libg.a(lib_a-svfprintf.o)
 .data          0x0202ff50        0x0 /home/woo/ndsdev/devkitPro/devkitARM/bin/../lib/gcc/arm-eabi/4.6.2/../../../../arm-eabi/lib/thumb/libg.a(lib_a-svfscanf.o)
 .data          0x0202ff50        0x0 /home/woo/ndsdev/devkitPro/devkitARM/bin/../lib/gcc/arm-eabi/4.6.2/../../../../arm-eabi/lib/thumb/libg.a(lib_a-sysclose.o)
 .data          0x0202ff50        0x0 /home/woo/ndsdev/devkitPro/devkitARM/bin/../lib/gcc/arm-eabi/4.6.2/../../../../arm-eabi/lib/thumb/libg.a(lib_a-syslseek.o)
 .data          0x0202ff50        0x0 /home/woo/ndsdev/devkitPro/devkitARM/bin/../lib/gcc/arm-eabi/4.6.2/../../../../arm-eabi/lib/thumb/libg.a(lib_a-sysopen.o)
 .data          0x0202ff50        0x0 /home/woo/ndsdev/devkitPro/devkitARM/bin/../lib/gcc/arm-eabi/4.6.2/../../../../arm-eabi/lib/thumb/libg.a(lib_a-sysread.o)
 .data          0x0202ff50        0x0 /home/woo/ndsdev/devkitPro/devkitARM/bin/../lib/gcc/arm-eabi/4.6.2/../../../../arm-eabi/lib/thumb/libg.a(lib_a-time.o)
 .data          0x0202ff50        0x0 /home/woo/ndsdev/devkitPro/devkitARM/bin/../lib/gcc/arm-eabi/4.6.2/../../../../arm-eabi/lib/thumb/libg.a(lib_a-towlower.o)
 .data          0x0202ff50        0x0 /home/woo/ndsdev/devkitPro/devkitARM/bin/../lib/gcc/arm-eabi/4.6.2/../../../../arm-eabi/lib/thumb/libg.a(lib_a-towupper.o)
 .data          0x0202ff50        0x0 /home/woo/ndsdev/devkitPro/devkitARM/bin/../lib/gcc/arm-eabi/4.6.2/../../../../arm-eabi/lib/thumb/libg.a(lib_a-tzlock.o)
 .data          0x0202ff50        0x8 /home/woo/ndsdev/devkitPro/devkitARM/bin/../lib/gcc/arm-eabi/4.6.2/../../../../arm-eabi/lib/thumb/libg.a(lib_a-tzvars.o)
                0x0202ff50                _tzname
 .data          0x0202ff58        0x0 /home/woo/ndsdev/devkitPro/devkitARM/bin/../lib/gcc/arm-eabi/4.6.2/../../../../arm-eabi/lib/thumb/libg.a(lib_a-ungetc.o)