Archive member included because of file (symbol)

c:/ndsdev/devkitPro/PAlib/lib\libpa9.a(PA.o)
                              FileManage.o (PA_CheckLid)
c:/ndsdev/devkitPro/PAlib/lib\libpa9.a(PA_BgTiles.o)
                              FileManage.o (PA_BgInfo)
c:/ndsdev/devkitPro/PAlib/lib\libpa9.a(PA_Error.o)
                              c:/ndsdev/devkitPro/PAlib/lib\libpa9.a(PA_BgTiles.o) (PA_Error)
c:/ndsdev/devkitPro/PAlib/lib\libpa9.a(PA_Inits.o)
                              c:/ndsdev/devkitPro/PAlib/lib\libpa9.a(PA_Error.o) (PA_Init2D)
c:/ndsdev/devkitPro/PAlib/lib\libpa9.a(PA_Interrupt.o)
                              c:/ndsdev/devkitPro/PAlib/lib\libpa9.a(PA_Inits.o) (PA_VBLCountersReset)
c:/ndsdev/devkitPro/PAlib/lib\libpa9.a(PA_Keyboard.o)
                              FileManage.o (PA_Keyboard_Struct)
c:/ndsdev/devkitPro/PAlib/lib\libpa9.a(PA_Keys.o)
                              c:/ndsdev/devkitPro/PAlib/lib\libpa9.a(PA_Interrupt.o) (PA_UpdatePad)
c:/ndsdev/devkitPro/PAlib/lib\libpa9.a(PA_Math.o)
                              c:/ndsdev/devkitPro/PAlib/lib\libpa9.a(PA_Inits.o) (RandomValue)
c:/ndsdev/devkitPro/PAlib/lib\libpa9.a(PA_NewBg.o)
                              Graphic.o (PA_LoadBackground)
c:/ndsdev/devkitPro/PAlib/lib\libpa9.a(PA_Palette.o)
                              Graphic.o (PA_LoadSpriteExtPal)
c:/ndsdev/devkitPro/PAlib/lib\libpa9.a(PA_RTC.o)
                              c:/ndsdev/devkitPro/PAlib/lib\libpa9.a(PA_Inits.o) (PA_UpdateUserInfo)
c:/ndsdev/devkitPro/PAlib/lib\libpa9.a(PA_Reco.o)
                              c:/ndsdev/devkitPro/PAlib/lib\libpa9.a(PA_Inits.o) (PA_UseGraffiti)
c:/ndsdev/devkitPro/PAlib/lib\libpa9.a(PA_Sprite.o)
                              Graphic.o (PA_ResetSpriteSysScreen)
c:/ndsdev/devkitPro/PAlib/lib\libpa9.a(PA_Stuff.o)
                              c:/ndsdev/devkitPro/PAlib/lib\libpa9.a(PA_BgTiles.o) (PA_SetVideoMode)
c:/ndsdev/devkitPro/PAlib/lib\libpa9.a(PA_Text.o)
                              c:/ndsdev/devkitPro/PAlib/lib\libpa9.a(PA_Inits.o) (PA_textpal)
c:/ndsdev/devkitPro/PAlib/lib\libpa9.a(PA_Text8bit.o)
                              c:/ndsdev/devkitPro/PAlib/lib\libpa9.a(PA_NewBg.o) (bit8_tiles)
c:/ndsdev/devkitPro/PAlib/lib\libpa9.a(PA_TextBits.o)
                              c:/ndsdev/devkitPro/PAlib/lib\libpa9.a(PA_Text8bit.o) (PA_LetterPos)
c:/ndsdev/devkitPro/PAlib/lib\libpa9.a(PA_TextSpecial.o)
                              FileManage.o (PA_BoxText)
c:/ndsdev/devkitPro/PAlib/lib\libpa9.a(PA_Wifi.o)
                              wifi.o (PA_InitServer)
c:/ndsdev/devkitPro/PAlib/lib\libpa9.a(keyboard.map.o)
                              c:/ndsdev/devkitPro/PAlib/lib\libpa9.a(PA_Keyboard.o) (keyboard_Map)
c:/ndsdev/devkitPro/PAlib/lib\libpa9.a(keyboard.pal.o)
                              c:/ndsdev/devkitPro/PAlib/lib\libpa9.a(PA_Keyboard.o) (keyboard_Palette)
c:/ndsdev/devkitPro/PAlib/lib\libpa9.a(keyboard.raw.o)
                              c:/ndsdev/devkitPro/PAlib/lib\libpa9.a(PA_Keyboard.o) (keyboard_Tiles)
c:/ndsdev/devkitPro/PAlib/lib\libpa9.a(PA_TiledFont.o)
                              c:/ndsdev/devkitPro/PAlib/lib\libpa9.a(PA_Text.o) (PA_TiledFont)
c:/ndsdev/devkitPro/PAlib/lib\libpa9.a(PA_BmpFont0.o)
                              c:/ndsdev/devkitPro/PAlib/lib\libpa9.a(PA_Inits.o) (PA_BmpFont0)
c:/ndsdev/devkitPro/PAlib/lib\libpa9.a(PA_BmpFont1.o)
                              c:/ndsdev/devkitPro/PAlib/lib\libpa9.a(PA_Inits.o) (PA_BmpFont1)
c:/ndsdev/devkitPro/PAlib/lib\libpa9.a(PA_BmpFont2.o)
                              c:/ndsdev/devkitPro/PAlib/lib\libpa9.a(PA_Inits.o) (PA_BmpFont2)
c:/ndsdev/devkitPro/PAlib/lib\libpa9.a(PA_BmpFont3.o)
                              c:/ndsdev/devkitPro/PAlib/lib\libpa9.a(PA_Inits.o) (PA_BmpFont3)
c:/ndsdev/devkitPro/PAlib/lib\libpa9.a(PA_BmpFont4.o)
                              c:/ndsdev/devkitPro/PAlib/lib\libpa9.a(PA_Inits.o) (PA_BmpFont4)
c:/ndsdev/devkitPro/PAlib/lib\libpa9.a(PA_TiledFont_Map.bin.o)
                              c:/ndsdev/devkitPro/PAlib/lib\libpa9.a(PA_Inits.o) (PA_TiledFont_Map)
c:/ndsdev/devkitPro/PAlib/lib\libpa9.a(PA_TiledFont_Pal.bin.o)
                              c:/ndsdev/devkitPro/PAlib/lib\libpa9.a(PA_Inits.o) (PA_TiledFont_Pal)
c:/ndsdev/devkitPro/PAlib/lib\libpa9.a(PA_TiledFont_Tiles.bin.o)
                              c:/ndsdev/devkitPro/PAlib/lib\libpa9.a(PA_Inits.o) (PA_TiledFont_Tiles)
c:/ndsdev/devkitPro/PAlib/lib\libpa9.a(PA_BmpFont0_Map.bin.o)
                              c:/ndsdev/devkitPro/PAlib/lib\libpa9.a(PA_TextBits.o) (PA_BmpFont0_Map)
c:/ndsdev/devkitPro/PAlib/lib\libpa9.a(PA_BmpFont0_Sizes.bin.o)
                              c:/ndsdev/devkitPro/PAlib/lib\libpa9.a(PA_TextBits.o) (PA_BmpFont0_Sizes)
c:/ndsdev/devkitPro/PAlib/lib\libpa9.a(PA_BmpFont0_Tiles.bin.o)
[...]
Memory Configuration

Name             Origin             Length             Attributes
rom              0x08000000         0x02000000
ewram            0x02000000         0x003ff000
dtcm             0x0b000000         0x00004000
vectors          0x01000000         0x00000100
itcm             0x01000100         0x00007f00
*default*        0x00000000         0xffffffff

Linker script and memory map

                0x01000000                __vectors_start = ORIGIN (vectors)
                0x01000100                __itcm_start = ORIGIN (itcm)
                0x023ff000                __ewram_end = (ORIGIN (ewram) + 0x3ff000)
                0x023ff000                __eheap_end = (ORIGIN (ewram) + 0x3ff000)
                0x0b000000                __dtcm_start = ORIGIN (dtcm)
                0x0b004000                __dtcm_top = (ORIGIN (dtcm) + 0x4000)
                0x0b003ff8                __irq_flags = (__dtcm_top - 0x8)
                0x0b003ffc                __irq_vector = (__dtcm_top - 0x4)
                0x0b003f00                __sp_svc = (__dtcm_top - 0x100)
                0x0b003e00                __sp_irq = (__sp_svc - 0x100)
                0x0b003d00                __sp_usr = (__sp_irq - 0x100)

.init           0x02000000      0x23c
                0x02000000                __text_start = .
 *(.init)
 .init          0x02000000      0x230 c:/ndsdev/devkitpro/devkitarm/bin/../lib/gcc/arm-eabi/4.6.0/../../../../arm-eabi/lib/thumb/ds_arm9_crt0.o
                0x02000000                _start
 .init          0x02000230        0x4 c:/ndsdev/devkitpro/devkitarm/bin/../lib/gcc/arm-eabi/4.6.0/thumb/crti.o
                0x02000230                _init
 .init          0x02000234        0x8 c:/ndsdev/devkitpro/devkitarm/bin/../lib/gcc/arm-eabi/4.6.0/thumb/crtn.o
                0x0200023c                . = ALIGN (0x4)

.plt
 *(.plt)

.text           0x02000240    0x33630
 *(EXCLUDE_FILE(*.itcm*) .text)
 .text          0x02000240        0x0 c:/ndsdev/devkitpro/devkitarm/bin/../lib/gcc/arm-eabi/4.6.0/../../../../arm-eabi/lib/thumb/ds_arm9_crt0.o
 .text          0x02000240        0x0 c:/ndsdev/devkitpro/devkitarm/bin/../lib/gcc/arm-eabi/4.6.0/thumb/crti.o
 .text          0x02000240       0x6c c:/ndsdev/devkitpro/devkitarm/bin/../lib/gcc/arm-eabi/4.6.0/thumb/crtbegin.o
 .text          0x020002ac        0x0 bg_create_Map.o
 .text          0x020002ac        0x0 bg_create_Pal.o
 .text          0x020002ac        0x0 bg_create_Tiles.o
 .text          0x020002ac        0x0 bg_dialog_Map.o
 .text          0x020002ac        0x0 bg_dialog_Pal.o
 .text          0x020002ac        0x0 bg_dialog_Tiles.o
 .text          0x020002ac        0x0 bg_down_Map.o
 .text          0x020002ac        0x0 bg_down_Pal.o
 .text          0x020002ac        0x0 bg_down_Sprite.o
 .text          0x020002ac        0x0 bg_down_Tiles.o
 .text          0x020002ac        0x0 bg_edit_dialog_Map.o
 .text          0x020002ac        0x0 bg_edit_dialog_Pal.o
 .text          0x020002ac        0x0 bg_edit_dialog_Tiles.o
 .text          0x020002ac        0x0 bg_up_Map.o
 .text          0x020002ac        0x0 bg_up_Pal.o
 .text          0x020002ac        0x0 bg_up_Tiles.o
 .text          0x020002ac        0x0 menu_del_Pal.o
 .text          0x020002ac        0x0 menu_del_Sprite.o
 .text          0x020002ac        0x0 menu_move_Pal.o
 .text          0x020002ac        0x0 menu_move_Sprite.o
 .text          0x020002ac        0x0 menu_serial_Pal.o
 .text          0x020002ac        0x0 menu_serial_Sprite.o
 .text          0x020002ac        0x0 menu_setting_Pal.o
 .text          0x020002ac        0x0 menu_setting_Sprite.o
 .text          0x020002ac        0x0 menu_usb_Pal.o
 .text          0x020002ac        0x0 menu_usb_Sprite.o
 .text          0x020002ac        0x0 menu_wifi_Pal.o
 .text          0x020002ac        0x0 menu_wifi_Sprite.o
 .text          0x020002ac        0x0 move_create_Pal.o
 .text          0x020002ac        0x0 move_create_Sprite.o
 .text          0x020002ac        0x0 sel_menu_serial_Pal.o
 .text          0x020002ac        0x0 sel_menu_serial_Sprite.o
 .text          0x020002ac        0x0 sel_menu_usb_Pal.o
 .text          0x020002ac        0x0 sel_menu_usb_Sprite.o
 .text          0x020002ac        0x0 sel_menu_wifi_Pal.o
 .text          0x020002ac        0x0 sel_menu_wifi_Sprite.o
 .text          0x020002ac        0x0 selected_Pal.o
 .text          0x020002ac        0x0 selected_Sprite.o
 .text          0x020002ac        0x0 down.o
 .text          0x020002ac        0x0 up.o
 .text          0x020002ac     0x27e0 FileManage.o
                0x020002ac                fileInit
                0x0200030c                lowercase
                0x0200034c                getextension
                0x02000520                fileListing
                0x02000614                createitem
                0x02000734                updatefiles
                0x02000840                clearitems
                0x0200087c                goup
                0x02000914                godown
                0x020009e0                clearlist
                0x02000a2c                gotolastdir
                0x02000a5c                checkDownloadDevice
                0x02000aa8                checkitems
                0x02000d70                deleteDirTree
                0x02000e44                deleteFolderAndFiles
                0x0200118c                sleepTimer
                0x020011b4                initFileAndDirectory
                0x02001488                moveDirectoryAndFiles
                0x02001d1c                addFolder
                0x020028a0                checkFileMenu
 .text          0x02002a8c      0x5d8 Graphic.o
                0x02002a8c                loadBackground
                0x02002aac                loadDialogBackground
                0x02002ae4                loadSprite
                0x02002b84                createSprite
                0x02002d94                redrawSelectedDevice
 .text          0x02003064       0xd0 Main.o
 .text          0x02003134      0x10c down_execute.o
                0x02003134                down_execute
                0x02003204                check_abort
                0x02003208                confirm_error
                0x02003224                channel_name
 .text          0x02003240      0x630 download.o
                0x0200331c                download
 .text          0x02003870       0x84 serial.o
                0x020038b8                serial_init
 .text          0x020038f4       0x84 usb.o
                0x0200393c                usb_init
 .text          0x02003978      0x558 wifi.o
                0x02003c1c                wifi_init
 .text          0x02003ed0      0x264 croutine.o
                0x02003ed0                xCoRoutineCreate
                0x02003f88                vCoRoutineAddToDelayedList
                0x02003fcc                vCoRoutineSchedule
                0x020040fc                xCoRoutineRemoveFromEventList
 .text          0x02004134       0x30 heap.o
                0x02004134                pvPortMalloc
                0x0200414c                vPortFree
 .text          0x02004164       0x98 list.o
                0x02004164                vListInitialise
                0x0200417c                vListInitialiseItem
                0x02004184                vListInsertEnd
                0x020041a0                vListInsert
                0x020041d8                vListRemove
 .text          0x020041fc       0xd4 port.o
                0x020041fc                pxPortInitialiseStack
                0x02004294                xPortStartScheduler
                0x020042cc                vPortEndScheduler
 .text          0x020042d0       0x40 portISR.o
                0x020042d0                vPortISRStartFirstTask
                0x020042d8                vPortYieldProcessor
                0x020042d8                vPortEnterCritical
                0x020042ec                vPortExitCritical
 .text          0x02004310      0x4e4 queue.o
                0x02004434                xQueueCreate
                0x02004498                xQueueGenericSend
                0x020045a4                xQueueCreateMutex
                0x020045e8                xQueueGenericSendFromISR
                0x0200462c                xQueueGenericReceive
                0x02004770                xQueueReceiveFromISR
                0x020047b4                uxQueueMessagesWaiting
                0x020047c8                uxQueueMessagesWaitingFromISR
                0x020047cc                vQueueDelete
                0x020047e0                xQueueIsQueueEmptyFromISR
                0x020047e8                xQueueIsQueueFullFromISR
 .text          0x020047f4      0xb40 tasks.o
                0x02004894                xTaskGenericCreate
                0x02004a30                vTaskDelete
                0x02004a98                uxTaskPriorityGet
                0x02004ab8                vTaskPrioritySet
                0x02004b50                vTaskSuspend
                0x02004ba0                xTaskIsTaskSuspended
                0x02004bc8                vTaskResume
                0x02004c28                xTaskResumeFromISR
                0x02004c98                vTaskStartScheduler
                0x02004cd8                vTaskEndScheduler
                0x02004cf0                vTaskSuspendAll
                0x02004d00                xTaskGetTickCount
                0x02004d18                uxTaskGetNumberOfTasks
                0x02004d24                vTaskStartTrace
                0x02004d48                ulTaskEndTrace
                0x02004d64                vTaskIncrementTick
                0x02004dec                xTaskResumeAll
                0x02004eb8                vTaskList
                0x02004fd4                vTaskDelay
                0x02005028                vTaskDelayUntil
                0x02005090                vTaskSwitchContext
                0x02005134                vTaskPlaceOnEventList
                0x02005190                xTaskRemoveFromEventList
                0x02005200                vTaskSetTimeOutState
                0x02005210                xTaskCheckForTimeOut
                0x0200526c                vTaskMissedYield
                0x02005278                xTaskGetCurrentTaskHandle
                0x02005284                vTaskPriorityInherit
                0x020052ec                vTaskPriorityDisinherit
 .text          0x02005334      0x400 virtual_io.o
                0x02005544                init_virtual_io
                0x020055c4                readb_virtual_io
                0x02005618                writeb_virtual_io
                0x0200571c                close_virtual_io
 .text          0x02005734        0x0 bg_create.o
 .text          0x02005734        0x0 bg_dialog.o
 .text          0x02005734        0x0 bg_down.o
 .text          0x02005734        0x0 bg_edit_dialog.o
 .text          0x02005734        0x0 bg_up.o
 *fill*         0x02005734        0xc ff
 .text          0x02005740       0x50 jump.o
                0x02005740                _copy_bin_and_jump
 .text          0x02005790       0xf0 assemfunc.o
                0x02005790                vPortDisableInterruptsFromThumb
                0x020057a8                vPortEnableInterruptsFromThumb
                0x020057c0                portRESTORE_CONTEXT_FIRST
                0x020057d8                portRESTORE_CONTEXT
                0x02005810                vPreemptiveTick
 .text          0x02005880       0xbc c:/ndsdev/devkitPro/PAlib/lib\libpa9.a(PA.o)
                0x02005880                PA_SetBrightness
                0x020058c0                PA_Nothing
                0x020058c4                PA_CheckLid
 .text          0x0200593c      0x6f0 c:/ndsdev/devkitPro/PAlib/lib\libpa9.a(PA_BgTiles.o)
                0x0200593c                PA_ReLoadBgTiles
                0x02005984                PA_InitBg
                0x02005a6c                PA_DeleteTiles
                0x02005b00                PA_LoadBgTilesEx
                0x02005d10                PA_DeleteMap
                0x02005d8c                PA_LoadBgMap
                0x02005f08                PA_ResetBgSysScreen
                0x0200601c                PA_ResetBgSys
 .text          0x0200602c       0x84 c:/ndsdev/devkitPro/PAlib/lib\libpa9.a(PA_Error.o)
                0x0200602c                PA_Error
                0x0200604c                _PA_Assert
 .text          0x020060b0      0x278 c:/ndsdev/devkitPro/PAlib/lib\libpa9.a(PA_Inits.o)
                0x020060b0                PA_Init2D
                0x0200610c                PA_Init
 .text          0x02006328       0x78 c:/ndsdev/devkitPro/PAlib/lib\libpa9.a(PA_Interrupt.o)
                0x02006328                PA_VBLCountersReset
                0x02006348                PA_vblFunc
 .text          0x020063a0      0x604 c:/ndsdev/devkitPro/PAlib/lib\libpa9.a(PA_Keyboard.o)
                0x020063a0                PA_ReloadKeyboardCol
                0x02006480                PA_LoadDefaultKeyboard
                0x020065dc                PA_ChangeKeyboardType
                0x0200675c                PA_SetLetterPal
                0x0200687c                PA_CheckKeyboard
 .text          0x020069a4      0x2e0 c:/ndsdev/devkitPro/PAlib/lib\libpa9.a(PA_Keys.o)
                0x020069a4                PA_UpdatePad
                0x02006bbc                PA_UpdateStylus
 .text          0x02006c84      0x158 c:/ndsdev/devkitPro/PAlib/lib\libpa9.a(PA_Math.o)
                0x02006c84                PA_AdjustAngle
 .text          0x02006ddc      0x824 c:/ndsdev/devkitPro/PAlib/lib\libpa9.a(PA_NewBg.o)
                0x02006ddc                PA_LoadBackground
                0x020072d8                PA_LoadText
                0x0200740c                PA_LoadKeyboard
                0x02007560                PA_AddBitmapFont
                0x020075b0                PA_Add16cFont
 .text          0x02007600      0x244 c:/ndsdev/devkitPro/PAlib/lib\libpa9.a(PA_Palette.o)
                0x02007600                PA_LoadSpriteExtPal
                0x020076b8                PA_InitSpriteExtPal
                0x02007710                PA_LoadBgPalN
                0x020077e0                PA_InitBgExtPal
 .text          0x02007844       0xc4 c:/ndsdev/devkitPro/PAlib/lib\libpa9.a(PA_RTC.o)
                0x02007844                PA_UpdateUserInfo
                0x020078c8                PA_UpdateRTC
 .text          0x02007908      0x4e4 c:/ndsdev/devkitPro/PAlib/lib\libpa9.a(PA_Reco.o)
                0x02007908                PA_StylusLine
                0x02007a68                PA_AnalyzeShape
                0x02007d68                PA_CheckLetter
 .text          0x02007dec      0x7dc c:/ndsdev/devkitPro/PAlib/lib\libpa9.a(PA_Sprite.o)
                0x02007dec                PA_InitSpriteExtPrio
                0x02007e20                PA_ResetSpriteSysScreen
                0x02007f74                PA_ResetSpriteSys
                0x02007f90                PA_CreateGfx
                0x020080ec                PA_DeleteGfx
                0x02008288                PA_DeleteSprite
                0x020083dc                PA_InitSpriteDraw
                0x0200843c                PA_UpdateOAM
                0x02008590                PA_UpdateSpriteVBL
 .text          0x020085c8      0x1b4 c:/ndsdev/devkitPro/PAlib/lib\libpa9.a(PA_Stuff.o)
                0x020085c8                PA_SetVideoMode
                0x020085ec                PA_Locate
 *fill*         0x0200877c        0x4 ff
 .text          0x02008780      0xa98 c:/ndsdev/devkitPro/PAlib/lib\libpa9.a(PA_Text.o)
                0x02008780                PA_CreateTextPal
                0x0200882c                PA_LoadDefaultText
                0x020088f4                PA_OutputSimpleText
                0x020089d0                PA_OutputText
                0x02009170                PA_ClearTextBg
 .text          0x02009218     0x1230 c:/ndsdev/devkitPro/PAlib/lib\libpa9.a(PA_Text8bit.o)
                0x02009218                NoLetter
                0x0200921c                Letter
                0x0200960c                RotLetter2
                0x02009a50                RotLetter
                0x02009e98                TranspLetter
                0x0200a2bc                pa_8bitTextDecompress
                0x0200a334                PA_8bitText
                0x0200a3e4                PA_CenterSmartText
 .text          0x0200a448      0x428 c:/ndsdev/devkitPro/PAlib/lib\libpa9.a(PA_TextBits.o)
                0x0200a448                PA_DoAlign
                0x0200a59c                PA_DoLetterPos
 .text          0x0200a870      0xc04 c:/ndsdev/devkitPro/PAlib/lib\libpa9.a(PA_TextSpecial.o)
                0x0200a870                PA_EraseTextBox
                0x0200a940                PA_InitTextBorders
                0x0200aaec                PA_BoxTextNoWrap
                0x0200abe8                PA_BoxText
                0x0200b090                selectchar
                0x0200b0c0                PA_OutputTextSpecial0
                0x0200b164                PA_OutputTextSpecial1
                0x0200b208                PA_OutputTextSpecial2
                0x0200b270                PA_OutputTextSpecial3
                0x0200b320                PA_OutputTextSpecial4
                0x0200b3c4                PA_OutputTextSpecial5
 .text          0x0200b474      0x51c c:/ndsdev/devkitPro/PAlib/lib\libpa9.a(PA_Wifi.o)
                0x0200b474                PA_ConnectWifiWFC
                0x0200b490                makelong
                0x0200b4a0                PA_chartoip
                0x0200b528                PA_InitSocket
                0x0200b620                PA_InitServer
                0x0200b69c                search_word
                0x0200b6fc                get_HTTP_serveur
                0x0200b754                pa_wordSearch
                0x0200b7b4                pa_httpServer
                0x0200b80c                pa_transferScore
                0x0200b8fc                PA_SubmitScore
 .text          0x0200b990        0x0 c:/ndsdev/devkitPro/PAlib/lib\libpa9.a(keyboard.map.o)
 .text          0x0200b990        0x0 c:/ndsdev/devkitPro/PAlib/lib\libpa9.a(keyboard.pal.o)
 .text          0x0200b990        0x0 c:/ndsdev/devkitPro/PAlib/lib\libpa9.a(keyboard.raw.o)
 .text          0x0200b990        0x0 c:/ndsdev/devkitPro/PAlib/lib\libpa9.a(PA_TiledFont.o)
 .text          0x0200b990        0x0 c:/ndsdev/devkitPro/PAlib/lib\libpa9.a(PA_BmpFont0.o)
 .text          0x0200b990        0x0 c:/ndsdev/devkitPro/PAlib/lib\libpa9.a(PA_BmpFont1.o)
 .text          0x0200b990        0x0 c:/ndsdev/devkitPro/PAlib/lib\libpa9.a(PA_BmpFont2.o)
 .text          0x0200b990        0x0 c:/ndsdev/devkitPro/PAlib/lib\libpa9.a(PA_BmpFont3.o)
 .text          0x0200b990        0x0 c:/ndsdev/devkitPro/PAlib/lib\libpa9.a(PA_BmpFont4.o)
 .text          0x0200b990        0x0 c:/ndsdev/devkitPro/PAlib/lib\libpa9.a(PA_TiledFont_Map.bin.o)
 .text          0x0200b990        0x0 c:/ndsdev/devkitPro/PAlib/lib\libpa9.a(PA_TiledFont_Pal.bin.o)
 .text          0x0200b990        0x0 c:/ndsdev/devkitPro/PAlib/lib\libpa9.a(PA_TiledFont_Tiles.bin.o)
 .text          0x0200b990        0x0 c:/ndsdev/devkitPro/PAlib/lib\libpa9.a(PA_BmpFont0_Map.bin.o)
 .text          0x0200b990        0x0 c:/ndsdev/devkitPro/PAlib/lib\libpa9.a(PA_BmpFont0_Sizes.bin.o)
 .text          0x0200b990        0x0 c:/ndsdev/devkitPro/PAlib/lib\libpa9.a(PA_BmpFont0_Tiles.bin.o)
 .text          0x0200b990        0x0 c:/ndsdev/devkitPro/PAlib/lib\libpa9.a(PA_BmpFont1_Map.bin.o)
 .text          0x0200b990        0x0 c:/ndsdev/devkitPro/PAlib/lib\libpa9.a(PA_BmpFont1_Sizes.bin.o)
 .text          0x0200b990        0x0 c:/ndsdev/devkitPro/PAlib/lib\libpa9.a(PA_BmpFont1_Tiles.bin.o)
 .text          0x0200b990        0x0 c:/ndsdev/devkitPro/PAlib/lib\libpa9.a(PA_BmpFont2_Map.bin.o)
 .text          0x0200b990        0x0 c:/ndsdev/devkitPro/PAlib/lib\libpa9.a(PA_BmpFont2_Sizes.bin.o)
 .text          0x0200b990        0x0 c:/ndsdev/devkitPro/PAlib/lib\libpa9.a(PA_BmpFont2_Tiles.bin.o)
 .text          0x0200b990        0x0 c:/ndsdev/devkitPro/PAlib/lib\libpa9.a(PA_BmpFont3_Map.bin.o)
 .text          0x0200b990        0x0 c:/ndsdev/devkitPro/PAlib/lib\libpa9.a(PA_BmpFont3_Sizes.bin.o)
 .text          0x0200b990        0x0 c:/ndsdev/devkitPro/PAlib/lib\libpa9.a(PA_BmpFont3_Tiles.bin.o)
 .text          0x0200b990        0x0 c:/ndsdev/devkitPro/PAlib/lib\libpa9.a(PA_BmpFont4_Map.bin.o)
 .text          0x0200b990        0x0 c:/ndsdev/devkitPro/PAlib/lib\libpa9.a(PA_BmpFont4_Sizes.bin.o)
 .text          0x0200b990        0x0 c:/ndsdev/devkitPro/PAlib/lib\libpa9.a(PA_BmpFont4_Tiles.bin.o)
 .text          0x0200b990      0x6d0 c:/ndsdev/devkitPro/PAlib/lib\libpa9.a(PA_16c.o)
                0x0200b990                PA_16c8X8Color
                0x0200bae8                PA_Init16cBgEx
                0x0200bc88                pa_16cTextDecompress
                0x0200bd14                PA_16cText
                0x0200be98                PA_16cErase
                0x0200bed0                PA_16cClearZone
 .text          0x0200c060      0x338 c:/ndsdev/devkitPro/PAlib/lib\libpa9.a(PA_BgEasy.o)
                0x0200c060                PA_EasyBgScrollX
                0x0200c0ec                PA_EasyBgScrollY
                0x0200c178                PA_StoreEasyBgInfos
                0x0200c1b4                PA_EasyBgLoadEx
 .text          0x0200c398      0xccc c:/ndsdev/devkitPro/PAlib/lib\libpa9.a(PA_BgLargeMap.o)
                0x0200c398                PA_LargeScrollXN
                0x0200c554                PA_LargeScrollYN
                0x0200c704                PA_InfLargeScrollXN
                0x0200c8e8                PA_InfLargeScrollYN
                0x0200cad0                PA_UpdateTileEngineX
                0x0200cc0c                PA_UpdateTileEngineY
                0x0200cd44                PA_InfTilesScrollX
                0x0200cdd4                PA_InfTilesScrollY
                0x0200ce64                PA_InitLargeBg
 .text          0x0200d064      0x188 c:/ndsdev/devkitPro/PAlib/lib\libpa9.a(PA_BgRot.o)
                0x0200d064                PA_LoadRotBgMap
 .text          0x0200d1ec      0x2b4 c:/ndsdev/devkitPro/PAlib/lib\libpa9.a(PA_Draw.o)
                0x0200d1ec                PA_LoadBmpToBuffer
 .text          0x0200d4a0       0x50 c:/ndsdev/devkitPro/PAlib/lib\libpa9.a(PA_Fifo.o)
                0x0200d4a0                PA_FifoMsgHandler
                0x0200d4dc                PA_InitFifo
 .text          0x0200d4f0      0x1e8 c:/ndsdev/devkitPro/PAlib/lib\libpa9.a(PA_PaletteEx.o)
                0x0200d4f0                PA_CreatePalBright
                0x0200d5b4                PA_CreatePalTransition
                0x0200d61c                PA_SetBgPalNCol
                0x0200d66c                PA_SetSpritePalCol
                0x0200d6b4                PA_3DSetSpritePalCol
 .text          0x0200d6d8      0x348 c:/ndsdev/devkitPro/libnds/lib\libfat.a(libfat.o)
                0x0200d6d8                fatMount
                0x0200d790                fatMountSimple
                0x0200d7a4                fatUnmount
                0x0200d7dc                fatInit
                0x0200d938                fatInitDefault
                0x0200d944                fatGetVolumeLabel
 .text          0x0200da20      0x6d4 c:/ndsdev/devkitPro/libnds/lib\libfat.a(partition.o)
                0x0200da3c                FindFirstValidPartition
                0x0200dbe8                _FAT_partition_getPartitionFromPath
                0x0200dbfc                _FAT_partition_createFSinfo
                0x0200dcc8                _FAT_partition_readFSinfo
                0x0200dd88                _FAT_partition_constructor
                0x0200e000                _FAT_partition_writeFSinfo
                0x0200e0b4                _FAT_partition_destructor
 .text          0x0200e0f4      0x4bc c:/ndsdev/devkitPro/libnds/lib\libfat.a(cache.o)
                0x0200e1f4                _FAT_cache_constructor
                0x0200e290                _FAT_cache_readSectors
                0x0200e2ec                _FAT_cache_readPartialSector
                0x0200e334                _FAT_cache_readLittleEndianValue
                0x0200e390                _FAT_cache_writePartialSector
                0x0200e3e0                _FAT_cache_writeLittleEndianValue
                0x0200e428                _FAT_cache_eraseWritePartialSector
                0x0200e48c                _FAT_cache_writeSectors
                0x0200e4f8                _FAT_cache_flush
                0x0200e550                _FAT_cache_destructor
                0x0200e584                _FAT_cache_invalidate
 .text          0x0200e5b0     0x1414 c:/ndsdev/devkitPro/libnds/lib\libfat.a(directory.o)
                0x0200e7d4                _FAT_directory_entryGetCluster
                0x0200e7fc                _FAT_directory_getNextEntry
                0x0200eacc                _FAT_directory_getFirstEntry
                0x0200eaec                _FAT_directory_getRootEntry
                0x0200eb48                _FAT_directory_getVolumeLabel
                0x0200ebfc                _FAT_directory_entryFromPosition
                0x0200ed44                _FAT_directory_entryFromPath
                0x0200ef54                _FAT_directory_removeEntry
                0x0200f028                _FAT_directory_addEntry
                0x0200f8cc                _FAT_directory_chdir
                0x0200f908                _FAT_directory_entryStat
 .text          0x0200f9c4        0x8 c:/ndsdev/devkitPro/libnds/lib\libfat.a(disc.o)
 .text          0x0200f9cc      0x924 c:/ndsdev/devkitPro/libnds/lib\libfat.a(fatdir.o)
                0x0200f9cc                _FAT_stat_r
                0x0200fa6c                _FAT_link_r
                0x0200fa78                _FAT_unlink_r
                0x0200fbf0                _FAT_chdir_r
                0x0200fc60                _FAT_rename_r
                0x0200fe38                _FAT_mkdir_r
                0x020100b0                _FAT_statvfs_r
                0x0201013c                _FAT_diropen_r
                0x02010200                _FAT_dirreset_r
                0x0201024c                _FAT_dirnext_r
                0x020102d0                _FAT_dirclose_r
 .text          0x020102f0     0x123c c:/ndsdev/devkitPro/libnds/lib\libfat.a(fatfile.o)
                0x02010568                _FAT_open_r
                0x02010878                _FAT_syncToDisc
                0x02010954                _FAT_close_r
                0x020109c0                _FAT_read_r
                0x02010d28                _FAT_write_r
                0x020111ac                _FAT_seek_r
                0x020112fc                _FAT_fstat_r
                0x02011398                _FAT_ftruncate_r
                0x020114ec                _FAT_fsync_r
 .text          0x0201152c      0x434 c:/ndsdev/devkitPro/libnds/lib\libfat.a(file_allocation_table.o)
                0x02011640                _FAT_fat_nextCluster
                0x0201171c                _FAT_fat_linkFreeCluster
                0x020117b0                _FAT_fat_linkFreeClusterCleared
                0x02011820                _FAT_fat_clearLinks
                0x02011880                _FAT_fat_trimChain
                0x02011904                _FAT_fat_lastCluster
                0x02011938                _FAT_fat_freeClusterCount
 .text          0x02011960       0xc8 c:/ndsdev/devkitPro/libnds/lib\libfat.a(filetime.o)
                0x02011960                _FAT_filetime_getTimeFromRTC
                0x020119a8                _FAT_filetime_getDateFromRTC
                0x020119f0                _FAT_filetime_to_time_t
 .text          0x02011a28       0x10 c:/ndsdev/devkitPro/libnds/lib\libfat.a(lock.o)
                0x02011a28                _FAT_lock_init
                0x02011a2c                _FAT_lock_deinit
                0x02011a30                _FAT_lock
                0x02011a34                _FAT_unlock
 .text          0x02011a38      0x314 c:/ndsdev/devkitPro/libnds/lib\libnds9.a(background.o)
                0x02011a38                bgIsText
                0x02011a44                checkIfText
                0x02011aa4                bgUpdate
                0x02011bb4                bgInit_call
                0x02011c78                bgInitSub_call
 .text          0x02011d4c      0xa30 c:/ndsdev/devkitPro/libnds/lib\libnds9.a(console.o)
                0x02011d4c                nocash_write
                0x02011e0c                consoleGetDefault
                0x02011e18                consoleSelect
                0x02011e28                consoleDebugInit
                0x02011e78                consolePrintChar
                0x02012028                consoleLoadFont
                0x020122c0                consoleSetFont
                0x020122e0                consoleInit
                0x02012444                consoleDemoInit
                0x02012488                con_write
                0x02012748                consoleClear
                0x02012758                consoleSetWindow
 .text          0x0201277c       0x84 c:/ndsdev/devkitPro/libnds/lib\libnds9.a(decompress.o)
                0x0201277c                getHeader
                0x02012780                readByte
                0x02012784                decompress
                0x020127c4                decompressStream
 .text          0x02012800       0xf4 c:/ndsdev/devkitPro/libnds/lib\libnds9.a(keys.o)
                0x02012800                scanKeys
                0x0201286c                keysHeld
                0x02012878                keysDown
                0x02012888                keysDownRepeat
                0x02012898                keysSetRepeat
                0x020128b0                keysUp
                0x020128c0                keysCurrent
 .text          0x020128f4       0xf0 c:/ndsdev/devkitPro/libnds/lib\libnds9.a(system.o)
                0x020128f4                systemMsgHandler
                0x02012938                systemSleep
                0x02012950                powerValueHandler
                0x02012960                powerOn
                0x0201298c                powerOff
                0x020129b4                ledBlink
                0x020129c4                getBatteryLevel
 .text          0x020129e4       0x4c c:/ndsdev/devkitPro/libnds/lib\libnds9.a(touch.o)
                0x020129e4                touchRead
                0x02012a0c                touchReadXY
 .text          0x02012a30      0x248 c:/ndsdev/devkitPro/libnds/lib\libnds9.a(trig.o)
                0x02012a30                asinComp
                0x02012a54                sinLutLookup
                0x02012a90                sinLerp
                0x02012ac8                cosLerp
                0x02012adc                tanLutLookup
                0x02012b14                tanLerp
                0x02012bc4                asinLerp
                0x02012c40                acosLerp
                0x02012c54                atanComp
 .text          0x02012c78      0x150 c:/ndsdev/devkitPro/libnds/lib\libnds9.a(video.o)
                0x02012c78                vramSetPrimaryBanks
                0x02012cbc                vramSetMainBanks
                0x02012d00                vramSetBanks_EFG
                0x02012d38                vramRestorePrimaryBanks
                0x02012d44                vramRestoreMainBanks
                0x02012d50                vramRestoreBanks_EFG
                0x02012d5c                setBrightness
                0x02012d9c                vramDefault
 .text          0x02012dc8      0x23c c:/ndsdev/devkitPro/libnds/lib\libnds9.a(dldi.o)
                0x02012dc8                dldiGetInternal
                0x02012e00                dldiIsValid
                0x02012e38                dldiFixDriverAddresses
                0x02012f10                dldiLoadFromFile
                0x02012ff8                dldiFree
 .text          0x02013004      0x108 c:/ndsdev/devkitPro/libnds/lib\libnds9.a(dsi_sd.o)
                0x02013004                sdio_IsInserted
                0x02013014                sdio_ClearStatus
                0x02013024                sdio_Shutdown
                0x02013034                sdio_WriteSectors
                0x02013088                sdio_ReadSectors
                0x020130dc                sdio_Startup
 .text          0x0201310c      0x19c c:/ndsdev/devkitPro/libnds/lib\libnds9.a(initSystem.o)
                0x0201310c                initSystem
 .text          0x020132a8      0xc88 c:/ndsdev/devkitPro/libnds/lib\libnds9.a(fifosystem.o)
                0x02013508                fifoSendAddress
                0x02013534                fifoSendValue32
                0x02013574                fifoSendDatamsg
                0x020135e4                fifoGetAddress
                0x02013658                fifoSetAddressHandler
                0x020136cc                fifoGetValue32
                0x02013740                fifoSetValue32Handler
                0x020137b4                fifoGetDatamsg
                0x02013c58                fifoSetDatamsgHandler
                0x02013cf0                fifoCheckAddress
                0x02013d14                fifoCheckDatamsg
                0x02013d38                fifoCheckValue32
                0x02013d5c                fifoInit
 .text          0x02013f30      0x1b4 c:/ndsdev/devkitPro/libnds/lib\libnds9.a(interrupts.o)
                0x02013f30                irqDummy
                0x02013f34                irqSet
                0x02013f94                irqInit
                0x02013fe0                irqInitHandler
                0x02014010                irqEnable
                0x02014064                irqDisable
                0x020140b8                irqClear
 .text          0x020140e4       0x40 c:/ndsdev/devkitPro/libnds/lib\libnds9.a(libnds_exit.o)
                0x020140e4                systemErrorExit
                0x020140e8                __libnds_exit
 .text          0x02014124       0x1c c:/ndsdev/devkitPro/libnds/lib\libnds9.a(syscalls.o)
                0x02014124                swiDecompressLZSSVram
 .text          0x02014140       0x70 c:/ndsdev/devkitPro/libnds/lib\libnds9.a(dcache.o)
                0x02014140                DC_FlushAll
                0x0201416c                DC_FlushRange
                0x02014188                DC_InvalidateAll
                0x02014194                DC_InvalidateRange
 *fill*         0x020141b0       0x10 ff
 .text          0x020141c0     0x8000 c:/ndsdev/devkitPro/libnds/lib\libnds9.a(dldi_stub.o)
                0x020141c0                _io_dldi_stub
 .text          0x0201c1c0      0x1b4 c:/ndsdev/devkitPro/libnds/lib\libnds9.a(mpu_setup.o)
                0x0201c1c0                __libnds_mpu_setup
                0x0201c300                memCached
                0x0201c318                memUncached
 *fill*         0x0201c374        0xc ff
 .text          0x0201c380       0x70 c:/ndsdev/devkitPro/libnds/lib\libnds9.a(biosCalls.o)
                0x0201c380                swiDelay
                0x0201c384                swiIntrWait
                0x0201c388                swiWaitForVBlank
                0x0201c38c                swiSleep
                0x0201c390                swiChangeSoundBias
                0x0201c394                swiDivide
                0x0201c398                swiRemainder
                0x0201c39e                swiDivMod
                0x0201c3aa                swiCopy
                0x0201c3ae                swiFastCopy
                0x0201c3b2                swiSqrt
                0x0201c3b6                swiCRC16
                0x0201c3ba                swiIsDebugger
                0x0201c3be                swiUnpackBits
                0x0201c3c2                swiDecompressLZSSWram
                0x0201c3c6                swiDecompressLZSSVramNTR
                0x0201c3ca                swiDecompressLZSSVramTWL
                0x0201c3ce                swiDecompressHuffman
                0x0201c3d2                swiDecompressRLEWram
                0x0201c3d6                swiDecompressRLEVram
                0x0201c3da                swiWaitForIRQ
                0x0201c3de                swiDecodeDelta8
                0x0201c3e2                swiDecodeDelta16
                0x0201c3e6                swiSetHaltCR
 .text          0x0201c3f0       0xa4 c:/ndsdev/devkitPro/libnds/lib\libnds9.a(debugprint.o)
                0x0201c3f0                nocashWrite
                0x0201c3f2                nocashMessage
 .text          0x0201c494        0x0 c:/ndsdev/devkitPro/libnds/lib\libnds9.a(interruptDispatcher.o)
 *fill*         0x0201c494        0xc ff
 .text          0x0201c4a0       0x30 c:/ndsdev/devkitPro/libnds/lib\libnds9.a(swiSoftReset.o)
                0x0201c4a0                swiSoftReset
 .text          0x0201c4d0        0x0 c:/ndsdev/devkitPro/libnds/lib\libnds9.a(default_font.bin.o)
 .text          0x0201c4d0      0xa68 c:/ndsdev/devkitPro/libnds/lib\libdswifi9.a(sgIP_DNS.o)
                0x0201c574                sgIP_DNS_Init
                0x0201c5ac                sgIP_DNS_Timer1000ms
                0x0201c5f8                sgIP_DNS_isipaddress
                0x0201c818                sgIP_DNS_FindDNSRecord
                0x0201c944                sgIP_DNS_GetUnusedRecord
                0x0201c9cc                sgIP_DNS_GenerateHostent
                0x0201ca90                sgIP_DNS_CopyAliasAt
                0x0201caf4                sgIP_DNS_gethostbyname
                0x0201ceec                inet_addr
                0x0201cf08                inet_aton
                0x0201cf28                inet_ntoa
 .text          0x0201cf38      0x1f0 c:/ndsdev/devkitPro/libnds/lib\libdswifi9.a(sgIP_Hub.o)
                0x0201cf38                sgIP_Hub_Init
                0x0201cf4c                sgIP_Hub_AddProtocolInterface
                0x0201cf8c                sgIP_Hub_AddHardwareInterface
                0x0201cfc8                sgIP_Hub_RemoveProtocolInterface
                0x0201cfe8                sgIP_Hub_RemoveHardwareInterface
                0x0201d008                sgIP_Hub_ReceiveHardwarePacket
                0x0201d064                sgIP_Hub_SendProtocolPacket
                0x0201d0b0                sgIP_Hub_SendRawPacket
                0x0201d0d8                sgIP_Hub_IPMaxMessageSize
                0x0201d0e0                sgIP_Hub_GetCompatibleIP
                0x0201d0f4                sgIP_Hub_GetDefaultInterface
                0x0201d104                htons
                0x0201d110                htonl
 .text          0x0201d128      0x2ac c:/ndsdev/devkitPro/libnds/lib\libdswifi9.a(sgIP_memblock.o)
                0x0201d128                sgIP_memblock_Init
                0x0201d12c                sgIP_memblock_allocHW
                0x0201d150                sgIP_memblock_alloc
                0x0201d15c                sgIP_memblock_free
                0x0201d188                sgIP_memblock_exposeheader
                0x0201d1b0                sgIP_memblock_trimsize
                0x0201d1e8                sgIP_memblock_IPChecksum
                0x0201d2e0                sgIP_memblock_CopyToLinear
                0x0201d358                sgIP_memblock_CopyFromLinear
                0x0201d3d0                sgIP_memblock_CopyBlock
 .text          0x0201d3d4      0xd94 c:/ndsdev/devkitPro/libnds/lib\libdswifi9.a(sgIP_sockets.o)
                0x0201d3d4                sgIP_sockets_Init
                0x0201d3f0                spawn_socket
                0x0201d444                kill_socket
                0x0201d47c                socket
                0x0201d50c                forceclosesocket
                0x0201d564                sgIP_sockets_Timer1000ms
                0x0201d5cc                bind
                0x0201d64c                connect
                0x0201d754                send
                0x0201d810                recv
                0x0201d8cc                sendto
                0x0201d960                recvfrom
                0x0201da5c                listen
                0x0201dac8                accept
                0x0201dbc4                shutdown
                0x0201dc24                closesocket
                0x0201dcb0                ioctl
                0x0201dd60                setsockopt
                0x0201dd64                getsockopt
                0x0201dd68                getpeername
                0x0201de0c                getsockname
                0x0201deb8                gethostbyname
                0x0201dec0                select
 .text          0x0201e168     0x12b0 c:/ndsdev/devkitPro/libnds/lib\libdswifi9.a(wifi_arm9.o)
                0x0201e168                Wifi_Interface_Init
                0x0201e1b0                arm9_synctoarm7
                0x0201e1bc                sgIP_IntrWaitEvent
                0x0201e1c0                wHeapAllocInit
                0x0201e1e8                wHeapAlloc
                0x0201e2a4                wHeapFree
                0x0201e2c4                sgIP_malloc
                0x0201e2cc                sgIP_free
                0x0201e2ec                ethhdr_print
                0x0201e2f0                erasemem
                0x0201e304                Wifi_CopyMacAddr
                0x0201e314                Wifi_CmpMacAddr
                0x0201e338                Wifi_TxBufferWordsAvailable
                0x0201e35c                Wifi_TxBufferWrite
                0x0201e3c4                Wifi_TransmitFunction
                0x0201e5d8                Wifi_RxRawReadPacket
                0x0201e644                Wifi_RxReadOffset
                0x0201e670                Wifi_RawTxFrame
                0x0201e740                Wifi_RawSetPacketHandler
                0x0201e74c                Wifi_SetSyncHandler
                0x0201e758                Wifi_DisableWifi
                0x0201e770                Wifi_EnableWifi
                0x0201e784                Wifi_SetPromiscuousMode
                0x0201e7b0                Wifi_ScanMode
                0x0201e7c8                Wifi_SetChannel
                0x0201e7f0                Wifi_GetNumAP
                0x0201e818                Wifi_GetAPData
                0x0201e8bc                Wifi_FindMatchingAP
                0x0201e9e4                Wifi_AutoConnect
                0x0201ea0c                Wifi_DisconnectAP
                0x0201ea30                Wifi_ConnectAP
                0x0201eb38                Wifi_Init
                0x0201ebd0                Wifi_CheckInit
                0x0201ebf0                Wifi_Update
                0x0201eedc                Wifi_Timer
                0x0201eeec                Timer_50ms
                0x0201eef8                Wifi_GetIP
                0x0201ef0c                Wifi_GetIPInfo
                0x0201ef44                Wifi_SetIP
                0x0201ef68                Wifi_AssocStatus
                0x0201f2ac                Wifi_SetDHCP
                0x0201f2b0                Wifi_GetData
                0x0201f320                Wifi_GetStats
                0x0201f344                Wifi_Sync
                0x0201f360                wifiValue32Handler
                0x0201f36c                Wifi_InitDefault
 .text          0x0201f418       0x5c c:/ndsdev/devkitPro/libnds/lib\libdswifi9.a(spinlock.o)
                0x0201f418                SLasm_Acquire
                0x0201f44c                SLasm_Release
 .text          0x0201f474       0xa8 c:/ndsdev/devkitPro/libnds/lib\libdswifi9.a(sgIP.o)
                0x0201f474                sgIP_Init
                0x0201f4b0                sgIP_Timer
 .text          0x0201f51c      0x5f8 c:/ndsdev/devkitPro/libnds/lib\libdswifi9.a(sgIP_ARP.o)
                0x0201f51c                sgIP_FindArpSlot
                0x0201f550                sgIP_GetArpSlot
                0x0201f59c                sgIP_is_broadcast_address
                0x0201f5ac                sgIP_ARP_Check_isok
                0x0201f5b0                sgIP_ARP_Init
                0x0201f5d0                sgIP_ARP_FlushInterface
                0x0201f604                sgIP_ARP_ProcessIPFrame
                0x0201f608                sgIP_ARP_SendARPResponse
                0x0201f6e8                sgIP_ARP_SendGratARP
                0x0201f7c8                sgIP_ARP_SendARPRequest
                0x0201f8ac                sgIP_ARP_SendProtocolFrame
                0x0201f9b4                sgIP_ARP_ProcessARPFrame
                0x0201faa0                sgIP_ARP_Timer100ms
 .text          0x0201fb14      0xa5c c:/ndsdev/devkitPro/libnds/lib\libdswifi9.a(sgIP_DHCP.o)
                0x0201fb14                sgIP_DHCP_Init
                0x0201fb5c                sgIP_DHCP_SetHostName
                0x0201fb78                sgIP_DHCP_IsDhcpIp
                0x0201fb88                sgIP_DHCP_SendDgram
                0x0201fbf8                sgIP_DHCP_BeginDgram
                0x0201fe5c                sgIP_DHCP_Terminate
                0x0201fe94                sgIP_DHCP_Update
                0x020203c4                sgIP_DHCP_Release
                0x020203f8                sgIP_DHCP_Start
                0x020204b8                gethostname
                0x020204f8                sethostname
 .text          0x02020570      0x140 c:/ndsdev/devkitPro/libnds/lib\libdswifi9.a(sgIP_IP.o)
                0x02020570                sgIP_IP_ReceivePacket
                0x02020604                sgIP_IP_MaxContentsSize
                0x02020610                sgIP_IP_RequiredHeaderSize
                0x02020614                sgIP_IP_SendViaIP
                0x020206a0                sgIP_IP_GetLocalBindAddr
 .text          0x020206b0     0x116c c:/ndsdev/devkitPro/libnds/lib\libdswifi9.a(sgIP_TCP.o)
                0x020206b0                sgIP_TCP_Init
                0x020206e4                sgIP_TCP_support_seqhash
                0x02020730                sgIP_TCP_GetUnusedOutgoingPort
                0x02020794                sgIP_TCP_CalcChecksum
                0x020207f0                sgIP_TCP_GenHeader
                0x020208a4                sgIP_TCP_FixChecksum
                0x02020908                sgIP_TCP_SendPacket
                0x020209f0                sgIP_TCP_SendSynReply
                0x02020a98                sgIP_TCP_Timer
                0x02020cf8                sgIP_TCP_AllocRecord
                0x02020d44                sgIP_TCP_ReceivePacket
                0x02021370                sgIP_TCP_FreeRecord
                0x02021470                sgIP_TCP_Bind
                0x0202149c                sgIP_TCP_Listen
                0x020214f4                sgIP_TCP_Accept
                0x02021564                sgIP_TCP_Close
                0x02021598                sgIP_TCP_Connect
                0x02021624                sgIP_TCP_Send
                0x02021724                sgIP_TCP_Recv
 .text          0x0202181c      0x468 c:/ndsdev/devkitPro/libnds/lib\libdswifi9.a(sgIP_UDP.o)
                0x0202181c                sgIP_UDP_Init
                0x02021838                sgIP_UDP_GetUnusedOutgoingPort
                0x02021898                sgIP_UDP_CalcChecksum
                0x02021900                sgIP_UDP_ReceivePacket
                0x020219ac                sgIP_UDP_SendPacket
                0x02021aa0                sgIP_UDP_AllocRecord
                0x02021ad8                sgIP_UDP_FreeRecord
                0x02021b30                sgIP_UDP_Bind
                0x02021b6c                sgIP_UDP_RecvFrom
                0x02021c70                sgIP_UDP_SendTo
 .text          0x02021c84       0x74 c:/ndsdev/devkitPro/libnds/lib\libdswifi9.a(sgIP_ICMP.o)
                0x02021c84                sgIP_ICMP_Init
                0x02021c88                sgIP_ICMP_ReceivePacket
 .text          0x02021cf8      0x11c c:/ndsdev/devkitpro/devkitarm/bin/../lib/gcc/arm-eabi/4.6.0/thumb\libgcc.a(_udivsi3.o)
                0x02021cf8                __aeabi_uidiv
                0x02021cf8                __udivsi3
                0x02021df4                __aeabi_uidivmod
 .text          0x02021e14      0x150 c:/ndsdev/devkitpro/devkitarm/bin/../lib/gcc/arm-eabi/4.6.0/thumb\libgcc.a(_divsi3.o)
                0x02021e14                __divsi3
                0x02021e14                __aeabi_idiv
                0x02021f44                __aeabi_idivmod
 .text          0x02021f64        0x4 c:/ndsdev/devkitpro/devkitarm/bin/../lib/gcc/arm-eabi/4.6.0/thumb\libgcc.a(_dvmd_tls.o)
                0x02021f64                __aeabi_idiv0
                0x02021f64                __aeabi_ldiv0
 .text          0x02021f68      0x41c c:/ndsdev/devkitpro/devkitarm/bin/../lib/gcc/arm-eabi/4.6.0/thumb\libgcc.a(_arm_addsubdf3.o)
                0x02021f68                __aeabi_drsub
                0x02021f70                __aeabi_dsub
                0x02021f70                __subdf3
                0x02021f74                __aeabi_dadd
                0x02021f74                __adddf3
                0x02022284                __floatunsidf
                0x02022284                __aeabi_ui2d
                0x020222a8                __floatsidf
                0x020222a8                __aeabi_i2d
                0x020222d0                __aeabi_f2d
                0x020222d0                __extendsfdf2
                0x02022310                __floatundidf
                0x02022310                __aeabi_ul2d
                0x02022324                __floatdidf
                0x02022324                __aeabi_l2d
 .text          0x02022384      0x49c c:/ndsdev/devkitpro/devkitarm/bin/../lib/gcc/arm-eabi/4.6.0/thumb\libgcc.a(_arm_muldivdf3.o)
                0x02022384                __aeabi_dmul
                0x02022384                __muldf3
                0x02022614                __divdf3
                0x02022614                __aeabi_ddiv
 .text          0x02022820      0x144 c:/ndsdev/devkitpro/devkitarm/bin/../lib/gcc/arm-eabi/4.6.0/thumb\libgcc.a(_arm_cmpdf2.o)
                0x02022820                __gtdf2
                0x02022820                __gedf2
                0x02022828                __ltdf2
                0x02022828                __ledf2
                0x02022830                __nedf2
                0x02022830                __eqdf2
                0x02022830                __cmpdf2
                0x020228b8                __aeabi_cdrcmple
                0x020228d4                __aeabi_cdcmpeq
                0x020228d4                __aeabi_cdcmple
                0x020228ec                __aeabi_dcmpeq
                0x02022904                __aeabi_dcmplt
                0x0202291c                __aeabi_dcmple
                0x02022934                __aeabi_dcmpge
                0x0202294c                __aeabi_dcmpgt
 .text          0x02022964       0x5c c:/ndsdev/devkitpro/devkitarm/bin/../lib/gcc/arm-eabi/4.6.0/thumb\libgcc.a(_arm_fixdfsi.o)
                0x02022964                __aeabi_d2iz
                0x02022964                __fixdfsi
 .text          0x020229c0       0x4c c:/ndsdev/devkitpro/devkitarm/bin/../lib/gcc/arm-eabi/4.6.0/thumb\libgcc.a(_muldi3.o)
                0x020229c0                __muldi3
                0x020229c0                __aeabi_lmul
 .text          0x02022a0c       0x20 c:/ndsdev/devkitpro/devkitarm/bin/../lib/gcc/arm-eabi/4.6.0/../../../../arm-eabi/lib/thumb\libg.a(lib_a-atoi.o)
                0x02022a0c                atoi
                0x02022a1c                _atoi_r
 .text          0x02022a2c       0x64 c:/ndsdev/devkitpro/devkitarm/bin/../lib/gcc/arm-eabi/4.6.0/../../../../arm-eabi/lib/thumb\libg.a(lib_a-bsearch.o)
                0x02022a2c                bsearch
 .text          0x02022a90       0x10 c:/ndsdev/devkitpro/devkitarm/bin/../lib/gcc/arm-eabi/4.6.0/../../../../arm-eabi/lib/thumb\libg.a(lib_a-ctype_.o)
                0x02022a90                __set_ctype
 .text          0x02022aa0        0xc c:/ndsdev/devkitpro/devkitarm/bin/../lib/gcc/arm-eabi/4.6.0/../../../../arm-eabi/lib/thumb\libg.a(lib_a-errno.o)
                0x02022aa0                __errno
 .text          0x02022aac       0xc0 c:/ndsdev/devkitpro/devkitarm/bin/../lib/gcc/arm-eabi/4.6.0/../../../../arm-eabi/lib/thumb\libg.a(lib_a-fclose.o)
                0x02022aac                _fclose_r
                0x02022b50                fclose
 .text          0x02022b6c      0x18c c:/ndsdev/devkitpro/devkitarm/bin/../lib/gcc/arm-eabi/4.6.0/../../../../arm-eabi/lib/thumb\libg.a(lib_a-fflush.o)
                0x02022b6c                _fflush_r
                0x02022cc8                fflush
 .text          0x02022cf8       0xe8 c:/ndsdev/devkitpro/devkitarm/bin/../lib/gcc/arm-eabi/4.6.0/../../../../arm-eabi/lib/thumb\libg.a(lib_a-fgets.o)
                0x02022cf8                _fgets_r
                0x02022dc0                fgets
 .text          0x02022de0      0x1d8 c:/ndsdev/devkitpro/devkitarm/bin/../lib/gcc/arm-eabi/4.6.0/../../../../arm-eabi/lib/thumb\libg.a(lib_a-findfp.o)
                0x02022de8                _cleanup_r
                0x02022e48                __sfmoreglue
                0x02022e78                _cleanup
                0x02022e8c                __sinit
                0x02022ee0                __sfp
                0x02022f70                __sfp_lock_acquire
                0x02022f74                __sfp_lock_release
                0x02022f78                __sinit_lock_acquire
                0x02022f7c                __sinit_lock_release
                0x02022f80                __fp_lock_all
                0x02022f9c                __fp_unlock_all
 .text          0x02022fb8       0xb0 c:/ndsdev/devkitpro/devkitarm/bin/../lib/gcc/arm-eabi/4.6.0/../../../../arm-eabi/lib/thumb\libg.a(lib_a-fopen.o)
                0x02022fb8                _fopen_r
                0x0202304c                fopen
 .text          0x02023068      0x190 c:/ndsdev/devkitpro/devkitarm/bin/../lib/gcc/arm-eabi/4.6.0/../../../../arm-eabi/lib/thumb\libg.a(lib_a-fread.o)
                0x02023068                _fread_r
                0x020231d0                fread
 .text          0x020231f8      0x248 c:/ndsdev/devkitpro/devkitarm/bin/../lib/gcc/arm-eabi/4.6.0/../../../../arm-eabi/lib/thumb\libg.a(lib_a-freer.o)
                0x020231f8                _malloc_trim_r
                0x020232a4                _free_r
 .text          0x02023440      0x32c c:/ndsdev/devkitpro/devkitarm/bin/../lib/gcc/arm-eabi/4.6.0/../../../../arm-eabi/lib/thumb\libg.a(lib_a-fseek.o)
                0x02023440                _fseek_r
                0x02023748                fseek
 .text          0x0202376c       0x9c c:/ndsdev/devkitpro/devkitarm/bin/../lib/gcc/arm-eabi/4.6.0/../../../../arm-eabi/lib/thumb\libg.a(lib_a-ftell.o)
                0x0202376c                _ftell_r
                0x020237ec                ftell
 .text          0x02023808       0xc4 c:/ndsdev/devkitpro/devkitarm/bin/../lib/gcc/arm-eabi/4.6.0/../../../../arm-eabi/lib/thumb\libg.a(lib_a-fwalk.o)
                0x02023808                _fwalk
                0x02023864                _fwalk_reent
 .text          0x020238cc       0x9c c:/ndsdev/devkitpro/devkitarm/bin/../lib/gcc/arm-eabi/4.6.0/../../../../arm-eabi/lib/thumb\libg.a(lib_a-fwrite.o)
                0x020238cc                _fwrite_r
                0x02023940                fwrite
 .text          0x02023968       0x18 c:/ndsdev/devkitpro/devkitarm/bin/../lib/gcc/arm-eabi/4.6.0/../../../../arm-eabi/lib/thumb\libg.a(lib_a-gmtime.o)
                0x02023968                gmtime
 .text          0x02023980       0x10 c:/ndsdev/devkitpro/devkitarm/bin/../lib/gcc/arm-eabi/4.6.0/../../../../arm-eabi/lib/thumb\libg.a(lib_a-gmtime_r.o)
                0x02023980                gmtime_r
 .text          0x02023990        0x0 c:/ndsdev/devkitpro/devkitarm/bin/../lib/gcc/arm-eabi/4.6.0/../../../../arm-eabi/lib/thumb\libg.a(lib_a-impure.o)
 .text          0x02023990       0x50 c:/ndsdev/devkitpro/devkitarm/bin/../lib/gcc/arm-eabi/4.6.0/../../../../arm-eabi/lib/thumb\libg.a(lib_a-init.o)
                0x02023990                __libc_init_array
 .text          0x020239e0       0x40 c:/ndsdev/devkitpro/devkitarm/bin/../lib/gcc/arm-eabi/4.6.0/../../../../arm-eabi/lib/thumb\libg.a(lib_a-iprintf.o)
                0x020239e0                iprintf
                0x02023a04                _iprintf_r
 .text          0x02023a20       0x10 c:/ndsdev/devkitpro/devkitarm/bin/../lib/gcc/arm-eabi/4.6.0/../../../../arm-eabi/lib/thumb\libg.a(lib_a-lcltime_r.o)
                0x02023a20                localtime_r
 .text          0x02023a30      0x94c c:/ndsdev/devkitpro/devkitarm/bin/../lib/gcc/arm-eabi/4.6.0/../../../../arm-eabi/lib/thumb\libg.a(lib_a-locale.o)
                0x020240ec                _setlocale_r
                0x0202431c                __locale_charset
                0x02024324                __locale_mb_cur_max
                0x02024330                __locale_msgcharset
                0x0202433c                __locale_cjk_lang
                0x02024348                _localeconv_r
                0x02024354                setlocale
                0x02024370                localeconv
 .text          0x0202437c       0xe4 c:/ndsdev/devkitpro/devkitarm/bin/../lib/gcc/arm-eabi/4.6.0/../../../../arm-eabi/lib/thumb\libg.a(lib_a-makebuf.o)
                0x0202437c                __smakebuf_r
 .text          0x02024460       0x30 c:/ndsdev/devkitpro/devkitarm/bin/../lib/gcc/arm-eabi/4.6.0/../../../../arm-eabi/lib/thumb\libg.a(lib_a-malloc.o)
                0x02024460                malloc
                0x02024478                free
 .text          0x02024490      0x514 c:/ndsdev/devkitpro/devkitarm/bin/../lib/gcc/arm-eabi/4.6.0/../../../../arm-eabi/lib/thumb\libg.a(lib_a-mallocr.o)
                0x02024490                _malloc_r
 .text          0x020249a4       0xfc c:/ndsdev/devkitpro/devkitarm/bin/../lib/gcc/arm-eabi/4.6.0/../../../../arm-eabi/lib/thumb\libg.a(lib_a-mbrtowc.o)
                0x020249a4                _mbrtowc_r
                0x02024a18                mbrtowc
 .text          0x02024aa0       0x40 c:/ndsdev/devkitpro/devkitarm/bin/../lib/gcc/arm-eabi/4.6.0/../../../../arm-eabi/lib/thumb\libg.a(lib_a-mbsrtowcs.o)
                0x02024aa0                _mbsrtowcs_r
                0x02024ab8                mbsrtowcs
 .text          0x02024ae0      0x5f8 c:/ndsdev/devkitpro/devkitarm/bin/../lib/gcc/arm-eabi/4.6.0/../../../../arm-eabi/lib/thumb\libg.a(lib_a-mbtowc_r.o)
                0x02024ae0                __utf8_mbtowc
                0x02024da8                _mbtowc_r
                0x02024de4                __ascii_mbtowc
                0x02024e10                __sjis_mbtowc
                0x02024ecc                __eucjp_mbtowc
                0x02024fac                __jis_mbtowc
 .text          0x020250d8       0x9c c:/ndsdev/devkitpro/devkitarm/bin/../lib/gcc/arm-eabi/4.6.0/../../../../arm-eabi/lib/thumb\libg.a(lib_a-memchr.o)
                0x020250d8                memchr
 .text          0x02025174       0x64 c:/ndsdev/devkitpro/devkitarm/bin/../lib/gcc/arm-eabi/4.6.0/../../../../arm-eabi/lib/thumb\libg.a(lib_a-memcmp.o)
                0x02025174                memcmp
 .text          0x020251d8       0x80 c:/ndsdev/devkitpro/devkitarm/bin/../lib/gcc/arm-eabi/4.6.0/../../../../arm-eabi/lib/thumb\libg.a(lib_a-memcpy.o)
                0x020251d8                memcpy
 .text          0x02025258       0xa8 c:/ndsdev/devkitpro/devkitarm/bin/../lib/gcc/arm-eabi/4.6.0/../../../../arm-eabi/lib/thumb\libg.a(lib_a-memmove.o)
                0x02025258                memmove
 .text          0x02025300       0x98 c:/ndsdev/devkitpro/devkitarm/bin/../lib/gcc/arm-eabi/4.6.0/../../../../arm-eabi/lib/thumb\libg.a(lib_a-memset.o)
                0x02025300                memset
 .text          0x02025398      0x474 c:/ndsdev/devkitpro/devkitarm/bin/../lib/gcc/arm-eabi/4.6.0/../../../../arm-eabi/lib/thumb\libg.a(lib_a-mktime.o)
                0x02025578                mktime
 .text          0x0202580c      0x488 c:/ndsdev/devkitpro/devkitarm/bin/../lib/gcc/arm-eabi/4.6.0/../../../../arm-eabi/lib/thumb\libg.a(lib_a-mktm_r.o)
                0x0202580c                __tzcalc_limits
                0x020259a4                _mktm_r
 .text          0x02025c94        0x8 c:/ndsdev/devkitpro/devkitarm/bin/../lib/gcc/arm-eabi/4.6.0/../../../../arm-eabi/lib/thumb\libg.a(lib_a-mlock.o)
                0x02025c94                __malloc_lock
                0x02025c98                __malloc_unlock
 .text          0x02025c9c      0x138 c:/ndsdev/devkitpro/devkitarm/bin/../lib/gcc/arm-eabi/4.6.0/../../../../arm-eabi/lib/thumb\libg.a(lib_a-refill.o)
                0x02025cbc                __srefill_r
 .text          0x02025dd4       0x30 c:/ndsdev/devkitpro/devkitarm/bin/../lib/gcc/arm-eabi/4.6.0/../../../../arm-eabi/lib/thumb\libg.a(lib_a-remove.o)
                0x02025dd4                _remove_r
                0x02025dec                remove
 .text          0x02025e04       0x1c c:/ndsdev/devkitpro/devkitarm/bin/../lib/gcc/arm-eabi/4.6.0/../../../../arm-eabi/lib/thumb\libg.a(lib_a-rename.o)
                0x02025e04                rename
 .text          0x02025e20      0x118 c:/ndsdev/devkitpro/devkitarm/bin/../lib/gcc/arm-eabi/4.6.0/../../../../arm-eabi/lib/thumb\libg.a(lib_a-setvbuf.o)
                0x02025e20                setvbuf
 .text          0x02025f38       0xa0 c:/ndsdev/devkitpro/devkitarm/bin/../lib/gcc/arm-eabi/4.6.0/../../../../arm-eabi/lib/thumb\libg.a(lib_a-siscanf.o)
                0x02025f38                siscanf
                0x02025f88                _siscanf_r
 .text          0x02025fd8       0x84 c:/ndsdev/devkitpro/devkitarm/bin/../lib/gcc/arm-eabi/4.6.0/../../../../arm-eabi/lib/thumb\libg.a(lib_a-sprintf.o)
                0x02025fd8                _sprintf_r
                0x02026018                sprintf
 .text          0x0202605c       0xa0 c:/ndsdev/devkitpro/devkitarm/bin/../lib/gcc/arm-eabi/4.6.0/../../../../arm-eabi/lib/thumb\libg.a(lib_a-sscanf.o)
                0x0202605c                sscanf
                0x020260ac                _sscanf_r
 .text          0x020260fc       0xac c:/ndsdev/devkitpro/devkitarm/bin/../lib/gcc/arm-eabi/4.6.0/../../../../arm-eabi/lib/thumb\libg.a(lib_a-stdio.o)
                0x020260fc                __sread
                0x02026128                __seofread
                0x0202612c                __swrite
                0x02026168                __sseek
                0x02026198                __sclose
 .text          0x020261a8       0x50 c:/ndsdev/devkitpro/devkitarm/bin/../lib/gcc/arm-eabi/4.6.0/../../../../arm-eabi/lib/thumb\libg.a(lib_a-strcasecmp.o)
                0x020261a8                strcasecmp
 .text          0x020261f8       0x54 c:/ndsdev/devkitpro/devkitarm/bin/../lib/gcc/arm-eabi/4.6.0/../../../../arm-eabi/lib/thumb\libg.a(lib_a-strcat.o)
                0x020261f8                strcat
 .text          0x0202624c       0xf0 c:/ndsdev/devkitpro/devkitarm/bin/../lib/gcc/arm-eabi/4.6.0/../../../../arm-eabi/lib/thumb\libg.a(lib_a-strchr.o)
                0x0202624c                strchr
 .text          0x0202633c       0x14 c:/ndsdev/devkitpro/devkitarm/bin/../lib/gcc/arm-eabi/4.6.0/../../../../arm-eabi/lib/thumb\libg.a(lib_a-strcmp.o)
                0x0202633c                strcmp
 .text          0x02026350       0x10 c:/ndsdev/devkitpro/devkitarm/bin/../lib/gcc/arm-eabi/4.6.0/../../../../arm-eabi/lib/thumb\libg.a(lib_a-strcpy.o)
                0x02026350                strcpy
 .text          0x02026360       0x4c c:/ndsdev/devkitpro/devkitarm/bin/../lib/gcc/arm-eabi/4.6.0/../../../../arm-eabi/lib/thumb\libg.a(lib_a-strlcpy.o)
                0x02026360                strlcpy
 .text          0x020263ac       0x10 c:/ndsdev/devkitpro/devkitarm/bin/../lib/gcc/arm-eabi/4.6.0/../../../../arm-eabi/lib/thumb\libg.a(lib_a-strlen.o)
                0x020263ac                strlen
 .text          0x020263bc       0x60 c:/ndsdev/devkitpro/devkitarm/bin/../lib/gcc/arm-eabi/4.6.0/../../../../arm-eabi/lib/thumb\libg.a(lib_a-strncasecmp.o)
                0x020263bc                strncasecmp
 .text          0x0202641c       0xc0 c:/ndsdev/devkitpro/devkitarm/bin/../lib/gcc/arm-eabi/4.6.0/../../../../arm-eabi/lib/thumb\libg.a(lib_a-strncmp.o)
                0x0202641c                strncmp
 .text          0x020264dc       0x78 c:/ndsdev/devkitpro/devkitarm/bin/../lib/gcc/arm-eabi/4.6.0/../../../../arm-eabi/lib/thumb\libg.a(lib_a-strncpy.o)
                0x020264dc                strncpy
 .text          0x02026554       0x30 c:/ndsdev/devkitpro/devkitarm/bin/../lib/gcc/arm-eabi/4.6.0/../../../../arm-eabi/lib/thumb\libg.a(lib_a-strnlen.o)
                0x02026554                strnlen
 .text          0x02026584       0x58 c:/ndsdev/devkitpro/devkitarm/bin/../lib/gcc/arm-eabi/4.6.0/../../../../arm-eabi/lib/thumb\libg.a(lib_a-strpbrk.o)
                0x02026584                strpbrk
 .text          0x020265dc       0x2c c:/ndsdev/devkitpro/devkitarm/bin/../lib/gcc/arm-eabi/4.6.0/../../../../arm-eabi/lib/thumb\libg.a(lib_a-strrchr.o)
                0x020265dc                strrchr
 .text          0x02026608      0x184 c:/ndsdev/devkitpro/devkitarm/bin/../lib/gcc/arm-eabi/4.6.0/../../../../arm-eabi/lib/thumb\libg.a(lib_a-strtol.o)
                0x02026608                _strtol_r
                0x0202676c                strtol
 .text          0x0202678c      0xab0 c:/ndsdev/devkitpro/devkitarm/bin/../lib/gcc/arm-eabi/4.6.0/../../../../arm-eabi/lib/thumb\libg.a(lib_a-svfiscanf.o)
                0x0202678c                _sungetc_r
                0x02026814                __ssrefill_r
                0x02026858                _sfread_r
                0x020268e4                __ssvfiscanf_r
 *fill*         0x0202723c        0x4 ff
 .text          0x02027240     0x16f0 c:/ndsdev/devkitpro/devkitarm/bin/../lib/gcc/arm-eabi/4.6.0/../../../../arm-eabi/lib/thumb\libg.a(lib_a-svfprintf.o)
                0x02027240                _svfprintf_r
 .text          0x02028930      0xdd0 c:/ndsdev/devkitpro/devkitarm/bin/../lib/gcc/arm-eabi/4.6.0/../../../../arm-eabi/lib/thumb\libg.a(lib_a-svfscanf.o)
                0x02028930                __ssvfscanf_r
 .text          0x02029700       0x18 c:/ndsdev/devkitpro/devkitarm/bin/../lib/gcc/arm-eabi/4.6.0/../../../../arm-eabi/lib/thumb\libg.a(lib_a-sysclose.o)
                0x02029700                close
 .text          0x02029718       0x20 c:/ndsdev/devkitpro/devkitarm/bin/../lib/gcc/arm-eabi/4.6.0/../../../../arm-eabi/lib/thumb\libg.a(lib_a-syslseek.o)
                0x02029718                lseek
 .text          0x02029738       0x28 c:/ndsdev/devkitpro/devkitarm/bin/../lib/gcc/arm-eabi/4.6.0/../../../../arm-eabi/lib/thumb\libg.a(lib_a-sysopen.o)
                0x02029738                open
 .text          0x02029760       0x20 c:/ndsdev/devkitpro/devkitarm/bin/../lib/gcc/arm-eabi/4.6.0/../../../../arm-eabi/lib/thumb\libg.a(lib_a-sysread.o)
                0x02029760                read
 .text          0x02029780       0x1c c:/ndsdev/devkitpro/devkitarm/bin/../lib/gcc/arm-eabi/4.6.0/../../../../arm-eabi/lib/thumb\libg.a(lib_a-sysstat.o)
                0x02029780                stat
 .text          0x0202979c       0x18 c:/ndsdev/devkitpro/devkitarm/bin/../lib/gcc/arm-eabi/4.6.0/../../../../arm-eabi/lib/thumb\libg.a(lib_a-sysunlink.o)
                0x0202979c                unlink
 .text          0x020297b4       0x30 c:/ndsdev/devkitpro/devkitarm/bin/../lib/gcc/arm-eabi/4.6.0/../../../../arm-eabi/lib/thumb\libg.a(lib_a-time.o)
                0x020297b4                time
 .text          0x020297e4      0x728 c:/ndsdev/devkitpro/devkitarm/bin/../lib/gcc/arm-eabi/4.6.0/../../../../arm-eabi/lib/thumb\libg.a(lib_a-towlower.o)
                0x020297e4                towlower
 .text          0x02029f0c      0x9ec c:/ndsdev/devkitpro/devkitarm/bin/../lib/gcc/arm-eabi/4.6.0/../../../../arm-eabi/lib/thumb\libg.a(lib_a-towupper.o)
                0x02029f0c                towupper
 .text          0x0202a8f8        0x8 c:/ndsdev/devkitpro/devkitarm/bin/../lib/gcc/arm-eabi/4.6.0/../../../../arm-eabi/lib/thumb\libg.a(lib_a-tzlock.o)
                0x0202a8f8                __tz_lock
                0x0202a8fc                __tz_unlock
 .text          0x0202a900        0x0 c:/ndsdev/devkitpro/devkitarm/bin/../lib/gcc/arm-eabi/4.6.0/../../../../arm-eabi/lib/thumb\libg.a(lib_a-tzvars.o)
 .text          0x0202a900      0x180 c:/ndsdev/devkitpro/devkitarm/bin/../lib/gcc/arm-eabi/4.6.0/../../../../arm-eabi/lib/thumb\libg.a(lib_a-ungetc.o)
                0x0202a900                __submore
                0x0202a988                _ungetc_r
                0x0202aa64                ungetc
 .text          0x0202aa80      0xea4 c:/ndsdev/devkitpro/devkitarm/bin/../lib/gcc/arm-eabi/4.6.0/../../../../arm-eabi/lib/thumb\libg.a(lib_a-vfiprintf.o)
                0x0202aa80                __sprint_r
                0x0202ab04                _vfiprintf_r
                0x0202b900                vfiprintf
 .text          0x0202b924       0xdc c:/ndsdev/devkitpro/devkitarm/bin/../lib/gcc/arm-eabi/4.6.0/../../../../arm-eabi/lib/thumb\libg.a(lib_a-wcrtomb.o)
                0x0202b924                _wcrtomb_r
                0x0202b988                wcrtomb
 .text          0x0202ba00       0x40 c:/ndsdev/devkitpro/devkitarm/bin/../lib/gcc/arm-eabi/4.6.0/../../../../arm-eabi/lib/thumb\libg.a(lib_a-wcsrtombs.o)
                0x0202ba00                _wcsrtombs_r
                0x0202ba18                wcsrtombs
 .text          0x0202ba40       0x54 c:/ndsdev/devkitpro/devkitarm/bin/../lib/gcc/arm-eabi/4.6.0/../../../../arm-eabi/lib/thumb\libg.a(lib_a-wctob.o)
                0x0202ba40                wctob
 .text          0x0202ba94      0x27c c:/ndsdev/devkitpro/devkitarm/bin/../lib/gcc/arm-eabi/4.6.0/../../../../arm-eabi/lib/thumb\libg.a(lib_a-wctomb_r.o)
                0x0202ba94                __utf8_wctomb
                0x0202bb54                _wctomb_r
                0x0202bb8c                __ascii_wctomb
                0x0202bbac                __sjis_wctomb
                0x0202bc18                __eucjp_wctomb
                0x0202bc94                __jis_wctomb
 .text          0x0202bd10       0xbc c:/ndsdev/devkitpro/devkitarm/bin/../lib/gcc/arm-eabi/4.6.0/../../../../arm-eabi/lib/thumb\libg.a(lib_a-wsetup.o)
                0x0202bd10                __swsetup_r
 .text          0x0202bdcc       0x40 c:/ndsdev/devkitpro/devkitarm/bin/../lib/gcc/arm-eabi/4.6.0/../../../../arm-eabi/lib/thumb\libg.a(lib_a-div.o)
                0x0202bdcc                div
 *fill*         0x0202be0c        0x4 ff
 .text          0x0202be10     0x1010 c:/ndsdev/devkitpro/devkitarm/bin/../lib/gcc/arm-eabi/4.6.0/../../../../arm-eabi/lib/thumb\libg.a(lib_a-dtoa.o)
                0x0202bf6c                _dtoa_r
 .text          0x0202ce20       0x70 c:/ndsdev/devkitpro/devkitarm/bin/../lib/gcc/arm-eabi/4.6.0/../../../../arm-eabi/lib/thumb\libg.a(lib_a-flags.o)
                0x0202ce20                __sflags
 .text          0x0202ce90      0x108 c:/ndsdev/devkitpro/devkitarm/bin/../lib/gcc/arm-eabi/4.6.0/../../../../arm-eabi/lib/thumb\libg.a(lib_a-fputwc.o)
                0x0202ce90                _fputwc_r
                0x0202cf6c                fputwc
 .text          0x0202cf98      0x31c c:/ndsdev/devkitpro/devkitarm/bin/../lib/gcc/arm-eabi/4.6.0/../../../../arm-eabi/lib/thumb\libg.a(lib_a-fvwrite.o)
                0x0202cf98                __sfvwrite_r
 .text          0x0202d2b4       0xa8 c:/ndsdev/devkitpro/devkitarm/bin/../lib/gcc/arm-eabi/4.6.0/../../../../arm-eabi/lib/thumb\libg.a(lib_a-getenv_r.o)
                0x0202d2b4                _findenv_r
                0x0202d34c                _getenv_r
 .text          0x0202d35c        0x8 c:/ndsdev/devkitpro/devkitarm/bin/../lib/gcc/arm-eabi/4.6.0/../../../../arm-eabi/lib/thumb\libg.a(lib_a-gettzinfo.o)
                0x0202d35c                __gettzinfo
 .text          0x0202d364       0x84 c:/ndsdev/devkitpro/devkitarm/bin/../lib/gcc/arm-eabi/4.6.0/../../../../arm-eabi/lib/thumb\libg.a(lib_a-iswspace.o)
                0x0202d364                iswspace
 .text          0x0202d3e8      0x1f4 c:/ndsdev/devkitpro/devkitarm/bin/../lib/gcc/arm-eabi/4.6.0/../../../../arm-eabi/lib/thumb\libg.a(lib_a-jp2uc.o)
                0x0202d578                _jp2uc
 .text          0x0202d5dc       0xe4 c:/ndsdev/devkitpro/devkitarm/bin/../lib/gcc/arm-eabi/4.6.0/../../../../arm-eabi/lib/thumb\libg.a(lib_a-mbsnrtowcs.o)
                0x0202d5dc                _mbsnrtowcs_r
                0x0202d694                mbsnrtowcs
 .text          0x0202d6c0      0x988 c:/ndsdev/devkitpro/devkitarm/bin/../lib/gcc/arm-eabi/4.6.0/../../../../arm-eabi/lib/thumb\libg.a(lib_a-mprec.o)
                0x0202d6c0                _Balloc
                0x0202d714                _Bfree
                0x0202d72c                __multadd
                0x0202d7c0                __s2b
                0x0202d854                __hi0bits
                0x0202d88c                __lo0bits
                0x0202d8ec                __i2b
                0x0202d904                __multiply
                0x0202da74                __pow5mult
                0x0202db24                __lshift
                0x0202dbf4                __mcmp
                0x0202dc30                __mdiff
                0x0202dd1c                __ulp
                0x0202dd64                __b2d
                0x0202de20                __d2b
                0x0202def0                __ratio
                0x0202df5c                _mprec_log10
                0x0202df9c                __copybits
                0x0202dfe4                __any_on
 .text          0x0202e048      0x3c4 c:/ndsdev/devkitpro/devkitarm/bin/../lib/gcc/arm-eabi/4.6.0/../../../../arm-eabi/lib/thumb\libg.a(lib_a-reallocr.o)
                0x0202e048                _realloc_r
 .text          0x0202e40c       0x90 c:/ndsdev/devkitpro/devkitarm/bin/../lib/gcc/arm-eabi/4.6.0/../../../../arm-eabi/lib/thumb\libg.a(lib_a-s_fpclassify.o)
                0x0202e40c                __fpclassifyd
 .text          0x0202e49c       0x7c c:/ndsdev/devkitpro/devkitarm/bin/../lib/gcc/arm-eabi/4.6.0/../../../../arm-eabi/lib/thumb\libg.a(lib_a-sccl.o)
                0x0202e49c                __sccl
 .text          0x0202e518        0x8 c:/ndsdev/devkitpro/devkitarm/bin/../lib/gcc/arm-eabi/4.6.0/../../../../arm-eabi/lib/thumb\libg.a(lib_a-sf_nan.o)
                0x0202e518                nanf
 .text          0x0202e520      0xe58 c:/ndsdev/devkitpro/devkitarm/bin/../lib/gcc/arm-eabi/4.6.0/../../../../arm-eabi/lib/thumb\libg.a(lib_a-strtod.o)
                0x0202e550                _strtod_r
                0x0202f324                strtod
                0x0202f340                strtof
 .text          0x0202f378      0x210 c:/ndsdev/devkitpro/devkitarm/bin/../lib/gcc/arm-eabi/4.6.0/../../../../arm-eabi/lib/thumb\libg.a(lib_a-strtoll_r.o)
                0x0202f378                _strtoll_r
 .text          0x0202f588      0x198 c:/ndsdev/devkitpro/devkitarm/bin/../lib/gcc/arm-eabi/4.6.0/../../../../arm-eabi/lib/thumb\libg.a(lib_a-strtoul.o)
                0x0202f588                _strtoul_r
                0x0202f700                strtoul
 .text          0x0202f720      0x220 c:/ndsdev/devkitpro/devkitarm/bin/../lib/gcc/arm-eabi/4.6.0/../../../../arm-eabi/lib/thumb\libg.a(lib_a-strtoull_r.o)
                0x0202f720                _strtoull_r
 .text          0x0202f940      0xd98 c:/ndsdev/devkitpro/devkitarm/bin/../lib/gcc/arm-eabi/4.6.0/../../../../arm-eabi/lib/thumb\libg.a(lib_a-svfiprintf.o)
                0x0202f940                __ssprint_r
                0x0202fa70                _svfiprintf_r
 .text          0x020306d8       0xe4 c:/ndsdev/devkitpro/devkitarm/bin/../lib/gcc/arm-eabi/4.6.0/../../../../arm-eabi/lib/thumb\libg.a(lib_a-wbuf.o)
                0x020306d8                __swbuf_r
                0x020307a0                __swbuf
 .text          0x020307bc      0x13c c:/ndsdev/devkitpro/devkitarm/bin/../lib/gcc/arm-eabi/4.6.0/../../../../arm-eabi/lib/thumb\libg.a(lib_a-wcsnrtombs.o)
                0x020307bc                _wcsnrtombs_r
                0x020308c8                wcsnrtombs
 .text          0x020308f8       0x64 c:/ndsdev/devkitpro/devkitarm/bin/../lib/gcc/arm-eabi/4.6.0/../../../../arm-eabi/lib/thumb\libg.a(lib_a-callocr.o)
                0x020308f8                _calloc_r
 .text          0x0203095c        0x0 c:/ndsdev/devkitpro/devkitarm/bin/../lib/gcc/arm-eabi/4.6.0/../../../../arm-eabi/lib/thumb\libg.a(lib_a-environ.o)
 .text          0x0203095c        0x8 c:/ndsdev/devkitpro/devkitarm/bin/../lib/gcc/arm-eabi/4.6.0/../../../../arm-eabi/lib/thumb\libg.a(lib_a-envlock.o)
                0x0203095c                __env_lock
                0x02030960                __env_unlock
 .text          0x02030964      0x674 c:/ndsdev/devkitpro/devkitarm/bin/../lib/gcc/arm-eabi/4.6.0/../../../../arm-eabi/lib/thumb\libg.a(lib_a-gdtoa-gethex.o)
                0x02030a24                __hexdig_init
                0x02030a80                __gethex
 .text          0x02030fd8      0x1e0 c:/ndsdev/devkitpro/devkitarm/bin/../lib/gcc/arm-eabi/4.6.0/../../../../arm-eabi/lib/thumb\libg.a(lib_a-gdtoa-hexnan.o)
                0x02030fd8                __hexnan
 .text          0x020311b8      0x144 c:/ndsdev/devkitpro/devkitarm/bin/../lib/gcc/arm-eabi/4.6.0/../../../../arm-eabi/lib/thumb\libsysbase.a(iosupport.o)
                0x020311b8                setDefaultDevice
                0x020311cc                FindDevice
                0x0203123c                RemoveDevice
                0x02031260                AddDevice
                0x020312dc                GetDeviceOpTab
 .text          0x020312fc       0x50 c:/ndsdev/devkitpro/devkitarm/bin/../lib/gcc/arm-eabi/4.6.0/../../../../arm-eabi/lib/thumb\libsysbase.a(close.o)
                0x020312fc                _close_r
 .text          0x0203134c       0x58 c:/ndsdev/devkitpro/devkitarm/bin/../lib/gcc/arm-eabi/4.6.0/../../../../arm-eabi/lib/thumb\libsysbase.a(fstat.o)
                0x0203134c                _fstat_r
 .text          0x020313a4        0x4 c:/ndsdev/devkitpro/devkitarm/bin/../lib/gcc/arm-eabi/4.6.0/../../../../arm-eabi/lib/thumb\libsysbase.a(isatty.o)
                0x020313a4                _isatty_r
 .text          0x020313a8       0x54 c:/ndsdev/devkitpro/devkitarm/bin/../lib/gcc/arm-eabi/4.6.0/../../../../arm-eabi/lib/thumb\libsysbase.a(lseek.o)
                0x020313a8                _lseek_r
 .text          0x020313fc       0xa0 c:/ndsdev/devkitpro/devkitarm/bin/../lib/gcc/arm-eabi/4.6.0/../../../../arm-eabi/lib/thumb\libsysbase.a(open.o)
                0x020313fc                _open_r
 .text          0x0203149c       0x54 c:/ndsdev/devkitpro/devkitarm/bin/../lib/gcc/arm-eabi/4.6.0/../../../../arm-eabi/lib/thumb\libsysbase.a(read.o)
                0x0203149c                _read_r
 .text          0x020314f0       0x54 c:/ndsdev/devkitpro/devkitarm/bin/../lib/gcc/arm-eabi/4.6.0/../../../../arm-eabi/lib/thumb\libsysbase.a(sbrk.o)
                0x020314f0                _sbrk_r
 .text          0x02031544       0x40 c:/ndsdev/devkitpro/devkitarm/bin/../lib/gcc/arm-eabi/4.6.0/../../../../arm-eabi/lib/thumb\libsysbase.a(stat.o)
                0x02031544                _stat_r
 .text          0x02031584       0x48 c:/ndsdev/devkitpro/devkitarm/bin/../lib/gcc/arm-eabi/4.6.0/../../../../arm-eabi/lib/thumb\libsysbase.a(times.o)
                0x02031584                _times
                0x02031598                _times_r
                0x020315a0                _gettimeofday_r
 .text          0x020315cc       0x3c c:/ndsdev/devkitpro/devkitarm/bin/../lib/gcc/arm-eabi/4.6.0/../../../../arm-eabi/lib/thumb\libsysbase.a(unlink.o)
                0x020315cc                _unlink_r
 .text          0x02031608       0x54 c:/ndsdev/devkitpro/devkitarm/bin/../lib/gcc/arm-eabi/4.6.0/../../../../arm-eabi/lib/thumb\libsysbase.a(write.o)
                0x02031608                _write_r
 .text          0x0203165c        0x0 c:/ndsdev/devkitpro/devkitarm/bin/../lib/gcc/arm-eabi/4.6.0/../../../../arm-eabi/lib/thumb\libsysbase.a(malloc_vars.o)
 .text          0x0203165c      0x248 c:/ndsdev/devkitpro/devkitarm/bin/../lib/gcc/arm-eabi/4.6.0/../../../../arm-eabi/lib/thumb\libsysbase.a(chdir.o)
                0x0203165c                _concatenate_path
                0x02031774                chdir
                0x02031854                getcwd
 .text          0x020318a4       0x40 c:/ndsdev/devkitpro/devkitarm/bin/../lib/gcc/arm-eabi/4.6.0/../../../../arm-eabi/lib/thumb\libsysbase.a(mkdir.o)
                0x020318a4                mkdir
 .text          0x020318e4       0x58 c:/ndsdev/devkitpro/devkitarm/bin/../lib/gcc/arm-eabi/4.6.0/../../../../arm-eabi/lib/thumb\libsysbase.a(rename.o)
                0x020318e4                _rename_r
 .text          0x0203193c       0x58 c:/ndsdev/devkitpro/devkitarm/bin/../lib/gcc/arm-eabi/4.6.0/../../../../arm-eabi/lib/thumb\libsysbase.a(build_argv.o)
                0x0203193c                build_argv
 .text          0x02031994        0x0 c:/ndsdev/devkitpro/devkitarm/bin/../lib/gcc/arm-eabi/4.6.0/../../../../arm-eabi/lib/thumb\libsysbase.a(syscall_support.o)
 .text          0x02031994       0x80 c:/ndsdev/devkitpro/devkitarm/bin/../lib/gcc/arm-eabi/4.6.0/../../../../arm-eabi/lib/thumb\libsysbase.a(handle_manager.o)
                0x02031994                __release_handle
                0x020319c0                __alloc_handle
                0x020319f8                __get_handle
 .text          0x02031a14      0x350 c:/ndsdev/devkitpro/devkitarm/bin/../lib/gcc/arm-eabi/4.6.0/../../../../arm-eabi/lib/thumb\libsysbase.a(dirent.o)
                0x02031a58                opendir
                0x02031afc                closedir
                0x02031b5c                readdir
                0x02031c0c                readdir_r
                0x02031c9c                rewinddir
                0x02031cd8                seekdir
                0x02031d4c                telldir
 .text          0x02031d64       0x54 c:/ndsdev/devkitpro/devkitarm/bin/../lib/gcc/arm-eabi/4.6.0/thumb\libgcc.a(_arm_fixunsdfsi.o)
                0x02031d64                __aeabi_d2uiz
                0x02031d64                __fixunsdfsi
 .text          0x02031db8       0xa0 c:/ndsdev/devkitpro/devkitarm/bin/../lib/gcc/arm-eabi/4.6.0/thumb\libgcc.a(_arm_truncdfsf2.o)
                0x02031db8                __truncdfsf2
                0x02031db8                __aeabi_d2f
 .text          0x02031e58       0x3c c:/ndsdev/devkitpro/devkitarm/bin/../lib/gcc/arm-eabi/4.6.0/thumb\libgcc.a(_aeabi_uldivmod.o)
                0x02031e58                __aeabi_uldivmod
 .text          0x02031e94       0x74 c:/ndsdev/devkitpro/devkitarm/bin/../lib/gcc/arm-eabi/4.6.0/thumb\libgcc.a(bpabi.o)
                0x02031e94                __gnu_ldivmod_helper
                0x02031ed0                __gnu_uldivmod_helper
 .text          0x02031f08      0xa84 c:/ndsdev/devkitpro/devkitarm/bin/../lib/gcc/arm-eabi/4.6.0/thumb\libgcc.a(unwind-arm.o)
                0x020321e4                _Unwind_VRS_Get
                0x02032230                _Unwind_VRS_Set
                0x02032570                __aeabi_unwind_cpp_pr2
                0x02032580                __aeabi_unwind_cpp_pr1
                0x02032590                __aeabi_unwind_cpp_pr0
                0x020325a0                _Unwind_VRS_Pop
                0x02032818                _Unwind_GetCFA
                0x0203281c                __gnu_Unwind_RaiseException
                0x0203287c                __gnu_Unwind_ForcedUnwind
                0x02032894                __gnu_Unwind_Resume
                0x020328d4                __gnu_Unwind_Resume_or_Rethrow
                0x020328f4                _Unwind_Complete
                0x020328f8                _Unwind_DeleteException
                0x02032910                __gnu_Unwind_Backtrace
 .text          0x0203298c      0x1d8 c:/ndsdev/devkitpro/devkitarm/bin/../lib/gcc/arm-eabi/4.6.0/thumb\libgcc.a(libunwind.o)
                0x0203298c                __restore_core_regs
                0x0203298c                restore_core_regs
                0x020329a8                __gnu_Unwind_Restore_VFP
                0x020329b0                __gnu_Unwind_Save_VFP
                0x020329b8                __gnu_Unwind_Restore_VFP_D
                0x020329c0                __gnu_Unwind_Save_VFP_D
                0x020329c8                __gnu_Unwind_Restore_VFP_D_16_to_31
                0x020329d0                __gnu_Unwind_Save_VFP_D_16_to_31
                0x020329d8                __gnu_Unwind_Restore_WMMXD
                0x02032a1c                __gnu_Unwind_Save_WMMXD
                0x02032a60                __gnu_Unwind_Restore_WMMXC
                0x02032a74                __gnu_Unwind_Save_WMMXC
                0x02032a88                ___Unwind_RaiseException
                0x02032a88                _Unwind_RaiseException
                0x02032ab4                _Unwind_Resume
                0x02032ab4                ___Unwind_Resume
                0x02032ae0                _Unwind_Resume_or_Rethrow
                0x02032ae0                ___Unwind_Resume_or_Rethrow
                0x02032b0c                _Unwind_ForcedUnwind
                0x02032b0c                ___Unwind_ForcedUnwind
                0x02032b38                ___Unwind_Backtrace
                0x02032b38                _Unwind_Backtrace
 .text          0x02032b64      0x3a0 c:/ndsdev/devkitpro/devkitarm/bin/../lib/gcc/arm-eabi/4.6.0/thumb\libgcc.a(pr-support.o)
                0x02032bc0                __gnu_unwind_execute
                0x02032ea0                __gnu_unwind_frame
                0x02032ecc                _Unwind_GetRegionStart
                0x02032edc                _Unwind_GetLanguageSpecificData
                0x02032ef4                _Unwind_GetDataRelBase
                0x02032efc                _Unwind_GetTextRelBase
 .text          0x02032f04      0x390 c:/ndsdev/devkitpro/devkitarm/bin/../lib/gcc/arm-eabi/4.6.0/thumb\libgcc.a(_divdi3.o)
                0x02032f04                __divdi3
 .text          0x02033294      0x358 c:/ndsdev/devkitpro/devkitarm/bin/../lib/gcc/arm-eabi/4.6.0/thumb\libgcc.a(_udivdi3.o)
                0x02033294                __udivdi3
 .text          0x020335ec       0x48 c:/ndsdev/devkitpro/devkitarm/bin/../lib/gcc/arm-eabi/4.6.0/thumb\libgcc.a(_clzsi2.o)
                0x020335ec                __clzsi2
 .text          0x02033634       0x10 c:/ndsdev/devkitpro/devkitarm/bin/../lib/gcc/arm-eabi/4.6.0/../../../../arm-eabi/lib/thumb\libg.a(lib_a-abort.o)
                0x02033634                abort
 .text          0x02033644      0x194 c:/ndsdev/devkitpro/devkitarm/bin/../lib/gcc/arm-eabi/4.6.0/../../../../arm-eabi/lib/thumb\libg.a(lib_a-signal.o)
                0x02033644                _init_signal_r
                0x02033684                _signal_r
                0x020336c4                _raise_r
                0x02033724                __sigtramp_r
                0x02033774                raise
                0x0203378c                signal
                0x020337a8                _init_signal
                0x020337bc                __sigtramp
 .text          0x020337d8        0xc c:/ndsdev/devkitpro/devkitarm/bin/../lib/gcc/arm-eabi/4.6.0/../../../../arm-eabi/lib/thumb\libsysbase.a(getpid.o)
                0x020337d8                _getpid_r
 .text          0x020337e4        0xc c:/ndsdev/devkitpro/devkitarm/bin/../lib/gcc/arm-eabi/4.6.0/../../../../arm-eabi/lib/thumb\libsysbase.a(kill.o)
                0x020337e4                _kill_r
 .text          0x020337f0       0x18 c:/ndsdev/devkitpro/devkitarm/bin/../lib/gcc/arm-eabi/4.6.0/../../../../arm-eabi/lib/thumb\libsysbase.a(_exit.o)
                0x020337f0                _exit
 .text          0x02033808        0x0 c:/ndsdev/devkitpro/devkitarm/bin/../lib/gcc/arm-eabi/4.6.0/thumb/crtend.o
 .text          0x02033808        0x0 c:/ndsdev/devkitpro/devkitarm/bin/../lib/gcc/arm-eabi/4.6.0/thumb/crtn.o
 *(.text.*)
 .text.startup  0x02033808       0x58 Main.o
                0x02033808                main
 .text.startup.stub
                0x02033860       0x10 linker stubs
 *(.stub)
 *(.gnu.warning)
 *(.gnu.linkonce.t*)
 *(.glue_7)
 .glue_7        0x00000000        0x0 linker stubs
 *(.glue_7t)
 .glue_7t       0x00000000        0x0 linker stubs
                0x02033870                . = ALIGN (0x4)

.vfp11_veneer   0x02033870        0x0
 .vfp11_veneer  0x00000000        0x0 linker stubs

.v4_bx          0x02033870        0x0
 .v4_bx         0x00000000        0x0 linker stubs

.fini           0x02033870        0xc
 *(.fini)
 .fini          0x02033870        0x4 c:/ndsdev/devkitpro/devkitarm/bin/../lib/gcc/arm-eabi/4.6.0/thumb/crti.o
                0x02033870                _fini
 .fini          0x02033874        0x8 c:/ndsdev/devkitpro/devkitarm/bin/../lib/gcc/arm-eabi/4.6.0/thumb/crtn.o
                0x0203387c                __text_end = .

.rodata         0x02033880    0x36724
 *(.rodata)
 .rodata        0x02033880      0x604 bg_create_Map.o
                0x02033880                bg_create_Map
                0x02033e80                bg_create_Map_end
                0x02033e80                bg_create_Map_size
 .rodata        0x02033e84      0x204 bg_create_Pal.o
                0x02033e84                bg_create_Pal
                0x02034084                bg_create_Pal_size
                0x02034084                bg_create_Pal_end
 .rodata        0x02034088      0xfc4 bg_create_Tiles.o
                0x02034088                bg_create_Tiles
                0x02035048                bg_create_Tiles_end
                0x02035048                bg_create_Tiles_size
 .rodata        0x0203504c      0x604 bg_dialog_Map.o
                0x0203504c                bg_dialog_Map
                0x0203564c                bg_dialog_Map_size
                0x0203564c                bg_dialog_Map_end
 .rodata        0x02035650      0x204 bg_dialog_Pal.o
                0x02035650                bg_dialog_Pal
                0x02035850                bg_dialog_Pal_size
                0x02035850                bg_dialog_Pal_end
 .rodata        0x02035854      0xc44 bg_dialog_Tiles.o
                0x02035854                bg_dialog_Tiles
                0x02036494                bg_dialog_Tiles_size
                0x02036494                bg_dialog_Tiles_end
 .rodata        0x02036498      0x604 bg_down_Map.o
                0x02036498                bg_down_Map
                0x02036a98                bg_down_Map_size
                0x02036a98                bg_down_Map_end
 .rodata        0x02036a9c      0x204 bg_down_Pal.o
                0x02036a9c                bg_down_Pal
                0x02036c9c                bg_down_Pal_size
                0x02036c9c                bg_down_Pal_end
 .rodata        0x02036ca0     0xc004 bg_down_Sprite.o
                0x02036ca0                bg_down_Sprite
                0x02042ca0                bg_down_Sprite_end
                0x02042ca0                bg_down_Sprite_size
 .rodata        0x02042ca4     0x1704 bg_down_Tiles.o
                0x02042ca4                bg_down_Tiles
                0x020443a4                bg_down_Tiles_size
                0x020443a4                bg_down_Tiles_end
 .rodata        0x020443a8      0x604 bg_edit_dialog_Map.o
                0x020443a8                bg_edit_dialog_Map
                0x020449a8                bg_edit_dialog_Map_end
                0x020449a8                bg_edit_dialog_Map_size
 .rodata        0x020449ac      0x204 bg_edit_dialog_Pal.o
                0x020449ac                bg_edit_dialog_Pal